; ============================================================================
; ROM resource 'WDEF' 0 Main at FFCDEC00
; ============================================================================
; data at ROM 0DEC00 (108C bytes), entry at 0DFC80, attributes 58, combo 7800000000000000
; data header: 4b757274 c0a00000 0000108c 0000021c
; 68k code resource, disassembled from its start (entry points: offset 0, driver
; header entries for DRVR, and executed addresses).
;
; Columns: address, flag, raw bytes, instruction, ; comment.
;   flag '*' executed in the coverage run, ' ' reached by control flow,
;   '?' decodes as code but neither executed nor reached, 'd' data.

FFCDEC00  600A                 bra     loc_FFCDEC0C
FFCDEC02d 0000574445460000     dc.b    $00,$00,$57,$44,$45,$46,$00,$00,$00,$0F ; |..WDEF....|
loc_FFCDEC0C:
FFCDEC0C  4E56FFA4             link    A6, #-$5c
FFCDEC10  48E71F78             movem.l D3-D7/A1-A4, -(A7)
FFCDEC14  42AE0014             clr.l   ($14,A6)
FFCDEC18  0C6E0006000C         cmpi.w  #$6, ($c,A6)
FFCDEC1E  6E000174             bgt     loc_FFCDED94
FFCDEC22  0C6E0000000C         cmpi.w  #$0, ($c,A6)
FFCDEC28  6B00016A             bmi     loc_FFCDED94
FFCDEC2C  2055                 movea.l (A5), A0
FFCDEC2E  2D50FFE8             move.l  (A0), (-$18,A6)
FFCDEC32  266E000E             movea.l ($e,A6), A3
FFCDEC36  49F809FA             lea     $9fa.w, A4                        ; scratch8
FFCDEC3A  2C2E0008             move.l  ($8,A6), D6
FFCDEC3E  3A2E0012             move.w  ($12,A6), D5
FFCDEC42  08050003             btst    #$3, D5
FFCDEC46  6704                 beq     loc_FFCDEC4C
FFCDEC48  4A2B0071             tst.b   ($71,A3)
loc_FFCDEC4C:
FFCDEC4C  56EEFFA5             sne     (-$5b,A6)
FFCDEC50  02450003             andi.w  #$3, D5
FFCDEC54  302E0012             move.w  ($12,A6), D0
FFCDEC58  02400007             andi.w  #$7, D0
FFCDEC5C  0C400005             cmpi.w  #$5, D0
FFCDEC60  57EEFFD9             seq     (-$27,A6)
FFCDEC64  0C783FFF028E         cmpi.w  #$3fff, $28e.w                    ; ROM85
FFCDEC6A  53EEFFDB             sls     (-$25,A6)
FFCDEC6E  630A                 bls     loc_FFCDEC7A
FFCDEC70  2F3809DE             move.l  $9de.w, -(A7)                     ; WMgrPort
FFCDEC74  A873                 _SetPort                                  ; A-line trap A873
FFCDEC76  60000074             bra     loc_FFCDECEC
loc_FFCDEC7A:
FFCDEC7A  2F380D2C             move.l  $d2c.w, -(A7)
FFCDEC7E  A873                 _SetPort                                  ; A-line trap A873
FFCDEC80  207809DE             movea.l $9de.w, A0                        ; WMgrPort
FFCDEC84  22780D2C             movea.l $d2c.w, A1
FFCDEC88  48680020             pea     ($20,A0)
FFCDEC8C  4868003A             pea     ($3a,A0)
FFCDEC90  41E80030             lea     ($30,A0), A0
FFCDEC94  43E90030             lea     ($30,A1), A1
FFCDEC98  22D8                 move.l  (A0)+, (A1)+
FFCDEC9A  22D8                 move.l  (A0)+, (A1)+
FFCDEC9C  32D8                 move.w  (A0)+, (A1)+
FFCDEC9E  5048                 addq.w  #8, A0
FFCDECA0  5049                 addq.w  #8, A1
FFCDECA2  303C0014             move.w  #$14, D0
loc_FFCDECA6:
FFCDECA6  32D8                 move.w  (A0)+, (A1)+
FFCDECA8  51C8FFFC             dbra    D0, loc_FFCDECA6
FFCDECAC  A89D                 _PenPat                                   ; A-line trap A89D
FFCDECAE  A87C                 _BackPat                                  ; A-line trap A87C
FFCDECB0  486EFFFA             pea     (-$6,A6)
FFCDECB4  AA19                 _GetForeColor                             ; A-line trap AA19
FFCDECB6  486EFFF4             pea     (-$c,A6)
FFCDECBA  AA1A                 _GetBackColor                             ; A-line trap AA1A
FFCDECBC  2F3C00000021         move.l  #$21, -(A7)
FFCDECC2  A862                 _ForeColor                                ; A-line trap A862
FFCDECC4  2F3C0000001E         move.l  #$1e, -(A7)
FFCDECCA  A863                 _BackColor                                ; A-line trap A863
FFCDECCC  42A7                 clr.l   -(A7)
FFCDECCE  4267                 clr.w   -(A7)
FFCDECD0  2F0B                 move.l  A3, -(A7)
FFCDECD2  486F0006             pea     ($6,A7)
FFCDECD6  AA42                 _GetAuxWin                                ; A-line trap AA42
FFCDECD8  544F                 addq.w  #2, A7
FFCDECDA  205F                 movea.l (A7)+, A0
FFCDECDC  2050                 movea.l (A0), A0
FFCDECDE  20680008             movea.l ($8,A0), A0
FFCDECE2  2D48FFE0             move.l  A0, (-$20,A6)
FFCDECE6  A029                 _HLock                                    ; A-line trap A029
FFCDECE8  2D50FFDC             move.l  (A0), (-$24,A6)
loc_FFCDECEC:
FFCDECEC  486EFFEC             pea     (-$14,A6)
FFCDECF0  A88B                 _GetFontInfo                              ; A-line trap A88B
FFCDECF2  3E2EFFEC             move.w  (-$14,A6), D7
FFCDECF6  DE6EFFEE             add.w   (-$12,A6), D7
FFCDECFA  5847                 addq.w  #4, D7
FFCDECFC  08C70000             bset    #$0, D7
FFCDED00  7213                 moveq   #$13, D1
FFCDED02  BE41                 cmp.w   D1, D7
FFCDED04  6C0C                 bge     loc_FFCDED12
FFCDED06  3F01                 move.w  D1, -(A7)
FFCDED08  9247                 sub.w   D7, D1
FFCDED0A  E249                 lsr.w   #1, D1
FFCDED0C  D36EFFEC             add.w   D1, (-$14,A6)
FFCDED10  3E1F                 move.w  (A7)+, D7
loc_FFCDED12:
FFCDED12  3D47FFF0             move.w  D7, (-$10,A6)
FFCDED16  3007                 move.w  D7, D0
FFCDED18  0440000D             subi.w  #$d, D0
FFCDED1C  E248                 lsr.w   #1, D0
FFCDED1E  3D40FFF2             move.w  D0, (-$e,A6)
FFCDED22  42A7                 clr.l   -(A7)
FFCDED24  A8D8                 _NewRgn                                   ; A-line trap A8D8
FFCDED26  2D5FFFE4             move.l  (A7)+, (-$1c,A6)
FFCDED2A  598F                 subq.l  #4, A7
FFCDED2C  2F3C706D6170         move.l  #$706d6170, -(A7)
FFCDED32  3F3CC800             move.w  #$c800, -(A7)
FFCDED36  31FCFFFF0B9E         move.w  #$ffff, $b9e.w
FFCDED3C  A9A0                 _GetResource                              ; A-line trap A9A0
FFCDED3E  2D5FFFB8             move.l  (A7)+, (-$48,A6)
FFCDED42  7010                 moveq   #$10, D0
FFCDED44  A722                 _NewHandleSysClear                        ; A-line trap A722
FFCDED46  2D48FFA6             move.l  A0, (-$5a,A6)
FFCDED4A  206EFFB8             movea.l (-$48,A6), A0
FFCDED4E  2050                 movea.l (A0), A0
FFCDED50  216EFFA6002A         move.l  (-$5a,A6), ($2a,A0)
FFCDED56  42AEFFB2             clr.l   (-$4e,A6)
FFCDED5A  302E000C             move.w  ($c,A6), D0
FFCDED5E  D040                 add.w   D0, D0
FFCDED60  41FA0040             lea     ($ffcdeda2,PC), A0
FFCDED64  D0FB003C             adda.w  ($3c,PC,D0.w), A0
FFCDED68  4E90                 jsr     (A0)
FFCDED6A  206EFFA6             movea.l (-$5a,A6), A0
FFCDED6E  A023                 _DisposeHandle                            ; A-line trap A023
FFCDED70  2F2EFFE4             move.l  (-$1c,A6), -(A7)
FFCDED74  A8D9                 _DisposeRgn                               ; A-line trap A8D9
FFCDED76  4A2EFFDB             tst.b   (-$25,A6)
FFCDED7A  6712                 beq     loc_FFCDED8E
FFCDED7C  206EFFE0             movea.l (-$20,A6), A0
FFCDED80  A02A                 _HUnlock                                  ; A-line trap A02A
FFCDED82  486EFFF4             pea     (-$c,A6)
FFCDED86  AA15                 _RGBBackColor                             ; A-line trap AA15
FFCDED88  486EFFFA             pea     (-$6,A6)
FFCDED8C  AA14                 _RGBForeColor                             ; A-line trap AA14
loc_FFCDED8E:
FFCDED8E  2F2EFFE8             move.l  (-$18,A6), -(A7)
FFCDED92  A873                 _SetPort                                  ; A-line trap A873
loc_FFCDED94:
FFCDED94  4CDF1EF8             movem.l (A7)+, D3-D7/A1-A4
FFCDED98  4E5E                 unlk    A6
FFCDED9A  205F                 movea.l (A7)+, A0
FFCDED9C  4FEF000C             lea     ($c,A7), A7
FFCDEDA0  4ED0                 jmp     (A0)
FFCDEDA2d 00A604FA05EE000E     dc.b    $00,$A6,$04,$FA,$05,$EE,$00,$0E   ; |........|
FFCDEDAA? 009A066C06C6         ori.l   #$66c06c6, (A2)+
FFCDEDB0? 4A2EFFD9             tst.b   (-$27,A6)
FFCDEDB4? 6704                 beq     $ffcdedba
FFCDEDB6? 426B0070             clr.w   ($70,A3)
FFCDEDBA? 7014                 moveq   #$14, D0
FFCDEDBC? A322                 _NewHandleClear                           ; A-line trap A322
FFCDEDBE? 27480082             move.l  A0, ($82,A3)
FFCDEDC2? 67000074             beq     $ffcdee38
FFCDEDC6? 2F0A                 move.l  A2, -(A7)
FFCDEDC8? 2448                 movea.l A0, A2
FFCDEDCA? 2452                 movea.l (A2), A2
FFCDEDCC? 42AA0010             clr.l   ($10,A2)
FFCDEDD0? 245F                 movea.l (A7)+, A2
FFCDEDD2? 08380006028E         btst    #$6, $28e.w                       ; ROM85
FFCDEDD8? 66000022             bne     $ffcdedfc
FFCDEDDC? 48E760E0             movem.l D1-D2/A0-A2, -(A7)
FFCDEDE0? 2448                 movea.l A0, A2
FFCDEDE2? 2452                 movea.l (A2), A2
FFCDEDE4? 203C6673746E         move.l  #$6673746e, D0
FFCDEDEA? A1AD                 _Gestalt                                  ; A-line trap A1AD
FFCDEDEC? 6606                 bne     $ffcdedf4
FFCDEDEE? 25480010             move.l  A0, ($10,A2)
FFCDEDF2? 6004                 bra     $ffcdedf8
FFCDEDF4? 42AA0010             clr.l   ($10,A2)
FFCDEDF8? 4CDF0706             movem.l (A7)+, D1-D2/A0-A2
FFCDEDFC? 302E0012             move.w  ($12,A6), D0
FFCDEE00? 08000003             btst    #$3, D0
FFCDEE04? 6732                 beq     $ffcdee38
FFCDEE06? 522B0071             addq.b  #1, ($71,A3)
FFCDEE0A? 2450                 movea.l (A0), A2
FFCDEE0C? 504A                 addq.w  #8, A2
FFCDEE0E? 2255                 movea.l (A5), A1
FFCDEE10? 24E9FF8C             move.l  (-$74,A1), (A2)+
FFCDEE14? 24E9FF90             move.l  (-$70,A1), (A2)+
FFCDEE18? 7003                 moveq   #$3, D0
FFCDEE1A? 4A2EFFD9             tst.b   (-$27,A6)
FFCDEE1E? 6702                 beq     $ffcdee22
FFCDEE20? 5E40                 addq.w  #7, D0
FFCDEE22? 9162                 sub.w   D0, -(A2)
FFCDEE24? 9162                 sub.w   D0, -(A2)
FFCDEE26? D162                 add.w   D0, -(A2)
FFCDEE28? D162                 add.w   D0, -(A2)
FFCDEE2A? 30380BAA             move.w  $baa.w, D0
FFCDEE2E? D152                 add.w   D0, (A2)
FFCDEE30? DF52                 add.w   D7, (A2)
FFCDEE32? 2850                 movea.l (A0), A4
FFCDEE34? 61000A12             bsr     $ffcdf848
FFCDEE38? 4E75                 rts
FFCDEE3A? 7000                 moveq   #$0, D0
FFCDEE3C? 202B0082             move.l  ($82,A3), D0
FFCDEE40? 6704                 beq     $ffcdee46
FFCDEE42? 2040                 movea.l D0, A0
FFCDEE44? A023                 _DisposeHandle                            ; A-line trap A023
FFCDEE46? 4E75                 rts
FFCDEE48? 4A2B006E             tst.b   ($6e,A3)
FFCDEE4C? 67000032             beq     $ffcdee80
FFCDEE50? A89E                 _PenNormal                                ; A-line trap A89E
FFCDEE52? 28380A02             move.l  $a02.w, D4                        ; OneOne
FFCDEE56? 4A45                 tst.w   D5
FFCDEE58? 670A                 beq     $ffcdee64
FFCDEE5A? D884                 add.l   D4, D4
FFCDEE5C? 0C450003             cmpi.w  #$3, D5
FFCDEE60? 6702                 beq     $ffcdee64
FFCDEE62? 7800                 moveq   #$0, D4
FFCDEE64? 2F2B0072             move.l  ($72,A3), -(A7)
FFCDEE68? 487A0018             pea     ($ffcdee82,PC)
FFCDEE6C? 42A7                 clr.l   -(A7)
FFCDEE6E? 42A7                 clr.l   -(A7)
FFCDEE70? ABCA                 _DeviceLoop                               ; A-line trap ABCA
FFCDEE72? 0C460004             cmpi.w  #$4, D6
FFCDEE76? 6D000008             blt     $ffcdee80
FFCDEE7A? 0A3800010B20         eori.b  #$1, $b20.w
FFCDEE80? 4E75                 rts
FFCDEE82? 3D6F000EFFCE         move.w  ($e,A7), (-$32,A6)
FFCDEE88? 222F0008             move.l  ($8,A7), D1
FFCDEE8C? 2D41FFD2             move.l  D1, (-$2e,A6)
FFCDEE90? 61000A12             bsr     $ffcdf8a4
FFCDEE94? 51EEFFD7             sf      (-$29,A6)
FFCDEE98? 4A2EFFD8             tst.b   (-$28,A6)
FFCDEE9C? 673A                 beq     $ffcdeed8
FFCDEE9E? 6038                 bra     $ffcdeed8
FFCDEEA0? 302EFFCE             move.w  (-$32,A6), D0
FFCDEEA4? 0C400004             cmpi.w  #$4, D0
FFCDEEA8? 6D2E                 blt     $ffcdeed8
FFCDEEAA? 206EFFD2             movea.l (-$2e,A6), A0
FFCDEEAE? 2050                 movea.l (A0), A0
FFCDEEB0? 3010                 move.w  (A0), D0
FFCDEEB2? 4640                 not.w   D0
FFCDEEB4? E548                 lsl.w   #2, D0
FFCDEEB6? 2078011C             movea.l $11c.w, A0                        ; UTableBase
FFCDEEBA? 20700000             movea.l (A0,D0.w), A0
FFCDEEBE? 2050                 movea.l (A0), A0
FFCDEEC0? 7000                 moveq   #$0, D0
FFCDEEC2? 10280028             move.b  ($28,A0), D0
FFCDEEC6? 206B0082             movea.l ($82,A3), A0
FFCDEECA? 2050                 movea.l (A0), A0
FFCDEECC? 22280010             move.l  ($10,A0), D1
FFCDEED0? 0101                 btst    D0, D1
FFCDEED2? 6704                 beq     $ffcdeed8
FFCDEED4? 50EEFFD7             st      (-$29,A6)
FFCDEED8? 0C460004             cmpi.w  #$4, D6
FFCDEEDC? 6C000300             bge     $ffcdf1de
FFCDEEE0? 08B800000B20         bclr    #$0, $b20.w
FFCDEEE6? 4A2B006F             tst.b   ($6f,A3)
FFCDEEEA? 6704                 beq     $ffcdeef0
FFCDEEEC? 7001                 moveq   #$1, D0
FFCDEEEE? 6002                 bra     $ffcdeef2
FFCDEEF0? 7013                 moveq   #$13, D0
FFCDEEF2? 7200                 moveq   #$0, D1
FFCDEEF4? 61000A8A             bsr     $ffcdf980
FFCDEEF8? 610008FC             bsr     $ffcdf7f6
FFCDEEFC? 99AC0004             sub.l   D4, ($4,A4)
FFCDEF00? 2F0C                 move.l  A4, -(A7)
FFCDEF02? A8A1                 _FrameRect                                ; A-line trap A8A1
FFCDEF04? 0C8400000000         cmpi.l  #$0, D4
FFCDEF0A? 672C                 beq     $ffcdef38
FFCDEF0C? 7001                 moveq   #$1, D0
FFCDEF0E? 61000A7A             bsr     $ffcdf98a
FFCDEF12? 2F04                 move.l  D4, -(A7)
FFCDEF14? A89B                 _PenSize                                  ; A-line trap A89B
FFCDEF16? 3F2C0006             move.w  ($6,A4), -(A7)
FFCDEF1A? 3F14                 move.w  (A4), -(A7)
FFCDEF1C? D957                 add.w   D4, (A7)
FFCDEF1E? A893                 _MoveTo                                   ; A-line trap A893
FFCDEF20? 3F2C0006             move.w  ($6,A4), -(A7)
FFCDEF24? 3F2C0004             move.w  ($4,A4), -(A7)
FFCDEF28? A891                 _LineTo                                   ; A-line trap A891
FFCDEF2A? 3F2C0002             move.w  ($2,A4), -(A7)
FFCDEF2E? D957                 add.w   D4, (A7)
FFCDEF30? 3F2C0004             move.w  ($4,A4), -(A7)
FFCDEF34? A891                 _LineTo                                   ; A-line trap A891
FFCDEF36? A89E                 _PenNormal                                ; A-line trap A89E
FFCDEF38? 0C450001             cmpi.w  #$1, D5
FFCDEF3C? 6600008E             bne     $ffcdefcc
FFCDEF40? 4A2EFFD9             tst.b   (-$27,A6)
FFCDEF44? 6704                 beq     $ffcdef4a
FFCDEF46? DF54                 add.w   D7, (A4)
FFCDEF48? 5954                 subq.w  #4, (A4)
FFCDEF4A? 2F0C                 move.l  A4, -(A7)
FFCDEF4C? 2F380A02             move.l  $a02.w, -(A7)                     ; OneOne
FFCDEF50? A8A9                 _InsetRect                                ; A-line trap A8A9
FFCDEF52? 45FA0C78             lea     ($ffcdfbcc,PC), A2
FFCDEF56? 4A2B006F             tst.b   ($6f,A3)
FFCDEF5A? 6612                 bne     $ffcdef6e
FFCDEF5C? 45EA0010             lea     ($10,A2), A2
FFCDEF60? 4A2EFFD8             tst.b   (-$28,A6)
FFCDEF64? 6608                 bne     $ffcdef6e
FFCDEF66? 2055                 movea.l (A5), A0
FFCDEF68? 4868FFE8             pea     (-$18,A0)
FFCDEF6C? A89D                 _PenPat                                   ; A-line trap A89D
FFCDEF6E? 3F1A                 move.w  (A2)+, -(A7)
FFCDEF70? 3F1A                 move.w  (A2)+, -(A7)
FFCDEF72? 3F1A                 move.w  (A2)+, -(A7)
FFCDEF74? 610002B2             bsr     $ffcdf228
FFCDEF78? 2F0C                 move.l  A4, -(A7)
FFCDEF7A? 2F380A02             move.l  $a02.w, -(A7)                     ; OneOne
FFCDEF7E? A8A9                 _InsetRect                                ; A-line trap A8A9
FFCDEF80? 301A                 move.w  (A2)+, D0
FFCDEF82? 61000A06             bsr     $ffcdf98a
FFCDEF86? 2F0C                 move.l  A4, -(A7)
FFCDEF88? A8A1                 _FrameRect                                ; A-line trap A8A1
FFCDEF8A? 2F0C                 move.l  A4, -(A7)
FFCDEF8C? 2F380A02             move.l  $a02.w, -(A7)                     ; OneOne
FFCDEF90? A8A9                 _InsetRect                                ; A-line trap A8A9
FFCDEF92? 3F1A                 move.w  (A2)+, -(A7)
FFCDEF94? 3F1A                 move.w  (A2)+, -(A7)
FFCDEF96? 3F1A                 move.w  (A2)+, -(A7)
FFCDEF98? 6100028E             bsr     $ffcdf228
FFCDEF9C? 2F0C                 move.l  A4, -(A7)
FFCDEF9E? 2F380A02             move.l  $a02.w, -(A7)                     ; OneOne
FFCDEFA2? A8A9                 _InsetRect                                ; A-line trap A8A9
FFCDEFA4? 301A                 move.w  (A2)+, D0
FFCDEFA6? 610009E2             bsr     $ffcdf98a
FFCDEFAA? 2F0C                 move.l  A4, -(A7)
FFCDEFAC? A8A1                 _FrameRect                                ; A-line trap A8A1
FFCDEFAE? 2F0C                 move.l  A4, -(A7)
FFCDEFB0? 2F380A02             move.l  $a02.w, -(A7)                     ; OneOne
FFCDEFB4? A8A9                 _InsetRect                                ; A-line trap A8A9
FFCDEFB6? 2F3C00030003         move.l  #$30003, -(A7)
FFCDEFBC? A89B                 _PenSize                                  ; A-line trap A89B
FFCDEFBE? 2455                 movea.l (A5), A2
FFCDEFC0? 486AFFF8             pea     (-$8,A2)
FFCDEFC4? A89D                 _PenPat                                   ; A-line trap A89D
FFCDEFC6? 2F0C                 move.l  A4, -(A7)
FFCDEFC8? A8A1                 _FrameRect                                ; A-line trap A8A1
FFCDEFCA? A89E                 _PenNormal                                ; A-line trap A89E
FFCDEFCC? 4A2EFFD9             tst.b   (-$27,A6)
FFCDEFD0? 6606                 bne     $ffcdefd8
FFCDEFD2? 4A45                 tst.w   D5
FFCDEFD4? 6600024A             bne     $ffcdf220
FFCDEFD8? 61000806             bsr     $ffcdf7e0
FFCDEFDC? 4227                 clr.b   -(A7)
FFCDEFDE? 2F0C                 move.l  A4, -(A7)
FFCDEFE0? 2055                 movea.l (A5), A0
FFCDEFE2? 2050                 movea.l (A0), A0
FFCDEFE4? 2F280018             move.l  ($18,A0), -(A7)
FFCDEFE8? A8E9                 _RectInRgn                                ; A-line trap A8E9
FFCDEFEA? 4A1F                 tst.b   (A7)+
FFCDEFEC? 67000232             beq     $ffcdf220
FFCDEFF0? 4A2B006F             tst.b   ($6f,A3)
FFCDEFF4? 6706                 beq     $ffcdeffc
FFCDEFF6? 7001                 moveq   #$1, D0
FFCDEFF8? 7216                 moveq   #$16, D1
FFCDEFFA? 6004                 bra     $ffcdf000
FFCDEFFC? 7013                 moveq   #$13, D0
FFCDEFFE? 7200                 moveq   #$0, D1
FFCDF000? 6100097E             bsr     $ffcdf980
FFCDF004? 4A2EFFD9             tst.b   (-$27,A6)
FFCDF008? 6604                 bne     $ffcdf00e
FFCDF00A? 2F0C                 move.l  A4, -(A7)
FFCDF00C? A8A1                 _FrameRect                                ; A-line trap A8A1
FFCDF00E? 2F0C                 move.l  A4, -(A7)
FFCDF010? 2F17                 move.l  (A7), -(A7)
FFCDF012? 2F380A02             move.l  $a02.w, -(A7)                     ; OneOne
FFCDF016? A8A9                 _InsetRect                                ; A-line trap A8A9
FFCDF018? A8A3                 _EraseRect                                ; A-line trap A8A3
FFCDF01A? 4A2B006F             tst.b   ($6f,A3)
FFCDF01E? 6758                 beq     $ffcdf078
FFCDF020? 7022                 moveq   #$22, D0
FFCDF022? 61000966             bsr     $ffcdf98a
FFCDF026? 3F2C0002             move.w  ($2,A4), -(A7)
FFCDF02A? 3F2C0004             move.w  ($4,A4), -(A7)
FFCDF02E? 5357                 subq.w  #1, (A7)
FFCDF030? A893                 _MoveTo                                   ; A-line trap A893
FFCDF032? 4267                 clr.w   -(A7)
FFCDF034? 302C0004             move.w  ($4,A4), D0
FFCDF038? 9054                 sub.w   (A4), D0
FFCDF03A? 5340                 subq.w  #1, D0
FFCDF03C? 4440                 neg.w   D0
FFCDF03E? 3F00                 move.w  D0, -(A7)
FFCDF040? A892                 _Line                                     ; A-line trap A892
FFCDF042? 302C0006             move.w  ($6,A4), D0
FFCDF046? 906C0002             sub.w   ($2,A4), D0
FFCDF04A? 5340                 subq.w  #1, D0
FFCDF04C? 3F00                 move.w  D0, -(A7)
FFCDF04E? 4267                 clr.w   -(A7)
FFCDF050? A892                 _Line                                     ; A-line trap A892
FFCDF052? 7023                 moveq   #$23, D0
FFCDF054? 61000934             bsr     $ffcdf98a
FFCDF058? 4267                 clr.w   -(A7)
FFCDF05A? 302C0004             move.w  ($4,A4), D0
FFCDF05E? 9054                 sub.w   (A4), D0
FFCDF060? 5340                 subq.w  #1, D0
FFCDF062? 3F00                 move.w  D0, -(A7)
FFCDF064? A892                 _Line                                     ; A-line trap A892
FFCDF066? 302C0006             move.w  ($6,A4), D0
FFCDF06A? 906C0002             sub.w   ($2,A4), D0
FFCDF06E? 5340                 subq.w  #1, D0
FFCDF070? 4440                 neg.w   D0
FFCDF072? 3F00                 move.w  D0, -(A7)
FFCDF074? 4267                 clr.w   -(A7)
FFCDF076? A892                 _Line                                     ; A-line trap A892
FFCDF078? 382C0006             move.w  ($6,A4), D4
FFCDF07C? 3604                 move.w  D4, D3
FFCDF07E? 966C0002             sub.w   ($2,A4), D3
FFCDF082? 966B008A             sub.w   ($8a,A3), D3
FFCDF086? E243                 asr.w   #1, D3
FFCDF088? 7002                 moveq   #$2, D0
FFCDF08A? 4A2B0070             tst.b   ($70,A3)
FFCDF08E? 6702                 beq     $ffcdf092
FFCDF090? 7020                 moveq   #$20, D0
FFCDF092? B640                 cmp.w   D0, D3
FFCDF094? 6C02                 bge     $ffcdf098
FFCDF096? 3600                 move.w  D0, D3
FFCDF098? 3003                 move.w  D3, D0
FFCDF09A? D66C0002             add.w   ($2,A4), D3
FFCDF09E? 3F04                 move.w  D4, -(A7)
FFCDF0A0? 4A2EFFA5             tst.b   (-$5b,A6)
FFCDF0A4? 6706                 beq     $ffcdf0ac
FFCDF0A6? 04440020             subi.w  #$20, D4
FFCDF0AA? 6002                 bra     $ffcdf0ae
FFCDF0AC? 9840                 sub.w   D0, D4
FFCDF0AE? 2F2EFFE4             move.l  (-$1c,A6), -(A7)
FFCDF0B2? 2F17                 move.l  (A7), -(A7)
FFCDF0B4? A87A                 _GetClip                                  ; A-line trap A87A
FFCDF0B6? 39440006             move.w  D4, ($6,A4)
FFCDF0BA? 2F0C                 move.l  A4, -(A7)
FFCDF0BC? A87B                 _ClipRect                                 ; A-line trap A87B
FFCDF0BE? 2055                 movea.l (A5), A0
FFCDF0C0? 2050                 movea.l (A0), A0
FFCDF0C2? 2F28001C             move.l  ($1c,A0), -(A7)
FFCDF0C6? 2F17                 move.l  (A7), -(A7)
FFCDF0C8? A8E4                 _SectRgn                                  ; A-line trap A8E4
FFCDF0CA? 395F0006             move.w  (A7)+, ($6,A4)
FFCDF0CE? 3F03                 move.w  D3, -(A7)
FFCDF0D0? 3014                 move.w  (A4), D0
FFCDF0D2? D06EFFEC             add.w   (-$14,A6), D0
FFCDF0D6? 5240                 addq.w  #1, D0
FFCDF0D8? 3F00                 move.w  D0, -(A7)
FFCDF0DA? A893                 _MoveTo                                   ; A-line trap A893
FFCDF0DC? 4A2B006F             tst.b   ($6f,A3)
FFCDF0E0? 6704                 beq     $ffcdf0e6
FFCDF0E2? 7002                 moveq   #$2, D0
FFCDF0E4? 6002                 bra     $ffcdf0e8
FFCDF0E6? 7011                 moveq   #$11, D0
FFCDF0E8? 7216                 moveq   #$16, D1
FFCDF0EA? 61000894             bsr     $ffcdf980
FFCDF0EE? 3F3C0001             move.w  #$1, -(A7)
FFCDF0F2? A889                 _TextMode                                 ; A-line trap A889
FFCDF0F4? 206B0086             movea.l ($86,A3), A0
FFCDF0F8? A029                 _HLock                                    ; A-line trap A029
FFCDF0FA? 2F10                 move.l  (A0), -(A7)
FFCDF0FC? A884                 _DrawString                               ; A-line trap A884
FFCDF0FE? 206B0086             movea.l ($86,A3), A0
FFCDF102? A02A                 _HUnlock                                  ; A-line trap A02A
FFCDF104? 2F2EFFE4             move.l  (-$1c,A6), -(A7)
FFCDF108? A879                 _SetClip                                  ; A-line trap A879
FFCDF10A? 3203                 move.w  D3, D1
FFCDF10C? D26B008A             add.w   ($8a,A3), D1
FFCDF110? B244                 cmp.w   D4, D1
FFCDF112? 6C02                 bge     $ffcdf116
FFCDF114? 3801                 move.w  D1, D4
FFCDF116? 4A6B008A             tst.w   ($8a,A3)
FFCDF11A? 6704                 beq     $ffcdf120
FFCDF11C? 5C44                 addq.w  #6, D4
FFCDF11E? 5D43                 subq.w  #6, D3
FFCDF120? 4A2B006F             tst.b   ($6f,A3)
FFCDF124? 6604                 bne     $ffcdf12a
FFCDF126? 600000F8             bra     $ffcdf220
FFCDF12A? 7012                 moveq   #$12, D0
FFCDF12C? 6100085C             bsr     $ffcdf98a
FFCDF130? 2F0C                 move.l  A4, -(A7)
FFCDF132? 3F3C0001             move.w  #$1, -(A7)
FFCDF136? 3F2EFFF2             move.w  (-$e,A6), -(A7)
FFCDF13A? A8A9                 _InsetRect                                ; A-line trap A8A9
FFCDF13C? 4A2EFFD9             tst.b   (-$27,A6)
FFCDF140? 6708                 beq     $ffcdf14a
FFCDF142? 526C0002             addq.w  #1, ($2,A4)
FFCDF146? 536C0006             subq.w  #1, ($6,A4)
FFCDF14A? 302C0006             move.w  ($6,A4), D0
FFCDF14E? B640                 cmp.w   D0, D3
FFCDF150? 6F02                 ble     $ffcdf154
FFCDF152? 3600                 move.w  D0, D3
FFCDF154? 3F2C0006             move.w  ($6,A4), -(A7)
FFCDF158? 39430006             move.w  D3, ($6,A4)
FFCDF15C? 2014                 move.l  (A4), D0
FFCDF15E? 028000070007         andi.l  #$70007, D0
FFCDF164? 2455                 movea.l (A5), A2
FFCDF166? 2540FF58             move.l  D0, (-$a8,A2)
FFCDF16A? 2D780118FFAA         move.l  $118.w, (-$56,A6)                 ; TheZone
FFCDF170? 21F802A60118         move.l  $2a6.w, $118.w                    ; SysZone; TheZone
FFCDF176? 2F0C                 move.l  A4, -(A7)
FFCDF178? 487A0972             pea     ($ffcdfaec,PC)
FFCDF17C? A8A5                 _FillRect                                 ; A-line trap A8A5
FFCDF17E? 4A2EFFA5             tst.b   (-$5b,A6)
FFCDF182? 670C                 beq     $ffcdf190
FFCDF184? 3017                 move.w  (A7), D0
FFCDF186? 0440001A             subi.w  #$1a, D0
FFCDF18A? B044                 cmp.w   D4, D0
FFCDF18C? 6C02                 bge     $ffcdf190
FFCDF18E? 3800                 move.w  D0, D4
FFCDF190? 395F0006             move.w  (A7)+, ($6,A4)
FFCDF194? 302C0002             move.w  ($2,A4), D0
FFCDF198? B840                 cmp.w   D0, D4
FFCDF19A? 6C02                 bge     $ffcdf19e
FFCDF19C? 3800                 move.w  D0, D4
FFCDF19E? 39440002             move.w  D4, ($2,A4)
FFCDF1A2? 2F0C                 move.l  A4, -(A7)
FFCDF1A4? 487A0946             pea     ($ffcdfaec,PC)
FFCDF1A8? A8A5                 _FillRect                                 ; A-line trap A8A5
FFCDF1AA? 21EEFFAA0118         move.l  (-$56,A6), $118.w                 ; TheZone
FFCDF1B0? 42AAFF58             clr.l   (-$a8,A2)
FFCDF1B4? 4A2B0070             tst.b   ($70,A3)
FFCDF1B8? 670E                 beq     $ffcdf1c8
FFCDF1BA? 7001                 moveq   #$1, D0
FFCDF1BC? 610008A2             bsr     $ffcdfa60
FFCDF1C0? 487A04A8             pea     ($ffcdf66a,PC)
FFCDF1C4? 61000544             bsr     $ffcdf70a
FFCDF1C8? 4A2EFFA5             tst.b   (-$5b,A6)
FFCDF1CC? 6752                 beq     $ffcdf220
FFCDF1CE? 7000                 moveq   #$0, D0
FFCDF1D0? 6100088E             bsr     $ffcdfa60
FFCDF1D4? 487A0482             pea     ($ffcdf658,PC)
FFCDF1D8? 61000538             bsr     $ffcdf712
FFCDF1DC? 6042                 bra     $ffcdf220
FFCDF1DE? 6724                 beq     $ffcdf204
FFCDF1E0? 4A2EFFA5             tst.b   (-$5b,A6)
FFCDF1E4? 673A                 beq     $ffcdf220
FFCDF1E6? 083800000B20         btst    #$0, $b20.w
FFCDF1EC? 6708                 beq     $ffcdf1f6
FFCDF1EE? 7000                 moveq   #$0, D0
FFCDF1F0? 487A0466             pea     ($ffcdf658,PC)
FFCDF1F4? 6004                 bra     $ffcdf1fa
FFCDF1F6? 7002                 moveq   #$2, D0
FFCDF1F8? 42A7                 clr.l   -(A7)
FFCDF1FA? 61000864             bsr     $ffcdfa60
FFCDF1FE? 61000512             bsr     $ffcdf712
FFCDF202? 601C                 bra     $ffcdf220
FFCDF204? 083800000B20         btst    #$0, $b20.w
FFCDF20A? 6708                 beq     $ffcdf214
FFCDF20C? 7001                 moveq   #$1, D0
FFCDF20E? 487A045A             pea     ($ffcdf66a,PC)
FFCDF212? 6004                 bra     $ffcdf218
FFCDF214? 7003                 moveq   #$3, D0
FFCDF216? 42A7                 clr.l   -(A7)
FFCDF218? 61000846             bsr     $ffcdfa60
FFCDF21C? 610004EC             bsr     $ffcdf70a
FFCDF220? 205F                 movea.l (A7)+, A0
FFCDF222? 4FEF000C             lea     ($c,A7), A7
FFCDF226? 4ED0                 jmp     (A0)
FFCDF228? 302F0004             move.w  ($4,A7), D0
FFCDF22C? 6100075C             bsr     $ffcdf98a
FFCDF230? 3F2C0002             move.w  ($2,A4), -(A7)
FFCDF234? 3F2C0004             move.w  ($4,A4), -(A7)
FFCDF238? 5357                 subq.w  #1, (A7)
FFCDF23A? A893                 _MoveTo                                   ; A-line trap A893
FFCDF23C? 2F3CFFFF0000         move.l  #$ffff0000, -(A7)
FFCDF242? A892                 _Line                                     ; A-line trap A892
FFCDF244? 302F0006             move.w  ($6,A7), D0
FFCDF248? 61000740             bsr     $ffcdf98a
FFCDF24C? 2F14                 move.l  (A4), -(A7)
FFCDF24E? A891                 _LineTo                                   ; A-line trap A891
FFCDF250? 3F2C0006             move.w  ($6,A4), -(A7)
FFCDF254? 5357                 subq.w  #1, (A7)
FFCDF256? 3F14                 move.w  (A4), -(A7)
FFCDF258? A891                 _LineTo                                   ; A-line trap A891
FFCDF25A? 302F0004             move.w  ($4,A7), D0
FFCDF25E? 6100072A             bsr     $ffcdf98a
FFCDF262? 3F2C0006             move.w  ($6,A4), -(A7)
FFCDF266? 5357                 subq.w  #1, (A7)
FFCDF268? 3F14                 move.w  (A4), -(A7)
FFCDF26A? A893                 _MoveTo                                   ; A-line trap A893
FFCDF26C? 2F3C00010000         move.l  #$10000, -(A7)
FFCDF272? A892                 _Line                                     ; A-line trap A892
FFCDF274? 302F0008             move.w  ($8,A7), D0
FFCDF278? 61000710             bsr     $ffcdf98a
FFCDF27C? 2F2C0004             move.l  ($4,A4), -(A7)
FFCDF280? 5357                 subq.w  #1, (A7)
FFCDF282? 536F0002             subq.w  #1, ($2,A7)
FFCDF286? A891                 _LineTo                                   ; A-line trap A891
FFCDF288? 3F2C0002             move.w  ($2,A4), -(A7)
FFCDF28C? 5257                 addq.w  #1, (A7)
FFCDF28E? 3F2C0004             move.w  ($4,A4), -(A7)
FFCDF292? 5357                 subq.w  #1, (A7)
FFCDF294? A891                 _LineTo                                   ; A-line trap A891
FFCDF296? 205F                 movea.l (A7)+, A0
FFCDF298? 5C8F                 addq.l  #6, A7
FFCDF29A? 4ED0                 jmp     (A0)
FFCDF29C? 4267                 clr.w   -(A7)
FFCDF29E? 2F06                 move.l  D6, -(A7)
FFCDF2A0? 61000554             bsr     $ffcdf7f6
FFCDF2A4? 4A45                 tst.w   D5
FFCDF2A6? 6706                 beq     $ffcdf2ae
FFCDF2A8? 4A2EFFD9             tst.b   (-$27,A6)
FFCDF2AC? 6702                 beq     $ffcdf2b0
FFCDF2AE? DF54                 add.w   D7, (A4)
FFCDF2B0? 2F0C                 move.l  A4, -(A7)
FFCDF2B2? A8AD                 _PtInRect                                 ; A-line trap A8AD
FFCDF2B4? 4A1F                 tst.b   (A7)+
FFCDF2B6? 673C                 beq     $ffcdf2f4
FFCDF2B8? 4A45                 tst.w   D5
FFCDF2BA? 6632                 bne     $ffcdf2ee
FFCDF2BC? 4A2B006F             tst.b   ($6f,A3)
FFCDF2C0? 672C                 beq     $ffcdf2ee
FFCDF2C2? 302E0012             move.w  ($12,A6), D0
FFCDF2C6? 08000002             btst    #$2, D0
FFCDF2CA? 6E22                 bgt     $ffcdf2ee
FFCDF2CC? 206B0076             movea.l ($76,A3), A0
FFCDF2D0? 2050                 movea.l (A0), A0
FFCDF2D2? 20280006             move.l  ($6,A0), D0
FFCDF2D6? 780E                 moveq   #$e, D4
FFCDF2D8? 9044                 sub.w   D4, D0
FFCDF2DA? BC40                 cmp.w   D0, D6
FFCDF2DC? 6D10                 blt     $ffcdf2ee
FFCDF2DE? 4840                 swap    D0
FFCDF2E0? 9044                 sub.w   D4, D0
FFCDF2E2? 4846                 swap    D6
FFCDF2E4? BC40                 cmp.w   D0, D6
FFCDF2E6? 6D06                 blt     $ffcdf2ee
FFCDF2E8? 7003                 moveq   #$3, D0
FFCDF2EA? 6000009E             bra     $ffcdf38a
FFCDF2EEd 700160000098         dc.b    $70,$01,$60,$00,$00,$98           ; |p.`...|
FFCDF2F4? 610004EA             bsr     $ffcdf7e0
FFCDF2F8? 4267                 clr.w   -(A7)
FFCDF2FA? 2F06                 move.l  D6, -(A7)
FFCDF2FC? 2F0C                 move.l  A4, -(A7)
FFCDF2FE? A8AD                 _PtInRect                                 ; A-line trap A8AD
FFCDF300? 4A1F                 tst.b   (A7)+
FFCDF302? 6700008A             beq     $ffcdf38e
FFCDF306? 4A2B006F             tst.b   ($6f,A3)
FFCDF30A? 677C                 beq     $ffcdf388
FFCDF30C? 2006                 move.l  D6, D0
FFCDF30E? 4840                 swap    D0
FFCDF310? 204B                 movea.l A3, A0
FFCDF312? 610007CA             bsr     $ffcdfade
FFCDF316? D0680006             add.w   ($6,A0), D0
FFCDF31A? 906B0010             sub.w   ($10,A3), D0
FFCDF31E? 4A2EFFD9             tst.b   (-$27,A6)
FFCDF322? 6702                 beq     $ffcdf326
FFCDF324? 5840                 addq.w  #4, D0
FFCDF326? D06EFFF2             add.w   (-$e,A6), D0
FFCDF32A? 6A5C                 bpl     $ffcdf388
FFCDF32C? 0640000B             addi.w  #$b, D0
FFCDF330? 6B56                 bmi     $ffcdf388
FFCDF332? 4A2B0070             tst.b   ($70,A3)
FFCDF336? 6718                 beq     $ffcdf350
FFCDF338? 2006                 move.l  D6, D0
FFCDF33A? D0680008             add.w   ($8,A0), D0
FFCDF33E? 906B0012             sub.w   ($12,A3), D0
FFCDF342? 0C400012             cmpi.w  #$12, D0
FFCDF346? 6E08                 bgt     $ffcdf350
FFCDF348? 5140                 subq.w  #8, D0
FFCDF34A? 6B3C                 bmi     $ffcdf388
FFCDF34C? 7004                 moveq   #$4, D0
FFCDF34E? 603A                 bra     $ffcdf38a
FFCDF350? 4A2EFFA5             tst.b   (-$5b,A6)
FFCDF354? 6732                 beq     $ffcdf388
FFCDF356? 3006                 move.w  D6, D0
FFCDF358? 204B                 movea.l A3, A0
FFCDF35A? 61000782             bsr     $ffcdfade
FFCDF35E? D0680008             add.w   ($8,A0), D0
FFCDF362? 906B0016             sub.w   ($16,A3), D0
FFCDF366? 4A2EFFD9             tst.b   (-$27,A6)
FFCDF36A? 6702                 beq     $ffcdf36e
FFCDF36C? 5D40                 subq.w  #6, D0
FFCDF36E? 0C40FFED             cmpi.w  #-$13, D0
FFCDF372? 6D14                 blt     $ffcdf388
FFCDF374? 0C40FFF7             cmpi.w  #-$9, D0
FFCDF378? 6E0E                 bgt     $ffcdf388
FFCDF37A? 6100048A             bsr     $ffcdf806
FFCDF37E? 6704                 beq     $ffcdf384
FFCDF380? 7006                 moveq   #$6, D0
FFCDF382? 6006                 bra     $ffcdf38a
FFCDF384d 70056002             dc.b    $70,$05,$60,$02                   ; |p.`.|
FFCDF388? 7002                 moveq   #$2, D0
FFCDF38A? 2D400014             move.l  D0, ($14,A6)
FFCDF38E? 4E75                 rts
FFCDF390? 4A2EFFA5             tst.b   (-$5b,A6)
FFCDF394? 6704                 beq     $ffcdf39a
FFCDF396? 6100046E             bsr     $ffcdf806
FFCDF39A? 610004AC             bsr     $ffcdf848
FFCDF39E? 2F2B0076             move.l  ($76,A3), -(A7)
FFCDF3A2? 2F0C                 move.l  A4, -(A7)
FFCDF3A4? A8DF                 _RectRgn                                  ; A-line trap A8DF
FFCDF3A6? 283C00020002         move.l  #$20002, D4
FFCDF3AC? 2F2B0072             move.l  ($72,A3), -(A7)
FFCDF3B0? 2F0C                 move.l  A4, -(A7)
FFCDF3B2? 2F0C                 move.l  A4, -(A7)
FFCDF3B4? 2F380A06             move.l  $a06.w, -(A7)                     ; MinusOne
FFCDF3B8? A8A9                 _InsetRect                                ; A-line trap A8A9
FFCDF3BA? 4A45                 tst.w   D5
FFCDF3BC? 660A                 bne     $ffcdf3c8
FFCDF3BE? 3007                 move.w  D7, D0
FFCDF3C0? 5340                 subq.w  #1, D0
FFCDF3C2? 9154                 sub.w   D0, (A4)
FFCDF3C4? E28C                 lsr.l   #1, D4
FFCDF3C6? 601C                 bra     $ffcdf3e4
FFCDF3C8? 0C450001             cmpi.w  #$1, D5
FFCDF3CC? 6616                 bne     $ffcdf3e4
FFCDF3CE? 2F0C                 move.l  A4, -(A7)
FFCDF3D0? 2F3CFFF9FFF9         move.l  #$fff9fff9, -(A7)
FFCDF3D6? A8A9                 _InsetRect                                ; A-line trap A8A9
FFCDF3D8? 4A2EFFD9             tst.b   (-$27,A6)
FFCDF3DC? 6706                 beq     $ffcdf3e4
FFCDF3DE? 3007                 move.w  D7, D0
FFCDF3E0? 5940                 subq.w  #4, D0
FFCDF3E2? 9154                 sub.w   D0, (A4)
FFCDF3E4? A8DF                 _RectRgn                                  ; A-line trap A8DF
FFCDF3E6? 4A45                 tst.w   D5
FFCDF3E8? 6706                 beq     $ffcdf3f0
FFCDF3EA? 0C450003             cmpi.w  #$3, D5
FFCDF3EE? 661C                 bne     $ffcdf40c
FFCDF3F0? 2F2EFFE4             move.l  (-$1c,A6), -(A7)
FFCDF3F4? 2F0C                 move.l  A4, -(A7)
FFCDF3F6? 2F17                 move.l  (A7), -(A7)
FFCDF3F8? 2F04                 move.l  D4, -(A7)
FFCDF3FA? A8A8                 _OffsetRect                               ; A-line trap A8A8
FFCDF3FC? A8DF                 _RectRgn                                  ; A-line trap A8DF
FFCDF3FE? 2F2B0072             move.l  ($72,A3), -(A7)
FFCDF402? 2F2EFFE4             move.l  (-$1c,A6), -(A7)
FFCDF406? 2F2B0072             move.l  ($72,A3), -(A7)
FFCDF40A? A8E5                 _UnionRgn                                 ; A-line trap A8E5
FFCDF40C? 4E75                 rts
FFCDF40E? 2F06                 move.l  D6, -(A7)
FFCDF410? 2F380A06             move.l  $a06.w, -(A7)                     ; MinusOne
FFCDF414? A8A9                 _InsetRect                                ; A-line trap A8A9
FFCDF416? 2646                 movea.l D6, A3
FFCDF418? 2F13                 move.l  (A3), -(A7)
FFCDF41A? 3007                 move.w  D7, D0
FFCDF41C? 5340                 subq.w  #1, D0
FFCDF41E? 9153                 sub.w   D0, (A3)
FFCDF420? 2F06                 move.l  D6, -(A7)
FFCDF422? A8A1                 _FrameRect                                ; A-line trap A8A1
FFCDF424? 3F2B0002             move.w  ($2,A3), -(A7)
FFCDF428? 3F2B0004             move.w  ($4,A3), -(A7)
FFCDF42C? 04570010             subi.w  #$10, (A7)
FFCDF430? 2F17                 move.l  (A7), -(A7)
FFCDF432? A893                 _MoveTo                                   ; A-line trap A893
FFCDF434? 3F6B00060002         move.w  ($6,A3), ($2,A7)
FFCDF43A? A891                 _LineTo                                   ; A-line trap A891
FFCDF43C? 2697                 move.l  (A7), (A3)
FFCDF43E? 2F17                 move.l  (A7), -(A7)
FFCDF440? A893                 _MoveTo                                   ; A-line trap A893
FFCDF442? 3F6B00060002         move.w  ($6,A3), ($2,A7)
FFCDF448? A891                 _LineTo                                   ; A-line trap A891
FFCDF44A? 3F2B0006             move.w  ($6,A3), -(A7)
FFCDF44E? 04570010             subi.w  #$10, (A7)
FFCDF452? 3F13                 move.w  (A3), -(A7)
FFCDF454? 2F17                 move.l  (A7), -(A7)
FFCDF456? A893                 _MoveTo                                   ; A-line trap A893
FFCDF458? 3EAB0004             move.w  ($4,A3), (A7)
FFCDF45C? A891                 _LineTo                                   ; A-line trap A891
FFCDF45E? 2F06                 move.l  D6, -(A7)
FFCDF460? 2F380A02             move.l  $a02.w, -(A7)                     ; OneOne
FFCDF464? A8A9                 _InsetRect                                ; A-line trap A8A9
FFCDF466? 4E75                 rts
FFCDF468? 2055                 movea.l (A5), A0
FFCDF46A? 2F10                 move.l  (A0), -(A7)
FFCDF46C? 2F0B                 move.l  A3, -(A7)
FFCDF46E? A873                 _SetPort                                  ; A-line trap A873
FFCDF470? 42AEFFAE             clr.l   (-$52,A6)
FFCDF474? 4A2EFFDB             tst.b   (-$25,A6)
FFCDF478? 670000A0             beq     $ffcdf51a
FFCDF47C? 2055                 movea.l (A5), A0
FFCDF47E? 2050                 movea.l (A0), A0
FFCDF480? 41E80002             lea     ($2,A0), A0
FFCDF484? 4A680004             tst.w   ($4,A0)
FFCDF488? 6A04                 bpl     $ffcdf48e
FFCDF48A? 2050                 movea.l (A0), A0
FFCDF48C? 2050                 movea.l (A0), A0
FFCDF48E? 20380824             move.l  $824.w, D0                        ; LGrafJump
FFCDF492? B090                 cmp.l   (A0), D0
FFCDF494? 6736                 beq     $ffcdf4cc
FFCDF496? 3F3C0001             move.w  #$1, -(A7)
FFCDF49A? 4A680004             tst.w   ($4,A0)
FFCDF49E? 6A04                 bpl     $ffcdf4a4
FFCDF4A0? 3EA80020             move.w  ($20,A0), (A7)
FFCDF4A4? 3F3CA801             move.w  #$a801, -(A7)
FFCDF4A8? 42A7                 clr.l   -(A7)
FFCDF4AA? 08380006028E         btst    #$6, $28e.w                       ; ROM85
FFCDF4B0? 66000010             bne     $ffcdf4c2
FFCDF4B4? 22780CC8             movea.l $cc8.w, A1
FFCDF4B8? 2E89                 move.l  A1, (A7)
FFCDF4BA? 2251                 movea.l (A1), A1
FFCDF4BC? 3F6900140004         move.w  ($14,A1), ($4,A7)
FFCDF4C2? 42A7                 clr.l   -(A7)
FFCDF4C4? 61000086             bsr     $ffcdf54c
FFCDF4C8? 6000007E             bra     $ffcdf548
FFCDF4CC? 45EEFFAE             lea     (-$52,A6), A2
FFCDF4D0? 282B0010             move.l  ($10,A3), D4
FFCDF4D4? 2484                 move.l  D4, (A2)
FFCDF4D6? 2F0A                 move.l  A2, -(A7)
FFCDF4D8? A870                 _LocalToGlobal                            ; A-line trap A870
FFCDF4DA? 2F04                 move.l  D4, -(A7)
FFCDF4DC? 2F0A                 move.l  A2, -(A7)
FFCDF4DE? A87F                 _SubPt                                    ; A-line trap A87F
FFCDF4E0? 5D4F                 subq.w  #6, A7
FFCDF4E2? 2F0F                 move.l  A7, -(A7)
FFCDF4E4? AA19                 _GetForeColor                             ; A-line trap AA19
FFCDF4E6? 5D4F                 subq.w  #6, A7
FFCDF4E8? 2F0F                 move.l  A7, -(A7)
FFCDF4EA? AA1A                 _GetBackColor                             ; A-line trap AA1A
FFCDF4EC? 2F2B001C             move.l  ($1c,A3), -(A7)
FFCDF4F0? 2F2B0018             move.l  ($18,A3), -(A7)
FFCDF4F4? 2F2EFFE4             move.l  (-$1c,A6), -(A7)
FFCDF4F8? A8E4                 _SectRgn                                  ; A-line trap A8E4
FFCDF4FA? 2F2EFFE4             move.l  (-$1c,A6), -(A7)
FFCDF4FE? 2F12                 move.l  (A2), -(A7)
FFCDF500? A8E0                 _OffsetRgn                                ; A-line trap A8E0
FFCDF502? 2F380D2C             move.l  $d2c.w, -(A7)
FFCDF506? A873                 _SetPort                                  ; A-line trap A873
FFCDF508? 594F                 subq.w  #4, A7
FFCDF50A? A8D8                 _NewRgn                                   ; A-line trap A8D8
FFCDF50C? 2F17                 move.l  (A7), -(A7)
FFCDF50E? A87A                 _GetClip                                  ; A-line trap A87A
FFCDF510? 2F2EFFE4             move.l  (-$1c,A6), -(A7)
FFCDF514? 2F17                 move.l  (A7), -(A7)
FFCDF516? A879                 _SetClip                                  ; A-line trap A879
FFCDF518? 600C                 bra     $ffcdf526
FFCDF51A? 2F2EFFE4             move.l  (-$1c,A6), -(A7)
FFCDF51E? 2F17                 move.l  (A7), -(A7)
FFCDF520? 486B0010             pea     ($10,A3)
FFCDF524? A8DF                 _RectRgn                                  ; A-line trap A8DF
FFCDF526? 487A0024             pea     ($ffcdf54c,PC)
FFCDF52A? 42A7                 clr.l   -(A7)
FFCDF52C? 42A7                 clr.l   -(A7)
FFCDF52E? ABCA                 _DeviceLoop                               ; A-line trap ABCA
FFCDF530? 4A2EFFDB             tst.b   (-$25,A6)
FFCDF534? 6712                 beq     $ffcdf548
FFCDF536? 2F17                 move.l  (A7), -(A7)
FFCDF538? A879                 _SetClip                                  ; A-line trap A879
FFCDF53A? A8D9                 _DisposeRgn                               ; A-line trap A8D9
FFCDF53C? 2F0F                 move.l  A7, -(A7)
FFCDF53E? AA15                 _RGBBackColor                             ; A-line trap AA15
FFCDF540? 5C4F                 addq.w  #6, A7
FFCDF542? 2F0F                 move.l  A7, -(A7)
FFCDF544? AA14                 _RGBForeColor                             ; A-line trap AA14
FFCDF546? 5C4F                 addq.w  #6, A7
FFCDF548? A873                 _SetPort                                  ; A-line trap A873
FFCDF54A? 4E75                 rts
FFCDF54C? 3D6F000EFFCE         move.w  ($e,A7), (-$32,A6)
FFCDF552? 222F0008             move.l  ($8,A7), D1
FFCDF556? 2D41FFD2             move.l  D1, (-$2e,A6)
FFCDF55A? 61000348             bsr     $ffcdf8a4
FFCDF55E? 51EEFFD7             sf      (-$29,A6)
FFCDF562? 4A2EFFD8             tst.b   (-$28,A6)
FFCDF566? 673A                 beq     $ffcdf5a2
FFCDF568? 6038                 bra     $ffcdf5a2
FFCDF56A? 302EFFCE             move.w  (-$32,A6), D0
FFCDF56E? 0C400004             cmpi.w  #$4, D0
FFCDF572? 6D2E                 blt     $ffcdf5a2
FFCDF574? 206EFFD2             movea.l (-$2e,A6), A0
FFCDF578? 2050                 movea.l (A0), A0
FFCDF57A? 3010                 move.w  (A0), D0
FFCDF57C? 4640                 not.w   D0
FFCDF57E? E548                 lsl.w   #2, D0
FFCDF580? 2078011C             movea.l $11c.w, A0                        ; UTableBase
FFCDF584? 20700000             movea.l (A0,D0.w), A0
FFCDF588? 2050                 movea.l (A0), A0
FFCDF58A? 7000                 moveq   #$0, D0
FFCDF58C? 10280028             move.b  ($28,A0), D0
FFCDF590? 206B0082             movea.l ($82,A3), A0
FFCDF594? 2050                 movea.l (A0), A0
FFCDF596? 22280010             move.l  ($10,A0), D1
FFCDF59A? 0101                 btst    D0, D1
FFCDF59C? 6704                 beq     $ffcdf5a2
FFCDF59E? 50EEFFD7             st      (-$29,A6)
FFCDF5A2? 7001                 moveq   #$1, D0
FFCDF5A4? 7200                 moveq   #$0, D1
FFCDF5A6? 610003D8             bsr     $ffcdf980
FFCDF5AA? 282EFFAE             move.l  (-$52,A6), D4
FFCDF5AE? 28AB0014             move.l  ($14,A3), (A4)
FFCDF5B2? 29540004             move.l  (A4), ($4,A4)
FFCDF5B6? D96C0002             add.w   D4, ($2,A4)
FFCDF5BA? D96C0006             add.w   D4, ($6,A4)
FFCDF5BE? 4844                 swap    D4
FFCDF5C0? D954                 add.w   D4, (A4)
FFCDF5C2? D96C0004             add.w   D4, ($4,A4)
FFCDF5C6? 0454000E             subi.w  #$e, (A4)
FFCDF5CA? 046C000E0002         subi.w  #$e, ($2,A4)
FFCDF5D0? 4A2B006F             tst.b   ($6f,A3)
FFCDF5D4? 660C                 bne     $ffcdf5e2
FFCDF5D6? 2F0C                 move.l  A4, -(A7)
FFCDF5D8? A8A3                 _EraseRect                                ; A-line trap A8A3
FFCDF5DA? 049400010001         subi.l  #$10001, (A4)
FFCDF5E0? 603E                 bra     $ffcdf620
FFCDF5E2? 7004                 moveq   #$4, D0
FFCDF5E4? 6100047A             bsr     $ffcdfa60
FFCDF5E8? 6720                 beq     $ffcdf60a
FFCDF5EA? 3F02                 move.w  D2, -(A7)
FFCDF5EC? 7016                 moveq   #$16, D0
FFCDF5EE? 610003A6             bsr     $ffcdf996
FFCDF5F2? 2F0C                 move.l  A4, -(A7)
FFCDF5F4? A8A3                 _EraseRect                                ; A-line trap A8A3
FFCDF5F6? 341F                 move.w  (A7)+, D2
FFCDF5F8? 263C00030003         move.l  #$30003, D3
FFCDF5FE? 283C00040004         move.l  #$40004, D4
FFCDF604? D994                 add.l   D4, (A4)
FFCDF606? 97AC0004             sub.l   D3, ($4,A4)
FFCDF60A? 049400010001         subi.l  #$10001, (A4)
FFCDF610? 487A007C             pea     ($ffcdf68e,PC)
FFCDF614? 61000158             bsr     $ffcdf76e
FFCDF618? 7001                 moveq   #$1, D0
FFCDF61A? 7200                 moveq   #$0, D1
FFCDF61C? 61000362             bsr     $ffcdf980
FFCDF620? 3F2B0012             move.w  ($12,A3), -(A7)
FFCDF624? 282EFFAE             move.l  (-$52,A6), D4
FFCDF628? D957                 add.w   D4, (A7)
FFCDF62A? 3F14                 move.w  (A4), -(A7)
FFCDF62C? A893                 _MoveTo                                   ; A-line trap A893
FFCDF62E? 3F2B0016             move.w  ($16,A3), -(A7)
FFCDF632? D957                 add.w   D4, (A7)
FFCDF634? 3F14                 move.w  (A4), -(A7)
FFCDF636? A891                 _LineTo                                   ; A-line trap A891
FFCDF638? 4844                 swap    D4
FFCDF63A? 3F2C0002             move.w  ($2,A4), -(A7)
FFCDF63E? 3F17                 move.w  (A7), -(A7)
FFCDF640? 3F2B0010             move.w  ($10,A3), -(A7)
FFCDF644? D957                 add.w   D4, (A7)
FFCDF646? A893                 _MoveTo                                   ; A-line trap A893
FFCDF648? 3F2B0014             move.w  ($14,A3), -(A7)
FFCDF64C? D957                 add.w   D4, (A7)
FFCDF64E? A891                 _LineTo                                   ; A-line trap A891
FFCDF650? 205F                 movea.l (A7)+, A0
FFCDF652? 4FEF000C             lea     ($c,A7), A7
FFCDF656? 4ED0                 jmp     (A0)
FFCDF658? 263C00040004         move.l  #$40004, D3
FFCDF65E? 97AC0004             sub.l   D3, ($4,A4)
FFCDF662? 2F0C                 move.l  A4, -(A7)
FFCDF664? A8A1                 _FrameRect                                ; A-line trap A8A1
FFCDF666? D7AC0004             add.l   D3, ($4,A4)
FFCDF66A? 2F0C                 move.l  A4, -(A7)
FFCDF66C? A8A1                 _FrameRect                                ; A-line trap A8A1
FFCDF66E? 26380A02             move.l  $a02.w, D3                        ; OneOne
FFCDF672? 97AC0004             sub.l   D3, ($4,A4)
FFCDF676? 2F0C                 move.l  A4, -(A7)
FFCDF678? A8A1                 _FrameRect                                ; A-line trap A8A1
FFCDF67A? 2F0C                 move.l  A4, -(A7)
FFCDF67C? 2F03                 move.l  D3, -(A7)
FFCDF67E? A8A8                 _OffsetRect                               ; A-line trap A8A8
FFCDF680? 7022                 moveq   #$22, D0
FFCDF682? 61000306             bsr     $ffcdf98a
FFCDF686? 2F0C                 move.l  A4, -(A7)
FFCDF688? A8A1                 _FrameRect                                ; A-line trap A8A1
FFCDF68A? 9794                 sub.l   D3, (A4)
FFCDF68C? 4E75                 rts
FFCDF68E? 48E71800             movem.l D3-D4, -(A7)
FFCDF692? 283C00010001         move.l  #$10001, D4
FFCDF698? D9AC0004             add.l   D4, ($4,A4)
FFCDF69C? 6140                 bsr     $ffcdf6de
FFCDF69E? 7024                 moveq   #$24, D0
FFCDF6A0? 610002E8             bsr     $ffcdf98a
FFCDF6A4? 2F0C                 move.l  A4, -(A7)
FFCDF6A6? 2F3CFFFFFFFF         move.l  #$ffffffff, -(A7)
FFCDF6AC? A8A8                 _OffsetRect                               ; A-line trap A8A8
FFCDF6AE? 04AC000300030004     subi.l  #$30003, ($4,A4)
FFCDF6B6? 6126                 bsr     $ffcdf6de
FFCDF6B8? 2F0C                 move.l  A4, -(A7)
FFCDF6BA? 2F04                 move.l  D4, -(A7)
FFCDF6BC? A8A9                 _InsetRect                                ; A-line trap A8A9
FFCDF6BE? D994                 add.l   D4, (A4)
FFCDF6C0? 7017                 moveq   #$17, D0
FFCDF6C2? 610002D2             bsr     $ffcdf996
FFCDF6C6? 2F0C                 move.l  A4, -(A7)
FFCDF6C8? A8A3                 _EraseRect                                ; A-line trap A8A3
FFCDF6CA? 9994                 sub.l   D4, (A4)
FFCDF6CC? E584                 asl.l   #2, D4
FFCDF6CE? D9AC0004             add.l   D4, ($4,A4)
FFCDF6D2? 4CDF0018             movem.l (A7)+, D3-D4
FFCDF6D6? 9994                 sub.l   D4, (A4)
FFCDF6D8? D7AC0004             add.l   D3, ($4,A4)
FFCDF6DC? 4E75                 rts
FFCDF6DE? 2F0C                 move.l  A4, -(A7)
FFCDF6E0? A8A1                 _FrameRect                                ; A-line trap A8A1
FFCDF6E2? 7022                 moveq   #$22, D0
FFCDF6E4? 610002A4             bsr     $ffcdf98a
FFCDF6E8? 2614                 move.l  (A4), D3
FFCDF6EA? D6B80A02             add.l   $a02.w, D3                        ; OneOne
FFCDF6EE? 3F03                 move.w  D3, -(A7)
FFCDF6F0? 3F2C0004             move.w  ($4,A4), -(A7)
FFCDF6F4? 5357                 subq.w  #1, (A7)
FFCDF6F6? A893                 _MoveTo                                   ; A-line trap A893
FFCDF6F8? 2F03                 move.l  D3, -(A7)
FFCDF6FA? A891                 _LineTo                                   ; A-line trap A891
FFCDF6FC? 3F2C0006             move.w  ($6,A4), -(A7)
FFCDF700? 5357                 subq.w  #1, (A7)
FFCDF702? 4843                 swap    D3
FFCDF704? 3F03                 move.w  D3, -(A7)
FFCDF706? A891                 _LineTo                                   ; A-line trap A891
FFCDF708? 4E75                 rts
FFCDF70A? 610000D4             bsr     $ffcdf7e0
FFCDF70E? 7209                 moveq   #$9, D1
FFCDF710? 6014                 bra     $ffcdf726
FFCDF712? 610000CC             bsr     $ffcdf7e0
FFCDF716? 396C00060002         move.w  ($6,A4), ($2,A4)
FFCDF71C? 72EC                 moveq   #-$14, D1
FFCDF71E? 4A2EFFD9             tst.b   (-$27,A6)
FFCDF722? 6702                 beq     $ffcdf726
FFCDF724? 5341                 subq.w  #1, D1
FFCDF726? 3F02                 move.w  D2, -(A7)
FFCDF728? D36C0002             add.w   D1, ($2,A4)
FFCDF72C? 322EFFF2             move.w  (-$e,A6), D1
FFCDF730? D354                 add.w   D1, (A4)
FFCDF732? 5254                 addq.w  #1, (A4)
FFCDF734? 29540004             move.l  (A4), ($4,A4)
FFCDF738? 302A0006             move.w  ($6,A2), D0
FFCDF73C? 906A0002             sub.w   ($2,A2), D0
FFCDF740? D16C0004             add.w   D0, ($4,A4)
FFCDF744? 302A0008             move.w  ($8,A2), D0
FFCDF748? 906A0004             sub.w   ($4,A2), D0
FFCDF74C? D16C0006             add.w   D0, ($6,A4)
FFCDF750? 2F0C                 move.l  A4, -(A7)
FFCDF752? 2F3CFFFFFFFF         move.l  #$ffffffff, -(A7)
FFCDF758? A8A9                 _InsetRect                                ; A-line trap A8A9
FFCDF75A? 7016                 moveq   #$16, D0
FFCDF75C? 61000238             bsr     $ffcdf996
FFCDF760? 2F0C                 move.l  A4, -(A7)
FFCDF762? A8A3                 _EraseRect                                ; A-line trap A8A3
FFCDF764? 2F0C                 move.l  A4, -(A7)
FFCDF766? 2F380A02             move.l  $a02.w, -(A7)                     ; OneOne
FFCDF76A? A8A9                 _InsetRect                                ; A-line trap A8A9
FFCDF76C? 341F                 move.w  (A7)+, D2
FFCDF76E? 3F02                 move.w  D2, -(A7)
FFCDF770? 4A02                 tst.b   D2
FFCDF772? 671E                 beq     $ffcdf792
FFCDF774? 4A2EFFB6             tst.b   (-$4a,A6)
FFCDF778? 6706                 beq     $ffcdf780
FFCDF77A? 7008                 moveq   #$8, D0
FFCDF77C? 720B                 moveq   #$b, D1
FFCDF77E? 6004                 bra     $ffcdf784
FFCDF780? 7007                 moveq   #$7, D0
FFCDF782? 7208                 moveq   #$8, D1
FFCDF784? 610001FA             bsr     $ffcdf980
FFCDF788? 206EFFB8             movea.l (-$48,A6), A0
FFCDF78C? 2050                 movea.l (A0), A0
FFCDF78E? 2F08                 move.l  A0, -(A7)
FFCDF790? 6016                 bra     $ffcdf7a8
FFCDF792? 41F80A0E             lea     $a0e.w, A0                        ; IconBitmap
FFCDF796? 315A0004             move.w  (A2)+, ($4,A0)
FFCDF79A? 215A0006             move.l  (A2)+, ($6,A0)
FFCDF79E? 215A000A             move.l  (A2)+, ($a,A0)
FFCDF7A2? 208A                 move.l  A2, (A0)
FFCDF7A4? 48780A0E             pea     $a0e.w                            ; IconBitmap
FFCDF7A8? 2057                 movea.l (A7), A0
FFCDF7AA? 2255                 movea.l (A5), A1
FFCDF7AC? 2251                 movea.l (A1), A1
FFCDF7AE? 48690002             pea     ($2,A1)
FFCDF7B2? 48680006             pea     ($6,A0)
FFCDF7B6? 2F0C                 move.l  A4, -(A7)
FFCDF7B8? 4267                 clr.w   -(A7)
FFCDF7BA? 42A7                 clr.l   -(A7)
FFCDF7BC? A8EC                 _CopyBits                                 ; A-line trap A8EC
FFCDF7BE? 206EFFB2             movea.l (-$4e,A6), A0
FFCDF7C2? A02A                 _HUnlock                                  ; A-line trap A02A
FFCDF7C4? 341F                 move.w  (A7)+, D2
FFCDF7C6? 6712                 beq     $ffcdf7da
FFCDF7C8? 7024                 moveq   #$24, D0
FFCDF7CA? 610001BE             bsr     $ffcdf98a
FFCDF7CE? 202F0004             move.l  ($4,A7), D0
FFCDF7D2? 6706                 beq     $ffcdf7da
FFCDF7D4? 2E9F                 move.l  (A7)+, (A7)
FFCDF7D6? 2040                 movea.l D0, A0
FFCDF7D8? 4ED0                 jmp     (A0)
FFCDF7DAd 205F584F4ED0         dc.b    $20,$5F,$58,$4F,$4E,$D0           ; | _XON.|
FFCDF7E0? 6114                 bsr     $ffcdf7f6
FFCDF7E2? 3014                 move.w  (A4), D0
FFCDF7E4? D047                 add.w   D7, D0
FFCDF7E6? 39400004             move.w  D0, ($4,A4)
FFCDF7EA? 4A2EFFD9             tst.b   (-$27,A6)
FFCDF7EE? 6604                 bne     $ffcdf7f4
FFCDF7F0? 536C0006             subq.w  #1, ($6,A4)
FFCDF7F4? 4E75                 rts
FFCDF7F6? 206B0072             movea.l ($72,A3), A0
FFCDF7FA? 2050                 movea.l (A0), A0
FFCDF7FC? 5448                 addq.w  #2, A0
FFCDF7FE? 2898                 move.l  (A0)+, (A4)
FFCDF800? 29580004             move.l  (A0)+, ($4,A4)
FFCDF804? 4E75                 rts
FFCDF806? 6140                 bsr     $ffcdf848
FFCDF808? 206B0082             movea.l ($82,A3), A0
FFCDF80C? 2450                 movea.l (A0), A2
FFCDF80E? 504A                 addq.w  #8, A2
FFCDF810? 6116                 bsr     $ffcdf828
FFCDF812? 6604                 bne     $ffcdf818
FFCDF814? 6112                 bsr     $ffcdf828
FFCDF816? 670A                 beq     $ffcdf822
FFCDF818? 206B0082             movea.l ($82,A3), A0
FFCDF81C? 2850                 movea.l (A0), A4
FFCDF81E? 6128                 bsr     $ffcdf848
FFCDF820? 7001                 moveq   #$1, D0
FFCDF822? 49F809FA             lea     $9fa.w, A4                        ; scratch8
FFCDF826? 4E75                 rts
FFCDF828? 2F12                 move.l  (A2), -(A7)
FFCDF82A? 2F1A                 move.l  (A2)+, -(A7)
FFCDF82C? 2F0F                 move.l  A7, -(A7)
FFCDF82E? 2F3CFFF9FFF9         move.l  #$fff9fff9, -(A7)
FFCDF834? A8A9                 _InsetRect                                ; A-line trap A8A9
FFCDF836? 4267                 clr.w   -(A7)
FFCDF838? 2F1C                 move.l  (A4)+, -(A7)
FFCDF83A? 486F0006             pea     ($6,A7)
FFCDF83E? A8AD                 _PtInRect                                 ; A-line trap A8AD
FFCDF840? 5317                 subq.b  #1, (A7)
FFCDF842? 101F                 move.b  (A7)+, D0
FFCDF844? 504F                 addq.w  #8, A7
FFCDF846? 4E75                 rts
FFCDF848? 28AB0010             move.l  ($10,A3), (A4)
FFCDF84C? 296B00140004         move.l  ($14,A3), ($4,A4)
FFCDF852? 204B                 movea.l A3, A0
FFCDF854? 61000288             bsr     $ffcdfade
FFCDF858? 2F0C                 move.l  A4, -(A7)
FFCDF85A? 2F280006             move.l  ($6,A0), -(A7)
FFCDF85E? 4457                 neg.w   (A7)
FFCDF860? 446F0002             neg.w   ($2,A7)
FFCDF864? A8A8                 _OffsetRect                               ; A-line trap A8A8
FFCDF866? 4E75                 rts
FFCDF868? 48E70120             movem.l D7/A2, -(A7)
FFCDF86C? 41EEFFC2             lea     (-$3e,A6), A0
FFCDF870? 43EEFFC8             lea     (-$38,A6), A1
FFCDF874? 45EEFFBC             lea     (-$44,A6), A2
FFCDF878? C4FC1111             mulu.w  #$1111, D2
FFCDF87C? 303C0002             move.w  #$2, D0
FFCDF880? 7200                 moveq   #$0, D1
FFCDF882? 3218                 move.w  (A0)+, D1
FFCDF884? 9251                 sub.w   (A1), D1
FFCDF886? 55C7                 scs     D7
FFCDF888? 6402                 bcc     $ffcdf88c
FFCDF88A? 4441                 neg.w   D1
FFCDF88C? C2C2                 mulu.w  D2, D1
FFCDF88E? 4841                 swap    D1
FFCDF890? 4A07                 tst.b   D7
FFCDF892? 6702                 beq     $ffcdf896
FFCDF894? 4481                 neg.l   D1
FFCDF896? D259                 add.w   (A1)+, D1
FFCDF898? 34C1                 move.w  D1, (A2)+
FFCDF89A? 51C8FFE4             dbra    D0, $ffcdf880
FFCDF89E? 4CDF0480             movem.l (A7)+, D7/A2
FFCDF8A2? 4E75                 rts
FFCDF8A4? 48E71820             movem.l D3-D4/A2, -(A7)
FFCDF8A8? 302EFFCE             move.w  (-$32,A6), D0
FFCDF8AC? 0C400002             cmpi.w  #$2, D0
FFCDF8B0? 5CEEFFD8             sge     (-$28,A6)
FFCDF8B4? 6D46                 blt     $ffcdf8fc
FFCDF8B6? 2F380CC8             move.l  $cc8.w, -(A7)
FFCDF8BA? 21C10CC8             move.l  D1, $cc8.w
FFCDF8BE? 4A05                 tst.b   D5
FFCDF8C0? 6706                 beq     $ffcdf8c8
FFCDF8C2? 4A2EFFD9             tst.b   (-$27,A6)
FFCDF8C6? 6624                 bne     $ffcdf8ec
FFCDF8C8? 45FA0282             lea     ($ffcdfb4c,PC), A2
FFCDF8CC? 6134                 bsr     $ffcdf902
FFCDF8CE? 4A2EFFD8             tst.b   (-$28,A6)
FFCDF8D2? 6724                 beq     $ffcdf8f8
FFCDF8D4? 45FA0294             lea     ($ffcdfb6a,PC), A2
FFCDF8D8? 6128                 bsr     $ffcdf902
FFCDF8DA? 4A2EFFD8             tst.b   (-$28,A6)
FFCDF8DE? 6718                 beq     $ffcdf8f8
FFCDF8E0? 45FA02D6             lea     ($ffcdfbb8,PC), A2
FFCDF8E4? 611C                 bsr     $ffcdf902
FFCDF8E6? 4A2EFFD8             tst.b   (-$28,A6)
FFCDF8EA? 670C                 beq     $ffcdf8f8
FFCDF8EC? 0C050001             cmpi.b  #$1, D5
FFCDF8F0? 6606                 bne     $ffcdf8f8
FFCDF8F2? 45FA0288             lea     ($ffcdfb7c,PC), A2
FFCDF8F6? 610A                 bsr     $ffcdf902
FFCDF8F8? 21DF0CC8             move.l  (A7)+, $cc8.w
FFCDF8FC? 4CDF0418             movem.l (A7)+, D3-D4/A2
FFCDF900? 4E75                 rts
FFCDF902? 3612                 move.w  (A2), D3
FFCDF904? 283C63736420         move.l  #$63736420, D4
FFCDF90A? B652                 cmp.w   (A2), D3
FFCDF90C? 661E                 bne     $ffcdf92c
FFCDF90E? 204A                 movea.l A2, A0
FFCDF910? 61000042             bsr     $ffcdf954
FFCDF914? 598F                 subq.l  #4, A7
FFCDF916? 486EFFBC             pea     (-$44,A6)
FFCDF91A? AA33                 _Color2Index                              ; A-line trap AA33
FFCDF91C? 201F                 move.l  (A7)+, D0
FFCDF91E? B880                 cmp.l   D0, D4
FFCDF920? 6706                 beq     $ffcdf928
FFCDF922? 2800                 move.l  D0, D4
FFCDF924? 5C8A                 addq.l  #6, A2
FFCDF926? 60E2                 bra     $ffcdf90a
FFCDF928d 51EEFFD84E75FF00     dc.b    $51,$EE,$FF,$D8,$4E,$75,$FF,$00,$00,$00,$FF,$00,$00,$FF,$FF,$00 ; |Q...Nu..........|
FFCDF938d 0000000000000000     dc.b    $00,$00,$00,$00,$00,$00,$00,$00,$00,$00,$00,$FF,$FF,$FF,$FF,$FF ; |................|
FFCDF948d FF000000000000FF     dc.b    $FF,$00,$00,$00,$00,$00,$00,$FF,$FF,$FF,$FF,$00 ; |............|
FFCDF954? 3F280004             move.w  ($4,A0), -(A7)
FFCDF958? 3F280002             move.w  ($2,A0), -(A7)
FFCDF95C? 3010                 move.w  (A0), D0
FFCDF95E? 6142                 bsr     $ffcdf9a2
FFCDF960? 205F                 movea.l (A7)+, A0
FFCDF962? 2D58FFC8             move.l  (A0)+, (-$38,A6)
FFCDF966? 3D50FFCC             move.w  (A0), (-$34,A6)
FFCDF96A? 301F                 move.w  (A7)+, D0
FFCDF96C? 6134                 bsr     $ffcdf9a2
FFCDF96E? 205F                 movea.l (A7)+, A0
FFCDF970? 2D58FFC2             move.l  (A0)+, (-$3e,A6)
FFCDF974? 3D50FFC6             move.w  (A0), (-$3a,A6)
FFCDF978? 341F                 move.w  (A7)+, D2
FFCDF97A? 6100FEEC             bsr     $ffcdf868
FFCDF97E? 4E75                 rts
FFCDF980? 3F01                 move.w  D1, -(A7)
FFCDF982? 6106                 bsr     $ffcdf98a
FFCDF984? 301F                 move.w  (A7)+, D0
FFCDF986? 610E                 bsr     $ffcdf996
FFCDF988? 4E75                 rts
FFCDF98A? 6116                 bsr     $ffcdf9a2
FFCDF98C? 6704                 beq     $ffcdf992
FFCDF98E? AA14                 _RGBForeColor                             ; A-line trap AA14
FFCDF990? 6002                 bra     $ffcdf994
FFCDF992d A8624E75             dc.b    $A8,$62,$4E,$75                   ; |.bNu|
FFCDF996? 610A                 bsr     $ffcdf9a2
FFCDF998? 6704                 beq     $ffcdf99e
FFCDF99A? AA15                 _RGBBackColor                             ; A-line trap AA15
FFCDF99C? 6002                 bra     $ffcdf9a0
FFCDF99Ed A8634E75             dc.b    $A8,$63,$4E,$75                   ; |.cNu|
FFCDF9A2? 4A2EFFD8             tst.b   (-$28,A6)
FFCDF9A6? 670000A0             beq     $ffcdfa48
FFCDF9AA? 4A2EFFD7             tst.b   (-$29,A6)
FFCDF9AE? 672C                 beq     $ffcdf9dc
FFCDF9B0? 0C400001             cmpi.w  #$1, D0
FFCDF9B4? 671A                 beq     $ffcdf9d0
FFCDF9B6? 0C400012             cmpi.w  #$12, D0
FFCDF9BA? 6714                 beq     $ffcdf9d0
FFCDF9BC? 0C400016             cmpi.w  #$16, D0
FFCDF9C0? 6714                 beq     $ffcdf9d6
FFCDF9C2? 0C400022             cmpi.w  #$22, D0
FFCDF9C6? 670E                 beq     $ffcdf9d6
FFCDF9C8? 0C400023             cmpi.w  #$23, D0
FFCDF9CC? 6708                 beq     $ffcdf9d6
FFCDF9CE? 600C                 bra     $ffcdf9dc
FFCDF9D0d 702160000084701E     dc.b    $70,$21,$60,$00,$00,$84,$70,$1E,$60,$00,$00,$7E ; |p!`...p.`..~|
FFCDF9DC? 0C400010             cmpi.w  #$10, D0
FFCDF9E0? 6D1C                 blt     $ffcdf9fe
FFCDF9E2? 04400010             subi.w  #$10, D0
FFCDF9E6? C0FC0006             mulu.w  #$6, D0
FFCDF9EA? 41FA0160             lea     ($ffcdfb4c,PC), A0
FFCDF9EE? D0C0                 adda.w  D0, A0
FFCDF9F0? 6100FF62             bsr     $ffcdf954
FFCDF9F4? 205F                 movea.l (A7)+, A0
FFCDF9F6? 486EFFBC             pea     (-$44,A6)
FFCDF9FA? 7001                 moveq   #$1, D0
FFCDF9FC? 4ED0                 jmp     (A0)
FFCDF9FE? 206EFFDC             movea.l (-$24,A6), A0
FFCDFA02? 610000C8             bsr     $ffcdfacc
FFCDFA06? 6732                 beq     $ffcdfa3a
FFCDFA08? 3F00                 move.w  D0, -(A7)
FFCDFA0A? 598F                 subq.l  #4, A7
FFCDFA0C? 2F3C77637462         move.l  #$77637462, -(A7)
FFCDFA12? 4267                 clr.w   -(A7)
FFCDFA14? A9A0                 _GetResource                              ; A-line trap A9A0
FFCDFA16? 205F                 movea.l (A7)+, A0
FFCDFA18? 301F                 move.w  (A7)+, D0
FFCDFA1A? B0FC0000             cmpa.w  #$0, A0
FFCDFA1E? 6708                 beq     $ffcdfa28
FFCDFA20? 2050                 movea.l (A0), A0
FFCDFA22? 610000A8             bsr     $ffcdfacc
FFCDFA26? 6712                 beq     $ffcdfa3a
FFCDFA28? C0FC0006             mulu.w  #$6, D0
FFCDFA2C? 41FA00D0             lea     ($ffcdfafe,PC), A0
FFCDFA30? 221F                 move.l  (A7)+, D1
FFCDFA32? 48700000             pea     (A0,D0.w)
FFCDFA36? 2041                 movea.l D1, A0
FFCDFA38? 600A                 bra     $ffcdfa44
FFCDFA3A? 41F0100A             lea     ($a,A0,D1.w), A0
FFCDFA3E? 2008                 move.l  A0, D0
FFCDFA40? 205F                 movea.l (A7)+, A0
FFCDFA42? 2F00                 move.l  D0, -(A7)
FFCDFA44? 7001                 moveq   #$1, D0
FFCDFA46? 4ED0                 jmp     (A0)
FFCDFA48? 41FAFEE4             lea     ($ffcdf92e,PC), A0
FFCDFA4C? 10300000             move.b  (A0,D0.w), D0
FFCDFA50? 6604                 bne     $ffcdfa56
FFCDFA52? 7021                 moveq   #$21, D0
FFCDFA54? 6002                 bra     $ffcdfa58
FFCDFA56? 701E                 moveq   #$1e, D0
FFCDFA58? 205F                 movea.l (A7)+, A0
FFCDFA5A? 2F00                 move.l  D0, -(A7)
FFCDFA5C? 7000                 moveq   #$0, D0
FFCDFA5E? 4ED0                 jmp     (A0)
FFCDFA60? D040                 add.w   D0, D0
FFCDFA62? 4A2EFFD8             tst.b   (-$28,A6)
FFCDFA66? 6758                 beq     $ffcdfac0
FFCDFA68? 0C8000000008         cmpi.l  #$8, D0
FFCDFA6E? 6706                 beq     $ffcdfa76
FFCDFA70? 4A2EFFD7             tst.b   (-$29,A6)
FFCDFA74? 664A                 bne     $ffcdfac0
FFCDFA76? 45FA007C             lea     ($ffcdfaf4,PC), A2
FFCDFA7A? 598F                 subq.l  #4, A7
FFCDFA7C? 2F3C70697873         move.l  #$70697873, -(A7)
FFCDFA82? 3F320000             move.w  (A2,D0.w), -(A7)
FFCDFA86? 0C57C802             cmpi.w  #-$37fe, (A7)
FFCDFA8A? 57EEFFB6             seq     (-$4a,A6)
FFCDFA8E? 31FCFFFF0B9E         move.w  #$ffff, $b9e.w
FFCDFA94? A9A0                 _GetResource                              ; A-line trap A9A0
FFCDFA96? 205F                 movea.l (A7)+, A0
FFCDFA98? A029                 _HLock                                    ; A-line trap A029
FFCDFA9A? 2D48FFB2             move.l  A0, (-$4e,A6)
FFCDFA9E? 2450                 movea.l (A0), A2
FFCDFAA0? 226EFFB8             movea.l (-$48,A6), A1
FFCDFAA4? 2251                 movea.l (A1), A1
FFCDFAA6? 33520004             move.w  (A2), ($4,A1)
FFCDFAAA? 236A00020006         move.l  ($2,A2), ($6,A1)
FFCDFAB0? 236A0006000A         move.l  ($6,A2), ($a,A1)
FFCDFAB6? 41EA000C             lea     ($c,A2), A0
FFCDFABA? 2288                 move.l  A0, (A1)
FFCDFABC? 7401                 moveq   #$1, D2
FFCDFABE? 600A                 bra     $ffcdfaca
FFCDFAC0? 45FA012A             lea     ($ffcdfbec,PC), A2
FFCDFAC4? D4F20000             adda.w  (A2,D0.w), A2
FFCDFAC8? 7400                 moveq   #$0, D2
FFCDFACA? 4E75                 rts
FFCDFACC? 32280006             move.w  ($6,A0), D1
FFCDFAD0? E741                 asl.w   #3, D1
FFCDFAD2? B0701008             cmp.w   ($8,A0,D1.w), D0
FFCDFAD6? 6704                 beq     $ffcdfadc
FFCDFAD8? 5141                 subq.w  #8, D1
FFCDFADA? 6CF6                 bge     $ffcdfad2
FFCDFADC? 4E75                 rts
FFCDFADEd 54484A6800046A04     dc.b    $54,$48,$4A,$68,$00,$04,$6A,$04,$20,$50,$20,$50,$4E,$75,$FF,$00 ; |THJh..j. P PNu..|
FFCDFAEEd FF00FF00FF00C801     dc.b    $FF,$00,$FF,$00,$FF,$00,$C8,$01,$C8,$01,$C8,$02,$C8,$02,$C8,$01 ; |................|
FFCDFAFEd FFFFFFFFFFFF0000     dc.b    $FF,$FF,$FF,$FF,$FF,$FF,$00,$00,$00,$00,$00,$00,$00,$00,$00,$00 ; |................|
FFCDFB0Ed 0000000000000000     dc.b    $00,$00,$00,$00,$00,$00,$00,$00,$FF,$FF,$FF,$FF,$FF,$FF,$FF,$FF ; |................|
FFCDFB1Ed FFFFFFFF00000000     dc.b    $FF,$FF,$FF,$FF,$00,$00,$00,$00,$00,$00,$FF,$FF,$FF,$FF,$FF,$FF ; |................|
FFCDFB2Ed 000000000000CCCC     dc.b    $00,$00,$00,$00,$00,$00,$CC,$CC,$CC,$CC,$FF,$FF,$00,$00,$00,$00 ; |................|
FFCDFB3Ed 0000CCCCCCCCFFFF     dc.b    $00,$00,$CC,$CC,$CC,$CC,$FF,$FF,$33,$33,$33,$33,$66,$66,$00,$05 ; |........3333ff..|
FFCDFB4Ed 0006000000050006     dc.b    $00,$06,$00,$00,$00,$05,$00,$06,$00,$07,$00,$05,$00,$06,$00,$08 ; |................|
FFCDFB5Ed 00050006000A0005     dc.b    $00,$05,$00,$06,$00,$0A,$00,$05,$00,$06,$00,$0D,$00,$07,$00,$08 ; |................|
FFCDFB6Ed 0000000700080001     dc.b    $00,$00,$00,$07,$00,$08,$00,$01,$00,$07,$00,$08,$00,$04,$00,$09 ; |................|
FFCDFB7Ed 000A00000009000A     dc.b    $00,$0A,$00,$00,$00,$09,$00,$0A,$00,$04,$00,$09,$00,$0A,$00,$06 ; |................|
FFCDFB8Ed 0009000A000B0009     dc.b    $00,$09,$00,$0A,$00,$0B,$00,$09,$00,$0A,$00,$0F,$00,$00,$00,$00 ; |................|
FFCDFB9Ed 00000009000A0000     dc.b    $00,$00,$00,$09,$00,$0A,$00,$00,$00,$09,$00,$0A,$00,$04,$00,$09 ; |................|
FFCDFBAEd 000A00060009000A     dc.b    $00,$0A,$00,$06,$00,$09,$00,$0A,$00,$0B,$00,$0B,$00,$08,$00,$00 ; |................|
FFCDFBBEd 000B000C00040007     dc.b    $00,$0B,$00,$0C,$00,$04,$00,$07,$00,$0C,$00,$0F,$00,$00,$00,$1A ; |................|
FFCDFBCEd 0018001A0017001E     dc.b    $00,$18,$00,$1A,$00,$17,$00,$1E,$00,$20,$00,$20,$00,$1C,$00,$15 ; |......... . ....|
FFCDFBDEd 0015001500150012     dc.b    $00,$15,$00,$15,$00,$15,$00,$12,$00,$12,$00,$12,$00,$12,$00,$0A ; |................|
FFCDFBEEd 004A002A002A006A     dc.b    $00,$4A,$00,$2A,$00,$2A,$00,$6A,$00,$02,$00,$00,$00,$00,$00,$0B ; |.J.*.*.j........|
FFCDFBFEd 000BFFE082208220     dc.b    $00,$0B,$FF,$E0,$82,$20,$82,$20,$82,$20,$82,$20,$82,$20,$FE,$20 ; |..... . . . . . |
FFCDFC0Ed 802080208020FFE0     dc.b    $80,$20,$80,$20,$80,$20,$FF,$E0,$00,$02,$00,$00,$00,$00,$00,$0B ; |. . . ..........|
FFCDFC1Ed 000BFFE08420A4A0     dc.b    $00,$0B,$FF,$E0,$84,$20,$A4,$A0,$95,$20,$80,$20,$F1,$E0,$80,$20 ; |..... ... . ... |
FFCDFC2Ed 9520A4A08420FFE0     dc.b    $95,$20,$A4,$A0,$84,$20,$FF,$E0,$00,$02,$00,$00,$00,$00,$00,$0B ; |. ... ..........|
FFCDFC3Ed 000BFFE080208020     dc.b    $00,$0B,$FF,$E0,$80,$20,$80,$20,$80,$20,$80,$20,$80,$20,$80,$20 ; |..... . . . . . |
FFCDFC4Ed 802080208020FFE0     dc.b    $80,$20,$80,$20,$80,$20,$FF,$E0,$00,$02,$00,$00,$00,$00,$00,$0F ; |. . . ..........|
FFCDFC5Ed 000F000000000000     dc.b    $00,$0F,$00,$00,$00,$00,$00,$00,$1F,$C0,$10,$40,$10,$7C,$10,$44 ; |...........@.|.D|
FFCDFC6Ed 104410441FC40404     dc.b    $10,$44,$10,$44,$1F,$C4,$04,$04,$04,$04,$04,$04,$07,$FC,$00,$00 ; |.D.D............|
FFCDFC7Ed 0000780000000000     dc.b    $00,$00,$78,$00,$00,$00,$00,$00,$00,$00,$00,$0D,$EB,$D0 ; |..x...........|
