; ============================================================================
; ROM resource 'PACK' 5 Main at FFCE3960
; ============================================================================
; data at ROM 0E3960 (121C bytes), entry at 0E4B70, attributes 58, combo 0800000000000000
; data header: 4b757274 c0a00000 0000121c 0000025c
; 68k code resource, disassembled from its start (entry points: offset 0, driver
; header entries for DRVR, and executed addresses).
;
; Columns: address, flag, raw bytes, instruction, ; comment.
;   flag '*' executed in the coverage run, ' ' reached by control flow,
;   '?' decodes as code but neither executed nor reached, 'd' data.

FFCE3960  4E56FFBC             link    A6, #-$44
FFCE3964  48E7FFF8             movem.l D0-D7/A0-A4, -(A7)
FFCE3968  7600                 moveq   #$0, D3
FFCE396A  267815AC             movea.l $15ac.w, A3
FFCE396E  45EE0004             lea     ($4,A6), A2
FFCE3972  41EE0008             lea     ($8,A6), A0
FFCE3976  3618                 move.w  (A0)+, D3
FFCE3978  6A6C                 bpl     loc_FFCE39E6
FFCE397A  2858                 movea.l (A0)+, A4
FFCE397C  2810                 move.l  (A0), D4
FFCE397E  0803000E             btst    #$e, D3
FFCE3982  663E                 bne     loc_FFCE39C2
FFCE3984  4A03                 tst.b   D3
FFCE3986  6A06                 bpl     loc_FFCE398E
FFCE3988  39540002             move.w  (A4), ($2,A4)
FFCE398C  548C                 addq.l  #2, A4
loc_FFCE398E:
FFCE398E  2092                 move.l  (A2), (A0)
FFCE3990  34BC000A             move.w  #$a, (A2)
FFCE3994  2A0C                 move.l  A4, D5
FFCE3996  740F                 moveq   #$f, D2
FFCE3998  703E                 moveq   #$3e, D0
FFCE399A  C043                 and.w   D3, D0
FFCE399C  0C000010             cmpi.b  #$10, D0
FFCE39A0  675A                 beq     loc_FFCE39FC
FFCE39A2  4A03                 tst.b   D3
FFCE39A4  6A12                 bpl     loc_FFCE39B8
loc_FFCE39A6:
FFCE39A6  2044                 movea.l D4, A0
FFCE39A8  43EEFFC8             lea     (-$38,A6), A1
FFCE39AC  2809                 move.l  A1, D4
FFCE39AE  32D0                 move.w  (A0), (A1)+
FFCE39B0  22E80004             move.l  ($4,A0), (A1)+
FFCE39B4  22A80008             move.l  ($8,A0), (A1)
loc_FFCE39B8:
FFCE39B8  2044                 movea.l D4, A0
FFCE39BA  610000B0             bsr     sub_FFCE3A6C
FFCE39BE  3400                 move.w  D0, D2
FFCE39C0  603A                 bra     loc_FFCE39FC
loc_FFCE39C2:
FFCE39C2  5888                 addq.l  #4, A0
FFCE39C4  2A10                 move.l  (A0), D5
FFCE39C6  2092                 move.l  (A2), (A0)
FFCE39C8  34BC000E             move.w  #$e, (A2)
FFCE39CC  4A03                 tst.b   D3
FFCE39CE  6AE8                 bpl     loc_FFCE39B8
FFCE39D0  544C                 addq.w  #2, A4
FFCE39D2  2045                 movea.l D5, A0
FFCE39D4  43EEFFBE             lea     (-$42,A6), A1
FFCE39D8  2A09                 move.l  A1, D5
FFCE39DA  32D0                 move.w  (A0), (A1)+
FFCE39DC  22E80004             move.l  ($4,A0), (A1)+
FFCE39E0  22A80008             move.l  ($8,A0), (A1)
FFCE39E4  60C0                 bra     loc_FFCE39A6
loc_FFCE39E6:
FFCE39E6  740F                 moveq   #$f, D2
FFCE39E8  2850                 movea.l (A0), A4
FFCE39EA  4A03                 tst.b   D3
FFCE39EC  6A06                 bpl     loc_FFCE39F4
FFCE39EE  39540002             move.w  (A4), ($2,A4)
FFCE39F2  548C                 addq.l  #2, A4
loc_FFCE39F4:
FFCE39F4  2092                 move.l  (A2), (A0)
FFCE39F6  34BC0006             move.w  #$6, (A2)
FFCE39FA  2A0C                 move.l  A4, D5
loc_FFCE39FC:
FFCE39FC  2045                 movea.l D5, A0
FFCE39FE  616C                 bsr     sub_FFCE3A6C
FFCE3A00  3200                 move.w  D0, D1
FFCE3A02  3D780A4AFFFE         move.w  $a4a.w, (-$2,A6)                  ; FPState
FFCE3A08  42780A4A             clr.w   $a4a.w                            ; FPState
FFCE3A0C  5702                 subq.b  #3, D2
FFCE3A0E  6C10                 bge     loc_FFCE3A20
FFCE3A10  2045                 movea.l D5, A0
FFCE3A12  224C                 movea.l A4, A1
FFCE3A14  614C                 bsr     sub_FFCE3A62
FFCE3A16  2F04                 move.l  D4, -(A7)
FFCE3A18  4854                 pea     (A4)
FFCE3A1A  4267                 clr.w   -(A7)
FFCE3A1C  4E93                 jsr     (A3)
FFCE3A1E  600E                 bra     loc_FFCE3A2E
loc_FFCE3A20:
FFCE3A20  5701                 subq.b  #3, D1
FFCE3A22  6C0E                 bge     loc_FFCE3A32
FFCE3A24  2F05                 move.l  D5, -(A7)
FFCE3A26  4854                 pea     (A4)
FFCE3A28  3F3C000E             move.w  #$e, -(A7)
FFCE3A2C  4E93                 jsr     (A3)
loc_FFCE3A2E:
FFCE3A2E  6000042E             bra     loc_FFCE3E5E
loc_FFCE3A32:
FFCE3A32  3003                 move.w  D3, D0
FFCE3A34  0240003E             andi.w  #$3e, D0
FFCE3A38  303B0006             move.w  ($6,PC,D0.w), D0
FFCE3A3C  4EFB00F4             jmp     (-$c,PC,D0.w)
FFCE3A40d 01EC01EC01EC01EC     dc.b    $01,$EC,$01,$EC,$01,$EC,$01,$EC,$04,$46,$04,$46,$05,$00,$05,$00 ; |.........F.F....|
FFCE3A50d 06040724080C08A0     dc.b    $06,$04,$07,$24,$08,$0C,$08,$A0,$09,$FA,$0A,$3A,$0B,$64,$0C,$5A ; |...$.......:.d.Z|
FFCE3A60d 0DB4                 dc.b    $0D,$B4                           ; |..|

sub_FFCE3A62:
FFCE3A62  22D8                 move.l  (A0)+, (A1)+
FFCE3A64  22D8                 move.l  (A0)+, (A1)+
FFCE3A66  3290                 move.w  (A0), (A1)
FFCE3A68  5189                 subq.l  #8, A1
FFCE3A6A  4E75                 rts

sub_FFCE3A6C:
FFCE3A6C  2F01                 move.l  D1, -(A7)
FFCE3A6E  3010                 move.w  (A0), D0
FFCE3A70  02407FFF             andi.w  #$7fff, D0
FFCE3A74  0C407FFF             cmpi.w  #$7fff, D0
FFCE3A78  661C                 bne     loc_FFCE3A96
FFCE3A7A  7003                 moveq   #$3, D0
FFCE3A7C  E9E8105F0002         bfextu  ($2,A0) {1:31}, D1; (2+)
FFCE3A82  82A80006             or.l    ($6,A0), D1
FFCE3A86  6716                 beq     loc_FFCE3A9E
FFCE3A88  5340                 subq.w  #1, D0
FFCE3A8A  082800060002         btst    #$6, ($2,A0)
FFCE3A90  660C                 bne     loc_FFCE3A9E
FFCE3A92  5340                 subq.w  #1, D0
FFCE3A94  6008                 bra     loc_FFCE3A9E
loc_FFCE3A96:
FFCE3A96  4A680002             tst.w   ($2,A0)
FFCE3A9A  6A0E                 bpl     loc_FFCE3AAA
loc_FFCE3A9C:
FFCE3A9C  7005                 moveq   #$5, D0
loc_FFCE3A9E:
FFCE3A9E  4A50                 tst.w   (A0)
FFCE3AA0  6A04                 bpl     loc_FFCE3AA6
FFCE3AA2  00408000             ori.w   #$8000, D0
loc_FFCE3AA6:
FFCE3AA6  221F                 move.l  (A7)+, D1
FFCE3AA8  4E75                 rts
loc_FFCE3AAA:
FFCE3AAA  22280002             move.l  ($2,A0), D1
FFCE3AAE  82A80006             or.l    ($6,A0), D1
FFCE3AB2  6732                 beq     loc_FFCE3AE6
FFCE3AB4  4A40                 tst.w   D0
FFCE3AB6  6604                 bne     loc_FFCE3ABC
loc_FFCE3AB8:
FFCE3AB8  7006                 moveq   #$6, D0
FFCE3ABA  60E2                 bra     loc_FFCE3A9E
loc_FFCE3ABC:
FFCE3ABC  2F02                 move.l  D2, -(A7)
FFCE3ABE  22280002             move.l  ($2,A0), D1
FFCE3AC2  24280006             move.l  ($6,A0), D2
loc_FFCE3AC6:
FFCE3AC6  5340                 subq.w  #1, D0
FFCE3AC8  D482                 add.l   D2, D2
FFCE3ACA  D381                 addx.l  D1, D1
FFCE3ACC  6B04                 bmi     loc_FFCE3AD2
FFCE3ACE  4A40                 tst.w   D0
FFCE3AD0  66F4                 bne     loc_FFCE3AC6
loc_FFCE3AD2:
FFCE3AD2  EFD0004F             bfins   D0, (A0) {1:15}; (2+)
FFCE3AD6  21410002             move.l  D1, ($2,A0)
FFCE3ADA  21420006             move.l  D2, ($6,A0)
FFCE3ADE  241F                 move.l  (A7)+, D2
FFCE3AE0  4A81                 tst.l   D1
FFCE3AE2  6BB8                 bmi     loc_FFCE3A9C
FFCE3AE4  60D2                 bra     loc_FFCE3AB8
loc_FFCE3AE6:
FFCE3AE6  02508000             andi.w  #$8000, (A0)
FFCE3AEA  7004                 moveq   #$4, D0
FFCE3AEC  60B0                 bra     loc_FFCE3A9E
FFCE3AEE? 3019                 move.w  (A1)+, D0
FFCE3AF0? 2091                 move.l  (A1), (A0)
FFCE3AF2? 216900040004         move.l  ($4,A1), ($4,A0)
FFCE3AF8? 316900080008         move.w  ($8,A1), ($8,A0)
FFCE3AFE? 4852                 pea     (A2)
FFCE3B00? 4850                 pea     (A0)
FFCE3B02? 3F3C0004             move.w  #$4, -(A7)
FFCE3B06? 4E93                 jsr     (A3)
FFCE3B08? 5089                 addq.l  #8, A1
FFCE3B0A? 5489                 addq.l  #2, A1
FFCE3B0C? 4851                 pea     (A1)
FFCE3B0E? 4850                 pea     (A0)
FFCE3B10? 4267                 clr.w   -(A7)
FFCE3B12? 4E93                 jsr     (A3)
FFCE3B14? 5340                 subq.w  #1, D0
FFCE3B16? 6EE6                 bgt     $ffce3afe
FFCE3B18? 5089                 addq.l  #8, A1
FFCE3B1A? 5489                 addq.l  #2, A1
FFCE3B1C? 4E75                 rts
FFCE3B1Ed 7001600A70026006     dc.b    $70,$01,$60,$0A,$70,$02,$60,$06,$70,$00,$60,$02 ; |p.`.p.`.p.`.|
FFCE3B2A? 7004                 moveq   #$4, D0
FFCE3B2C? 01B80A4A             bclr    D0, $a4a.w                        ; FPState
FFCE3B30? 4E75                 rts
FFCE3B32d 7002600E7001600A     dc.b    $70,$02,$60,$0E,$70,$01,$60,$0A,$70,$03,$60,$06,$70,$00,$60,$02 ; |p.`.p.`.p.`.p.`.|
FFCE3B42? 7004                 moveq   #$4, D0
FFCE3B44? 01F80A4A             bset    D0, $a4a.w                        ; FPState
FFCE3B48? 4E75                 rts
FFCE3B4Ad 7003600E7001600A     dc.b    $70,$03,$60,$0E,$70,$01,$60,$0A,$70,$02,$60,$06,$70,$00,$60,$02 ; |p.`.p.`.p.`.p.`.|
FFCE3B5A? 7004                 moveq   #$4, D0
FFCE3B5C? 01380A4A             btst    D0, $a4a.w                        ; FPState
FFCE3B60? 4E75                 rts
FFCE3B62? 2F01                 move.l  D1, -(A7)
FFCE3B64? E9D1004F             bfextu  (A1) {1:15}, D0; (2+)
FFCE3B68? 323C400E             move.w  #$400e, D1
FFCE3B6C? 9240                 sub.w   D0, D1
FFCE3B6E? 30290002             move.w  ($2,A1), D0
FFCE3B72? 6718                 beq     $ffce3b8c
FFCE3B74? E268                 lsr.w   D1, D0
FFCE3B76? 4A51                 tst.w   (A1)
FFCE3B78? 6A02                 bpl     $ffce3b7c
FFCE3B7A? 4440                 neg.w   D0
FFCE3B7C? 3D40FFFA             move.w  D0, (-$6,A6)
FFCE3B80? 486EFFFA             pea     (-$6,A6)
FFCE3B84? 4850                 pea     (A0)
FFCE3B86? 3F3C0018             move.w  #$18, -(A7)
FFCE3B8A? 4E93                 jsr     (A3)
FFCE3B8C? 221F                 move.l  (A7)+, D1
FFCE3B8E? 4E75                 rts
FFCE3B90? 48E7C080             movem.l D0-D1/A0, -(A7)
FFCE3B94? 206F0014             movea.l ($14,A7), A0
FFCE3B98? 303C400E             move.w  #$400e, D0
FFCE3B9C? 4840                 swap    D0
FFCE3B9E? 3010                 move.w  (A0), D0
FFCE3BA0? 6728                 beq     $ffce3bca
FFCE3BA2? 6A08                 bpl     $ffce3bac
FFCE3BA4? 08C0001F             bset    #$1f, D0
FFCE3BA8? 4440                 neg.w   D0
FFCE3BAA? 6B0C                 bmi     $ffce3bb8
FFCE3BAC? 4840                 swap    D0
FFCE3BAE? EDC01010             bfffo   D1, D0 {0:16}; (2+)
FFCE3BB2? 9041                 sub.w   D1, D0
FFCE3BB4? 4840                 swap    D0
FFCE3BB6? E368                 lsl.w   D1, D0
FFCE3BB8? 206F0010             movea.l ($10,A7), A0
FFCE3BBC? 20C0                 move.l  D0, (A0)+
FFCE3BBE? 4298                 clr.l   (A0)+
FFCE3BC0? 4250                 clr.w   (A0)
FFCE3BC2? 4CDF0103             movem.l (A7)+, D0-D1/A0
FFCE3BC6? 4E740008             rtd     #$8; (1+)
FFCE3BCAd 700060EA             dc.b    $70,$00,$60,$EA                   ; |p.`.|

sub_FFCE3BCE:
FFCE3BCE  48E78280             movem.l D0/D6/A0, -(A7)
FFCE3BD2  206F0010             movea.l ($10,A7), A0
FFCE3BD6  3C3C0019             move.w  #$19, D6
FFCE3BDA  4846                 swap    D6
FFCE3BDC  3C3C1F00             move.w  #$1f00, D6
FFCE3BE0  CC780A4A             and.w   $a4a.w, D6                        ; FPState
FFCE3BE4  3010                 move.w  (A0), D0
FFCE3BE6  8046                 or.w    D6, D0
FFCE3BE8  31C00A4A             move.w  D0, $a4a.w                        ; FPState
FFCE3BEC  E04E                 lsr.w   #8, D6
FFCE3BEE  C046                 and.w   D6, D0
FFCE3BF0  660A                 bne     loc_FFCE3BFC
loc_FFCE3BF2:
FFCE3BF2  44C0                 move    D0, CCR
FFCE3BF4  4CDF0141             movem.l (A7)+, D0/D6/A0
FFCE3BF8  4E740004             rtd     #$4; (1+)
loc_FFCE3BFC:
FFCE3BFC  41EF0010             lea     ($10,A7), A0
FFCE3C00  4267                 clr.w   -(A7)
FFCE3C02  3F00                 move.w  D0, -(A7)
FFCE3C04  4857                 pea     (A7)
FFCE3C06  2F280008             move.l  ($8,A0), -(A7)
FFCE3C0A  2F280004             move.l  ($4,A0), -(A7)
FFCE3C0E  2F10                 move.l  (A0), -(A7)
FFCE3C10  4846                 swap    D6
FFCE3C12  3F06                 move.w  D6, -(A7)
FFCE3C14  20780A4C             movea.l $a4c.w, A0
FFCE3C18  4E90                 jsr     (A0)
FFCE3C1A  201F                 move.l  (A7)+, D0
FFCE3C1C  60D4                 bra     loc_FFCE3BF2
FFCE3C1E? 5301                 subq.b  #1, D1
FFCE3C20? 6A0C                 bpl     $ffce3c2e
FFCE3C22? 4A41                 tst.w   D1
FFCE3C24? 6A000238             bpl     loc_FFCE3E5E
FFCE3C28? 7024                 moveq   #$24, D0
FFCE3C2A? 60000220             bra     $ffce3e4c
FFCE3C2E? 08030002             btst    #$2, D3
FFCE3C32? 660A                 bne     $ffce3c3e
FFCE3C34? 4A01                 tst.b   D1
FFCE3C36? 673C                 beq     $ffce3c74
FFCE3C38? 4A41                 tst.w   D1
FFCE3C3A? 6BEC                 bmi     $ffce3c28
FFCE3C3C? 607A                 bra     $ffce3cb8
FFCE3C3E? 4A01                 tst.b   D1
FFCE3C40? 6700021C             beq     loc_FFCE3E5E
FFCE3C44? E9D4004F             bfextu  (A4) {1:15}, D0; (2+)
FFCE3C48? 0C403FBF             cmpi.w  #$3fbf, D0
FFCE3C4C? 6C16                 bge     $ffce3c64
FFCE3C4E? 08030001             btst    #$1, D3
FFCE3C52? 670C                 beq     $ffce3c60
FFCE3C54? 487A0D82             pea     ($ffce49d8,PC)
FFCE3C58? 4854                 pea     (A4)
FFCE3C5A? 3F3C0006             move.w  #$6, -(A7)
FFCE3C5E? 4E93                 jsr     (A3)
FFCE3C60? 6000018E             bra     $ffce3df0
FFCE3C64? 4854                 pea     (A4)
FFCE3C66? 487A0CBC             pea     ($ffce4924,PC)
FFCE3C6A? 3F3C0008             move.w  #$8, -(A7)
FFCE3C6E? 4E93                 jsr     (A3)
FFCE3C70? 6506                 bcs     $ffce3c78
FFCE3C72? 62B4                 bhi     $ffce3c28
FFCE3C74? 600001C6             bra     $ffce3e3c
FFCE3C78? 204C                 movea.l A4, A0
FFCE3C7A? 43EEFFF0             lea     (-$10,A6), A1
FFCE3C7E? 6100FDE2             bsr     sub_FFCE3A62
FFCE3C82? 487A0C96             pea     ($ffce491a,PC)
FFCE3C86? 4854                 pea     (A4)
FFCE3C88? 4267                 clr.w   -(A7)
FFCE3C8A? 4E93                 jsr     (A3)
FFCE3C8C? 487A0D36             pea     ($ffce49c4,PC)
FFCE3C90? 4854                 pea     (A4)
FFCE3C92? 3F3C0008             move.w  #$8, -(A7)
FFCE3C96? 4E93                 jsr     (A3)
FFCE3C98? 6F1E                 ble     $ffce3cb8
FFCE3C9A? 4854                 pea     (A4)
FFCE3C9C? 487A0D1C             pea     ($ffce49ba,PC)
FFCE3CA0? 3F3C0008             move.w  #$8, -(A7)
FFCE3CA4? 4E93                 jsr     (A3)
FFCE3CA6? 6310                 bls     $ffce3cb8
FFCE3CA8? 2049                 movea.l A1, A0
FFCE3CAA? 224C                 movea.l A4, A1
FFCE3CAC? 6100FDB4             bsr     sub_FFCE3A62
FFCE3CB0? 610000C4             bsr     $ffce3d76
FFCE3CB4? 6000009C             bra     $ffce3d52
FFCE3CB8? 43EEFFF0             lea     (-$10,A6), A1
FFCE3CBC? E9D4004F             bfextu  (A4) {1:15}, D0; (2+)
FFCE3CC0? 2F01                 move.l  D1, -(A7)
FFCE3CC2? 4A6C0002             tst.w   ($2,A4)
FFCE3CC6? 6B12                 bmi     $ffce3cda
FFCE3CC8? EDEC10000002         bfffo   D1, ($2,A4) {0:32}; (2+)
FFCE3CCE? 6608                 bne     $ffce3cd8
FFCE3CD0? 9041                 sub.w   D1, D0
FFCE3CD2? EDEC10000006         bfffo   D1, ($6,A4) {0:32}; (2+)
FFCE3CD8? 9041                 sub.w   D1, D0
FFCE3CDA? 323C400E             move.w  #$400e, D1
FFCE3CDE? 04403FFF             subi.w  #$3fff, D0
FFCE3CE2? 4841                 swap    D1
FFCE3CE4? 3200                 move.w  D0, D1
FFCE3CE6? 6A06                 bpl     $ffce3cee
FFCE3CE8? 4441                 neg.w   D1
FFCE3CEA? 08C1001F             bset    #$1f, D1
FFCE3CEE? 4440                 neg.w   D0
FFCE3CF0? 4841                 swap    D1
FFCE3CF2? 3D40FFFA             move.w  D0, (-$6,A6)
FFCE3CF6? EDC10010             bfffo   D0, D1 {0:16}; (2+)
FFCE3CFA? 6604                 bne     $ffce3d00
FFCE3CFC? 7200                 moveq   #$0, D1
FFCE3CFE? 6006                 bra     $ffce3d06
FFCE3D00? 9240                 sub.w   D0, D1
FFCE3D02? 4841                 swap    D1
FFCE3D04? E169                 lsl.w   D0, D1
FFCE3D06? 2281                 move.l  D1, (A1)
FFCE3D08? 42A90004             clr.l   ($4,A1)
FFCE3D0C? 42690008             clr.w   ($8,A1)
FFCE3D10? 221F                 move.l  (A7)+, D1
FFCE3D12? 486EFFFA             pea     (-$6,A6)
FFCE3D16? 4854                 pea     (A4)
FFCE3D18? 3F3C0018             move.w  #$18, -(A7)
FFCE3D1C? 4E93                 jsr     (A3)
FFCE3D1E? 487A0C9A             pea     ($ffce49ba,PC)
FFCE3D22? 4854                 pea     (A4)
FFCE3D24? 3F3C0008             move.w  #$8, -(A7)
FFCE3D28? 4E93                 jsr     (A3)
FFCE3D2A? 6F0E                 ble     $ffce3d3a
FFCE3D2C? 487A0BEC             pea     ($ffce491a,PC)
FFCE3D30? 486EFFF0             pea     (-$10,A6)
FFCE3D34? 4267                 clr.w   -(A7)
FFCE3D36? 4E93                 jsr     (A3)
FFCE3D38? 5354                 subq.w  #1, (A4)
FFCE3D3A? 487A0BDE             pea     ($ffce491a,PC)
FFCE3D3E? 4854                 pea     (A4)
FFCE3D40? 3F3C0002             move.w  #$2, -(A7)
FFCE3D44? 4E93                 jsr     (A3)
FFCE3D46? 612E                 bsr     $ffce3d76
FFCE3D48? 486EFFF0             pea     (-$10,A6)
FFCE3D4C? 4854                 pea     (A4)
FFCE3D4E? 4267                 clr.w   -(A7)
FFCE3D50? 4E93                 jsr     (A3)
FFCE3D52? 08030001             btst    #$1, D3
FFCE3D56? 661A                 bne     $ffce3d72
FFCE3D58? 487A0C7E             pea     ($ffce49d8,PC)
FFCE3D5C? 4854                 pea     (A4)
FFCE3D5E? 3F3C0004             move.w  #$4, -(A7)
FFCE3D62? 4E93                 jsr     (A3)
FFCE3D64? 202C0002             move.l  ($2,A4), D0
FFCE3D68? 80AC0006             or.l    ($6,A4), D0
FFCE3D6C? 6704                 beq     $ffce3d72
FFCE3D6E? 6100FDD2             bsr     $ffce3b42
FFCE3D72? 600000EA             bra     loc_FFCE3E5E
FFCE3D76? 202C0002             move.l  ($2,A4), D0
FFCE3D7A? 80AC0006             or.l    ($6,A4), D0
FFCE3D7E? 6602                 bne     $ffce3d82
FFCE3D80? 4E75                 rts
FFCE3D82? 204C                 movea.l A4, A0
FFCE3D84? 43EEFFE6             lea     (-$1a,A6), A1
FFCE3D88? 6100FCD8             bsr     sub_FFCE3A62
FFCE3D8C? 487A0BB4             pea     ($ffce4942,PC)
FFCE3D90? 4854                 pea     (A4)
FFCE3D92? 4267                 clr.w   -(A7)
FFCE3D94? 4E93                 jsr     (A3)
FFCE3D96? 4854                 pea     (A4)
FFCE3D98? 4851                 pea     (A1)
FFCE3D9A? 3F3C0006             move.w  #$6, -(A7)
FFCE3D9E? 4E93                 jsr     (A3)
FFCE3DA0? 2049                 movea.l A1, A0
FFCE3DA2? 4851                 pea     (A1)
FFCE3DA4? 4851                 pea     (A1)
FFCE3DA6? 43EEFFDC             lea     (-$24,A6), A1
FFCE3DAA? 6100FCB6             bsr     sub_FFCE3A62
FFCE3DAE? 3F3C0004             move.w  #$4, -(A7)
FFCE3DB2? 4E93                 jsr     (A3)
FFCE3DB4? 204C                 movea.l A4, A0
FFCE3DB6? 43FA0ABA             lea     ($ffce4872,PC), A1
FFCE3DBA? 45EEFFE6             lea     (-$1a,A6), A2
FFCE3DBE? 6100FD2E             bsr     $ffce3aee
FFCE3DC2? 486EFFDC             pea     (-$24,A6)
FFCE3DC6? 4854                 pea     (A4)
FFCE3DC8? 3F3C0004             move.w  #$4, -(A7)
FFCE3DCC? 4E93                 jsr     (A3)
FFCE3DCE? 41EEFFDC             lea     (-$24,A6), A0
FFCE3DD2? 43FA0ADC             lea     ($ffce48b0,PC), A1
FFCE3DD6? 45EEFFE6             lea     (-$1a,A6), A2
FFCE3DDA? 6100FD12             bsr     $ffce3aee
FFCE3DDE? 486EFFDC             pea     (-$24,A6)
FFCE3DE2? 4854                 pea     (A4)
FFCE3DE4? 3F3C0006             move.w  #$6, -(A7)
FFCE3DE8? 4E93                 jsr     (A3)
FFCE3DEA? 6100FD56             bsr     $ffce3b42
FFCE3DEE? 4E75                 rts
FFCE3DF0? 4A680002             tst.w   ($2,A0)
FFCE3DF4? 6B04                 bmi     $ffce3dfa
FFCE3DF6? 6100FD3E             bsr     $ffce3b36
FFCE3DFA? 6100FD46             bsr     $ffce3b42
FFCE3DFE? 605E                 bra     loc_FFCE3E5E
FFCE3E00? 6100FD40             bsr     $ffce3b42
FFCE3E04? 6100FD30             bsr     $ffce3b36
FFCE3E08? 41FA0B24             lea     ($ffce492e,PC), A0
FFCE3E0C? 6036                 bra     $ffce3e44
FFCE3E0Ed 41FA0B286030         dc.b    $41,$FA,$0B,$28,$60,$30           ; |A..(`0|
FFCE3E14? 6100FD2C             bsr     $ffce3b42
FFCE3E18? 41FA0B00             lea     ($ffce491a,PC), A0
FFCE3E1C? 6026                 bra     $ffce3e44
FFCE3E1E? 6100FD22             bsr     $ffce3b42
FFCE3E22? 41FA0B00             lea     ($ffce4924,PC), A0
FFCE3E26? 601C                 bra     $ffce3e44
FFCE3E28? 6100FD18             bsr     $ffce3b42
FFCE3E2C? 6100FD04             bsr     $ffce3b32
FFCE3E30? 6004                 bra     $ffce3e36
FFCE3E32? 6100FD06             bsr     $ffce3b3a
FFCE3E36? 41FA0B14             lea     ($ffce494c,PC), A0
FFCE3E3A? 6008                 bra     $ffce3e44
FFCE3E3C? 6100FCFC             bsr     $ffce3b3a
FFCE3E40? 41FA0B14             lea     ($ffce4956,PC), A0
FFCE3E44? 224C                 movea.l A4, A1
FFCE3E46? 6100FC1A             bsr     sub_FFCE3A62
FFCE3E4A? 6012                 bra     loc_FFCE3E5E
FFCE3E4Cd 00807FFF400028C0     dc.b    $00,$80,$7F,$FF,$40,$00,$28,$C0,$42,$9C,$42,$54,$51,$8C,$61,$00 ; |....@.(.B.BTQ.a.|
FFCE3E5Cd FCE2                 dc.b    $FC,$E2                           ; |..|
loc_FFCE3E5E:
FFCE3E5E  4A03                 tst.b   D3
FFCE3E60  6A04                 bpl     loc_FFCE3E66
FFCE3E62  3954FFFE             move.w  (A4), (-$2,A4)
loc_FFCE3E66:
FFCE3E66  486EFFFE             pea     (-$2,A6)
FFCE3E6A  6100FD62             bsr     sub_FFCE3BCE
FFCE3E6E  4CDF1FFF             movem.l (A7)+, D0-D7/A0-A4
FFCE3E72  4E5E                 unlk    A6
FFCE3E74  DED7                 adda.w  (A7), A7
FFCE3E76  4E75                 rts
FFCE3E78? 5301                 subq.b  #1, D1
FFCE3E7A? 6E08                 bgt     $ffce3e84
FFCE3E7C? 679A                 beq     $ffce3e18
FFCE3E7E? 4A41                 tst.w   D1
FFCE3E80? 6B86                 bmi     $ffce3e08
FFCE3E82? 60DA                 bra     loc_FFCE3E5E
FFCE3E84? E9D4005F             bfextu  (A4) {1:31}, D0; (2+)
FFCE3E88? 0C803FBF8000         cmpi.l  #$3fbf8000, D0
FFCE3E8E? 6D84                 blt     $ffce3e14
FFCE3E90? 0C80400D807E         cmpi.l  #$400d807e, D0
FFCE3E96? 6F08                 ble     $ffce3ea0
FFCE3E98? 4A41                 tst.w   D1
FFCE3E9A? 6B00FF64             bmi     $ffce3e00
FFCE3E9E? 6088                 bra     $ffce3e28
FFCE3EA0? 08030001             btst    #$1, D3
FFCE3EA4? 6704                 beq     $ffce3eaa
FFCE3EA6? 612E                 bsr     $ffce3ed6
FFCE3EA8? 6002                 bra     $ffce3eac
FFCE3EAA? 6148                 bsr     $ffce3ef4
FFCE3EAC? 61000112             bsr     $ffce3fc0
FFCE3EB0? 487A0A68             pea     ($ffce491a,PC)
FFCE3EB4? 4854                 pea     (A4)
FFCE3EB6? 4267                 clr.w   -(A7)
FFCE3EB8? 4E93                 jsr     (A3)
FFCE3EBA? 204C                 movea.l A4, A0
FFCE3EBC? 43EEFFF0             lea     (-$10,A6), A1
FFCE3EC0? 6100FCA0             bsr     $ffce3b62
FFCE3EC4? E8D40050             bftst   (A4) {1:16}; (2+)
FFCE3EC8? 6694                 bne     loc_FFCE3E5E
FFCE3ECA? 6100FC8E             bsr     $ffce3b5a
FFCE3ECE? 678E                 beq     loc_FFCE3E5E
FFCE3ED0? 6100FC64             bsr     $ffce3b36
FFCE3ED4? 6088                 bra     loc_FFCE3E5E
FFCE3ED6? 204C                 movea.l A4, A0
FFCE3ED8? 43EEFFF0             lea     (-$10,A6), A1
FFCE3EDC? 6100FB84             bsr     sub_FFCE3A62
FFCE3EE0? 4851                 pea     (A1)
FFCE3EE2? 3F3C0014             move.w  #$14, -(A7)
FFCE3EE6? 4E93                 jsr     (A3)
FFCE3EE8? 4851                 pea     (A1)
FFCE3EEA? 4854                 pea     (A4)
FFCE3EEC? 3F3C0002             move.w  #$2, -(A7)
FFCE3EF0? 4E93                 jsr     (A3)
FFCE3EF2? 4E75                 rts
FFCE3EF4? 204C                 movea.l A4, A0
FFCE3EF6? 43EEFFF0             lea     (-$10,A6), A1
FFCE3EFA? 6100FB66             bsr     sub_FFCE3A62
FFCE3EFE? 487A0AD8             pea     ($ffce49d8,PC)
FFCE3F02? 2F17                 move.l  (A7), -(A7)
FFCE3F04? 2F17                 move.l  (A7), -(A7)
FFCE3F06? 4854                 pea     (A4)
FFCE3F08? 3F3C000C             move.w  #$c, -(A7)
FFCE3F0C? 4E93                 jsr     (A3)
FFCE3F0E? 4854                 pea     (A4)
FFCE3F10? 4851                 pea     (A1)
FFCE3F12? 3F3C0002             move.w  #$2, -(A7)
FFCE3F16? 4E93                 jsr     (A3)
FFCE3F18? 4851                 pea     (A1)
FFCE3F1A? 3F3C0006             move.w  #$6, -(A7)
FFCE3F1E? 4E93                 jsr     (A3)
FFCE3F20? 4851                 pea     (A1)
FFCE3F22? 3F3C0014             move.w  #$14, -(A7)
FFCE3F26? 4E93                 jsr     (A3)
FFCE3F28? 4854                 pea     (A4)
FFCE3F2A? 3F3C0006             move.w  #$6, -(A7)
FFCE3F2E? 4E93                 jsr     (A3)
FFCE3F30? 4E75                 rts
FFCE3F32? 5301                 subq.b  #1, D1
FFCE3F34? 6E0C                 bgt     $ffce3f42
FFCE3F36? 6706                 beq     $ffce3f3e
FFCE3F38? 4A41                 tst.w   D1
FFCE3F3A? 6B00FEE6             bmi     $ffce3e22
FFCE3F3E? 6000FF1E             bra     loc_FFCE3E5E
FFCE3F42? E9D4005F             bfextu  (A4) {1:31}, D0; (2+)
FFCE3F46? 4A41                 tst.w   D1
FFCE3F48? 6A0C                 bpl     $ffce3f56
FFCE3F4A? 0C8040058000         cmpi.l  #$40058000, D0
FFCE3F50? 6F0E                 ble     $ffce3f60
FFCE3F52? 6000FECA             bra     $ffce3e1e
FFCE3F56? 0C80400D8000         cmpi.l  #$400d8000, D0
FFCE3F5C? 6E00FECA             bgt     $ffce3e28
FFCE3F60? 08030001             btst    #$1, D3
FFCE3F64? 671E                 beq     $ffce3f84
FFCE3F66? 0C803FBF8000         cmpi.l  #$3fbf8000, D0
FFCE3F6C? 6C10                 bge     $ffce3f7e
FFCE3F6E? 487A0A68             pea     ($ffce49d8,PC)
FFCE3F72? 4854                 pea     (A4)
FFCE3F74? 3F3C0004             move.w  #$4, -(A7)
FFCE3F78? 4E93                 jsr     (A3)
FFCE3F7A? 6000FE74             bra     $ffce3df0
FFCE3F7Ed 6100FF56600C         dc.b    $61,$00,$FF,$56,$60,$0C           ; |a..V`.|
FFCE3F84? 0C803FBF8000         cmpi.l  #$3fbf8000, D0
FFCE3F8A? 6DEE                 blt     $ffce3f7a
FFCE3F8C? 6100FF66             bsr     $ffce3ef4
FFCE3F90? 612E                 bsr     $ffce3fc0
FFCE3F92? 202EFFF2             move.l  (-$e,A6), D0
FFCE3F96? 80AEFFF6             or.l    (-$a,A6), D0
FFCE3F9A? 6720                 beq     $ffce3fbc
FFCE3F9C? 487A097C             pea     ($ffce491a,PC)
FFCE3FA0? 4854                 pea     (A4)
FFCE3FA2? 4267                 clr.w   -(A7)
FFCE3FA4? 4E93                 jsr     (A3)
FFCE3FA6? 204C                 movea.l A4, A0
FFCE3FA8? 43EEFFF0             lea     (-$10,A6), A1
FFCE3FAC? 6100FBB4             bsr     $ffce3b62
FFCE3FB0? 487A0968             pea     ($ffce491a,PC)
FFCE3FB4? 4854                 pea     (A4)
FFCE3FB6? 3F3C0002             move.w  #$2, -(A7)
FFCE3FBA? 4E93                 jsr     (A3)
FFCE3FBC? 6000FEA0             bra     loc_FFCE3E5E
FFCE3FC0? 202C0002             move.l  ($2,A4), D0
FFCE3FC4? 80AC0006             or.l    ($6,A4), D0
FFCE3FC8? 6602                 bne     $ffce3fcc
FFCE3FCA? 4E75                 rts
FFCE3FCC? 43EEFFDC             lea     (-$24,A6), A1
FFCE3FD0? 204C                 movea.l A4, A0
FFCE3FD2? 6100FA8E             bsr     sub_FFCE3A62
FFCE3FD6? 4851                 pea     (A1)
FFCE3FD8? 4851                 pea     (A1)
FFCE3FDA? 3F3C0004             move.w  #$4, -(A7)
FFCE3FDE? 4E93                 jsr     (A3)
FFCE3FE0? 41EEFFE6             lea     (-$1a,A6), A0
FFCE3FE4? 43FA08EA             lea     ($ffce48d0,PC), A1
FFCE3FE8? 45EEFFDC             lea     (-$24,A6), A2
FFCE3FEC? 6100FB00             bsr     $ffce3aee
FFCE3FF0? 486EFFE6             pea     (-$1a,A6)
FFCE3FF4? 4854                 pea     (A4)
FFCE3FF6? 3F3C0004             move.w  #$4, -(A7)
FFCE3FFA? 4E93                 jsr     (A3)
FFCE3FFC? 41EEFFE6             lea     (-$1a,A6), A0
FFCE4000? 43FA08F8             lea     ($ffce48fa,PC), A1
FFCE4004? 45EEFFDC             lea     (-$24,A6), A2
FFCE4008? 6100FAE4             bsr     $ffce3aee
FFCE400C? 4854                 pea     (A4)
FFCE400E? 486EFFE6             pea     (-$1a,A6)
FFCE4012? 3F3C0002             move.w  #$2, -(A7)
FFCE4016? 4E93                 jsr     (A3)
FFCE4018? 487A0928             pea     ($ffce4942,PC)
FFCE401C? 4854                 pea     (A4)
FFCE401E? 3F3C0004             move.w  #$4, -(A7)
FFCE4022? 4E93                 jsr     (A3)
FFCE4024? 486EFFE6             pea     (-$1a,A6)
FFCE4028? 4854                 pea     (A4)
FFCE402A? 3F3C0006             move.w  #$6, -(A7)
FFCE402E? 4E93                 jsr     (A3)
FFCE4030? 6100FB10             bsr     $ffce3b42
FFCE4034? 4E75                 rts
FFCE4036? 2044                 movea.l D4, A0
FFCE4038? 3410                 move.w  (A0), D2
FFCE403A? 6700FDDC             beq     $ffce3e18
FFCE403E? 5301                 subq.b  #1, D1
FFCE4040? 6E26                 bgt     $ffce4068
FFCE4042? E242                 asr.w   #1, D2
FFCE4044? 6504                 bcs     $ffce404a
FFCE4046? 08940007             bclr    #$7, (A4)
FFCE404A? D542                 addx.w  D2, D2
FFCE404C? 6A00FE10             bpl     loc_FFCE3E5E
FFCE4050? 4A01                 tst.b   D1
FFCE4052? 6A0A                 bpl     $ffce405e
FFCE4054? 4A14                 tst.b   (A4)
FFCE4056? 6A00FDB0             bpl     $ffce3e08
FFCE405A? 6000FDB2             bra     $ffce3e0e
FFCE405E? 4A14                 tst.b   (A4)
FFCE4060? 6A00FDD0             bpl     $ffce3e32
FFCE4064? 6000FDD6             bra     $ffce3e3c
FFCE4068? 3002                 move.w  D2, D0
FFCE406A? 6A02                 bpl     $ffce406e
FFCE406C? 4440                 neg.w   D0
FFCE406E? 0C4000FF             cmpi.w  #$ff, D0
FFCE4072? 6206                 bhi     $ffce407a
FFCE4074? 612A                 bsr     $ffce40a0
FFCE4076? 6000FDE6             bra     loc_FFCE3E5E
FFCE407A? 3F14                 move.w  (A4), -(A7)
FFCE407C? 08940007             bclr    #$7, (A4)
FFCE4080? 2F04                 move.l  D4, -(A7)
FFCE4082? 486EFFF0             pea     (-$10,A6)
FFCE4086? 2817                 move.l  (A7), D4
FFCE4088? 6100FB06             bsr     $ffce3b90
FFCE408C? 61000098             bsr     $ffce4126
FFCE4090? 301F                 move.w  (A7)+, D0
FFCE4092? 6A08                 bpl     $ffce409c
FFCE4094? E242                 asr.w   #1, D2
FFCE4096? 6404                 bcc     $ffce409c
FFCE4098? 08D40007             bset    #$7, (A4)
FFCE409C? 6000FDC0             bra     loc_FFCE3E5E
FFCE40A0? 204C                 movea.l A4, A0
FFCE40A2? 43EEFFE6             lea     (-$1a,A6), A1
FFCE40A6? 6100F9BA             bsr     sub_FFCE3A62
FFCE40AA? 614E                 bsr     $ffce40fa
FFCE40AC? 4A42                 tst.w   D2
FFCE40AE? 6B08                 bmi     $ffce40b8
FFCE40B0? 2049                 movea.l A1, A0
FFCE40B2? 224C                 movea.l A4, A1
FFCE40B4? 6000F9AC             bra     sub_FFCE3A62
FFCE40B8? 41FA0860             lea     ($ffce491a,PC), A0
FFCE40BC? 43D4                 lea     (A4), A1
FFCE40BE? 6100F9A2             bsr     sub_FFCE3A62
FFCE40C2? 6100FA8A             bsr     $ffce3b4e
FFCE40C6? 6614                 bne     $ffce40dc
FFCE40C8? 6100FA88             bsr     $ffce3b52
FFCE40CC? 660E                 bne     $ffce40dc
FFCE40CE? 486EFFF0             pea     (-$10,A6)
FFCE40D2? 4854                 pea     (A4)
FFCE40D4? 3F3C0006             move.w  #$6, -(A7)
FFCE40D8? 4E93                 jsr     (A3)
FFCE40DA? 4E75                 rts
FFCE40DC? 6100FA44             bsr     $ffce3b22
FFCE40E0? 6100FA3C             bsr     $ffce3b1e
FFCE40E4? 486EFFE6             pea     (-$1a,A6)
FFCE40E8? 4854                 pea     (A4)
FFCE40EA? 3F3C0006             move.w  #$6, -(A7)
FFCE40EE? 4E93                 jsr     (A3)
FFCE40F0? 3002                 move.w  D2, D0
FFCE40F2? 6A02                 bpl     $ffce40f6
FFCE40F4? 4440                 neg.w   D0
FFCE40F6? 6102                 bsr     $ffce40fa
FFCE40F8? 60B6                 bra     $ffce40b0
FFCE40FA? 41FA081E             lea     ($ffce491a,PC), A0
FFCE40FE? 43EEFFF0             lea     (-$10,A6), A1
FFCE4102? 6100F95E             bsr     sub_FFCE3A62
FFCE4106? 600A                 bra     $ffce4112
FFCE4108? 4854                 pea     (A4)
FFCE410A? 4854                 pea     (A4)
FFCE410C? 3F3C0004             move.w  #$4, -(A7)
FFCE4110? 4E93                 jsr     (A3)
FFCE4112? E248                 lsr.w   #1, D0
FFCE4114? 640A                 bcc     $ffce4120
FFCE4116? 4854                 pea     (A4)
FFCE4118? 4851                 pea     (A1)
FFCE411A? 3F3C0004             move.w  #$4, -(A7)
FFCE411E? 4E93                 jsr     (A3)
FFCE4120? 4A40                 tst.w   D0
FFCE4122? 66E4                 bne     $ffce4108
FFCE4124? 4E75                 rts
FFCE4126? 204C                 movea.l A4, A0
FFCE4128? 43EEFFE6             lea     (-$1a,A6), A1
FFCE412C? 6100F934             bsr     sub_FFCE3A62
FFCE4130? 4851                 pea     (A1)
FFCE4132? 3F3C0002             move.w  #$2, -(A7)
FFCE4136? 6100F828             bsr     $ffce3960
FFCE413A? 2F04                 move.l  D4, -(A7)
FFCE413C? 4851                 pea     (A1)
FFCE413E? 3F3C0004             move.w  #$4, -(A7)
FFCE4142? 4E93                 jsr     (A3)
FFCE4144? 4851                 pea     (A1)
FFCE4146? 3F3C000A             move.w  #$a, -(A7)
FFCE414A? 6100F814             bsr     $ffce3960
FFCE414E? 2049                 movea.l A1, A0
FFCE4150? 224C                 movea.l A4, A1
FFCE4152? 6000F90E             bra     sub_FFCE3A62
FFCE4156? 4A41                 tst.w   D1
FFCE4158? 6B12                 bmi     $ffce416c
FFCE415A? 6160                 bsr     $ffce41bc
FFCE415C? 6000FD00             bra     loc_FFCE3E5E
FFCE4160? 588F                 addq.l  #4, A7
FFCE4162? 6100F9C6             bsr     $ffce3b2a
FFCE4166? 7025                 moveq   #$25, D0
FFCE4168? 6000FCE2             bra     $ffce3e4c
FFCE416C? 4A02                 tst.b   D2
FFCE416E? 67F2                 beq     $ffce4162
FFCE4170? 2044                 movea.l D4, A0
FFCE4172? 43EEFFF0             lea     (-$10,A6), A1
FFCE4176? 6100F8EA             bsr     sub_FFCE3A62
FFCE417A? 4851                 pea     (A1)
FFCE417C? 3F3C0014             move.w  #$14, -(A7)
FFCE4180? 4E93                 jsr     (A3)
FFCE4182? 6100F9D6             bsr     $ffce3b5a
FFCE4186? 66DA                 bne     $ffce4162
FFCE4188? 487A07B8             pea     ($ffce4942,PC)
FFCE418C? 4851                 pea     (A1)
FFCE418E? 3F3C0006             move.w  #$6, -(A7)
FFCE4192? 4E93                 jsr     (A3)
FFCE4194? 4851                 pea     (A1)
FFCE4196? 3F3C0014             move.w  #$14, -(A7)
FFCE419A? 4E93                 jsr     (A3)
FFCE419C? 3D780A4AFFFA         move.w  $a4a.w, (-$6,A6)                  ; FPState
FFCE41A2? 6100F986             bsr     $ffce3b2a
FFCE41A6? 08940007             bclr    #$7, (A4)
FFCE41AA? 6110                 bsr     $ffce41bc
FFCE41AC? 082E0004FFFA         btst    #$4, (-$6,A6)
FFCE41B2? 6704                 beq     $ffce41b8
FFCE41B4? 08540007             bchg    #$7, (A4)
FFCE41B8? 6000FCA4             bra     loc_FFCE3E5E
FFCE41BC? 5301                 subq.b  #1, D1
FFCE41BE? 661C                 bne     $ffce41dc
FFCE41C0? 5302                 subq.b  #1, D2
FFCE41C2? 679C                 beq     $ffce4160
FFCE41C4? 4A42                 tst.w   D2
FFCE41C6? 6A0A                 bpl     $ffce41d2
FFCE41C8? 6100F970             bsr     $ffce3b3a
FFCE41CC? 41FA077E             lea     ($ffce494c,PC), A0
FFCE41D0? 6004                 bra     $ffce41d6
FFCE41D2? 41FA075A             lea     ($ffce492e,PC), A0
FFCE41D6? 224C                 movea.l A4, A1
FFCE41D8? 6000F888             bra     sub_FFCE3A62
FFCE41DC? 6A08                 bpl     $ffce41e6
FFCE41DE? 5302                 subq.b  #1, D2
FFCE41E0? 6618                 bne     $ffce41fa
FFCE41E2? 6000FF7C             bra     $ffce4160
FFCE41E6? 5302                 subq.b  #1, D2
FFCE41E8? 6A10                 bpl     $ffce41fa
FFCE41EA? 487A072E             pea     ($ffce491a,PC)
FFCE41EE? 4854                 pea     (A4)
FFCE41F0? 3F3C0008             move.w  #$8, -(A7)
FFCE41F4? 4E93                 jsr     (A3)
FFCE41F6? 6700FF68             beq     $ffce4160
FFCE41FA? 3C02                 move.w  D2, D6
FFCE41FC? 2F04                 move.l  D4, -(A7)
FFCE41FE? 486EFFFC             pea     (-$4,A6)
FFCE4202? 3F3C2010             move.w  #$2010, -(A7)
FFCE4206? 4E93                 jsr     (A3)
FFCE4208? 6100F94C             bsr     $ffce3b56
FFCE420C? 56C7                 sne     D7
FFCE420E? 6100F916             bsr     $ffce3b26
FFCE4212? 6100F946             bsr     $ffce3b5a
FFCE4216? 56C1                 sne     D1
FFCE4218? 8E01                 or.b    D1, D7
FFCE421A? 6612                 bne     $ffce422e
FFCE421C? 342EFFFC             move.w  (-$4,A6), D2
FFCE4220? 3002                 move.w  D2, D0
FFCE4222? 6A02                 bpl     $ffce4226
FFCE4224? 4440                 neg.w   D0
FFCE4226? 0C4000FF             cmpi.w  #$ff, D0
FFCE422A? 6F00FE74             ble     $ffce40a0
FFCE422E? 6100F8FA             bsr     $ffce3b2a
FFCE4232? 6100FEF2             bsr     $ffce4126
FFCE4236? 4A06                 tst.b   D6
FFCE4238? 6B00F8F0             bmi     $ffce3b2a
FFCE423C? 4E75                 rts
FFCE423E? 487A06E4             pea     ($ffce4924,PC)
FFCE4242? 2F05                 move.l  D5, -(A7)
FFCE4244? 3F3C0008             move.w  #$8, -(A7)
FFCE4248? 4E93                 jsr     (A3)
FFCE424A? 6D000080             blt     $ffce42cc
FFCE424E? 6E14                 bgt     $ffce4264
FFCE4250? 5302                 subq.b  #1, D2
FFCE4252? 6604                 bne     $ffce4258
FFCE4254? 6000FBC2             bra     $ffce3e18
FFCE4258? 2044                 movea.l D4, A0
FFCE425A? 4A10                 tst.b   (A0)
FFCE425C? 6B00FBD4             bmi     $ffce3e32
FFCE4260? 6000FBA6             bra     $ffce3e08
FFCE4264? 5302                 subq.b  #1, D2
FFCE4266? 67EC                 beq     $ffce4254
FFCE4268? 6E0C                 bgt     $ffce4276
FFCE426A? 5301                 subq.b  #1, D1
FFCE426C? 675E                 beq     $ffce42cc
FFCE426E? B541                 eor.w   D2, D1
FFCE4270? 6BEE                 bmi     $ffce4260
FFCE4272? 6000FBC2             bra     $ffce3e36
FFCE4276? 43EEFFE6             lea     (-$1a,A6), A1
FFCE427A? 2045                 movea.l D5, A0
FFCE427C? 6100F7E4             bsr     sub_FFCE3A62
FFCE4280? 3011                 move.w  (A1), D0
FFCE4282? 0880000F             bclr    #$f, D0
FFCE4286? 0C403F7F             cmpi.w  #$3f7f, D0
FFCE428A? 6D1C                 blt     $ffce42a8
FFCE428C? 4851                 pea     (A1)
FFCE428E? 3F3C0006             move.w  #$6, -(A7)
FFCE4292? 6100F6CC             bsr     $ffce3960
FFCE4296? 2F04                 move.l  D4, -(A7)
FFCE4298? 4851                 pea     (A1)
FFCE429A? 3F3C0004             move.w  #$4, -(A7)
FFCE429E? 4E93                 jsr     (A3)
FFCE42A0? 4851                 pea     (A1)
FFCE42A2? 3F3C000A             move.w  #$a, -(A7)
FFCE42A6? 6010                 bra     $ffce42b8
FFCE42A8? 2F04                 move.l  D4, -(A7)
FFCE42AA? 4851                 pea     (A1)
FFCE42AC? 3F3C0004             move.w  #$4, -(A7)
FFCE42B0? 4E93                 jsr     (A3)
FFCE42B2? 4851                 pea     (A1)
FFCE42B4? 3F3C0008             move.w  #$8, -(A7)
FFCE42B8? 6100F864             bsr     $ffce3b1e
FFCE42BC? 6100F6A2             bsr     $ffce3960
FFCE42C0? 2049                 movea.l A1, A0
FFCE42C2? 224C                 movea.l A4, A1
FFCE42C4? 6100F79C             bsr     sub_FFCE3A62
FFCE42C8? 6000FB94             bra     loc_FFCE3E5E
FFCE42CCd 70266000FB7C         dc.b    $70,$26,$60,$00,$FB,$7C           ; |p&`..||
FFCE42D2? 487A0650             pea     ($ffce4924,PC)
FFCE42D6? 2F05                 move.l  D5, -(A7)
FFCE42D8? 3F3C0008             move.w  #$8, -(A7)
FFCE42DC? 4E93                 jsr     (A3)
FFCE42DE? 6DEC                 blt     $ffce42cc
FFCE42E0? 660E                 bne     $ffce42f0
FFCE42E2? 5302                 subq.b  #1, D2
FFCE42E4? 670E                 beq     $ffce42f4
FFCE42E6? 4A42                 tst.w   D2
FFCE42E8? 6A00FB48             bpl     $ffce3e32
FFCE42EC? 6000FB34             bra     $ffce3e22
FFCE42F0? 5302                 subq.b  #1, D2
FFCE42F2? 6604                 bne     $ffce42f8
FFCE42F4? 6000FB12             bra     $ffce3e08
FFCE42F8? 5301                 subq.b  #1, D1
FFCE42FA? 6E28                 bgt     $ffce4324
FFCE42FC? 6D0C                 blt     $ffce430a
FFCE42FE? 224C                 movea.l A4, A1
FFCE4300? 2044                 movea.l D4, A0
FFCE4302? 6100F75E             bsr     sub_FFCE3A62
FFCE4306? 6000FB56             bra     loc_FFCE3E5E
FFCE430A? 4A42                 tst.w   D2
FFCE430C? 6AE6                 bpl     $ffce42f4
FFCE430E? 487A0614             pea     ($ffce4924,PC)
FFCE4312? 2F04                 move.l  D4, -(A7)
FFCE4314? 3F3C0008             move.w  #$8, -(A7)
FFCE4318? 4E93                 jsr     (A3)
FFCE431A? 67D0                 beq     $ffce42ec
FFCE431C? 6E00FAF0             bgt     $ffce3e0e
FFCE4320? 6000FB1E             bra     $ffce3e40
FFCE4324? 4A02                 tst.b   D2
FFCE4326? 6A26                 bpl     $ffce434e
FFCE4328? B541                 eor.w   D2, D1
FFCE432A? 6BD2                 bmi     $ffce42fe
FFCE432C? 2045                 movea.l D5, A0
FFCE432E? 43EEFFE6             lea     (-$1a,A6), A1
FFCE4332? 6100F72E             bsr     sub_FFCE3A62
FFCE4336? 4851                 pea     (A1)
FFCE4338? 224C                 movea.l A4, A1
FFCE433A? 41FA05DE             lea     ($ffce491a,PC), A0
FFCE433E? 6100F722             bsr     sub_FFCE3A62
FFCE4342? 4851                 pea     (A1)
FFCE4344? 3F3C0006             move.w  #$6, -(A7)
FFCE4348? 4E93                 jsr     (A3)
FFCE434A? 6000FB12             bra     loc_FFCE3E5E
FFCE434E? 43EEFFE6             lea     (-$1a,A6), A1
FFCE4352? 2045                 movea.l D5, A0
FFCE4354? 6100F70C             bsr     sub_FFCE3A62
FFCE4358? 3011                 move.w  (A1), D0
FFCE435A? 0880000F             bclr    #$f, D0
FFCE435E? 0C403F7F             cmpi.w  #$3f7f, D0
FFCE4362? 6D2E                 blt     $ffce4392
FFCE4364? 4851                 pea     (A1)
FFCE4366? 3F3C0006             move.w  #$6, -(A7)
FFCE436A? 6100F5F4             bsr     $ffce3960
FFCE436E? 2F04                 move.l  D4, -(A7)
FFCE4370? 4851                 pea     (A1)
FFCE4372? 3F3C0004             move.w  #$4, -(A7)
FFCE4376? 4E93                 jsr     (A3)
FFCE4378? 08510007             bchg    #$7, (A1)
FFCE437C? 0C514007             cmpi.w  #$4007, (A1)
FFCE4380? 6D08                 blt     $ffce438a
FFCE4382? 2045                 movea.l D5, A0
FFCE4384? 0C50407F             cmpi.w  #$407f, (A0)
FFCE4388? 6C5C                 bge     $ffce43e6
FFCE438A? 4851                 pea     (A1)
FFCE438C? 3F3C000E             move.w  #$e, -(A7)
FFCE4390? 6014                 bra     $ffce43a6
FFCE4392? 2F04                 move.l  D4, -(A7)
FFCE4394? 4851                 pea     (A1)
FFCE4396? 3F3C0004             move.w  #$4, -(A7)
FFCE439A? 4E93                 jsr     (A3)
FFCE439C? 08510007             bchg    #$7, (A1)
FFCE43A0? 4851                 pea     (A1)
FFCE43A2? 3F3C000C             move.w  #$c, -(A7)
FFCE43A6? 6100F5B8             bsr     $ffce3960
FFCE43AA? 08510007             bchg    #$7, (A1)
FFCE43AE? 2F05                 move.l  D5, -(A7)
FFCE43B0? 4851                 pea     (A1)
FFCE43B2? 3F3C0006             move.w  #$6, -(A7)
FFCE43B6? 4E93                 jsr     (A3)
FFCE43B8? 6100F764             bsr     $ffce3b1e
FFCE43BC? 6100F764             bsr     $ffce3b22
FFCE43C0? 2049                 movea.l A1, A0
FFCE43C2? 6100F6A8             bsr     sub_FFCE3A6C
FFCE43C6? 5700                 subq.b  #3, D0
FFCE43C8? 6606                 bne     $ffce43d0
FFCE43CA? 6100F766             bsr     $ffce3b32
FFCE43CE? 6008                 bra     $ffce43d8
FFCE43D0? 5500                 subq.b  #2, D0
FFCE43D2? 6704                 beq     $ffce43d8
FFCE43D4? 6100F760             bsr     $ffce3b36
FFCE43D8? 41EEFFE6             lea     (-$1a,A6), A0
FFCE43DC? 224C                 movea.l A4, A1
FFCE43DE? 6100F682             bsr     sub_FFCE3A62
FFCE43E2? 6000FA7A             bra     loc_FFCE3E5E
FFCE43E6? 2045                 movea.l D5, A0
FFCE43E8? 6100F678             bsr     sub_FFCE3A62
FFCE43EC? 4851                 pea     (A1)
FFCE43EE? 3F3C0002             move.w  #$2, -(A7)
FFCE43F2? 6100F56C             bsr     $ffce3960
FFCE43F6? 43EEFFDC             lea     (-$24,A6), A1
FFCE43FA? 2044                 movea.l D4, A0
FFCE43FC? 6100F664             bsr     sub_FFCE3A62
FFCE4400? 487A0518             pea     ($ffce491a,PC)
FFCE4404? 4851                 pea     (A1)
FFCE4406? 4267                 clr.w   -(A7)
FFCE4408? 4E93                 jsr     (A3)
FFCE440A? 4851                 pea     (A1)
FFCE440C? 43EEFFE6             lea     (-$1a,A6), A1
FFCE4410? 4851                 pea     (A1)
FFCE4412? 3F3C0004             move.w  #$4, -(A7)
FFCE4416? 4E93                 jsr     (A3)
FFCE4418? 08510007             bchg    #$7, (A1)
FFCE441C? 4851                 pea     (A1)
FFCE441E? 3F3C000A             move.w  #$a, -(A7)
FFCE4422? 6100F53C             bsr     $ffce3960
FFCE4426? 08510007             bchg    #$7, (A1)
FFCE442A? 608C                 bra     $ffce43b8
FFCE442C? 7021                 moveq   #$21, D0
FFCE442E? 7400                 moveq   #$0, D2
FFCE4430? 5301                 subq.b  #1, D1
FFCE4432? 6E08                 bgt     $ffce443c
FFCE4434? 6700FA28             beq     loc_FFCE3E5E
FFCE4438? 6B00FA12             bmi     $ffce3e4c
FFCE443C? E9D0004F             bfextu  (A0) {1:15}, D0; (2+)
FFCE4440? 0C403FDF             cmpi.w  #$3fdf, D0
FFCE4444? 6D00F9AA             blt     $ffce3df0
FFCE4448? 6140                 bsr     $ffce448a
FFCE444A? 08020000             btst    #$0, D2
FFCE444E? 6604                 bne     $ffce4454
FFCE4450? 6148                 bsr     $ffce449a
FFCE4452? 6004                 bra     $ffce4458
FFCE4454? 610000AA             bsr     $ffce4500
FFCE4458? 02420003             andi.w  #$3, D2
FFCE445C? 5542                 subq.w  #2, D2
FFCE445E? 6B04                 bmi     $ffce4464
FFCE4460? 08540007             bchg    #$7, (A4)
FFCE4464? 6100F6DC             bsr     $ffce3b42
FFCE4468? 6000F9F4             bra     loc_FFCE3E5E
FFCE446C? 7021                 moveq   #$21, D0
FFCE446E? 7401                 moveq   #$1, D2
FFCE4470? 5301                 subq.b  #1, D1
FFCE4472? 6E08                 bgt     $ffce447c
FFCE4474? 6700F9A2             beq     $ffce3e18
FFCE4478? 6000F9D2             bra     $ffce3e4c
FFCE447C? E9D4004F             bfextu  (A4) {1:15}, D0; (2+)
FFCE4480? 0C403FDF             cmpi.w  #$3fdf, D0
FFCE4484? 6CC2                 bge     $ffce4448
FFCE4486? 6000F98C             bra     $ffce3e14
FFCE448A? 487A0506             pea     ($ffce4992,PC)
FFCE448E? 4854                 pea     (A4)
FFCE4490? 3F3C000C             move.w  #$c, -(A7)
FFCE4494? 4E93                 jsr     (A3)
FFCE4496? D440                 add.w   D0, D2
FFCE4498? 4E75                 rts
FFCE449A? 45FA0564             lea     ($ffce4a00,PC), A2
FFCE449E? 612E                 bsr     $ffce44ce
FFCE44A0? 4854                 pea     (A4)
FFCE44A2? 4852                 pea     (A2)
FFCE44A4? 3F3C0004             move.w  #$4, -(A7)
FFCE44A8? 4E93                 jsr     (A3)
FFCE44AA? 4852                 pea     (A2)
FFCE44AC? 4850                 pea     (A0)
FFCE44AE? 3F3C0004             move.w  #$4, -(A7)
FFCE44B2? 4E93                 jsr     (A3)
FFCE44B4? 4850                 pea     (A0)
FFCE44B6? 4854                 pea     (A4)
FFCE44B8? 3F3C0002             move.w  #$2, -(A7)
FFCE44BC? 4E93                 jsr     (A3)
FFCE44BE? 4E75                 rts
FFCE44C0? 610C                 bsr     $ffce44ce
FFCE44C2? 4852                 pea     (A2)
FFCE44C4? 4850                 pea     (A0)
FFCE44C6? 3F3C0004             move.w  #$4, -(A7)
FFCE44CA? 4E93                 jsr     (A3)
FFCE44CC? 4E75                 rts
FFCE44CE? 204C                 movea.l A4, A0
FFCE44D0? 43EEFFF0             lea     (-$10,A6), A1
FFCE44D4? 6100F58C             bsr     sub_FFCE3A62
FFCE44D8? 4851                 pea     (A1)
FFCE44DA? 4851                 pea     (A1)
FFCE44DC? 3F3C0004             move.w  #$4, -(A7)
FFCE44E0? 4E93                 jsr     (A3)
FFCE44E2? C34A                 exg     A1, A2
FFCE44E4? 41EEFFDC             lea     (-$24,A6), A0
FFCE44E8? 6100F604             bsr     $ffce3aee
FFCE44EC? 4850                 pea     (A0)
FFCE44EE? 41EEFFE6             lea     (-$1a,A6), A0
FFCE44F2? 6100F5FA             bsr     $ffce3aee
FFCE44F6? 4850                 pea     (A0)
FFCE44F8? 3F3C0006             move.w  #$6, -(A7)
FFCE44FC? 4E93                 jsr     (A3)
FFCE44FE? 4E75                 rts
FFCE4500? 45FA0552             lea     ($ffce4a54,PC), A2
FFCE4504? 61BA                 bsr     $ffce44c0
FFCE4506? 4852                 pea     (A2)
FFCE4508? 4850                 pea     (A0)
FFCE450A? 3F3C0004             move.w  #$4, -(A7)
FFCE450E? 4E93                 jsr     (A3)
FFCE4510? 487A0458             pea     ($ffce496a,PC)
FFCE4514? 4852                 pea     (A2)
FFCE4516? 3F3C0008             move.w  #$8, -(A7)
FFCE451A? 4E93                 jsr     (A3)
FFCE451C? 6E28                 bgt     $ffce4546
FFCE451E? 487A0454             pea     ($ffce4974,PC)
FFCE4522? 4852                 pea     (A2)
FFCE4524? 3F3C0004             move.w  #$4, -(A7)
FFCE4528? 4E93                 jsr     (A3)
FFCE452A? 4852                 pea     (A2)
FFCE452C? 4850                 pea     (A0)
FFCE452E? 3F3C0002             move.w  #$2, -(A7)
FFCE4532? 4E93                 jsr     (A3)
FFCE4534? 224C                 movea.l A4, A1
FFCE4536? 6100F52A             bsr     sub_FFCE3A62
FFCE453A? 487A03DE             pea     ($ffce491a,PC)
FFCE453E? 4854                 pea     (A4)
FFCE4540? 4267                 clr.w   -(A7)
FFCE4542? 4E93                 jsr     (A3)
FFCE4544? 4E75                 rts
FFCE4546? 08940007             bclr    #$7, (A4)
FFCE454A? 487A0428             pea     ($ffce4974,PC)
FFCE454E? 4854                 pea     (A4)
FFCE4550? 3F3C0002             move.w  #$2, -(A7)
FFCE4554? 4E93                 jsr     (A3)
FFCE4556? 4850                 pea     (A0)
FFCE4558? 204C                 movea.l A4, A0
FFCE455A? 224A                 movea.l A2, A1
FFCE455C? 6100F504             bsr     sub_FFCE3A62
FFCE4560? 487A0412             pea     ($ffce4974,PC)
FFCE4564? 4851                 pea     (A1)
FFCE4566? 3F3C0004             move.w  #$4, -(A7)
FFCE456A? 4E93                 jsr     (A3)
FFCE456C? 4851                 pea     (A1)
FFCE456E? 4854                 pea     (A4)
FFCE4570? 3F3C0004             move.w  #$4, -(A7)
FFCE4574? 4E93                 jsr     (A3)
FFCE4576? 4854                 pea     (A4)
FFCE4578? 3F3C0002             move.w  #$2, -(A7)
FFCE457C? 4E93                 jsr     (A3)
FFCE457E? 4851                 pea     (A1)
FFCE4580? 4854                 pea     (A4)
FFCE4582? 4267                 clr.w   -(A7)
FFCE4584? 4E93                 jsr     (A3)
FFCE4586? 08540007             bchg    #$7, (A4)
FFCE458A? 487A03FC             pea     ($ffce4988,PC)
FFCE458E? 4854                 pea     (A4)
FFCE4590? 4267                 clr.w   -(A7)
FFCE4592? 4E93                 jsr     (A3)
FFCE4594? 4E75                 rts
FFCE4596? 7021                 moveq   #$21, D0
FFCE4598? 7400                 moveq   #$0, D2
FFCE459A? 5301                 subq.b  #1, D1
FFCE459C? 6B00F8AE             bmi     $ffce3e4c
FFCE45A0? 6700F8BC             beq     loc_FFCE3E5E
FFCE45A4? E9D4004F             bfextu  (A4) {1:15}, D0; (2+)
FFCE45A8? 0C403FDF             cmpi.w  #$3fdf, D0
FFCE45AC? 6D00F842             blt     $ffce3df0
FFCE45B0? 6100FED8             bsr     $ffce448a
FFCE45B4? 6134                 bsr     $ffce45ea
FFCE45B6? E25A                 ror.w   #1, D2
FFCE45B8? 642C                 bcc     $ffce45e6
FFCE45BA? 08540007             bchg    #$7, (A4)
FFCE45BE? 204C                 movea.l A4, A0
FFCE45C0? 43EEFFF0             lea     (-$10,A6), A1
FFCE45C4? 6100F49C             bsr     sub_FFCE3A62
FFCE45C8? 4851                 pea     (A1)
FFCE45CA? 41FA034E             lea     ($ffce491a,PC), A0
FFCE45CE? 224C                 movea.l A4, A1
FFCE45D0? 6100F490             bsr     sub_FFCE3A62
FFCE45D4? 4854                 pea     (A4)
FFCE45D6? 3F3C0006             move.w  #$6, -(A7)
FFCE45DA? 4E93                 jsr     (A3)
FFCE45DC? 6100F56C             bsr     $ffce3b4a
FFCE45E0? 6704                 beq     $ffce45e6
FFCE45E2? 08540007             bchg    #$7, (A4)
FFCE45E6? 6000FE7C             bra     $ffce4464
FFCE45EA? 45FA04BC             lea     ($ffce4aa8,PC), A2
FFCE45EE? 6100FED0             bsr     $ffce44c0
FFCE45F2? 204C                 movea.l A4, A0
FFCE45F4? 43EEFFD2             lea     (-$2e,A6), A1
FFCE45F8? 6100F468             bsr     sub_FFCE3A62
FFCE45FC? 4852                 pea     (A2)
FFCE45FE? 4851                 pea     (A1)
FFCE4600? 3F3C0004             move.w  #$4, -(A7)
FFCE4604? 4E93                 jsr     (A3)
FFCE4606? 4851                 pea     (A1)
FFCE4608? 41EEFFE6             lea     (-$1a,A6), A0
FFCE460C? 4850                 pea     (A0)
FFCE460E? 3F3C0004             move.w  #$4, -(A7)
FFCE4612? 4E93                 jsr     (A3)
FFCE4614? 487A0354             pea     ($ffce496a,PC)
FFCE4618? 4852                 pea     (A2)
FFCE461A? 3F3C0008             move.w  #$8, -(A7)
FFCE461E? 4E93                 jsr     (A3)
FFCE4620? 6E16                 bgt     $ffce4638
FFCE4622? 487A033C             pea     ($ffce4960,PC)
FFCE4626? 4851                 pea     (A1)
FFCE4628? 3F3C0006             move.w  #$6, -(A7)
FFCE462C? 4E93                 jsr     (A3)
FFCE462E? 4851                 pea     (A1)
FFCE4630? 4850                 pea     (A0)
FFCE4632? 4267                 clr.w   -(A7)
FFCE4634? 4E93                 jsr     (A3)
FFCE4636? 604A                 bra     $ffce4682
FFCE4638? 4850                 pea     (A0)
FFCE463A? 204C                 movea.l A4, A0
FFCE463C? 43EEFFDC             lea     (-$24,A6), A1
FFCE4640? 6100F420             bsr     sub_FFCE3A62
FFCE4644? 487A0338             pea     ($ffce497e,PC)
FFCE4648? 4851                 pea     (A1)
FFCE464A? 3F3C0002             move.w  #$2, -(A7)
FFCE464E? 4E93                 jsr     (A3)
FFCE4650? 487A030E             pea     ($ffce4960,PC)
FFCE4654? 4851                 pea     (A1)
FFCE4656? 3F3C0006             move.w  #$6, -(A7)
FFCE465A? 4E93                 jsr     (A3)
FFCE465C? 4852                 pea     (A2)
FFCE465E? 4851                 pea     (A1)
FFCE4660? 3F3C0004             move.w  #$4, -(A7)
FFCE4664? 4E93                 jsr     (A3)
FFCE4666? 4851                 pea     (A1)
FFCE4668? 4267                 clr.w   -(A7)
FFCE466A? 4E93                 jsr     (A3)
FFCE466C? 487A02FC             pea     ($ffce496a,PC)
FFCE4670? 4852                 pea     (A2)
FFCE4672? 3F3C0004             move.w  #$4, -(A7)
FFCE4676? 4E93                 jsr     (A3)
FFCE4678? 4852                 pea     (A2)
FFCE467A? 4851                 pea     (A1)
FFCE467C? 4267                 clr.w   -(A7)
FFCE467E? 4E93                 jsr     (A3)
FFCE4680? 2049                 movea.l A1, A0
FFCE4682? 4850                 pea     (A0)
FFCE4684? 4854                 pea     (A4)
FFCE4686? 4267                 clr.w   -(A7)
FFCE4688? 4E93                 jsr     (A3)
FFCE468A? 4E75                 rts
FFCE468C? 5301                 subq.b  #1, D1
FFCE468E? 6E14                 bgt     $ffce46a4
FFCE4690? 670E                 beq     $ffce46a0
FFCE4692? 41FA02FE             lea     ($ffce4992,PC), A0
FFCE4696? 224C                 movea.l A4, A1
FFCE4698? 6100F3C8             bsr     sub_FFCE3A62
FFCE469C? 4201                 clr.b   D1
FFCE469E? 8354                 or.w    D1, (A4)
FFCE46A0? 6000F7BC             bra     loc_FFCE3E5E
FFCE46A4? E9D4004F             bfextu  (A4) {1:15}, D0; (2+)
FFCE46A8? 0C403FDF             cmpi.w  #$3fdf, D0
FFCE46AC? 6D00F742             blt     $ffce3df0
FFCE46B0? 0C404040             cmpi.w  #$4040, D0
FFCE46B4? 6D06                 blt     $ffce46bc
FFCE46B6? 6100F48A             bsr     $ffce3b42
FFCE46BA? 60D6                 bra     $ffce4692
FFCE46BC? 08940007             bclr    #$7, (A4)
FFCE46C0? 6108                 bsr     $ffce46ca
FFCE46C2? 4201                 clr.b   D1
FFCE46C4? 8354                 or.w    D1, (A4)
FFCE46C6? 6000FD9C             bra     $ffce4464
FFCE46CA? 7400                 moveq   #$0, D2
FFCE46CC? 487A024C             pea     ($ffce491a,PC)
FFCE46D0? 4854                 pea     (A4)
FFCE46D2? 3F3C0008             move.w  #$8, -(A7)
FFCE46D6? 4E93                 jsr     (A3)
FFCE46D8? 6320                 bls     $ffce46fa
FFCE46DA? 74FF                 moveq   #-$1, D2
FFCE46DC? 204C                 movea.l A4, A0
FFCE46DE? 43EEFFF0             lea     (-$10,A6), A1
FFCE46E2? 6100F37E             bsr     sub_FFCE3A62
FFCE46E6? 4851                 pea     (A1)
FFCE46E8? 41FA0230             lea     ($ffce491a,PC), A0
FFCE46EC? 224C                 movea.l A4, A1
FFCE46EE? 6100F372             bsr     sub_FFCE3A62
FFCE46F2? 4851                 pea     (A1)
FFCE46F4? 3F3C0006             move.w  #$6, -(A7)
FFCE46F8? 4E93                 jsr     (A3)
FFCE46FA? 2F1C                 move.l  (A4)+, -(A7)
FFCE46FC? 2F1C                 move.l  (A4)+, -(A7)
FFCE46FE? 3F14                 move.w  (A4), -(A7)
FFCE4700? 518C                 subq.l  #8, A4
FFCE4702? 487A02F2             pea     ($ffce49f6,PC)
FFCE4706? 4854                 pea     (A4)
FFCE4708? 3F3C0008             move.w  #$8, -(A7)
FFCE470C? 4E93                 jsr     (A3)
FFCE470E? 6E16                 bgt     $ffce4726
FFCE4710? 45FA03EA             lea     ($ffce4afc,PC), A2
FFCE4714? 6100FDB8             bsr     $ffce44ce
FFCE4718? 4850                 pea     (A0)
FFCE471A? 4854                 pea     (A4)
FFCE471C? 3F3C0004             move.w  #$4, -(A7)
FFCE4720? 4E93                 jsr     (A3)
FFCE4722? 60000098             bra     $ffce47bc
FFCE4726? 204C                 movea.l A4, A0
FFCE4728? 43EEFFF0             lea     (-$10,A6), A1
FFCE472C? 6100F334             bsr     sub_FFCE3A62
FFCE4730? 487A02B0             pea     ($ffce49e2,PC)
FFCE4734? 4851                 pea     (A1)
FFCE4736? 3F3C0004             move.w  #$4, -(A7)
FFCE473A? 4E93                 jsr     (A3)
FFCE473C? 4851                 pea     (A1)
FFCE473E? 41FA01DA             lea     ($ffce491a,PC), A0
FFCE4742? 43EEFFDC             lea     (-$24,A6), A1
FFCE4746? 6100F31A             bsr     sub_FFCE3A62
FFCE474A? 4851                 pea     (A1)
FFCE474C? 3F3C0006             move.w  #$6, -(A7)
FFCE4750? 4E93                 jsr     (A3)
FFCE4752? 487A01C6             pea     ($ffce491a,PC)
FFCE4756? 4851                 pea     (A1)
FFCE4758? 4267                 clr.w   -(A7)
FFCE475A? 4E93                 jsr     (A3)
FFCE475C? 487A01BC             pea     ($ffce491a,PC)
FFCE4760? 486EFFF0             pea     (-$10,A6)
FFCE4764? 4267                 clr.w   -(A7)
FFCE4766? 4E93                 jsr     (A3)
FFCE4768? 487A0278             pea     ($ffce49e2,PC)
FFCE476C? 4854                 pea     (A4)
FFCE476E? 3F3C0002             move.w  #$2, -(A7)
FFCE4772? 4E93                 jsr     (A3)
FFCE4774? 204C                 movea.l A4, A0
FFCE4776? 43EEFFD2             lea     (-$2e,A6), A1
FFCE477A? 6100F2E6             bsr     sub_FFCE3A62
FFCE477E? 486EFFF0             pea     (-$10,A6)
FFCE4782? 4854                 pea     (A4)
FFCE4784? 3F3C0006             move.w  #$6, -(A7)
FFCE4788? 4E93                 jsr     (A3)
FFCE478A? 486EFFDC             pea     (-$24,A6)
FFCE478E? 4851                 pea     (A1)
FFCE4790? 3F3C0006             move.w  #$6, -(A7)
FFCE4794? 4E93                 jsr     (A3)
FFCE4796? 45FA0364             lea     ($ffce4afc,PC), A2
FFCE479A? 6100FD32             bsr     $ffce44ce
FFCE479E? 4850                 pea     (A0)
FFCE47A0? 4854                 pea     (A4)
FFCE47A2? 3F3C0004             move.w  #$4, -(A7)
FFCE47A6? 4E93                 jsr     (A3)
FFCE47A8? 487A0242             pea     ($ffce49ec,PC)
FFCE47AC? 4854                 pea     (A4)
FFCE47AE? 4267                 clr.w   -(A7)
FFCE47B0? 4E93                 jsr     (A3)
FFCE47B2? 486EFFD2             pea     (-$2e,A6)
FFCE47B6? 4854                 pea     (A4)
FFCE47B8? 4267                 clr.w   -(A7)
FFCE47BA? 4E93                 jsr     (A3)
FFCE47BC? 43EEFFF8             lea     (-$8,A6), A1
FFCE47C0? 329F                 move.w  (A7)+, (A1)
FFCE47C2? 231F                 move.l  (A7)+, -(A1)
FFCE47C4? 231F                 move.l  (A7)+, -(A1)
FFCE47C6? 4851                 pea     (A1)
FFCE47C8? 4854                 pea     (A4)
FFCE47CA? 3F3C0002             move.w  #$2, -(A7)
FFCE47CE? 4E93                 jsr     (A3)
FFCE47D0? 4A42                 tst.w   D2
FFCE47D2? 6606                 bne     $ffce47da
FFCE47D4? 08540007             bchg    #$7, (A4)
FFCE47D8? 4E75                 rts
FFCE47DA? 487A01B6             pea     ($ffce4992,PC)
FFCE47DE? 4854                 pea     (A4)
FFCE47E0? 4267                 clr.w   -(A7)
FFCE47E2? 4E93                 jsr     (A3)
FFCE47E4? 4E75                 rts
FFCE47E6? 3214                 move.w  (A4), D1
FFCE47E8? 6B5E                 bmi     $ffce4848
FFCE47EA? 242C0002             move.l  ($2,A4), D2
FFCE47EE? 6A58                 bpl     $ffce4848
FFCE47F0? 202C0006             move.l  ($6,A4), D0
FFCE47F4? 6652                 bne     $ffce4848
FFCE47F6? 203C0000401E         move.l  #$401e, D0
FFCE47FC? 9041                 sub.w   D1, D0
FFCE47FE? 6F48                 ble     $ffce4848
FFCE4800? 0C40001F             cmpi.w  #$1f, D0
FFCE4804? 6E42                 bgt     $ffce4848
FFCE4806? EFC12020             bfins   D2, D1 {0:D0}; (2+)
FFCE480A? 663C                 bne     $ffce4848
FFCE480C? E0AA                 lsr.l   D0, D2
FFCE480E? 4C3C2401000041A7     mulu.l #$41a7, D1-D2; (2+)
FFCE4816? 4C7C24017FFFFFFF     divu.l  #$7fffffff, D1:D2; (2+)
FFCE481E? EDC12000             bfffo   D2, D1 {0:32}; (2+)
FFCE4822? 303C401E             move.w  #$401e, D0
FFCE4826? E5A9                 lsl.l   D2, D1
FFCE4828? 9042                 sub.w   D2, D0
FFCE482A? 4A03                 tst.b   D3
FFCE482C? 6A04                 bpl     $ffce4832
FFCE482E? 3940FFFE             move.w  D0, (-$2,A4)
FFCE4832? 38C0                 move.w  D0, (A4)+
FFCE4834? 28C1                 move.l  D1, (A4)+
FFCE4836? 4294                 clr.l   (A4)
FFCE4838? 31EEFFFE0A4A         move.w  (-$2,A6), $a4a.w                  ; FPState
FFCE483E? 4CDF1FFF             movem.l (A7)+, D0-D7/A0-A4
FFCE4842? 4E5E                 unlk    A6
FFCE4844? DED7                 adda.w  (A7), A7
FFCE4846? 4E75                 rts
FFCE4848? 487A015C             pea     ($ffce49a6,PC)
FFCE484C? 4854                 pea     (A4)
FFCE484E? 3F3C0004             move.w  #$4, -(A7)
FFCE4852? 4E93                 jsr     (A3)
FFCE4854? 487A015A             pea     ($ffce49b0,PC)
FFCE4858? 4854                 pea     (A4)
FFCE485A? 3F3C000C             move.w  #$c, -(A7)
FFCE485E? 4E93                 jsr     (A3)
FFCE4860? 4A14                 tst.b   (A4)
FFCE4862? 6A0A                 bpl     $ffce486e
FFCE4864? 487A014A             pea     ($ffce49b0,PC)
FFCE4868? 4854                 pea     (A4)
FFCE486A? 4267                 clr.w   -(A7)
FFCE486C? 4E93                 jsr     (A3)
FFCE486E? 6000F5EE             bra     loc_FFCE3E5E
FFCE4872d 00053FF6B94646AF     dc.b    $00,$05,$3F,$F6,$B9,$46,$46,$AF,$F6,$CE,$3B,$FF,$3F,$F9,$94,$F4 ; |..?..FF...;.?...|
FFCE4882d 32214D61FBEB3FFB     dc.b    $32,$21,$4D,$61,$FB,$EB,$3F,$FB,$DC,$97,$89,$03,$D9,$44,$78,$93 ; |2!Ma..?......Dx.|
FFCE4892d 3FFF9F9E394657CA     dc.b    $3F,$FF,$9F,$9E,$39,$46,$57,$CA,$1D,$05,$C0,$01,$CD,$6B,$C5,$3A ; |?...9FW......k.:|
FFCE48A2d 46ECDC9A4001B483     dc.b    $46,$EC,$DC,$9A,$40,$01,$B4,$83,$97,$E7,$BA,$E6,$FC,$E0,$00,$02 ; |F...@...........|
FFCE48B2d 3FFF800000000000     dc.b    $3F,$FF,$80,$00,$00,$00,$00,$00,$00,$00,$C0,$00,$B8,$18,$35,$C3 ; |?.............5.|
FFCE48C2d CE0A5E1D3FFFFA3E     dc.b    $CE,$0A,$5E,$1D,$3F,$FF,$FA,$3E,$DF,$0E,$DD,$F4,$1A,$96,$00,$03 ; |..^.?..>........|
FFCE48D2d BFEEFF8890C81B20     dc.b    $BF,$EE,$FF,$88,$90,$C8,$1B,$20,$9B,$79,$3F,$F9,$DA,$5C,$84,$EF ; |....... .y?..\..|
FFCE48E2d B813272F400397D3     dc.b    $B8,$13,$27,$2F,$40,$03,$97,$D3,$BA,$EA,$F8,$0F,$FD,$45,$40,$09 ; |..'/@........E@.|
FFCE48F2d AB8671A195BEFF0C     dc.b    $AB,$86,$71,$A1,$95,$BE,$FF,$0C,$00,$02,$3F,$FF,$80,$00,$00,$00 ; |..q.......?.....|
FFCE4902d 000000004006D548     dc.b    $00,$00,$00,$00,$40,$06,$D5,$48,$70,$02,$98,$4B,$5A,$B4,$40,$0A ; |....@..Hp..KZ.@.|
FFCE4912d F775612E96B70780     dc.b    $F7,$75,$61,$2E,$96,$B7,$07,$80,$3F,$FF,$80,$00,$00,$00,$00,$00 ; |.ua.....?.......|
FFCE4922d 0000BFFF80000000     dc.b    $00,$00,$BF,$FF,$80,$00,$00,$00,$00,$00,$00,$00,$00,$00,$00,$00 ; |................|
FFCE4932d 0000000000008000     dc.b    $00,$00,$00,$00,$00,$00,$80,$00,$00,$00,$00,$00,$00,$00,$00,$00 ; |................|
FFCE4942d 4000800000000000     dc.b    $40,$00,$80,$00,$00,$00,$00,$00,$00,$00,$7F,$FF,$00,$00,$00,$00 ; |@...............|
FFCE4952d 00000000FFFF0000     dc.b    $00,$00,$00,$00,$FF,$FF,$00,$00,$00,$00,$00,$00,$00,$00,$40,$00 ; |..............@.|
FFCE4962d C000000000000000     dc.b    $C0,$00,$00,$00,$00,$00,$00,$00,$3F,$FD,$80,$00,$00,$00,$00,$00 ; |........?.......|
FFCE4972d 00003FFE80000000     dc.b    $00,$00,$3F,$FE,$80,$00,$00,$00,$00,$00,$00,$00,$3F,$FE,$C0,$00 ; |..?.........?...|
FFCE4982d 0000000000003FFE     dc.b    $00,$00,$00,$00,$00,$00,$3F,$FE,$E0,$00,$00,$00,$00,$00,$00,$00 ; |......?.........|
FFCE4992d 3FFFC90FDAA22168     dc.b    $3F,$FF,$C9,$0F,$DA,$A2,$21,$68,$C2,$35,$3F,$FE,$C9,$0F,$DA,$A2 ; |?.....!h.5?.....|
FFCE49A2d 2168C235400D834E     dc.b    $21,$68,$C2,$35,$40,$0D,$83,$4E,$00,$00,$00,$00,$00,$00,$40,$1D ; |!h.5@..N......@.|
FFCE49B2d FFFFFFFE00000000     dc.b    $FF,$FF,$FF,$FE,$00,$00,$00,$00,$3F,$FF,$B5,$04,$F3,$33,$F9,$DE ; |........?....3..|
FFCE49C2d 64843FFEB504F333     dc.b    $64,$84,$3F,$FE,$B5,$04,$F3,$33,$F9,$DE,$64,$84,$40,$00,$AD,$F8 ; |d.?....3..d.@...|
FFCE49D2d 5458A2BB4A9B3FFE     dc.b    $54,$58,$A2,$BB,$4A,$9B,$3F,$FE,$B1,$72,$17,$F7,$D1,$CF,$79,$AC ; |TX..J.?..r....y.|
FFCE49E2d 3FFE93CD3A2C8198     dc.b    $3F,$FE,$93,$CD,$3A,$2C,$81,$98,$E2,$6A,$3F,$FA,$DC,$2A,$86,$B1 ; |?...:,...j?..*..|
FFCE49F2d 5FDB64623FFD8930     dc.b    $5F,$DB,$64,$62,$3F,$FD,$89,$30,$A2,$F4,$F6,$6A,$B1,$8A,$00,$03 ; |_.db?..0...j....|
FFCE4A02d 3FFF800000000000     dc.b    $3F,$FF,$80,$00,$00,$00,$00,$00,$00,$00,$40,$07,$88,$D8,$B8,$44 ; |?.........@....D|
FFCE4A12d A6A85A30400E8A15     dc.b    $A6,$A8,$5A,$30,$40,$0E,$8A,$15,$8A,$49,$09,$79,$23,$20,$40,$13 ; |..Z0@....I.y# @.|
FFCE4A22d FAA9FE26FE63F22B     dc.b    $FA,$A9,$FE,$26,$FE,$63,$F2,$2B,$00,$03,$BF,$FE,$C2,$50,$86,$AE ; |...&.c.+.....P..|
FFCE4A32d 43F5CBF540069E76     dc.b    $43,$F5,$CB,$F5,$40,$06,$9E,$76,$EC,$66,$BE,$E7,$6B,$A2,$C0,$0C ; |C...@..v.f..k...|
FFCE4A42d AF51A1D6C4C4AA01     dc.b    $AF,$51,$A1,$D6,$C4,$C4,$AA,$01,$40,$11,$A7,$1B,$FE,$C4,$A9,$97 ; |.Q......@.......|
FFCE4A52d F6CE00033FFF8000     dc.b    $F6,$CE,$00,$03,$3F,$FF,$80,$00,$00,$00,$00,$00,$00,$00,$40,$07 ; |....?.........@.|
FFCE4A62d A6D96A95FBDF9685     dc.b    $A6,$D9,$6A,$95,$FB,$DF,$96,$85,$40,$0E,$C7,$A7,$EA,$65,$E8,$5D ; |..j.....@....e.]|
FFCE4A72d 156B4014D26E871C     dc.b    $15,$6B,$40,$14,$D2,$6E,$87,$1C,$7B,$17,$52,$B2,$00,$03,$BF,$FB ; |.k@..n..{.R.....|
FFCE4A82d D57E18D7A6F6D758     dc.b    $D5,$7E,$18,$D7,$A6,$F6,$D7,$58,$40,$03,$E3,$64,$93,$7E,$32,$B3 ; |.~.....X@..d.~2.|
FFCE4A92d D072C00AA62D4056     dc.b    $D0,$72,$C0,$0A,$A6,$2D,$40,$56,$58,$6B,$C0,$45,$40,$10,$8C,$49 ; |.r...-@VXk.E@..I|
FFCE4AA2d AF68520F8C7A0003     dc.b    $AF,$68,$52,$0F,$8C,$7A,$00,$03,$BF,$FF,$80,$00,$00,$00,$00,$00 ; |.hR..z..........|
FFCE4AB2d 00004005B5130324     dc.b    $00,$00,$40,$05,$B5,$13,$03,$24,$83,$C0,$09,$55,$C0,$09,$D1,$FF ; |..@....$...U....|
FFCE4AC2d B2425762E0CF400A     dc.b    $B2,$42,$57,$62,$E0,$CF,$40,$0A,$E1,$90,$93,$09,$93,$76,$66,$AB ; |.BWb..@......vf.|
FFCE4AD2d 0003BFE9B1FC3363     dc.b    $00,$03,$BF,$E9,$B1,$FC,$33,$63,$D7,$9B,$28,$38,$3F,$FD,$AA,$9D ; |......3c..(8?...|
FFCE4AE2d 71D83EC74CD1C003     dc.b    $71,$D8,$3E,$C7,$4C,$D1,$C0,$03,$E9,$CD,$8E,$24,$B9,$65,$7D,$BB ; |q.>.L......$.e}.|
FFCE4AF2d 4007F09A36709D4B     dc.b    $40,$07,$F0,$9A,$36,$70,$9D,$4B,$18,$36,$00,$04,$3F,$FF,$98,$D3 ; |@...6p.K.6..?...|
FFCE4B02d 1EAE2AFA5DAD4003     dc.b    $1E,$AE,$2A,$FA,$5D,$AD,$40,$03,$8F,$79,$4C,$D8,$B3,$CD,$EF,$D9 ; |..*.].@..yL.....|
FFCE4B12d 40058E37ED8570B8     dc.b    $40,$05,$8E,$37,$ED,$85,$70,$B8,$B3,$68,$40,$05,$CD,$A4,$BE,$A1 ; |@..7..p..h@.....|
FFCE4B22d AC59F3B84004C405     dc.b    $AC,$59,$F3,$B8,$40,$04,$C4,$05,$9C,$55,$4C,$F0,$C6,$56,$00,$04 ; |.Y..@....UL..V..|
FFCE4B32d 3FFF800000000000     dc.b    $3F,$FF,$80,$00,$00,$00,$00,$00,$00,$00,$40,$02,$A2,$3B,$6C,$13 ; |?.........@..;l.|
FFCE4B42d 1F920E304003C3C8     dc.b    $1F,$92,$0E,$30,$40,$03,$C3,$C8,$59,$3D,$FA,$3A,$48,$6F,$40,$03 ; |...0@...Y=.:Ho@.|
FFCE4B52d 82AE6838DDF5D945     dc.b    $82,$AE,$68,$38,$DD,$F5,$D9,$45,$00,$00,$00,$00,$00,$00,$00,$00 ; |..h8...E........|
FFCE4B62d 0000000000000000     dc.b    $00,$00,$00,$00,$00,$00,$00,$00,$00,$00,$00,$00,$00,$00,$08,$00 ; |................|
FFCE4B72d 000000000000000E     dc.b    $00,$00,$00,$00,$00,$00,$00,$0E,$39,$30 ; |........90|
