; ============================================================================
; ROM resource 'DRVR' 3 .Sound at FFD08EB0
; ============================================================================
; data at ROM 108EB0 (A1C bytes), entry at 1098C0, attributes 58, combo 7800000000000000
; data header: 4b757274 c0a00000 00000a1c 00000364
; 68k code resource, disassembled from its start (entry points: offset 0, driver
; header entries for DRVR, and executed addresses).
;
; Columns: address, flag, raw bytes, instruction, ; comment.
;   flag '*' executed in the coverage run, ' ' reached by control flow,
;   '?' decodes as code but neither executed nor reached, 'd' data.

FFD08EB0d 4E00000000000000     dc.b    $4E,$00,$00,$00,$00,$00,$00,$00,$00,$1A,$00,$36,$00,$54,$01,$F4 ; |N..........6.T..| DRVR header: flags 4E00, entries open/prime/control/status/close 1A 36 54 1F4 A6, name .Sound
FFD08EC0d 00A6062E536F756E     dc.b    $00,$A6,$06,$2E,$53,$6F,$75,$6E,$64,$20 ; |....Sound |
FFD08ECA* 610000BC             bsr     sub_FFD08F88                      ; driver Open entry
FFD08ECE* 0C8061736320         cmpi.l  #$61736320, D0
FFD08ED4* 67000108             beq     loc_FFD08FDE
FFD08ED8* 0C80636C6173         cmpi.l  #$636c6173, D0
FFD08EDE* 6700052E             beq     loc_FFD0940E
FFD08EE2* 7000                 moveq   #$0, D0
FFD08EE4* 4E75                 rts
FFD08EE6  610000A0             bsr     sub_FFD08F88                      ; driver Prime entry
FFD08EEA  0C8061736320         cmpi.l  #$61736320, D0
FFD08EF0  670001B6             beq     loc_FFD090A8
FFD08EF4  0C80636C6173         cmpi.l  #$636c6173, D0
FFD08EFA  670005DE             beq     loc_FFD094DA
FFD08EFE  303CFF38             move.w  #$ff38, D0
FFD08F02  606C                 bra     loc_FFD08F70
FFD08F04  3028001A             move.w  ($1a,A0), D0                      ; driver Control entry
FFD08F08  0C400002             cmpi.w  #$2, D0
FFD08F0C  662C                 bne     loc_FFD08F3A
FFD08F0E  2F08                 move.l  A0, -(A7)
FFD08F10  7000                 moveq   #$0, D0
FFD08F12  3028001C             move.w  ($1c,A0), D0
FFD08F16  02400007             andi.w  #$7, D0
FFD08F1A  11C00260             move.b  D0, $260.w                        ; SdVolume
FFD08F1E  E148                 lsl.w   #8, D0
FFD08F20  5C40                 addq.w  #6, D0
FFD08F22  81FC0007             divs.w  #$7, D0
FFD08F26  4267                 clr.w   -(A7)
FFD08F28  3F00                 move.w  D0, -(A7)
FFD08F2A  3F00                 move.w  D0, -(A7)
FFD08F2C  203C02300018         move.l  #$2300018, D0
FFD08F32  A800                 _SoundDispatch                            ; A-line trap A800
FFD08F34  301F                 move.w  (A7)+, D0
FFD08F36  205F                 movea.l (A7)+, A0
FFD08F38  6036                 bra     loc_FFD08F70
loc_FFD08F3A:
FFD08F3A  614C                 bsr     sub_FFD08F88
FFD08F3C  0C8061736320         cmpi.l  #$61736320, D0
FFD08F42  67000150             beq     loc_FFD09094
FFD08F46  0C80636C6173         cmpi.l  #$636c6173, D0
FFD08F4C  67000542             beq     loc_FFD09490
FFD08F50  303CFF38             move.w  #$ff38, D0
FFD08F54  601A                 bra     loc_FFD08F70
FFD08F56  6130                 bsr     sub_FFD08F88                      ; driver Close entry
FFD08F58  0C8061736320         cmpi.l  #$61736320, D0
FFD08F5E  670000D4             beq     loc_FFD09034
FFD08F62  0C80636C6173         cmpi.l  #$636c6173, D0
FFD08F68  670004D0             beq     loc_FFD0943A
FFD08F6C  7000                 moveq   #$0, D0
FFD08F6E  4E75                 rts
loc_FFD08F70:
FFD08F70  32280006             move.w  ($6,A0), D1
FFD08F74  08010009             btst    #$9, D1
FFD08F78  6706                 beq     loc_FFD08F80
FFD08F7A  0801000A             btst    #$a, D1
FFD08F7E  6706                 beq     loc_FFD08F86
loc_FFD08F80:
FFD08F80  207808FC             movea.l $8fc.w, A0                        ; JIODone
FFD08F84  4ED0                 jmp     (A0)
loc_FFD08F86:
FFD08F86  4E75                 rts

sub_FFD08F88:
FFD08F88* 48E700E0             movem.l A0-A2, -(A7)
FFD08F8C* 203C736E6877         move.l  #$736e6877, D0
FFD08F92* A1AD                 _Gestalt                                  ; A-line trap A1AD
FFD08F94* 4A40                 tst.w   D0
FFD08F96* 663A                 bne     loc_FFD08FD2
FFD08F98* 2008                 move.l  A0, D0
FFD08F9A* 0C8061736320         cmpi.l  #$61736320, D0
FFD08FA0* 6626                 bne     loc_FFD08FC8
FFD08FA2  24780CC0             movea.l $cc0.w, A2
FFD08FA6  122A0800             move.b  ($800,A2), D1
FFD08FAA  020100F0             andi.b  #$f0, D1
FFD08FAE  0C010000             cmpi.b  #$0, D1
FFD08FB2  6724                 beq     loc_FFD08FD8
FFD08FB4  0C0100B0             cmpi.b  #-$50, D1
FFD08FB8  6706                 beq     loc_FFD08FC0
FFD08FBA  0C0100E0             cmpi.b  #-$20, D1
FFD08FBE  6612                 bne     loc_FFD08FD2
loc_FFD08FC0:
FFD08FC0  203C636C6173         move.l  #$636c6173, D0
FFD08FC6  6010                 bra     loc_FFD08FD8
loc_FFD08FC8:
FFD08FC8* 0C80636C6173         cmpi.l  #$636c6173, D0
FFD08FCE* 6602                 bne     loc_FFD08FD2
FFD08FD0  6006                 bra     loc_FFD08FD8
loc_FFD08FD2:
FFD08FD2* 203C3F3F3F3F         move.l  #$3f3f3f3f, D0
loc_FFD08FD8:
FFD08FD8* 4CDF0700             movem.l (A7)+, A0-A2
FFD08FDC* 4E75                 rts
loc_FFD08FDE:
FFD08FDE  21C9027A             move.l  A1, $27a.w                        ; SoundDCE
FFD08FE2  6102                 bsr     sub_FFD08FE6
FFD08FE4  4E75                 rts

sub_FFD08FE6:
FFD08FE6  4238027E             clr.b   $27e.w                            ; SoundActive
FFD08FEA  4AB80266             tst.l   $266.w                            ; SoundBase
FFD08FEE  673C                 beq     loc_FFD0902C
FFD08FF0  7010                 moveq   #$10, D0
FFD08FF2  A51E                 _NewPtrSys                                ; A-line trap A51E
FFD08FF4  4A40                 tst.w   D0
FFD08FF6  6634                 bne     loc_FFD0902C
FFD08FF8  4290                 clr.l   (A0)
FFD08FFA  317C00010004         move.w  #$1, ($4,A0)
FFD09000  43FA03B8             lea     ($ffd093ba,PC), A1
FFD09004  21490006             move.l  A1, ($6,A0)
FFD09008  317C003D000A         move.w  #$3d, ($a,A0)
FFD0900E  317C0009000C         move.w  #$9, ($c,A0)
FFD09014  227801D4             movea.l $1d4.w, A1                        ; VIA
FFD09018  08D10007             bset    #$7, (A1)
FFD0901C  317C0080000E         move.w  #$80, ($e,A0)
FFD09022  A033                 _VInstall                                 ; A-line trap A033
loc_FFD09024:
FFD09024  20780CC0             movea.l $cc0.w, A0
FFD09028  21C80266             move.l  A0, $266.w                        ; SoundBase
loc_FFD0902C:
FFD0902C  7000                 moveq   #$0, D0
FFD0902E  4E75                 rts
loc_FFD09030:
FFD09030  42780280             clr.w   $280.w                            ; CurPitch
loc_FFD09034:
FFD09034  20780CC0             movea.l $cc0.w, A0
FFD09038  42280801             clr.b   ($801,A0)
FFD0903C  6102                 bsr     sub_FFD09040
FFD0903E  60EC                 bra     loc_FFD0902C

sub_FFD09040:
FFD09040  4A38027E             tst.b   $27e.w                            ; SoundActive
FFD09044  670A                 beq     loc_FFD09050
FFD09046  41F8026A             lea     $26a.w, A0                        ; SoundVBL
FFD0904A  A034                 _VRemove                                  ; A-line trap A034
FFD0904C  4238027E             clr.b   $27e.w                            ; SoundActive
loc_FFD09050:
FFD09050  4E75                 rts

sub_FFD09052:
FFD09052  11C0027F             move.b  D0, $27f.w                        ; SoundLevel
FFD09056  20780CC0             movea.l $cc0.w, A0
FFD0905A  2242                 movea.l D2, A1
FFD0905C  143C0080             move.b  #$80, D2
FFD09060  E208                 lsr.b   #1, D0
FFD09062  4A280800             tst.b   ($800,A0)
FFD09066  6606                 bne     loc_FFD0906E
FFD09068  143C0040             move.b  #$40, D2
FFD0906C  E208                 lsr.b   #1, D0
loc_FFD0906E:
FFD0906E  1202                 move.b  D2, D1
FFD09070  9200                 sub.b   D0, D1
FFD09072  D002                 add.b   D2, D0
FFD09074  363C00FF             move.w  #$ff, D3
loc_FFD09078:
FFD09078  11410500             move.b  D1, ($500,A0)
FFD0907C  11410100             move.b  D1, ($100,A0)
FFD09080  11400400             move.b  D0, ($400,A0)
FFD09084  10C0                 move.b  D0, (A0)+
FFD09086  51CBFFF0             dbra    D3, loc_FFD09078
FFD0908A  1082                 move.b  D2, (A0)
FFD0908C  11420400             move.b  D2, ($400,A0)
FFD09090  2409                 move.l  A1, D2
FFD09092  4E75                 rts
loc_FFD09094:
FFD09094  3028001A             move.w  ($1a,A0), D0
FFD09098  670A                 beq     loc_FFD090A4
FFD0909A  5340                 subq.w  #1, D0
FFD0909C  6792                 beq     loc_FFD09030
FFD0909E  3028001C             move.w  ($1c,A0), D0
FFD090A2  61AE                 bsr     sub_FFD09052
loc_FFD090A4:
FFD090A4  6000017E             bra     loc_FFD09224                      ; driver Status entry
loc_FFD090A8:
FFD090A8  22680020             movea.l ($20,A0), A1
FFD090AC  4A59                 tst.w   (A1)+
FFD090AE  67000248             beq     loc_FFD092F8
FFD090B2  6A00017C             bpl     loc_FFD09230
FFD090B6  2F08                 move.l  A0, -(A7)
FFD090B8  20780CC0             movea.l $cc0.w, A0
FFD090BC  41E80800             lea     ($800,A0), A0
FFD090C0  42280007             clr.b   ($7,A0)
FFD090C4  117C00020002         move.b  #$2, ($2,A0)
FFD090CA  48E78080             movem.l D0/A0, -(A7)
FFD090CE  41E80010             lea     ($10,A0), A0
FFD090D2  303C001F             move.w  #$1f, D0
loc_FFD090D6:
FFD090D6  4218                 clr.b   (A0)+
FFD090D8  51C8FFFC             dbra    D0, loc_FFD090D6
FFD090DC  4CDF0101             movem.l (A7)+, D0/A0
FFD090E0  117C00FE0030         move.b  #$fe, ($30,A0)
FFD090E6  42280031             clr.b   ($31,A0)
FFD090EA  117C00FE0032         move.b  #$fe, ($32,A0)
FFD090F0  42280033             clr.b   ($33,A0)
FFD090F4  117C00FE0034         move.b  #$fe, ($34,A0)
FFD090FA  42280035             clr.b   ($35,A0)
FFD090FE  117C00FE0036         move.b  #$fe, ($36,A0)
FFD09104  42280037             clr.b   ($37,A0)
FFD09108  42280005             clr.b   ($5,A0)
FFD0910C  0C2800020001         cmpi.b  #$2, ($1,A0)
FFD09112  6706                 beq     loc_FFD0911A
FFD09114  117C00020001         move.b  #$2, ($1,A0)
loc_FFD0911A:
FFD0911A  205F                 movea.l (A7)+, A0
FFD0911C  4C990007             movem.w (A1)+, D0-D2
FFD09120  4A42                 tst.w   D2
FFD09122  670000A0             beq     loc_FFD091C4
FFD09126  2F08                 move.l  A0, -(A7)
FFD09128  31C00280             move.w  D0, $280.w                        ; CurPitch
FFD0912C  7600                 moveq   #$0, D3
FFD0912E  4A40                 tst.w   D0
FFD09130  670A                 beq     loc_FFD0913C
FFD09132  263C11999999         move.l  #$11999999, D3
FFD09138  4C403003             divu.l  D0, D3; (2+)
loc_FFD0913C:
FFD0913C  20780CC0             movea.l $cc0.w, A0
FFD09140  11430817             move.b  D3, ($817,A0)
FFD09144  11430827             move.b  D3, ($827,A0)
FFD09148  E09B                 ror.l   #8, D3
FFD0914A  11430816             move.b  D3, ($816,A0)
FFD0914E  11430826             move.b  D3, ($826,A0)
FFD09152  E09B                 ror.l   #8, D3
FFD09154  11430815             move.b  D3, ($815,A0)
FFD09158  11430825             move.b  D3, ($825,A0)
FFD0915C  E09B                 ror.l   #8, D3
FFD0915E  11430814             move.b  D3, ($814,A0)
FFD09162  11430824             move.b  D3, ($824,A0)
FFD09166  3001                 move.w  D1, D0
FFD09168  6100FEE8             bsr     sub_FFD09052
FFD0916C  3002                 move.w  D2, D0
FFD0916E  43FA0036             lea     ($ffd091a6,PC), A1
FFD09172  610C                 bsr     sub_FFD09180
FFD09174  205F                 movea.l (A7)+, A0
FFD09176  5CA80028             addq.l  #6, ($28,A0)
FFD0917A  6000FEB0             bra     loc_FFD0902C

sub_FFD0917E:
FFD0917E  7001                 moveq   #$1, D0

sub_FFD09180:
FFD09180  41F8026A             lea     $26a.w, A0                        ; SoundVBL
FFD09184  3140000A             move.w  D0, ($a,A0)
FFD09188  4A38027E             tst.b   $27e.w                            ; SoundActive
FFD0918C  6616                 bne     loc_FFD091A4
FFD0918E  4290                 clr.l   (A0)
FFD09190  317C00010004         move.w  #$1, ($4,A0)
FFD09196  21490006             move.l  A1, ($6,A0)
FFD0919A  4268000C             clr.w   ($c,A0)
FFD0919E  A033                 _VInstall                                 ; A-line trap A033
FFD091A0  50F8027E             st      $27e.w                            ; SoundActive
loc_FFD091A4:
FFD091A4  4E75                 rts
FFD091A6d 2278027A20690008     dc.b    $22,$78,$02,$7A,$20,$69,$00,$08,$20,$28,$00,$28,$22,$68,$00,$20 ; |"x.z i.. (.("h. |
FFD091B6d D3C054895840B0A8     dc.b    $D3,$C0,$54,$89,$58,$40,$B0,$A8,$00,$24,$6D,$00,$FF,$5A ; |..T.X@...$m..Z|
loc_FFD091C4:
FFD091C4  42780280             clr.w   $280.w                            ; CurPitch
FFD091C8  20780CC0             movea.l $cc0.w, A0
FFD091CC  41E80800             lea     ($800,A0), A0
FFD091D0  42280014             clr.b   ($14,A0)
FFD091D4  42280015             clr.b   ($15,A0)
FFD091D8  42280016             clr.b   ($16,A0)
FFD091DC  42280017             clr.b   ($17,A0)
FFD091E0  4228001C             clr.b   ($1c,A0)
FFD091E4  4228001D             clr.b   ($1d,A0)
FFD091E8  4228001E             clr.b   ($1e,A0)
FFD091EC  4228001F             clr.b   ($1f,A0)
FFD091F0  42280024             clr.b   ($24,A0)
FFD091F4  42280025             clr.b   ($25,A0)
FFD091F8  42280026             clr.b   ($26,A0)
FFD091FC  42280027             clr.b   ($27,A0)
FFD09200  4228002C             clr.b   ($2c,A0)
FFD09204  4228002D             clr.b   ($2d,A0)
FFD09208  4228002E             clr.b   ($2e,A0)
FFD0920C  4228002F             clr.b   ($2f,A0)
FFD09210  42280001             clr.b   ($1,A0)
FFD09214  42280002             clr.b   ($2,A0)
FFD09218  42280003             clr.b   ($3,A0)
FFD0921C  42280004             clr.b   ($4,A0)
FFD09220  6100FE1E             bsr     sub_FFD09040
loc_FFD09224:
FFD09224  7000                 moveq   #$0, D0
FFD09226  2278027A             movea.l $27a.w, A1                        ; SoundDCE
FFD0922A  207808FC             movea.l $8fc.w, A0                        ; JIODone
FFD0922E  4ED0                 jmp     (A0)
loc_FFD09230:
FFD09230  21D90262             move.l  (A1)+, $262.w                     ; SoundVars
FFD09234  22780CC0             movea.l $cc0.w, A1
FFD09238  43E90800             lea     ($800,A1), A1
FFD0923C  0C2900010001         cmpi.b  #$1, ($1,A1)
FFD09242  671A                 beq     loc_FFD0925E
FFD09244  42290007             clr.b   ($7,A1)
FFD09248  42290002             clr.b   ($2,A1)
FFD0924C  137C00010001         move.b  #$1, ($1,A1)
FFD09252  08E900070003         bset    #$7, ($3,A1)
FFD09258  08A900070003         bclr    #$7, ($3,A1)
loc_FFD0925E:
FFD0925E  43FA0018             lea     ($ffd09278,PC), A1
loc_FFD09262:
FFD09262  6100FF1A             bsr     sub_FFD0917E
FFD09266  6000FDC4             bra     loc_FFD0902C
FFD0926A? 22780CC0             movea.l $cc0.w, A1
FFD0926E? 42290801             clr.b   ($801,A1)
FFD09272? 4CDF7FFF             movem.l (A7)+, D0-D7/A0-A6
FFD09276? 60A8                 bra     $ffd09220
FFD09278? 48E7FFFE             movem.l D0-D7/A0-A6, -(A7)
FFD0927C? 2C780262             movea.l $262.w, A6                        ; SoundVars
FFD09280? 4A56                 tst.w   (A6)
FFD09282? 67E6                 beq     $ffd0926a
FFD09284? 41F8026A             lea     $26a.w, A0                        ; SoundVBL
FFD09288? 317C0001000A         move.w  #$1, ($a,A0)
FFD0928E? 535E                 subq.w  #1, (A6)+
FFD09290? 4CD63FFC             movem.l (A6), D2-D7/A0-A5
FFD09294? 2C780CC0             movea.l $cc0.w, A6
FFD09298? 223C00FF0000         move.l  #$ff0000, D1
FFD0929E? 3F3C0172             move.w  #$172, -(A7)
FFD092A2? 4241                 clr.w   D1
FFD092A4? D682                 add.l   D2, D3
FFD092A6? DA84                 add.l   D4, D5
FFD092A8? DE86                 add.l   D6, D7
FFD092AA? D3C8                 adda.l  A0, A1
FFD092AC? 2003                 move.l  D3, D0
FFD092AE? C081                 and.l   D1, D0
FFD092B0? 4840                 swap    D0
FFD092B2? 12320000             move.b  (A2,D0.w), D1
FFD092B6? 2005                 move.l  D5, D0
FFD092B8? C081                 and.l   D1, D0
FFD092BA? 4840                 swap    D0
FFD092BC? 10330000             move.b  (A3,D0.w), D0
FFD092C0? D240                 add.w   D0, D1
FFD092C2? 2007                 move.l  D7, D0
FFD092C4? C081                 and.l   D1, D0
FFD092C6? 4840                 swap    D0
FFD092C8? 10340000             move.b  (A4,D0.w), D0
FFD092CC? D240                 add.w   D0, D1
FFD092CE? 2009                 move.l  A1, D0
FFD092D0? C081                 and.l   D1, D0
FFD092D2? 4840                 swap    D0
FFD092D4? 10350000             move.b  (A5,D0.w), D0
FFD092D8? D240                 add.w   D0, D1
FFD092DA? E449                 lsr.w   #2, D1
FFD092DC? 1C81                 move.b  D1, (A6)
FFD092DE? 5357                 subq.w  #1, (A7)
FFD092E0? 66C0                 bne     $ffd092a2
FFD092E2? 11C1027F             move.b  D1, $27f.w                        ; SoundLevel
FFD092E6? 544F                 addq.w  #2, A7
FFD092E8? 2C780262             movea.l $262.w, A6                        ; SoundVars
FFD092EC? 544E                 addq.w  #2, A6
FFD092EE? 48D603FC             movem.l D2-D7/A0-A1, (A6)
FFD092F2? 4CDF7FFF             movem.l (A7)+, D0-D7/A0-A6
FFD092F6? 4E75                 rts
loc_FFD092F8:
FFD092F8  22780CC0             movea.l $cc0.w, A1
FFD092FC  43E90800             lea     ($800,A1), A1
FFD09300  0C2900010001         cmpi.b  #$1, ($1,A1)
FFD09306  671A                 beq     loc_FFD09322
FFD09308  42290007             clr.b   ($7,A1)
FFD0930C  42290002             clr.b   ($2,A1)
FFD09310  137C00010001         move.b  #$1, ($1,A1)
FFD09316  08E900070003         bset    #$7, ($3,A1)
FFD0931C  08A900070003         bclr    #$7, ($3,A1)
loc_FFD09322:
FFD09322  2278027A             movea.l $27a.w, A1                        ; SoundDCE
FFD09326  42A90010             clr.l   ($10,A1)
FFD0932A  43FA0006             lea     ($ffd09332,PC), A1
FFD0932E  6000FF32             bra     loc_FFD09262
FFD09332? 2278027A             movea.l $27a.w, A1                        ; SoundDCE
FFD09336? 20290008             move.l  ($8,A1), D0
FFD0933A? 660E                 bne     $ffd0934a
FFD0933C? 22780CC0             movea.l $cc0.w, A1
FFD09340? 42290801             clr.b   ($801,A1)
FFD09344? 6100FCFA             bsr     sub_FFD09040
FFD09348? 4E75                 rts
FFD0934A? 2040                 movea.l D0, A0
FFD0934C? 20280028             move.l  ($28,A0), D0
FFD09350? B0A80024             cmp.l   ($24,A0), D0
FFD09354? 6D06                 blt     $ffd0935c
FFD09356? 6100FEC8             bsr     $ffd09220
FFD0935A? 60D6                 bra     $ffd09332
FFD0935C? 26290010             move.l  ($10,A1), D3
FFD09360? 47F8026A             lea     $26a.w, A3                        ; SoundVBL
FFD09364? 377C0001000A         move.w  #$1, ($a,A3)
FFD0936A? 22680020             movea.l ($20,A0), A1
FFD0936E? 5449                 addq.w  #2, A1
FFD09370? 2219                 move.l  (A1)+, D1
FFD09372? 2649                 movea.l A1, A3
FFD09374? D7E80024             adda.l  ($24,A0), A3
FFD09378? D3C0                 adda.l  D0, A1
FFD0937A? 24780CC0             movea.l $cc0.w, A2
FFD0937E? 343C0171             move.w  #$171, D2
FFD09382? 7000                 moveq   #$0, D0
FFD09384? 1491                 move.b  (A1), (A2)
FFD09386? D681                 add.l   D1, D3
FFD09388? 4843                 swap    D3
FFD0938A? D2C3                 adda.w  D3, A1
FFD0938C? D043                 add.w   D3, D0
FFD0938E? 4243                 clr.w   D3
FFD09390? 4843                 swap    D3
FFD09392? B7C9                 cmpa.l  A1, A3
FFD09394? 5FCAFFEE             dble    D2, $ffd09384
FFD09398? D1A80028             add.l   D0, ($28,A0)
FFD0939C? 11E9FFFF027F         move.b  (-$1,A1), $27f.w                  ; SoundLevel
FFD093A2? 2278027A             movea.l $27a.w, A1                        ; SoundDCE
FFD093A6? 23430010             move.l  D3, ($10,A1)
FFD093AA? 20280028             move.l  ($28,A0), D0
FFD093AE? B0A80024             cmp.l   ($24,A0), D0
FFD093B2? 6D04                 blt     $ffd093b8
FFD093B4? 6100FE6E             bsr     loc_FFD09224
FFD093B8? 4E75                 rts
FFD093BA? 317C003D000A         move.w  #$3d, ($a,A0)
FFD093C0? 227801D4             movea.l $1d4.w, A1                        ; VIA
FFD093C4? 1011                 move.b  (A1), D0
FFD093C6? 02000080             andi.b  #$80, D0
FFD093CA? 1228000E             move.b  ($e,A0), D1
FFD093CE? B101                 eor.b   D0, D1
FFD093D0? 673A                 beq     $ffd0940c
FFD093D2? 1140000E             move.b  D0, ($e,A0)
FFD093D6? 670A                 beq     $ffd093e2
FFD093D8? 22780CC0             movea.l $cc0.w, A1
FFD093DC? 42290801             clr.b   ($801,A1)
FFD093E0? 4E75                 rts
FFD093E2? 20780CC0             movea.l $cc0.w, A0
FFD093E6? 41E80800             lea     ($800,A0), A0
FFD093EA? 0C2800010001         cmpi.b  #$1, ($1,A0)
FFD093F0? 671A                 beq     $ffd0940c
FFD093F2? 42280007             clr.b   ($7,A0)
FFD093F6? 42280002             clr.b   ($2,A0)
FFD093FA? 117C00010001         move.b  #$1, ($1,A0)
FFD09400? 08E800070003         bset    #$7, ($3,A0)
FFD09406? 08A800070003         bclr    #$7, ($3,A0)
FFD0940C? 4E75                 rts
loc_FFD0940E:
FFD0940E  2401                 move.l  D1, D2
FFD09410  21C9027A             move.l  A1, $27a.w                        ; SoundDCE
FFD09414  612E                 bsr     sub_FFD09444
FFD09416  4238027E             clr.b   $27e.w                            ; SoundActive
FFD0941A  700C                 moveq   #$c, D0
FFD0941C  A51E                 _NewPtrSys                                ; A-line trap A51E
FFD0941E  2008                 move.l  A0, D0
FFD09420  6708                 beq     loc_FFD0942A
FFD09422  2278027A             movea.l $27a.w, A1                        ; SoundDCE
FFD09426  23480014             move.l  A0, ($14,A1)
loc_FFD0942A:
FFD0942A  0C0200B0             cmpi.b  #-$50, D2
FFD0942E  6700FBB6             beq     sub_FFD08FE6
FFD09432  6000FBF0             bra     loc_FFD09024
loc_FFD09436:
FFD09436  42780280             clr.w   $280.w                            ; CurPitch
loc_FFD0943A:
FFD0943A  6100FC04             bsr     sub_FFD09040
FFD0943E  6104                 bsr     sub_FFD09444
FFD09440  6000FBEA             bra     loc_FFD0902C

sub_FFD09444:
FFD09444  103C0080             move.b  #$80, D0
FFD09448  611A                 bsr     sub_FFD09464

sub_FFD0944A:
FFD0944A  207801D4             movea.l $1d4.w, A0                        ; VIA
FFD0944E  4A380B3F             tst.b   $b3f.w
FFD09452  660A                 bne     loc_FFD0945E
FFD09454  0228003F1600         andi.b  #$3f, ($1600,A0)
FFD0945A  50F80B3F             st      $b3f.w
loc_FFD0945E:
FFD0945E  4E75                 rts

sub_FFD09460:
FFD09460  1038027F             move.b  $27f.w, D0                        ; SoundLevel

sub_FFD09464:
FFD09464  11C0027F             move.b  D0, $27f.w                        ; SoundLevel
FFD09468  1200                 move.b  D0, D1
FFD0946A  E148                 lsl.w   #8, D0
FFD0946C  1001                 move.b  D1, D0
FFD0946E  3200                 move.w  D0, D1
FFD09470  4840                 swap    D0
FFD09472  3001                 move.w  D1, D0
FFD09474  20780266             movea.l $266.w, A0                        ; SoundBase
FFD09478  722D                 moveq   #$2d, D1
loc_FFD0947A:
FFD0947A  01C80000             movep.l D0, ($0,A0)
FFD0947E  01C80008             movep.l D0, ($8,A0)
FFD09482  41E80010             lea     ($10,A0), A0
FFD09486  51C9FFF2             dbra    D1, loc_FFD0947A
FFD0948A  01880000             movep.w D0, ($0,A0)
FFD0948E  4E75                 rts
loc_FFD09490:
FFD09490  3028001A             move.w  ($1a,A0), D0
FFD09494  6700FC0E             beq     loc_FFD090A4
FFD09498  5340                 subq.w  #1, D0
FFD0949A  679A                 beq     loc_FFD09436
FFD0949C  3028001C             move.w  ($1c,A0), D0
FFD094A0  6100FAE6             bsr     sub_FFD08F88
FFD094A4  0C0100E0             cmpi.b  #-$20, D1
FFD094A8  670C                 beq     loc_FFD094B6
FFD094AA  0C0100B0             cmpi.b  #-$50, D1
FFD094AE  6706                 beq     loc_FFD094B6
FFD094B0  61B2                 bsr     sub_FFD09464
FFD094B2  6000FBF0             bra     loc_FFD090A4
loc_FFD094B6:
FFD094B6  2278027A             movea.l $27a.w, A1                        ; SoundDCE
FFD094BA  22690014             movea.l ($14,A1), A1
FFD094BE  11C0027F             move.b  D0, $27f.w                        ; SoundLevel
FFD094C2  123C0080             move.b  #$80, D1
FFD094C6  E208                 lsr.b   #1, D0
FFD094C8  1401                 move.b  D1, D2
FFD094CA  9400                 sub.b   D0, D2
FFD094CC  D001                 add.b   D1, D0
FFD094CE  13420008             move.b  D2, ($8,A1)
FFD094D2  13400009             move.b  D0, ($9,A1)
FFD094D6  6000FBCC             bra     loc_FFD090A4
loc_FFD094DA:
FFD094DA  227801D4             movea.l $1d4.w, A1                        ; VIA
FFD094DE  08910007             bclr    #$7, (A1)
FFD094E2  22680020             movea.l ($20,A0), A1
FFD094E6  4A59                 tst.w   (A1)+
FFD094E8  67000302             beq     loc_FFD097EC
FFD094EC  6A0001DA             bpl     loc_FFD096C8
FFD094F0  6100FA96             bsr     sub_FFD08F88
FFD094F4  0C0100E0             cmpi.b  #-$20, D1
FFD094F8  670000BA             beq     loc_FFD095B4
FFD094FC  0C0100B0             cmpi.b  #-$50, D1
FFD09500  670000B2             beq     loc_FFD095B4
FFD09504  4C990007             movem.w (A1)+, D0-D2
FFD09508  4A42                 tst.w   D2
FFD0950A  67000094             beq     loc_FFD095A0
FFD0950E  2F08                 move.l  A0, -(A7)
FFD09510  4A380B3F             tst.b   $b3f.w
FFD09514  670C                 beq     loc_FFD09522
FFD09516  08B800070B3F         bclr    #$7, $b3f.w
FFD0951C  6720                 beq     loc_FFD0953E
FFD0951E  42380B3F             clr.b   $b3f.w
loc_FFD09522:
FFD09522  207801D4             movea.l $1d4.w, A0                        ; VIA
FFD09526  002800C01600         ori.b   #$c0, ($1600,A0)
FFD0952C  B0780280             cmp.w   $280.w, D0                        ; CurPitch
FFD09530  670C                 beq     loc_FFD0953E
FFD09532  11400800             move.b  D0, ($800,A0)
FFD09536  E058                 ror.w   #8, D0
FFD09538  11400A00             move.b  D0, ($a00,A0)
FFD0953C  E058                 ror.w   #8, D0
loc_FFD0953E:
FFD0953E  31C00280             move.w  D0, $280.w                        ; CurPitch
FFD09542  3001                 move.w  D1, D0
FFD09544  6100FF1E             bsr     sub_FFD09464
FFD09548  3002                 move.w  D2, D0
FFD0954A  43FA0036             lea     ($ffd09582,PC), A1
FFD0954E  610C                 bsr     sub_FFD0955C
FFD09550  205F                 movea.l (A7)+, A0
FFD09552  5CA80028             addq.l  #6, ($28,A0)
FFD09556  6000FAD4             bra     loc_FFD0902C

sub_FFD0955A:
FFD0955A  7001                 moveq   #$1, D0

sub_FFD0955C:
FFD0955C  41F8026A             lea     $26a.w, A0                        ; SoundVBL
FFD09560  3140000A             move.w  D0, ($a,A0)
FFD09564  4A38027E             tst.b   $27e.w                            ; SoundActive
FFD09568  6616                 bne     loc_FFD09580
FFD0956A  4290                 clr.l   (A0)
FFD0956C  317C00010004         move.w  #$1, ($4,A0)
FFD09572  21490006             move.l  A1, ($6,A0)
FFD09576  4268000C             clr.w   ($c,A0)
FFD0957A  A033                 _VInstall                                 ; A-line trap A033
FFD0957C  50F8027E             st      $27e.w                            ; SoundActive
loc_FFD09580:
FFD09580  4E75                 rts
FFD09582d 2278027A20690008     dc.b    $22,$78,$02,$7A,$20,$69,$00,$08,$20,$28,$00,$28,$22,$68,$00,$20 ; |"x.z i.. (.("h. |
FFD09592d D3C054895840B0A8     dc.b    $D3,$C0,$54,$89,$58,$40,$B0,$A8,$00,$24,$6D,$00,$FF,$66 ; |..T.X@...$m..f|
loc_FFD095A0:
FFD095A0  6100FEA8             bsr     sub_FFD0944A
FFD095A4  42780280             clr.w   $280.w                            ; CurPitch
FFD095A8  6100FA96             bsr     sub_FFD09040
FFD095AC  6100FEB2             bsr     sub_FFD09460
FFD095B0  6000FC72             bra     loc_FFD09224
loc_FFD095B4:
FFD095B4  20780CC0             movea.l $cc0.w, A0
FFD095B8  41E80800             lea     ($800,A0), A0
FFD095BC  0C2800010001         cmpi.b  #$1, ($1,A0)
FFD095C2  671A                 beq     loc_FFD095DE
FFD095C4  42280007             clr.b   ($7,A0)
FFD095C8  42280002             clr.b   ($2,A0)
FFD095CC  117C00010001         move.b  #$1, ($1,A0)
FFD095D2  08E800070003         bset    #$7, ($3,A0)
FFD095D8  08A800070003         bclr    #$7, ($3,A0)
loc_FFD095DE:
FFD095DE  2278027A             movea.l $27a.w, A1                        ; SoundDCE
FFD095E2  24690014             movea.l ($14,A1), A2
FFD095E6  4292                 clr.l   (A2)
FFD095E8  426A000A             clr.w   ($a,A2)
FFD095EC  43FA000A             lea     ($ffd095f8,PC), A1
FFD095F0  6100FB8C             bsr     sub_FFD0917E
FFD095F4  6000FA36             bra     loc_FFD0902C
FFD095F8? 48E70E00             movem.l D4-D6, -(A7)
FFD095FC? 317C0001000A         move.w  #$1, ($a,A0)
FFD09602? 2278027A             movea.l $27a.w, A1                        ; SoundDCE
FFD09606? 24690014             movea.l ($14,A1), A2
FFD0960A? 4A6A000A             tst.w   ($a,A2)
FFD0960E? 66000076             bne     $ffd09686
FFD09612? 2278027A             movea.l $27a.w, A1                        ; SoundDCE
FFD09616? 20690008             movea.l ($8,A1), A0
FFD0961A? 20280028             move.l  ($28,A0), D0
FFD0961E? 22680020             movea.l ($20,A0), A1
FFD09622? D3C0                 adda.l  D0, A1
FFD09624? 5489                 addq.l  #2, A1
FFD09626? 5840                 addq.w  #4, D0
FFD09628? B0A80024             cmp.l   ($24,A0), D0
FFD0962C? 6D18                 blt     $ffd09646
FFD0962E? 42780280             clr.w   $280.w                            ; CurPitch
FFD09632? 20780CC0             movea.l $cc0.w, A0
FFD09636? 42280801             clr.b   ($801,A0)
FFD0963A? 6100FA04             bsr     sub_FFD09040
FFD0963E? 4CDF0070             movem.l (A7)+, D4-D6
FFD09642? 6000FBE0             bra     loc_FFD09224
FFD09646? 4C990007             movem.w (A1)+, D0-D2
FFD0964A? 4A42                 tst.w   D2
FFD0964C? 67E0                 beq     $ffd0962e
FFD0964E? 7600                 moveq   #$0, D3
FFD09650? 4A40                 tst.w   D0
FFD09652? 670E                 beq     $ffd09662
FFD09654? 263C11999999         move.l  #$11999999, D3
FFD0965A? 4C403003             divu.l  D0, D3; (2+)
FFD0965E? 31C00280             move.w  D0, $280.w                        ; CurPitch
FFD09662? 25430004             move.l  D3, ($4,A2)
FFD09666? 11C1027F             move.b  D1, $27f.w                        ; SoundLevel
FFD0966A? 103C0080             move.b  #$80, D0
FFD0966E? E209                 lsr.b   #1, D1
FFD09670? 1600                 move.b  D0, D3
FFD09672? 9601                 sub.b   D1, D3
FFD09674? D200                 add.b   D0, D1
FFD09676? 15430008             move.b  D3, ($8,A2)
FFD0967A? 15410009             move.b  D1, ($9,A2)
FFD0967E? 3542000A             move.w  D2, ($a,A2)
FFD09682? 5CA80028             addq.l  #6, ($28,A0)
FFD09686? 536A000A             subq.w  #1, ($a,A2)
FFD0968A? 2012                 move.l  (A2), D0
FFD0968C? 222A0004             move.l  ($4,A2), D1
FFD09690? 142A0008             move.b  ($8,A2), D2
FFD09694? 162A0009             move.b  ($9,A2), D3
FFD09698? 20780CC0             movea.l $cc0.w, A0
FFD0969C? 283C00800000         move.l  #$800000, D4
FFD096A2? 3C3C0172             move.w  #$172, D6
FFD096A6? 4A80                 tst.l   D0
FFD096A8? 6604                 bne     $ffd096ae
FFD096AA? 3C3C01F2             move.w  #$1f2, D6
FFD096AE? D081                 add.l   D1, D0
FFD096B0? 2A00                 move.l  D0, D5
FFD096B2? CA84                 and.l   D4, D5
FFD096B4? 6604                 bne     $ffd096ba
FFD096B6? 1083                 move.b  D3, (A0)
FFD096B8? 6002                 bra     $ffd096bc
FFD096BA? 1082                 move.b  D2, (A0)
FFD096BC? 5346                 subq.w  #1, D6
FFD096BE? 66EE                 bne     $ffd096ae
FFD096C0? 2480                 move.l  D0, (A2)
FFD096C2? 4CDF0070             movem.l (A7)+, D4-D6
FFD096C6? 4E75                 rts
loc_FFD096C8:
FFD096C8  21D90262             move.l  (A1)+, $262.w                     ; SoundVars
FFD096CC  43FA0012             lea     ($ffd096e0,PC), A1
loc_FFD096D0:
FFD096D0  6100FE88             bsr     sub_FFD0955A
FFD096D4  6000F956             bra     loc_FFD0902C
FFD096D8d 4CDF7FFF6000FECA     dc.b    $4C,$DF,$7F,$FF,$60,$00,$FE,$CA   ; |L...`...|
FFD096E0? 48E7FFFE             movem.l D0-D7/A0-A6, -(A7)
FFD096E4? 2C780262             movea.l $262.w, A6                        ; SoundVars
FFD096E8? 4A56                 tst.w   (A6)
FFD096EA? 67EC                 beq     $ffd096d8
FFD096EC? 41F8026A             lea     $26a.w, A0                        ; SoundVBL
FFD096F0? 317C0001000A         move.w  #$1, ($a,A0)
FFD096F6? 535E                 subq.w  #1, (A6)+
FFD096F8? 4CD63FFC             movem.l (A6), D2-D7/A0-A5
FFD096FC? 2C780266             movea.l $266.w, A6                        ; SoundBase
FFD09700? 223C00FF0000         move.l  #$ff0000, D1
FFD09706? 2008                 move.l  A0, D0
FFD09708? 6608                 bne     $ffd09712
FFD0970A? 2006                 move.l  D6, D0
FFD0970C? 6604                 bne     $ffd09712
FFD0970E? 2004                 move.l  D4, D0
FFD09710? 6764                 beq     $ffd09776
FFD09712? 4DEE0172             lea     ($172,A6), A6
FFD09716? 3F3C0002             move.w  #$2, -(A7)
FFD0971A? 3F3C00B9             move.w  #$b9, -(A7)
FFD0971E? 4241                 clr.w   D1
FFD09720? D682                 add.l   D2, D3
FFD09722? DA84                 add.l   D4, D5
FFD09724? DE86                 add.l   D6, D7
FFD09726? D3C8                 adda.l  A0, A1
FFD09728? 2003                 move.l  D3, D0
FFD0972A? C081                 and.l   D1, D0
FFD0972C? 4840                 swap    D0
FFD0972E? 12320000             move.b  (A2,D0.w), D1
FFD09732? 2005                 move.l  D5, D0
FFD09734? C081                 and.l   D1, D0
FFD09736? 4840                 swap    D0
FFD09738? 10330000             move.b  (A3,D0.w), D0
FFD0973C? D240                 add.w   D0, D1
FFD0973E? 2007                 move.l  D7, D0
FFD09740? C081                 and.l   D1, D0
FFD09742? 4840                 swap    D0
FFD09744? 10340000             move.b  (A4,D0.w), D0
FFD09748? D240                 add.w   D0, D1
FFD0974A? 2009                 move.l  A1, D0
FFD0974C? C081                 and.l   D1, D0
FFD0974E? 4840                 swap    D0
FFD09750? 10350000             move.b  (A5,D0.w), D0
FFD09754? D240                 add.w   D0, D1
FFD09756? E449                 lsr.w   #2, D1
FFD09758? 1C81                 move.b  D1, (A6)
FFD0975A? 544E                 addq.w  #2, A6
FFD0975C? 5357                 subq.w  #1, (A7)
FFD0975E? 66BE                 bne     $ffd0971e
FFD09760? 11EAFFFE027F         move.b  (-$2,A2), $27f.w                  ; SoundLevel
FFD09766? 2C780266             movea.l $266.w, A6                        ; SoundBase
FFD0976A? 3EBC00B9             move.w  #$b9, (A7)
FFD0976E? 536F0002             subq.w  #1, ($2,A7)
FFD09772? 66AA                 bne     $ffd0971e
FFD09774? 6064                 bra     $ffd097da
FFD09776? 4DEE008C             lea     ($8c,A6), A6
FFD0977A? 3F3C0002             move.w  #$2, -(A7)
FFD0977E? 3F3C012C             move.w  #$12c, -(A7)
FFD09782? 2005                 move.l  D5, D0
FFD09784? C081                 and.l   D1, D0
FFD09786? 4840                 swap    D0
FFD09788? 10330000             move.b  (A3,D0.w), D0
FFD0978C? 3F00                 move.w  D0, -(A7)
FFD0978E? 2007                 move.l  D7, D0
FFD09790? C081                 and.l   D1, D0
FFD09792? 4840                 swap    D0
FFD09794? 10340000             move.b  (A4,D0.w), D0
FFD09798? D157                 add.w   D0, (A7)
FFD0979A? 2009                 move.l  A1, D0
FFD0979C? C081                 and.l   D1, D0
FFD0979E? 4840                 swap    D0
FFD097A0? 10350000             move.b  (A5,D0.w), D0
FFD097A4? D157                 add.w   D0, (A7)
FFD097A6? 4241                 clr.w   D1
FFD097A8? D682                 add.l   D2, D3
FFD097AA? 2003                 move.l  D3, D0
FFD097AC? C081                 and.l   D1, D0
FFD097AE? 4840                 swap    D0
FFD097B0? 12320000             move.b  (A2,D0.w), D1
FFD097B4? D257                 add.w   (A7), D1
FFD097B6? E449                 lsr.w   #2, D1
FFD097B8? 1C81                 move.b  D1, (A6)
FFD097BA? 544E                 addq.w  #2, A6
FFD097BC? 536F0002             subq.w  #1, ($2,A7)
FFD097C0? 66E4                 bne     $ffd097a6
FFD097C2? 11EAFFFE027F         move.b  (-$2,A2), $27f.w                  ; SoundLevel
FFD097C8? 2C780266             movea.l $266.w, A6                        ; SoundBase
FFD097CC? 3F7C00460002         move.w  #$46, ($2,A7)
FFD097D2? 536F0004             subq.w  #1, ($4,A7)
FFD097D6? 66CE                 bne     $ffd097a6
FFD097D8? 544F                 addq.w  #2, A7
FFD097DA? 584F                 addq.w  #4, A7
FFD097DC? 2C780262             movea.l $262.w, A6                        ; SoundVars
FFD097E0? 544E                 addq.w  #2, A6
FFD097E2? 48D603FC             movem.l D2-D7/A0-A1, (A6)
FFD097E6? 4CDF7FFF             movem.l (A7)+, D0-D7/A0-A6
FFD097EA? 4E75                 rts
loc_FFD097EC:
FFD097EC  2278027A             movea.l $27a.w, A1                        ; SoundDCE
FFD097F0  42A90010             clr.l   ($10,A1)
FFD097F4  43FA0006             lea     ($ffd097fc,PC), A1
FFD097F8  6000FED6             bra     loc_FFD096D0
FFD097FC? 2278027A             movea.l $27a.w, A1                        ; SoundDCE
FFD09800? 20290008             move.l  ($8,A1), D0
FFD09804? 660A                 bne     $ffd09810
FFD09806? 6100F838             bsr     sub_FFD09040
FFD0980A? 6100FC54             bsr     sub_FFD09460
FFD0980E? 4E75                 rts
FFD09810? 2040                 movea.l D0, A0
FFD09812? 20280028             move.l  ($28,A0), D0
FFD09816? B0A80024             cmp.l   ($24,A0), D0
FFD0981A? 6D06                 blt     $ffd09822
FFD0981C? 6100FD8A             bsr     $ffd095a8
FFD09820? 60DA                 bra     $ffd097fc
FFD09822? 26290010             move.l  ($10,A1), D3
FFD09826? 47F8026A             lea     $26a.w, A3                        ; SoundVBL
FFD0982A? 377C0001000A         move.w  #$1, ($a,A3)
FFD09830? 2F0C                 move.l  A4, -(A7)
FFD09832? 22680020             movea.l ($20,A0), A1
FFD09836? 5449                 addq.w  #2, A1
FFD09838? 2219                 move.l  (A1)+, D1
FFD0983A? 2649                 movea.l A1, A3
FFD0983C? D7E80024             adda.l  ($24,A0), A3
FFD09840? D3C0                 adda.l  D0, A1
FFD09842? 24780266             movea.l $266.w, A2                        ; SoundBase
FFD09846? 45EA0040             lea     ($40,A2), A2
FFD0984A? 49EA02A4             lea     ($2a4,A2), A4
FFD0984E? 4267                 clr.w   -(A7)
FFD09850? 343C0151             move.w  #$151, D2
FFD09854? 7000                 moveq   #$0, D0
FFD09856? 1491                 move.b  (A1), (A2)
FFD09858? 544A                 addq.w  #2, A2
FFD0985A? D681                 add.l   D1, D3
FFD0985C? 4843                 swap    D3
FFD0985E? D2C3                 adda.w  D3, A1
FFD09860? D043                 add.w   D3, D0
FFD09862? 4243                 clr.w   D3
FFD09864? 4843                 swap    D3
FFD09866? B7C9                 cmpa.l  A1, A3
FFD09868? 5FCAFFEC             dble    D2, $ffd09856
FFD0986C? D1A80028             add.l   D0, ($28,A0)
FFD09870? 4A5F                 tst.w   (A7)+
FFD09872? 6736                 beq     $ffd098aa
FFD09874? 4A42                 tst.w   D2
FFD09876? 6B12                 bmi     $ffd0988a
FFD09878? 7000                 moveq   #$0, D0
FFD0987A? 1480                 move.b  D0, (A2)
FFD0987C? 544A                 addq.w  #2, A2
FFD0987E? B9CA                 cmpa.l  A2, A4
FFD09880? 6E04                 bgt     $ffd09886
FFD09882? 24780266             movea.l $266.w, A2                        ; SoundBase
FFD09886? 51CAFFF2             dbra    D2, $ffd0987a
FFD0988A? 2278027A             movea.l $27a.w, A1                        ; SoundDCE
FFD0988E? 23430010             move.l  D3, ($10,A1)
FFD09892? 11EAFFFE027F         move.b  (-$2,A2), $27f.w                  ; SoundLevel
FFD09898? 285F                 movea.l (A7)+, A4
FFD0989A? 20280028             move.l  ($28,A0), D0
FFD0989E? B0A80024             cmp.l   ($24,A0), D0
FFD098A2? 6D04                 blt     $ffd098a8
FFD098A4? 6100F97E             bsr     loc_FFD09224
FFD098A8? 4E75                 rts
FFD098AA? 4A42                 tst.w   D2
FFD098AC? 6B06                 bmi     $ffd098b4
FFD098AE? 06420020             addi.w  #$20, D2
FFD098B2? 60C4                 bra     $ffd09878
FFD098B4? 3F3C0001             move.w  #$1, -(A7)
FFD098B8? 24780266             movea.l $266.w, A2                        ; SoundBase
FFD098BC? 741F                 moveq   #$1f, D2
FFD098BE? 6094                 bra     $ffd09854
FFD098C0d 7800000000000000     dc.b    $78,$00,$00,$00,$00,$00,$00,$00,$00,$10,$8E,$80 ; |x...........|
