; ============================================================================
; ROM resource 'DRVR' -16495 .AppleSoundInput at FFD098F0
; ============================================================================
; data at ROM 1098F0 (148C bytes), entry at 10AD70, attributes 58, combo 7800000000000000
; data header: 4b757274 c0a00000 0000148c 0000036c
; 68k code resource, disassembled from its start (entry points: offset 0, driver
; header entries for DRVR, and executed addresses).
;
; Columns: address, flag, raw bytes, instruction, ; comment.
;   flag '*' executed in the coverage run, ' ' reached by control flow,
;   '?' decodes as code but neither executed nor reached, 'd' data.

FFD098F0d 4D00000000000000     dc.b    $4D,$00,$00,$00,$00,$00,$00,$00,$00,$2A,$01,$76,$02,$02,$06,$0A ; |M........*.v....| DRVR header: flags 4D00, entries open/prime/control/status/close 2A 176 202 60A ACC, name .AppleSoundInput
FFD09900d 0ACC102E4170706C     dc.b    $0A,$CC,$10,$2E,$41,$70,$70,$6C,$65,$53,$6F,$75,$6E,$64,$49,$6E ; |....AppleSoundIn|
FFD09910d 70757400             dc.b    $70,$75,$74,$00                   ; |put.|
loc_FFD09914:
FFD09914  207808FC             movea.l $8fc.w, A0                        ; JIODone
FFD09918  4ED0                 jmp     (A0)
FFD0991A  48E70030             movem.l A2-A3, -(A7)                      ; driver Open entry
FFD0991E  2448                 movea.l A0, A2
FFD09920  203C000000BE         move.l  #$be, D0
FFD09926  A71E                 _NewPtrSysClear                           ; A-line trap A71E
FFD09928  2008                 move.l  A0, D0
FFD0992A  675A                 beq     loc_FFD09986
FFD0992C  2648                 movea.l A0, A3
FFD0992E  7014                 moveq   #$14, D0
FFD09930  A71E                 _NewPtrSysClear                           ; A-line trap A71E
FFD09932  2008                 move.l  A0, D0
FFD09934  6750                 beq     loc_FFD09986
FFD09936  274800BA             move.l  A0, ($ba,A3)
FFD0993A  203C696E6974         move.l  #$696e6974, D0
FFD09940  48E74080             movem.l D1/A0, -(A7)
FFD09944  207081E202B601AA     movea.l ([$2b6],$1aa), A0
FFD0994C  3228FFFE             move.w  (-$2,A0), D1
FFD09950  0C41001A             cmpi.w  #$1a, D1
FFD09954  6F0C                 ble     loc_FFD09962
FFD09956  4AA80068             tst.l   ($68,A0)
FFD0995A  6706                 beq     loc_FFD09962
FFD0995C  20680068             movea.l ($68,A0), A0
FFD09960  4E90                 jsr     (A0)
loc_FFD09962:
FFD09962  4CDF0102             movem.l (A7)+, D1/A0
FFD09966  661E                 bne     loc_FFD09986
FFD09968  204B                 movea.l A3, A0
FFD0996A  23480014             move.l  A0, ($14,A1)
FFD0996E  C14A                 exg     A0, A2
FFD09970  4EBA003E             jsr     (sub_FFD099B0,PC)
FFD09974  4840                 swap    D0
FFD09976  4200                 clr.b   D0
FFD09978  E058                 ror.w   #8, D0
FFD0997A  354000B4             move.w  D0, ($b4,A2)
FFD0997E  4CDF0C00             movem.l (A7)+, A2-A3
FFD09982  7000                 moveq   #$0, D0
FFD09984  4E75                 rts
loc_FFD09986:
FFD09986  4CDF0C00             movem.l (A7)+, A2-A3
FFD0998A  303CFF94             move.w  #$ff94, D0
FFD0998E  4E75                 rts
FFD09990d 4A6A003E67044EBA     dc.b    $4A,$6A,$00,$3E,$67,$04,$4E,$BA,$0E,$12,$4A,$6A,$00,$12,$67,$04 ; |Jj.>g.N...Jj..g.|
FFD099A0d 4EBA0E58224A303C     dc.b    $4E,$BA,$0E,$58,$22,$4A,$30,$3C,$00,$AA,$42,$19,$51,$C8,$FF,$FC ; |N..X"J0<..B.Q...|

sub_FFD099B0:
FFD099B0  357C0001001E         move.w  #$1, ($1e,A2)
FFD099B6  257C562200000018     move.l  #$56220000, ($18,A2)
FFD099BE  357C0008001C         move.w  #$8, ($1c,A2)
FFD099C4  426A0042             clr.w   ($42,A2)
FFD099C8  257C0000E800009E     move.l  #$e800, ($9e,A2)
FFD099D0  257C0000980000A2     move.l  #$9800, ($a2,A2)
FFD099D8  357C00010088         move.w  #$1, ($88,A2)
FFD099DE  103C0008             move.b  #$8, D0
FFD099E2  48E74080             movem.l D1/A0, -(A7)
FFD099E6  207081E202B601AA     movea.l ([$2b6],$1aa), A0
FFD099EE  3228FFFE             move.w  (-$2,A0), D1
FFD099F2  0C41000A             cmpi.w  #$a, D1
FFD099F6  6F0C                 ble     loc_FFD09A04
FFD099F8  4AA80028             tst.l   ($28,A0)
FFD099FC  6706                 beq     loc_FFD09A04
FFD099FE  20680028             movea.l ($28,A0), A0
FFD09A02  4E90                 jsr     (A0)
loc_FFD09A04:
FFD09A04  4CDF0102             movem.l (A7)+, D1/A0
FFD09A08  4EBA0028             jsr     (sub_FFD09A32,PC)
FFD09A0C  203B05200014         move.l  ($14,PC,D0.w*4), D0
FFD09A12  154000AA             move.b  D0, ($aa,A2)
FFD09A16  4840                 swap    D0
FFD09A18  0C400001             cmpi.w  #$1, D0
FFD09A1C  354000A8             move.w  D0, ($a8,A2)
FFD09A20  4E75                 rts
FFD09A22d 000301070004010F     dc.b    $00,$03,$01,$07,$00,$04,$01,$0F,$00,$03,$01,$07,$00,$03,$01,$07 ; |................|

sub_FFD09A32:
FFD09A32  2F01                 move.l  D1, -(A7)
FFD09A34  70FF                 moveq   #-$1, D0
loc_FFD09A36:
FFD09A36  5280                 addq.l  #1, D0
FFD09A38  323B0320001A         move.w  ($1a,PC,D0.w*2), D1
FFD09A3E  670C                 beq     loc_FFD09A4C
FFD09A40  B2380CB3             cmp.b   $cb3.w, D1
FFD09A44  66F0                 bne     loc_FFD09A36
FFD09A46  E059                 ror.w   #8, D1
FFD09A48  1001                 move.b  D1, D0
FFD09A4A  6002                 bra     loc_FFD09A4E
loc_FFD09A4C:
FFD09A4C  4240                 clr.w   D0
loc_FFD09A4E:
FFD09A4E  221F                 move.l  (A7)+, D1
FFD09A50  4E75                 rts
FFD09A52d 0000004200780079     dc.b    $00,$00,$00,$42,$00,$78,$00,$79,$01,$76,$01,$77,$02,$7A,$02,$7B ; |...B.x.y.v.w.z.{|
FFD09A62d 034F0000             dc.b    $03,$4F,$00,$00                   ; |.O..|
FFD09A66  48E700F0             movem.l A0-A3, -(A7)                      ; driver Prime entry
FFD09A6A  24690014             movea.l ($14,A1), A2
FFD09A6E  4AAA00AC             tst.l   ($ac,A2)
FFD09A72  6606                 bne     loc_FFD09A7A
FFD09A74  303CFF94             move.w  #$ff94, D0
FFD09A78  6072                 bra     loc_FFD09AEC
loc_FFD09A7A:
FFD09A7A  2488                 move.l  A0, (A2)
FFD09A7C  256800200020         move.l  ($20,A0), ($20,A2)
FFD09A82  256800240028         move.l  ($24,A0), ($28,A2)
FFD09A88  42AA0024             clr.l   ($24,A2)
FFD09A8C  356A002C002E         move.w  ($2c,A2), ($2e,A2)
FFD09A92  356A00320034         move.w  ($32,A2), ($34,A2)
FFD09A98  302A0032             move.w  ($32,A2), D0
FFD09A9C  672C                 beq     loc_FFD09ACA
FFD09A9E  722E                 moveq   #$2e, D1
FFD09AA0  0CAAAC4400000018     cmpi.l  #-$53bc0000, ($18,A2)
FFD09AA8  6604                 bne     loc_FFD09AAE
FFD09AAA  7218                 moveq   #$18, D1
FFD09AAC  600C                 bra     loc_FFD09ABA
loc_FFD09AAE:
FFD09AAE  0CAA2B1100000018     cmpi.l  #$2b110000, ($18,A2)
FFD09AB6  6602                 bne     loc_FFD09ABA
FFD09AB8  725C                 moveq   #$5c, D1
loc_FFD09ABA:
FFD09ABA  7000                 moveq   #$0, D0
FFD09ABC  302A0038             move.w  ($38,A2), D0
FFD09AC0  80C1                 divu.w  D1, D0
FFD09AC2  3540003C             move.w  D0, ($3c,A2)
FFD09AC6  426A003A             clr.w   ($3a,A2)
loc_FFD09ACA:
FFD09ACA  4A6A0040             tst.w   ($40,A2)
FFD09ACE  660C                 bne     loc_FFD09ADC
FFD09AD0  42AA0004             clr.l   ($4,A2)
FFD09AD4  42AA0008             clr.l   ($8,A2)
FFD09AD8  426A0044             clr.w   ($44,A2)
loc_FFD09ADC:
FFD09ADC  4A6A0010             tst.w   ($10,A2)
FFD09AE0  6706                 beq     loc_FFD09AE8
FFD09AE2  357C00010040         move.w  #$1, ($40,A2)
loc_FFD09AE8:
FFD09AE8  4EBA0C8E             jsr     (sub_FFD0A778,PC)
loc_FFD09AEC:
FFD09AEC  4CDF0F00             movem.l (A7)+, A0-A3
FFD09AF0  4E75                 rts
FFD09AF2  48E700F0             movem.l A0-A3, -(A7)                      ; driver Control entry
FFD09AF6  24690014             movea.l ($14,A1), A2
FFD09AFA  3028001A             move.w  ($1a,A0), D0
FFD09AFE  670A                 beq     loc_FFD09B0A
FFD09B00  5340                 subq.w  #1, D0
FFD09B02  67000092             beq     loc_FFD09B96
FFD09B06  5340                 subq.w  #1, D0
FFD09B08  6708                 beq     loc_FFD09B12
loc_FFD09B0A:
FFD09B0A  303CFF19             move.w  #$ff19, D0
FFD09B0E  60000898             bra     loc_FFD0A3A8
loc_FFD09B12:
FFD09B12  2028001C             move.l  ($1c,A0), D0
FFD09B16  47FA0006             lea     ($ffd09b1e,PC), A3
FFD09B1A  4EFA0E68             jmp     (loc_FFD0A984,PC)
FFD09B1Ed 7573657201707061     dc.b    $75,$73,$65,$72,$01,$70,$70,$61,$75,$73,$03,$42,$63,$68,$61,$6E ; |user.ppaus.Bchan|
FFD09B2Ed 03147373697A023C     dc.b    $03,$14,$73,$73,$69,$7A,$02,$3C,$73,$72,$61,$74,$02,$6C,$63,$6F ; |..ssiz.<srat.lco|
FFD09B3Ed 6D70015C7175616C     dc.b    $6D,$70,$01,$5C,$71,$75,$61,$6C,$01,$B0,$69,$6E,$69,$74,$00,$58 ; |mp.\qual..init.X|
FFD09B4Ed 636C6F7300AA636F     dc.b    $63,$6C,$6F,$73,$00,$AA,$63,$6F,$6E,$74,$02,$C0,$6C,$6D,$65,$74 ; |clos..cont..lmet|
FFD09B5Ed 029674776F7300E2     dc.b    $02,$96,$74,$77,$6F,$73,$00,$E2,$72,$74,$66,$20,$00,$E6,$61,$67 ; |..twos..rtf ..ag|
FFD09B6Ed 632000EA766F7872     dc.b    $63,$20,$00,$EA,$76,$6F,$78,$72,$01,$D4,$76,$6F,$78,$73,$01,$DE ; |c ..voxr..voxs..|
FFD09B7Ed 736F757203086F70     dc.b    $73,$6F,$75,$72,$03,$08,$6F,$70,$74,$64,$02,$EC,$67,$61,$69,$6E ; |sour..optd..gain|
FFD09B8Ed 033E00000000FF76     dc.b    $03,$3E,$00,$00,$00,$00,$FF,$76   ; |.>.....v|
loc_FFD09B96:
FFD09B96  426A0040             clr.w   ($40,A2)
FFD09B9A  4EBA0C0E             jsr     (sub_FFD0A7AA,PC)
FFD09B9E  4CDF0F00             movem.l (A7)+, A0-A3
FFD09BA2  4E75                 rts
FFD09BA4? 4AAA00AC             tst.l   ($ac,A2)
FFD09BA8? 6620                 bne     $ffd09bca
FFD09BAA? 2648                 movea.l A0, A3
FFD09BAC? 203C0000C000         move.l  #$c000, D0
FFD09BB2? 068000000800         addi.l  #$800, D0
FFD09BB8? A51E                 _NewPtrSys                                ; A-line trap A51E
FFD09BBA? 254800AC             move.l  A0, ($ac,A2)
FFD09BBE? D1FC0000C000         adda.l  #$c000, A0
FFD09BC4? 254800B0             move.l  A0, ($b0,A2)
FFD09BC8? 204B                 movea.l A3, A0
FFD09BCA? 48E74080             movem.l D1/A0, -(A7)
FFD09BCE? 207081E202B601AA     movea.l ([$2b6],$1aa), A0
FFD09BD6? 3228FFFE             move.w  (-$2,A0), D1
FFD09BDA? 0C410013             cmpi.w  #$13, D1
FFD09BDE? 6F0C                 ble     $ffd09bec
FFD09BE0? 4AA8004C             tst.l   ($4c,A0)
FFD09BE4? 6706                 beq     $ffd09bec
FFD09BE6? 2068004C             movea.l ($4c,A0), A0
FFD09BEA? 4E90                 jsr     (A0)
FFD09BEC? 4CDF0102             movem.l (A7)+, D1/A0
FFD09BF0? 254000B6             move.l  D0, ($b6,A2)
FFD09BF4? 4EBAFD9A             jsr     ($ffd09990,PC)
FFD09BF8? 600007AC             bra     $ffd0a3a6
FFD09BFC? 4EBAFD92             jsr     ($ffd09990,PC)
FFD09C00? 202A00B6             move.l  ($b6,A2), D0
FFD09C04? 48E74080             movem.l D1/A0, -(A7)
FFD09C08? 207081E202B601AA     movea.l ([$2b6],$1aa), A0
FFD09C10? 3228FFFE             move.w  (-$2,A0), D1
FFD09C14? 0C410014             cmpi.w  #$14, D1
FFD09C18? 6F0C                 ble     $ffd09c26
FFD09C1A? 4AA80050             tst.l   ($50,A0)
FFD09C1E? 6706                 beq     $ffd09c26
FFD09C20? 20680050             movea.l ($50,A0), A0
FFD09C24? 4E90                 jsr     (A0)
FFD09C26? 4CDF0102             movem.l (A7)+, D1/A0
FFD09C2A? 4AAA00AC             tst.l   ($ac,A2)
FFD09C2E? 6712                 beq     $ffd09c42
FFD09C30? 2648                 movea.l A0, A3
FFD09C32? 206A00AC             movea.l ($ac,A2), A0
FFD09C36? A01F                 _DisposePtr                               ; A-line trap A01F
FFD09C38? 42AA00AC             clr.l   ($ac,A2)
FFD09C3C? 42AA00B0             clr.l   ($b0,A2)
FFD09C40? 204B                 movea.l A3, A0
FFD09C42? 60000762             bra     $ffd0a3a6
FFD09C46d 35680020008A6000     dc.b    $35,$68,$00,$20,$00,$8A,$60,$00,$07,$58,$35,$68,$00,$20,$00,$40 ; |5h. ..`..X5h. .@|
FFD09C56d 6000074E             dc.b    $60,$00,$07,$4E                   ; |`..N|
FFD09C5A? 356800200088         move.w  ($20,A0), ($88,A2)
FFD09C60? 56C0                 sne     D0
FFD09C62? 08EA000000A6         bset    #$0, ($a6,A2)
FFD09C68? 48E74080             movem.l D1/A0, -(A7)
FFD09C6C? 207081E202B601AA     movea.l ([$2b6],$1aa), A0
FFD09C74? 3228FFFE             move.w  (-$2,A0), D1
FFD09C78? 0C41000A             cmpi.w  #$a, D1
FFD09C7C? 6F0C                 ble     $ffd09c8a
FFD09C7E? 4AA80028             tst.l   ($28,A0)
FFD09C82? 6706                 beq     $ffd09c8a
FFD09C84? 20680028             movea.l ($28,A0), A0
FFD09C88? 4E90                 jsr     (A0)
FFD09C8A? 4CDF0102             movem.l (A7)+, D1/A0
FFD09C8E? 60000716             bra     $ffd0a3a6
FFD09C92d 25680020000C6000     dc.b    $25,$68,$00,$20,$00,$0C,$60,$00,$07,$0C ; |%h. ..`...|
FFD09C9C? 20280020             move.l  ($20,A0), D0
FFD09CA0? 0C804E4F4E45         cmpi.l  #$4e4f4e45, D0
FFD09CA6? 6608                 bne     $ffd09cb0
FFD09CA8? 426A0042             clr.w   ($42,A2)
FFD09CAC? 600006F8             bra     $ffd0a3a6
FFD09CB0? 0CAA562200000018     cmpi.l  #$56220000, ($18,A2)
FFD09CB8? 6634                 bne     $ffd09cee
FFD09CBA? 0C6A0008001C         cmpi.w  #$8, ($1c,A2)
FFD09CC0? 662C                 bne     $ffd09cee
FFD09CC2? 0C6A0001001E         cmpi.w  #$1, ($1e,A2)
FFD09CC8? 6624                 bne     $ffd09cee
FFD09CCA? 0C804D414333         cmpi.l  #$4d414333, D0
FFD09CD0? 660A                 bne     $ffd09cdc
FFD09CD2? 357C00030042         move.w  #$3, ($42,A2)
FFD09CD8? 600006CC             bra     $ffd0a3a6
FFD09CDC? 0C804D414336         cmpi.l  #$4d414336, D0
FFD09CE2? 660A                 bne     $ffd09cee
FFD09CE4? 357C00040042         move.w  #$4, ($42,A2)
FFD09CEA? 600006BA             bra     $ffd0a3a6
FFD09CEEd 303CFF21600006B4     dc.b    $30,$3C,$FF,$21,$60,$00,$06,$B4   ; |0<.!`...|
FFD09CF6? 426A0042             clr.w   ($42,A2)
FFD09CFA? 426A008A             clr.w   ($8a,A2)
FFD09CFE? 257C562200000018     move.l  #$56220000, ($18,A2)
FFD09D06? 20280020             move.l  ($20,A0), D0
FFD09D0A? 0C80676F6F64         cmpi.l  #$676f6f64, D0
FFD09D10? 6608                 bne     $ffd09d1a
FFD09D12? 357C00040042         move.w  #$4, ($42,A2)
FFD09D18? 6018                 bra     $ffd09d32
FFD09D1A? 0C8062657472         cmpi.l  #$62657472, D0
FFD09D20? 6608                 bne     $ffd09d2a
FFD09D22? 357C00030042         move.w  #$3, ($42,A2)
FFD09D28? 6008                 bra     $ffd09d32
FFD09D2A? 0C8062657374         cmpi.l  #$62657374, D0
FFD09D30? 6610                 bne     $ffd09d42
FFD09D32? 357C0008001C         move.w  #$8, ($1c,A2)
FFD09D38? 357C0001001E         move.w  #$1, ($1e,A2)
FFD09D3E? 60000666             bra     $ffd0a3a6
FFD09D42d 303CFF1860000660     dc.b    $30,$3C,$FF,$18,$60,$00,$06,$60   ; |0<..`..`|
FFD09D4A? 35680020002C         move.w  ($20,A0), ($2c,A2)
FFD09D50? 356800220030         move.w  ($22,A0), ($30,A2)
FFD09D56? 6000064E             bra     $ffd0a3a6
FFD09D5A? 356800200032         move.w  ($20,A0), ($32,A2)
FFD09D60? 356800220036         move.w  ($22,A0), ($36,A2)
FFD09D66? 356800240038         move.w  ($24,A0), ($38,A2)
FFD09D6C? 60000638             bra     $ffd0a3a6
FFD09D70? 30280020             move.w  ($20,A0), D0
FFD09D74? 0C400008             cmpi.w  #$8, D0
FFD09D78? 6608                 bne     $ffd09d82
FFD09D7A? 3540001C             move.w  D0, ($1c,A2)
FFD09D7E? 60000626             bra     $ffd0a3a6
FFD09D82? 0C6A00000042         cmpi.w  #$0, ($42,A2)
FFD09D88? 6614                 bne     $ffd09d9e
FFD09D8A? 0C400010             cmpi.w  #$10, D0
FFD09D8E? 660E                 bne     $ffd09d9e
FFD09D90? 357C0001008A         move.w  #$1, ($8a,A2)
FFD09D96? 3540001C             move.w  D0, ($1c,A2)
FFD09D9A? 6000060A             bra     $ffd0a3a6
FFD09D9Ed 303CFF1E60000604     dc.b    $30,$3C,$FF,$1E,$60,$00,$06,$04   ; |0<..`...|
FFD09DA6? 20280020             move.l  ($20,A0), D0
FFD09DAA? 0C8056220000         cmpi.l  #$56220000, D0
FFD09DB0? 6718                 beq     $ffd09dca
FFD09DB2? 0C6A00000042         cmpi.w  #$0, ($42,A2)
FFD09DB8? 6632                 bne     $ffd09dec
FFD09DBA? 0C80AC440000         cmpi.l  #-$53bc0000, D0
FFD09DC0? 6708                 beq     $ffd09dca
FFD09DC2? 0C802B110000         cmpi.l  #$2b110000, D0
FFD09DC8? 6622                 bne     $ffd09dec
FFD09DCA? 222A0018             move.l  ($18,A2), D1
FFD09DCE? B280                 cmp.l   D0, D1
FFD09DD0? 6716                 beq     $ffd09de8
FFD09DD2? 25400018             move.l  D0, ($18,A2)
FFD09DD6? 4A6A0012             tst.w   ($12,A2)
FFD09DDA? 670C                 beq     $ffd09de8
FFD09DDC? 4EBA0A1C             jsr     ($ffd0a7fa,PC)
FFD09DE0? 4EBA09EA             jsr     ($ffd0a7cc,PC)
FFD09DE4? 600005C2             bra     loc_FFD0A3A8
FFD09DE8d 600005BC303CFF1F     dc.b    $60,$00,$05,$BC,$30,$3C,$FF,$1F,$60,$00,$05,$B6 ; |`...0<..`...|
FFD09DF4? 30280020             move.w  ($20,A0), D0
FFD09DF8? 6716                 beq     $ffd09e10
FFD09DFA? 4AAA00AC             tst.l   ($ac,A2)
FFD09DFE? 6708                 beq     $ffd09e08
FFD09E00? 4EBA09CA             jsr     ($ffd0a7cc,PC)
FFD09E04? 600005A2             bra     loc_FFD0A3A8
FFD09E08d 303CFF946000059A     dc.b    $30,$3C,$FF,$94,$60,$00,$05,$9A,$4E,$BA,$09,$E8,$60,$00,$05,$92 ; |0<..`...N...`...|
FFD09E18? 356800200010         move.w  ($20,A0), ($10,A2)
FFD09E1E? 426A0040             clr.w   ($40,A2)
FFD09E22? 4A6A0010             tst.w   ($10,A2)
FFD09E26? 670E                 beq     $ffd09e36
FFD09E28? 4AAA00AC             tst.l   ($ac,A2)
FFD09E2C? 670C                 beq     $ffd09e3a
FFD09E2E? 4EBA099C             jsr     ($ffd0a7cc,PC)
FFD09E32? 60000574             bra     loc_FFD0A3A8
FFD09E36d 6000056E303CFF94     dc.b    $60,$00,$05,$6E,$30,$3C,$FF,$94,$60,$00,$05,$68 ; |`..n0<..`..h|
FFD09E42? 30280020             move.w  ($20,A0), D0
FFD09E46? 0C6A00000042         cmpi.w  #$0, ($42,A2)
FFD09E4C? 6706                 beq     $ffd09e54
FFD09E4E? 0C400001             cmpi.w  #$1, D0
FFD09E52? 660E                 bne     $ffd09e62
FFD09E54? 0C400002             cmpi.w  #$2, D0
FFD09E58? 6E08                 bgt     $ffd09e62
FFD09E5A? 3540001E             move.w  D0, ($1e,A2)
FFD09E5E? 60000546             bra     $ffd0a3a6
FFD09E62d 303CFF3760000540     dc.b    $30,$3C,$FF,$37,$60,$00,$05,$40,$35,$68,$00,$20,$00,$86,$60,$00 ; |0<.7`..@5h. ..`.|
FFD09E72d 0534                 dc.b    $05,$34                           ; |.4|
FFD09E74? 4A6A00A8             tst.w   ($a8,A2)
FFD09E78? 6708                 beq     $ffd09e82
FFD09E7A? 4EBA0B1A             jsr     ($ffd0a996,PC)
FFD09E7E? 60000526             bra     $ffd0a3a6
FFD09E82d 303CFF1960000520     dc.b    $30,$3C,$FF,$19,$60,$00,$05,$20   ; |0<..`.. |
FFD09E8A? 4A6A00A8             tst.w   ($a8,A2)
FFD09E8E? 672C                 beq     $ffd09ebc
FFD09E90? 7000                 moveq   #$0, D0
FFD09E92? 30280020             move.w  ($20,A0), D0
FFD09E96? 0C400005             cmpi.w  #$5, D0
FFD09E9A? 6E28                 bgt     $ffd09ec4
FFD09E9C? 012A00AA             btst    D0, ($aa,A2)
FFD09EA0? 6722                 beq     $ffd09ec4
FFD09EA2? 354000B4             move.w  D0, ($b4,A2)
FFD09EA6? 4EBA0970             jsr     (sub_FFD0A818,PC)
FFD09EAA? 6618                 bne     $ffd09ec4
FFD09EAC? 4EBA0A00             jsr     (sub_FFD0A8AE,PC)
FFD09EB0? 6612                 bne     $ffd09ec4
FFD09EB2? 4EBA0A68             jsr     (sub_FFD0A91C,PC)
FFD09EB6? 660C                 bne     $ffd09ec4
FFD09EB8? 600004EC             bra     $ffd0a3a6
FFD09EBCd 303CFF19600004E6     dc.b    $30,$3C,$FF,$19,$60,$00,$04,$E6,$30,$3C,$FF,$CE,$60,$00,$04,$DE ; |0<..`...0<..`...|
FFD09ECC? 20280020             move.l  ($20,A0), D0
FFD09ED0? 322A00B4             move.w  ($b4,A2), D1
FFD09ED4? 0C410001             cmpi.w  #$1, D1
FFD09ED8? 6606                 bne     $ffd09ee0
FFD09EDA? 2540009E             move.l  D0, ($9e,A2)
FFD09EDE? 6004                 bra     $ffd09ee4
FFD09EE0? 254000A2             move.l  D0, ($a2,A2)
FFD09EE4? 302A00B4             move.w  ($b4,A2), D0
FFD09EE8? 4EBA09C4             jsr     (sub_FFD0A8AE,PC)
FFD09EEC? 6604                 bne     $ffd09ef2
FFD09EEE? 600004B6             bra     $ffd0a3a6
FFD09EF2d 303CFF37600004B0     dc.b    $30,$3C,$FF,$37,$60,$00,$04,$B0   ; |0<.7`...|
FFD09EFA  48E700F0             movem.l A0-A3, -(A7)                      ; driver Status entry
FFD09EFE  24690014             movea.l ($14,A1), A2
FFD09F02  3028001A             move.w  ($1a,A0), D0
FFD09F06  6704                 beq     loc_FFD09F0C
FFD09F08  5540                 subq.w  #2, D0
FFD09F0A  6708                 beq     loc_FFD09F14
loc_FFD09F0C:
FFD09F0C  303CFF19             move.w  #$ff19, D0
FFD09F10  60000496             bra     loc_FFD0A3A8
loc_FFD09F14:
FFD09F14  2028001C             move.l  ($1c,A0), D0
FFD09F18  47FA0006             lea     ($ffd09f20,PC), A3
FFD09F1C  4EFA0A66             jmp     (loc_FFD0A984,PC)
FFD09F20d 6C6D657402C67373     dc.b    $6C,$6D,$65,$74,$02,$C6,$73,$73,$69,$7A,$01,$E4,$73,$72,$61,$74 ; |lmet..ssiz..srat|
FFD09F30d 02A86368616E0328     dc.b    $02,$A8,$63,$68,$61,$6E,$03,$28,$63,$6D,$66,$61,$03,$82,$63,$6F ; |..chan.(cmfa..co|
FFD09F40d 6D70014670617573     dc.b    $6D,$70,$01,$46,$70,$61,$75,$73,$03,$64,$74,$77,$6F,$73,$00,$98 ; |mp.Fpaus.dtwos..|
FFD09F50d 6462696E032E7373     dc.b    $64,$62,$69,$6E,$03,$2E,$73,$73,$61,$76,$01,$C6,$73,$72,$61,$76 ; |dbin..ssav..srav|
FFD09F60d 01F8636D61760234     dc.b    $01,$F8,$63,$6D,$61,$76,$02,$34,$63,$68,$61,$76,$03,$04,$64,$63 ; |..cmav.4chav..dc|
FFD09F70d 6F6E00506173796E     dc.b    $6F,$6E,$00,$50,$61,$73,$79,$6E,$03,$76,$6F,$70,$74,$64,$03,$82 ; |on.Pasyn.voptd..|
FFD09F80d 616763200142636F     dc.b    $61,$67,$63,$20,$01,$42,$63,$6F,$6E,$74,$02,$C2,$76,$6F,$78,$72 ; |agc .Bcont..voxr|
FFD09F90d 0148766F7873015A     dc.b    $01,$48,$76,$6F,$78,$73,$01,$5A,$6E,$61,$6D,$65,$00,$A0,$69,$63 ; |.Hvoxs.Zname..ic|
FFD09FA0d 6F6E0056736F7572     dc.b    $6F,$6E,$00,$56,$73,$6F,$75,$72,$03,$76,$73,$6E,$61,$6D,$03,$8C ; |on.Vsour.vsnam..|
FFD09FB0d 6761696E03D26C6D     dc.b    $67,$61,$69,$6E,$03,$D2,$6C,$6D,$61,$63,$02,$4E,$00,$00,$00,$00 ; |gain..lmac.N....|
FFD09FC0d FF4C                 dc.b    $FF,$4C                           ; |.L|
FFD09FC2? 217C00000002001C     move.l  #$2, ($1c,A0)
FFD09FCA? 0C6A000100B4         cmpi.w  #$1, ($b4,A2)
FFD09FD0? 660A                 bne     $ffd09fdc
FFD09FD2? 317C00010020         move.w  #$1, ($20,A0)
FFD09FD8? 600003CC             bra     $ffd0a3a6
FFD09FDCd 317C000100206000     dc.b    $31,$7C,$00,$01,$00,$20,$60,$00,$03,$C2 ; |1|... `...|
FFD09FE6? 217C00000002001C     move.l  #$2, ($1c,A0)
FFD09FEE? 316A008A0020         move.w  ($8a,A2), ($20,A0)
FFD09FF4? 600003B0             bra     $ffd0a3a6
FFD09FF8? 2648                 movea.l A0, A3
FFD09FFA? 558F                 subq.l  #2, A7
FFD09FFC? A994                 _CurResFile                               ; A-line trap A994
FFD09FFE? 4267                 clr.w   -(A7)
FFD0A000? A998                 _UseResFile                               ; A-line trap A998
FFD0A002? 598F                 subq.l  #4, A7
FFD0A004? 2F3C49434E23         move.l  #$49434e23, -(A7)
FFD0A00A? 3F3CBF4B             move.w  #$bf4b, -(A7)
FFD0A00E? A9A0                 _GetResource                              ; A-line trap A9A0
FFD0A010? 245F                 movea.l (A7)+, A2
FFD0A012? A998                 _UseResFile                               ; A-line trap A998
FFD0A014? 200A                 move.l  A2, D0
FFD0A016? 660A                 bne     $ffd0a022
FFD0A018? 204B                 movea.l A3, A0
FFD0A01A? 303CFF40             move.w  #$ff40, D0
FFD0A01E? 60000388             bra     loc_FFD0A3A8
FFD0A022? 2F0A                 move.l  A2, -(A7)
FFD0A024? A992                 _DetachResource                           ; A-line trap A992
FFD0A026? 204A                 movea.l A2, A0
FFD0A028? A04A                 _HNoPurge                                 ; A-line trap A04A
FFD0A02A? 204B                 movea.l A3, A0
FFD0A02C? 217C00000004001C     move.l  #$4, ($1c,A0)
FFD0A034? 214A0020             move.l  A2, ($20,A0)
FFD0A038? 6000036C             bra     $ffd0a3a6
FFD0A03C? 2F08                 move.l  A0, -(A7)
FFD0A03E? 558F                 subq.l  #2, A7
FFD0A040? A994                 _CurResFile                               ; A-line trap A994
FFD0A042? 4267                 clr.w   -(A7)
FFD0A044? A998                 _UseResFile                               ; A-line trap A998
FFD0A046? 598F                 subq.l  #4, A7
FFD0A048? 2F3C53545220         move.l  #$53545220, -(A7)
FFD0A04E? 3F3CBF8D             move.w  #$bf8d, -(A7)
FFD0A052? A9A0                 _GetResource                              ; A-line trap A9A0
FFD0A054? 245F                 movea.l (A7)+, A2
FFD0A056? A998                 _UseResFile                               ; A-line trap A998
FFD0A058? 200A                 move.l  A2, D0
FFD0A05A? 6704                 beq     $ffd0a060
FFD0A05C? 2452                 movea.l (A2), A2
FFD0A05E? 6004                 bra     $ffd0a064
FFD0A060? 45FA001C             lea     ($ffd0a07e,PC), A2
FFD0A064? 2057                 movea.l (A7), A0
FFD0A066? 42A8001C             clr.l   ($1c,A0)
FFD0A06A? 22680020             movea.l ($20,A0), A1
FFD0A06E? 204A                 movea.l A2, A0
FFD0A070? 7000                 moveq   #$0, D0
FFD0A072? 1010                 move.b  (A0), D0
FFD0A074? 5240                 addq.w  #1, D0
FFD0A076? A22E                 _BlockMoveData                            ; A-line trap A22E
FFD0A078? 205F                 movea.l (A7)+, A0
FFD0A07A? 6000032A             bra     $ffd0a3a6
FFD0A07E? 08427569             bchg    #$69, D2
FFD0A082? 6C74                 bge     $ffd0a0f8
FFD0A084? 2D696E00217C         move.l  ($6e00,A1), ($217c,A6)
FFD0A08A? 00000004             ori.b   #$4, D0
FFD0A08E? 001C43E8             ori.b   #$e8, (A4)+
FFD0A092? 0020302A             ori.b   #$2a, -(A0)
FFD0A096? 00426608             ori.w   #$6608, D2
FFD0A09A? 22BC4E4F4E45         move.l  #$4e4f4e45, (A1)
FFD0A0A0? 6020                 bra     $ffd0a0c2
FFD0A0A2? 0C400003             cmpi.w  #$3, D0
FFD0A0A6? 660A                 bne     $ffd0a0b2
FFD0A0A8? 22BC4D414333         move.l  #$4d414333, (A1)
FFD0A0AE? 600002F6             bra     $ffd0a3a6
FFD0A0B2? 0C400004             cmpi.w  #$4, D0
FFD0A0B6? 660A                 bne     $ffd0a0c2
FFD0A0B8? 22BC4D414336         move.l  #$4d414336, (A1)
FFD0A0BE? 600002E6             bra     $ffd0a3a6
FFD0A0C2d 600002E2             dc.b    $60,$00,$02,$E2                   ; |`...|
FFD0A0C6? 217C00000002001C     move.l  #$2, ($1c,A0)
FFD0A0CE? 316A00880020         move.w  ($88,A2), ($20,A0)
FFD0A0D4? 600002D0             bra     $ffd0a3a6
FFD0A0D8? 217C00000004001C     move.l  #$4, ($1c,A0)
FFD0A0E0? 316A002C0020         move.w  ($2c,A2), ($20,A0)
FFD0A0E6? 316A00300022         move.w  ($30,A2), ($22,A0)
FFD0A0EC? 600002B8             bra     $ffd0a3a6
FFD0A0F0? 217C00000006001C     move.l  #$6, ($1c,A0)
FFD0A0F8? 316A00320020         move.w  ($32,A2), ($20,A0)
FFD0A0FE? 316A00360022         move.w  ($36,A2), ($22,A0)
FFD0A104? 316A00380024         move.w  ($38,A2), ($24,A0)
FFD0A10A? 6000029A             bra     $ffd0a3a6
FFD0A10E? 217C00000002001C     move.l  #$2, ($1c,A0)
FFD0A116? 316A001C0020         move.w  ($1c,A2), ($20,A0)
FFD0A11C? 60000288             bra     $ffd0a3a6
FFD0A120? 217C00000006001C     move.l  #$6, ($1c,A0)
FFD0A128? 2648                 movea.l A0, A3
FFD0A12A? 7004                 moveq   #$4, D0
FFD0A12C? A122                 _NewHandle                                ; A-line trap A122
FFD0A12E? B0FC0000             cmpa.w  #$0, A0
FFD0A132? 6606                 bne     $ffd0a13a
FFD0A134? 204B                 movea.l A3, A0
FFD0A136? 60000270             bra     loc_FFD0A3A8
FFD0A13A? A029                 _HLock                                    ; A-line trap A029
FFD0A13C? 2450                 movea.l (A0), A2
FFD0A13E? 34FC0008             move.w  #$8, (A2)+
FFD0A142? 34BC0010             move.w  #$10, (A2)
FFD0A146? 377C00020020         move.w  #$2, ($20,A3)
FFD0A14C? 27480022             move.l  A0, ($22,A3)
FFD0A150? A02A                 _HUnlock                                  ; A-line trap A02A
FFD0A152? 204B                 movea.l A3, A0
FFD0A154? 60000250             bra     $ffd0a3a6
FFD0A158? 217C00000006001C     move.l  #$6, ($1c,A0)
FFD0A160? 2648                 movea.l A0, A3
FFD0A162? 700C                 moveq   #$c, D0
FFD0A164? A122                 _NewHandle                                ; A-line trap A122
FFD0A166? B0FC0000             cmpa.w  #$0, A0
FFD0A16A? 6606                 bne     $ffd0a172
FFD0A16C? 204B                 movea.l A3, A0
FFD0A16E? 60000238             bra     loc_FFD0A3A8
FFD0A172? A029                 _HLock                                    ; A-line trap A029
FFD0A174? 2450                 movea.l (A0), A2
FFD0A176? 24FC2B110000         move.l  #$2b110000, (A2)+
FFD0A17C? 24FC56220000         move.l  #$56220000, (A2)+
FFD0A182? 24BCAC440000         move.l  #$ac440000, (A2)
FFD0A188? 377C00030020         move.w  #$3, ($20,A3)
FFD0A18E? 27480022             move.l  A0, ($22,A3)
FFD0A192? A02A                 _HUnlock                                  ; A-line trap A02A
FFD0A194? 204B                 movea.l A3, A0
FFD0A196? 6000020E             bra     $ffd0a3a6
FFD0A19A? 217C00000006001C     move.l  #$6, ($1c,A0)
FFD0A1A2? 2648                 movea.l A0, A3
FFD0A1A4? 7008                 moveq   #$8, D0
FFD0A1A6? A122                 _NewHandle                                ; A-line trap A122
FFD0A1A8? B0FC0000             cmpa.w  #$0, A0
FFD0A1AC? 6606                 bne     $ffd0a1b4
FFD0A1AE? 204B                 movea.l A3, A0
FFD0A1B0? 600001F6             bra     loc_FFD0A3A8
FFD0A1B4? A029                 _HLock                                    ; A-line trap A029
FFD0A1B6? 2450                 movea.l (A0), A2
FFD0A1B8? 24BC4D414333         move.l  #$4d414333, (A2)
FFD0A1BE? 257C4D4143360004     move.l  #$4d414336, ($4,A2)
FFD0A1C6? 377C00020020         move.w  #$2, ($20,A3)
FFD0A1CC? 27480022             move.l  A0, ($22,A3)
FFD0A1D0? A02A                 _HUnlock                                  ; A-line trap A02A
FFD0A1D2? 204B                 movea.l A3, A0
FFD0A1D4? 600001D0             bra     $ffd0a3a6
FFD0A1D8? 217C00000004001C     move.l  #$4, ($1c,A0)
FFD0A1E0? 216A00180020         move.l  ($18,A2), ($20,A0)
FFD0A1E6? 600001BE             bra     $ffd0a3a6
FFD0A1EA? 217C00000004001C     move.l  #$4, ($1c,A0)
FFD0A1F2? 316A00120020         move.w  ($12,A2), ($20,A0)
FFD0A1F8? 302A0014             move.w  ($14,A2), D0
FFD0A1FC? D06A0016             add.w   ($16,A2), D0
FFD0A200? 31400022             move.w  D0, ($22,A0)
FFD0A204? 600001A0             bra     $ffd0a3a6
FFD0A208? 0C6A0001001E         cmpi.w  #$1, ($1e,A2)
FFD0A20E? 6618                 bne     $ffd0a228
FFD0A210? 217C00000002001C     move.l  #$2, ($1c,A0)
FFD0A218? 302A0014             move.w  ($14,A2), D0
FFD0A21C? D06A0016             add.w   ($16,A2), D0
FFD0A220? 31400020             move.w  D0, ($20,A0)
FFD0A224? 60000180             bra     $ffd0a3a6
FFD0A228? 217C00000004001C     move.l  #$4, ($1c,A0)
FFD0A230? 302A0090             move.w  ($90,A2), D0
FFD0A234? D06A0092             add.w   ($92,A2), D0
FFD0A238? 31400020             move.w  D0, ($20,A0)
FFD0A23C? 302A0094             move.w  ($94,A2), D0
FFD0A240? D06A0096             add.w   ($96,A2), D0
FFD0A244? 31400022             move.w  D0, ($22,A0)
FFD0A248? 6000015C             bra     $ffd0a3a6
FFD0A24C? 217C00000002001C     move.l  #$2, ($1c,A0)
FFD0A254? 316A00100020         move.w  ($10,A2), ($20,A0)
FFD0A25A? 6000014A             bra     $ffd0a3a6
FFD0A25E? 217C00000002001C     move.l  #$2, ($1c,A0)
FFD0A266? 316A001E0020         move.w  ($1e,A2), ($20,A0)
FFD0A26C? 60000138             bra     $ffd0a3a6
FFD0A270? 217C00000002001C     move.l  #$2, ($1c,A0)
FFD0A278? 317C00020020         move.w  #$2, ($20,A0)
FFD0A27E? 60000126             bra     $ffd0a3a6
FFD0A282? 217C00000004001C     move.l  #$4, ($1c,A0)
FFD0A28A? 203C00000200         move.l  #$200, D0
FFD0A290? 0C6A0001001E         cmpi.w  #$1, ($1e,A2)
FFD0A296? 6702                 beq     $ffd0a29a
FFD0A298? E388                 lsl.l   #1, D0
FFD0A29A? 0C6A0008001C         cmpi.w  #$8, ($1c,A2)
FFD0A2A0? 6702                 beq     $ffd0a2a4
FFD0A2A2? E388                 lsl.l   #1, D0
FFD0A2A4? 21400020             move.l  D0, ($20,A0)
FFD0A2A8? 600000FC             bra     $ffd0a3a6
FFD0A2AC? 217C00000002001C     move.l  #$2, ($1c,A0)
FFD0A2B4? 316A00860020         move.w  ($86,A2), ($20,A0)
FFD0A2BA? 600000EA             bra     $ffd0a3a6
FFD0A2BE? 322A0042             move.w  ($42,A2), D1
FFD0A2C2? 0C410003             cmpi.w  #$3, D1
FFD0A2C6? 6606                 bne     $ffd0a2ce
FFD0A2C8? 323C0003             move.w  #$3, D1
FFD0A2CC? 6010                 bra     $ffd0a2de
FFD0A2CE? 0C410004             cmpi.w  #$4, D1
FFD0A2D2? 6606                 bne     $ffd0a2da
FFD0A2D4? 323C0006             move.w  #$6, D1
FFD0A2D8? 6004                 bra     $ffd0a2de
FFD0A2DA? 323C0001             move.w  #$1, D1
FFD0A2DE? 217C00000002001C     move.l  #$2, ($1c,A0)
FFD0A2E6? 31410020             move.w  D1, ($20,A0)
FFD0A2EA? 600000BA             bra     $ffd0a3a6
FFD0A2EE? 217C00000002001C     move.l  #$2, ($1c,A0)
FFD0A2F6? 317C00010020         move.w  #$1, ($20,A0)
FFD0A2FC? 600000A8             bra     $ffd0a3a6
FFD0A300? 217C00000002001C     move.l  #$2, ($1c,A0)
FFD0A308? 42680020             clr.w   ($20,A0)
FFD0A30C? 4A6A00A8             tst.w   ($a8,A2)
FFD0A310? 67000094             beq     $ffd0a3a6
FFD0A314? 317C00010020         move.w  #$1, ($20,A0)
FFD0A31A? 6000008A             bra     $ffd0a3a6
FFD0A31E? 4A6A00A8             tst.w   ($a8,A2)
FFD0A322? 6710                 beq     $ffd0a334
FFD0A324? 217C00000002001C     move.l  #$2, ($1c,A0)
FFD0A32C? 316A00B40020         move.w  ($b4,A2), ($20,A0)
FFD0A332? 6072                 bra     $ffd0a3a6
FFD0A334d 303CFF19606E         dc.b    $30,$3C,$FF,$19,$60,$6E           ; |0<..`n|
FFD0A33A? 4A6A00A8             tst.w   ($a8,A2)
FFD0A33E? 6740                 beq     $ffd0a380
FFD0A340? 2648                 movea.l A0, A3
FFD0A342? 558F                 subq.l  #2, A7
FFD0A344? A994                 _CurResFile                               ; A-line trap A994
FFD0A346? 4267                 clr.w   -(A7)
FFD0A348? A998                 _UseResFile                               ; A-line trap A998
FFD0A34A? 598F                 subq.l  #4, A7
FFD0A34C? 2F3C53545223         move.l  #$53545223, -(A7)
FFD0A352? 3F3CBF90             move.w  #$bf90, -(A7)
FFD0A356? A9A0                 _GetResource                              ; A-line trap A9A0
FFD0A358? 245F                 movea.l (A7)+, A2
FFD0A35A? A998                 _UseResFile                               ; A-line trap A998
FFD0A35C? 200A                 move.l  A2, D0
FFD0A35E? 6608                 bne     $ffd0a368
FFD0A360? 204B                 movea.l A3, A0
FFD0A362? 303CFF40             move.w  #$ff40, D0
FFD0A366? 6040                 bra     loc_FFD0A3A8
FFD0A368? 2F0A                 move.l  A2, -(A7)
FFD0A36A? A992                 _DetachResource                           ; A-line trap A992
FFD0A36C? 204A                 movea.l A2, A0
FFD0A36E? A04A                 _HNoPurge                                 ; A-line trap A04A
FFD0A370? 204B                 movea.l A3, A0
FFD0A372? 217C00000004001C     move.l  #$4, ($1c,A0)
FFD0A37A? 214A0020             move.l  A2, ($20,A0)
FFD0A37E? 6026                 bra     $ffd0a3a6
FFD0A380d 303CFF196022         dc.b    $30,$3C,$FF,$19,$60,$22           ; |0<..`"|
FFD0A386? 217C00000004001C     move.l  #$4, ($1c,A0)
FFD0A38E? 302A00B4             move.w  ($b4,A2), D0
FFD0A392? 0C400001             cmpi.w  #$1, D0
FFD0A396? 6608                 bne     $ffd0a3a0
FFD0A398? 216A009E0020         move.l  ($9e,A2), ($20,A0)
FFD0A39E? 6006                 bra     $ffd0a3a6
FFD0A3A0d 216A00A200207000     dc.b    $21,$6A,$00,$A2,$00,$20,$70,$00   ; |!j... p.|
loc_FFD0A3A8:
FFD0A3A8  32280006             move.w  ($6,A0), D1
FFD0A3AC  08010009             btst    #$9, D1
FFD0A3B0  4CDF0F00             movem.l (A7)+, A0-A3
FFD0A3B4  6604                 bne     loc_FFD0A3BA
FFD0A3B6  6000F55C             bra     loc_FFD09914
loc_FFD0A3BA:
FFD0A3BA  4E75                 rts
FFD0A3BC  48E700E0             movem.l A0-A2, -(A7)                      ; driver Close entry
FFD0A3C0  203C636C6F73         move.l  #$636c6f73, D0
FFD0A3C6  48E74080             movem.l D1/A0, -(A7)
FFD0A3CA  207081E202B601AA     movea.l ([$2b6],$1aa), A0
FFD0A3D2  3228FFFE             move.w  (-$2,A0), D1
FFD0A3D6  0C41001A             cmpi.w  #$1a, D1
FFD0A3DA  6F0C                 ble     loc_FFD0A3E8
FFD0A3DC  4AA80068             tst.l   ($68,A0)
FFD0A3E0  6706                 beq     loc_FFD0A3E8
FFD0A3E2  20680068             movea.l ($68,A0), A0
FFD0A3E6  4E90                 jsr     (A0)
loc_FFD0A3E8:
FFD0A3E8  4CDF0102             movem.l (A7)+, D1/A0
FFD0A3EC  24690014             movea.l ($14,A1), A2
FFD0A3F0  206A00AC             movea.l ($ac,A2), A0
FFD0A3F4  A01F                 _DisposePtr                               ; A-line trap A01F
FFD0A3F6  204A                 movea.l A2, A0
FFD0A3F8  A01F                 _DisposePtr                               ; A-line trap A01F
FFD0A3FA  4CDF0700             movem.l (A7)+, A0-A2
FFD0A3FE  4E75                 rts
FFD0A400? 48E71F3C             movem.l D3-D7/A2-A5, -(A7)
FFD0A404? 207802B6             movea.l $2b6.w, A0                        ; BasicGlob
FFD0A408? 20680110             movea.l ($110,A0), A0
FFD0A40C? 20680026             movea.l ($26,A0), A0
FFD0A410? 3010                 move.w  (A0), D0
FFD0A412? 5240                 addq.w  #1, D0
FFD0A414? 4440                 neg.w   D0
FFD0A416? E540                 asl.w   #2, D0
FFD0A418? 2078011C             movea.l $11c.w, A0                        ; UTableBase
FFD0A41C? 22700000             movea.l (A0,D0.w), A1
FFD0A420? 2251                 movea.l (A1), A1
FFD0A422? 20690014             movea.l ($14,A1), A0
FFD0A426? 3028001C             move.w  ($1c,A0), D0
FFD0A42A? B0680098             cmp.w   ($98,A0), D0
FFD0A42E? 670C                 beq     $ffd0a43c
FFD0A430? 31400098             move.w  D0, ($98,A0)
FFD0A434? 42A80004             clr.l   ($4,A0)
FFD0A438? 42A80008             clr.l   ($8,A0)
FFD0A43C? 3028001E             move.w  ($1e,A0), D0
FFD0A440? B068009A             cmp.w   ($9a,A0), D0
FFD0A444? 670C                 beq     $ffd0a452
FFD0A446? 3140009A             move.w  D0, ($9a,A0)
FFD0A44A? 42A80004             clr.l   ($4,A0)
FFD0A44E? 42A80008             clr.l   ($8,A0)
FFD0A452? 30280042             move.w  ($42,A0), D0
FFD0A456? B068009C             cmp.w   ($9c,A0), D0
FFD0A45A? 6710                 beq     $ffd0a46c
FFD0A45C? 3140009C             move.w  D0, ($9c,A0)
FFD0A460? 42680044             clr.w   ($44,A0)
FFD0A464? 42A80004             clr.l   ($4,A0)
FFD0A468? 42A80008             clr.l   ($8,A0)
FFD0A46C? 246800B0             movea.l ($b0,A0), A2
FFD0A470? 26780CC0             movea.l $cc0.w, A3
FFD0A474? 203C000001FF         move.l  #$1ff, D0
FFD0A47A? 0C68000100B4         cmpi.w  #$1, ($b4,A0)
FFD0A480? 670E                 beq     $ffd0a490
FFD0A482? 34EB1000             move.w  ($1000,A3), (A2)+
FFD0A486? 34EB1800             move.w  ($1800,A3), (A2)+
FFD0A48A? 51C8FFF6             dbra    D0, $ffd0a482
FFD0A48E? 6010                 bra     $ffd0a4a0
FFD0A490? 322B1000             move.w  ($1000,A3), D1
FFD0A494? 34C1                 move.w  D1, (A2)+
FFD0A496? 34C1                 move.w  D1, (A2)+
FFD0A498? 322B1800             move.w  ($1800,A3), D1
FFD0A49C? 51C8FFF2             dbra    D0, $ffd0a490
FFD0A4A0? 246800B0             movea.l ($b0,A0), A2
FFD0A4A4? 4EBA015A             jsr     ($ffd0a600,PC)
FFD0A4A8? 22280008             move.l  ($8,A0), D1
FFD0A4AC? 246800AC             movea.l ($ac,A0), A2
FFD0A4B0? D5C1                 adda.l  D1, A2
FFD0A4B2? 266800B0             movea.l ($b0,A0), A3
FFD0A4B6? 4EBA0778             jsr     ($ffd0ac30,PC)
FFD0A4BA? 3002                 move.w  D2, D0
FFD0A4BC? D043                 add.w   D3, D0
FFD0A4BE? E248                 lsr.w   #1, D0
FFD0A4C0? 4840                 swap    D0
FFD0A4C2? 30280014             move.w  ($14,A0), D0
FFD0A4C6? 21400014             move.l  D0, ($14,A0)
FFD0A4CA? 4842                 swap    D2
FFD0A4CC? 34280090             move.w  ($90,A0), D2
FFD0A4D0? 21420090             move.l  D2, ($90,A0)
FFD0A4D4? 4843                 swap    D3
FFD0A4D6? 36280094             move.w  ($94,A0), D3
FFD0A4DA? 21430094             move.l  D3, ($94,A0)
FFD0A4DE? 4A68003E             tst.w   ($3e,A0)
FFD0A4E2? 661A                 bne     $ffd0a4fe
FFD0A4E4? 22280008             move.l  ($8,A0), D1
FFD0A4E8? D2A8008C             add.l   ($8c,A0), D1
FFD0A4EC? 0C810000C000         cmpi.l  #$c000, D1
FFD0A4F2? 6602                 bne     $ffd0a4f6
FFD0A4F4? 7200                 moveq   #$0, D1
FFD0A4F6? 21410008             move.l  D1, ($8,A0)
FFD0A4FA? 600000C6             bra     $ffd0a5c2
FFD0A4FE? 4EBA00D0             jsr     ($ffd0a5d0,PC)
FFD0A502? 34280014             move.w  ($14,A0), D2
FFD0A506? E34A                 lsl.w   #1, D2
FFD0A508? 4A68002E             tst.w   ($2e,A0)
FFD0A50C? 670E                 beq     $ffd0a51c
FFD0A50E? B4680030             cmp.w   ($30,A0), D2
FFD0A512? 6D0000AE             blt     $ffd0a5c2
FFD0A516? 4268002E             clr.w   ($2e,A0)
FFD0A51A? 6038                 bra     $ffd0a554
FFD0A51C? 4A680034             tst.w   ($34,A0)
FFD0A520? 6732                 beq     $ffd0a554
FFD0A522? B4680036             cmp.w   ($36,A0), D2
FFD0A526? 6F06                 ble     $ffd0a52e
FFD0A528? 4268003A             clr.w   ($3a,A0)
FFD0A52C? 6026                 bra     $ffd0a554
FFD0A52E? 3028003A             move.w  ($3a,A0), D0
FFD0A532? 5240                 addq.w  #1, D0
FFD0A534? 3140003A             move.w  D0, ($3a,A0)
FFD0A538? B068003C             cmp.w   ($3c,A0), D0
FFD0A53C? 6D16                 blt     $ffd0a554
FFD0A53E? 42680034             clr.w   ($34,A0)
FFD0A542? 20280024             move.l  ($24,A0), D0
FFD0A546? D0A8008C             add.l   ($8c,A0), D0
FFD0A54A? B0A80028             cmp.l   ($28,A0), D0
FFD0A54E? 6C04                 bge     $ffd0a554
FFD0A550? 21400028             move.l  D0, ($28,A0)
FFD0A554? 4A680086             tst.w   ($86,A0)
FFD0A558? 6668                 bne     $ffd0a5c2
FFD0A55A? 2A280020             move.l  ($20,A0), D5
FFD0A55E? 6762                 beq     $ffd0a5c2
FFD0A560? 28280024             move.l  ($24,A0), D4
FFD0A564? 2A45                 movea.l D5, A5
FFD0A566? DBC4                 adda.l  D4, A5
FFD0A568? 20280028             move.l  ($28,A0), D0
FFD0A56C? 9084                 sub.l   D4, D0
FFD0A56E? 22280008             move.l  ($8,A0), D1
FFD0A572? D2A8008C             add.l   ($8c,A0), D1
FFD0A576? 0C810000C000         cmpi.l  #$c000, D1
FFD0A57C? 6602                 bne     $ffd0a580
FFD0A57E? 7200                 moveq   #$0, D1
FFD0A580? 21410008             move.l  D1, ($8,A0)
FFD0A584? 22280004             move.l  ($4,A0), D1
FFD0A588? 246800AC             movea.l ($ac,A0), A2
FFD0A58C? D5C1                 adda.l  D1, A2
FFD0A58E? 2F00                 move.l  D0, -(A7)
FFD0A590? 2F0D                 move.l  A5, -(A7)
FFD0A592? 2F0A                 move.l  A2, -(A7)
FFD0A594? 4EBA051A             jsr     ($ffd0aab0,PC)
FFD0A598? DEFC000C             adda.w  #$c, A7
FFD0A59C? 4A40                 tst.w   D0
FFD0A59E? 6622                 bne     $ffd0a5c2
FFD0A5A0? 2F09                 move.l  A1, -(A7)
FFD0A5A2? 2448                 movea.l A0, A2
FFD0A5A4? 4EBA0204             jsr     (sub_FFD0A7AA,PC)
FFD0A5A8? 225F                 movea.l (A7)+, A1
FFD0A5AA? 4A680012             tst.w   ($12,A0)
FFD0A5AE? 6708                 beq     $ffd0a5b8
FFD0A5B0? 26780CC0             movea.l $cc0.w, A3
FFD0A5B4? 422B0F09             clr.b   ($f09,A3)
FFD0A5B8? 207808FC             movea.l $8fc.w, A0                        ; JIODone
FFD0A5BC? 4CDF3CF8             movem.l (A7)+, D3-D7/A2-A5
FFD0A5C0? 4ED0                 jmp     (A0)
FFD0A5C2? 26780CC0             movea.l $cc0.w, A3
FFD0A5C6? 422B0F09             clr.b   ($f09,A3)
FFD0A5CA? 4CDF3CF8             movem.l (A7)+, D3-D7/A2-A5
FFD0A5CE? 4E75                 rts
FFD0A5D0? 2028000C             move.l  ($c,A0), D0
FFD0A5D4? 6728                 beq     $ffd0a5fe
FFD0A5D6? 4A68003E             tst.w   ($3e,A0)
FFD0A5DA? 6722                 beq     $ffd0a5fe
FFD0A5DC? 48E7FFFE             movem.l D0-D7/A0-A6, -(A7)
FFD0A5E0? 2840                 movea.l D0, A4
FFD0A5E2? 7000                 moveq   #$0, D0
FFD0A5E4? 30280014             move.w  ($14,A0), D0
FFD0A5E8? 95E8008C             suba.l  ($8c,A0), A2
FFD0A5EC? 224A                 movea.l A2, A1
FFD0A5EE? 2228008C             move.l  ($8c,A0), D1
FFD0A5F2? 2050                 movea.l (A0), A0
FFD0A5F4? 2068001C             movea.l ($1c,A0), A0
FFD0A5F8? 4E94                 jsr     (A4)
FFD0A5FA? 4CDF7FFF             movem.l (A7)+, D0-D7/A0-A6
FFD0A5FE? 4E75                 rts
FFD0A600? 202800BA             move.l  ($ba,A0), D0
FFD0A604? 6754                 beq     $ffd0a65a
FFD0A606? 4A680088             tst.w   ($88,A0)
FFD0A60A? 674E                 beq     $ffd0a65a
FFD0A60C? 48E7FFFE             movem.l D0-D7/A0-A6, -(A7)
FFD0A610? 2640                 movea.l D0, A3
FFD0A612? 36BC0002             move.w  #$2, (A3)
FFD0A616? 276800180004         move.l  ($18,A0), ($4,A3)
FFD0A61C? 274A0008             move.l  A2, ($8,A3)
FFD0A620? 277C00000200000C     move.l  #$200, ($c,A3)
FFD0A628? 203C646F6974         move.l  #$646f6974, D0
FFD0A62E? 224B                 movea.l A3, A1
FFD0A630? 48E74080             movem.l D1/A0, -(A7)
FFD0A634? 207081E202B601AA     movea.l ([$2b6],$1aa), A0
FFD0A63C? 3228FFFE             move.w  (-$2,A0), D1
FFD0A640? 0C41001A             cmpi.w  #$1a, D1
FFD0A644? 6F0C                 ble     $ffd0a652
FFD0A646? 4AA80068             tst.l   ($68,A0)
FFD0A64A? 6706                 beq     $ffd0a652
FFD0A64C? 20680068             movea.l ($68,A0), A0
FFD0A650? 4E90                 jsr     (A0)
FFD0A652? 4CDF0102             movem.l (A7)+, D1/A0
FFD0A656? 4CDF7FFF             movem.l (A7)+, D0-D7/A0-A6
FFD0A65A? 4E75                 rts

sub_FFD0A65C:
FFD0A65C  40E7                 move    SR, -(A7)
FFD0A65E  007C0200             ori     #$200, SR
FFD0A662  227802B6             movea.l $2b6.w, A1                        ; BasicGlob
FFD0A666  22690110             movea.l ($110,A1), A1
FFD0A66A  47FAFD94             lea     ($ffd0a400,PC), A3
FFD0A66E  234B001E             move.l  A3, ($1e,A1)
FFD0A672  26780CC0             movea.l $cc0.w, A3
FFD0A676  177C00010801         move.b  #$1, ($801,A3)
FFD0A67C  422B0F09             clr.b   ($f09,A3)
FFD0A680  48E74080             movem.l D1/A0, -(A7)
FFD0A684  207081E202B601AA     movea.l ([$2b6],$1aa), A0
FFD0A68C  3228FFFE             move.w  (-$2,A0), D1
FFD0A690  0C410013             cmpi.w  #$13, D1
FFD0A694  6F0C                 ble     loc_FFD0A6A2
FFD0A696  4AA8004C             tst.l   ($4c,A0)
FFD0A69A  6706                 beq     loc_FFD0A6A2
FFD0A69C  2068004C             movea.l ($4c,A0), A0
FFD0A6A0  4E90                 jsr     (A0)
loc_FFD0A6A2:
FFD0A6A2  4CDF0102             movem.l (A7)+, D1/A0
FFD0A6A6  B0AA0018             cmp.l   ($18,A2), D0
FFD0A6AA  673E                 beq     loc_FFD0A6EA
FFD0A6AC  202A0018             move.l  ($18,A2), D0
FFD0A6B0  48E74080             movem.l D1/A0, -(A7)
FFD0A6B4  207081E202B601AA     movea.l ([$2b6],$1aa), A0
FFD0A6BC  3228FFFE             move.w  (-$2,A0), D1
FFD0A6C0  0C410014             cmpi.w  #$14, D1
FFD0A6C4  6F0C                 ble     loc_FFD0A6D2
FFD0A6C6  4AA80050             tst.l   ($50,A0)
FFD0A6CA  6706                 beq     loc_FFD0A6D2
FFD0A6CC  20680050             movea.l ($50,A0), A0
FFD0A6D0  4E90                 jsr     (A0)
loc_FFD0A6D2:
FFD0A6D2  4CDF0102             movem.l (A7)+, D1/A0
FFD0A6D6  002B00800803         ori.b   #$80, ($803,A3)
FFD0A6DC  022B007F0803         andi.b  #$7f, ($803,A3)
FFD0A6E2  426B1000             clr.w   ($1000,A3)
FFD0A6E6  426B1800             clr.w   ($1800,A3)
loc_FFD0A6EA:
FFD0A6EA  302A00B4             move.w  ($b4,A2), D0
FFD0A6EE  4EBA0128             jsr     (sub_FFD0A818,PC)
FFD0A6F2  302A00B4             move.w  ($b4,A2), D0
FFD0A6F6  4EBA01B6             jsr     (sub_FFD0A8AE,PC)
FFD0A6FA  4EBA0220             jsr     (sub_FFD0A91C,PC)
FFD0A6FE  26780CC0             movea.l $cc0.w, A3
FFD0A702  177C0001080A         move.b  #$1, ($80a,A3)
FFD0A708  4AA90022             tst.l   ($22,A1)
FFD0A70C  660E                 bne     loc_FFD0A71C
FFD0A70E  002B00800803         ori.b   #$80, ($803,A3)
FFD0A714  022B007F0803         andi.b  #$7f, ($803,A3)
FFD0A71A  600E                 bra     loc_FFD0A72A
loc_FFD0A71C:
FFD0A71C  303C03FF             move.w  #$3ff, D0
loc_FFD0A720:
FFD0A720  1213                 move.b  (A3), D1
FFD0A722  122B0400             move.b  ($400,A3), D1
FFD0A726  51C8FFF8             dbra    D0, loc_FFD0A720
loc_FFD0A72A:
FFD0A72A  2F08                 move.l  A0, -(A7)
FFD0A72C  207802B6             movea.l $2b6.w, A0                        ; BasicGlob
FFD0A730  206801A4             movea.l ($1a4,A0), A0
FFD0A734  4E90                 jsr     (A0)
FFD0A736  205F                 movea.l (A7)+, A0
FFD0A738  46DF                 move    (A7)+, SR
FFD0A73A  7000                 moveq   #$0, D0
FFD0A73C  4E75                 rts

sub_FFD0A73E:
FFD0A73E  40E7                 move    SR, -(A7)
FFD0A740  007C0200             ori     #$200, SR
FFD0A744  227802B6             movea.l $2b6.w, A1                        ; BasicGlob
FFD0A748  22690110             movea.l ($110,A1), A1
FFD0A74C  26780CC0             movea.l $cc0.w, A3
FFD0A750  303C03FF             move.w  #$3ff, D0
loc_FFD0A754:
FFD0A754  1213                 move.b  (A3), D1
FFD0A756  122B0400             move.b  ($400,A3), D1
FFD0A75A  51C8FFF8             dbra    D0, loc_FFD0A754
FFD0A75E  422B080A             clr.b   ($80a,A3)
FFD0A762  177C00010F09         move.b  #$1, ($f09,A3)
FFD0A768  4240                 clr.w   D0
FFD0A76A  4EBA00AC             jsr     (sub_FFD0A818,PC)
FFD0A76E  42A9001E             clr.l   ($1e,A1)
FFD0A772  46DF                 move    (A7)+, SR
FFD0A774  7000                 moveq   #$0, D0
FFD0A776  4E75                 rts

sub_FFD0A778:
FFD0A778  4A6A003E             tst.w   ($3e,A2)
FFD0A77C  662A                 bne     loc_FFD0A7A8
FFD0A77E  426A0086             clr.w   ($86,A2)
FFD0A782  357C0001003E         move.w  #$1, ($3e,A2)
FFD0A788  4A6A0012             tst.w   ($12,A2)
FFD0A78C  661A                 bne     loc_FFD0A7A8
FFD0A78E  356A001C0098         move.w  ($1c,A2), ($98,A2)
FFD0A794  356A001E009A         move.w  ($1e,A2), ($9a,A2)
FFD0A79A  356A0042009C         move.w  ($42,A2), ($9c,A2)
FFD0A7A0  426A0044             clr.w   ($44,A2)
FFD0A7A4  4EBAFEB6             jsr     (sub_FFD0A65C,PC)
loc_FFD0A7A8:
FFD0A7A8  4E75                 rts

sub_FFD0A7AA:
FFD0A7AA  4A6A003E             tst.w   ($3e,A2)
FFD0A7AE  671A                 beq     loc_FFD0A7CA
FFD0A7B0  4A6A0012             tst.w   ($12,A2)
FFD0A7B4  660C                 bne     loc_FFD0A7C2
FFD0A7B6  4EBAFF86             jsr     (sub_FFD0A73E,PC)
FFD0A7BA  42AA0004             clr.l   ($4,A2)
FFD0A7BE  42AA0008             clr.l   ($8,A2)
loc_FFD0A7C2:
FFD0A7C2  426A003E             clr.w   ($3e,A2)
FFD0A7C6  426A0086             clr.w   ($86,A2)
loc_FFD0A7CA:
FFD0A7CA  4E75                 rts
FFD0A7CC? 4A6A0012             tst.w   ($12,A2)
FFD0A7D0? 6626                 bne     $ffd0a7f8
FFD0A7D2? 357C00010012         move.w  #$1, ($12,A2)
FFD0A7D8? 4A6A003E             tst.w   ($3e,A2)
FFD0A7DC? 661A                 bne     $ffd0a7f8
FFD0A7DE? 356A001C0098         move.w  ($1c,A2), ($98,A2)
FFD0A7E4? 356A001E009A         move.w  ($1e,A2), ($9a,A2)
FFD0A7EA? 356A0042009C         move.w  ($42,A2), ($9c,A2)
FFD0A7F0? 426A0044             clr.w   ($44,A2)
FFD0A7F4? 4EBAFE66             jsr     (sub_FFD0A65C,PC)
FFD0A7F8? 4E75                 rts
FFD0A7FA? 4A6A0012             tst.w   ($12,A2)
FFD0A7FE? 6716                 beq     $ffd0a816
FFD0A800? 4A6A003E             tst.w   ($3e,A2)
FFD0A804? 660C                 bne     $ffd0a812
FFD0A806? 4EBAFF36             jsr     (sub_FFD0A73E,PC)
FFD0A80A? 42AA0004             clr.l   ($4,A2)
FFD0A80E? 42AA0008             clr.l   ($8,A2)
FFD0A812? 426A0012             clr.w   ($12,A2)
FFD0A816? 4E75                 rts

sub_FFD0A818:
FFD0A818  48E7C080             movem.l D0-D1/A0, -(A7)
FFD0A81C  2200                 move.l  D0, D1
FFD0A81E  4EBAF212             jsr     (sub_FFD09A32,PC)
FFD0A822  E948                 lsl.w   #4, D0
FFD0A824  41FB01200048         lea     ($48,PC,D0.w), A0
FFD0A82A  B250                 cmp.w   (A0), D1
FFD0A82C  6430                 bcc     loc_FFD0A85E
FFD0A82E  672E                 beq     loc_FFD0A85E
FFD0A830  5488                 addq.l  #2, A0
FFD0A832  30301200             move.w  (A0,D1.w*2), D0
FFD0A836  48E74080             movem.l D1/A0, -(A7)
FFD0A83A  207081E202B601AA     movea.l ([$2b6],$1aa), A0
FFD0A842  3228FFFE             move.w  (-$2,A0), D1
FFD0A846  0C410006             cmpi.w  #$6, D1
FFD0A84A  6F0C                 ble     loc_FFD0A858
FFD0A84C  4AA80018             tst.l   ($18,A0)
FFD0A850  6706                 beq     loc_FFD0A858
FFD0A852  20680018             movea.l ($18,A0), A0
FFD0A856  4E90                 jsr     (A0)
loc_FFD0A858:
FFD0A858  4CDF0102             movem.l (A7)+, D1/A0
FFD0A85C  600A                 bra     loc_FFD0A868
loc_FFD0A85E:
FFD0A85E  44FC0000             move    #$0, CCR
FFD0A862  6004                 bra     loc_FFD0A868
FFD0A864d 44FC0004             dc.b    $44,$FC,$00,$04                   ; |D...|
loc_FFD0A868:
FFD0A868  4CDF0103             movem.l (A7)+, D0-D1/A0
FFD0A86C  4E75                 rts
FFD0A86Ed 0003000000010003     dc.b    $00,$03,$00,$00,$00,$01,$00,$03,$00,$00,$00,$00,$00,$00,$00,$00 ; |................|
FFD0A87Ed 0003000000010003     dc.b    $00,$03,$00,$00,$00,$01,$00,$03,$00,$00,$00,$00,$00,$00,$00,$00 ; |................|
FFD0A88Ed 0003000000010003     dc.b    $00,$03,$00,$00,$00,$01,$00,$03,$00,$00,$00,$00,$00,$00,$00,$00 ; |................|
FFD0A89Ed 0003000000010003     dc.b    $00,$03,$00,$00,$00,$01,$00,$03,$00,$00,$00,$00,$00,$00,$00,$00 ; |................|

sub_FFD0A8AE:
FFD0A8AE  48E7E0C0             movem.l D0-D2/A0-A1, -(A7)
FFD0A8B2  0C400000             cmpi.w  #$0, D0
FFD0A8B6  6602                 bne     loc_FFD0A8BA
FFD0A8B8  6058                 bra     loc_FFD0A912
loc_FFD0A8BA:
FFD0A8BA  0C400001             cmpi.w  #$1, D0
FFD0A8BE  6606                 bne     loc_FFD0A8C6
FFD0A8C0  202A009E             move.l  ($9e,A2), D0
FFD0A8C4  600A                 bra     loc_FFD0A8D0
loc_FFD0A8C6:
FFD0A8C6  0C400002             cmpi.w  #$2, D0
FFD0A8CA  6640                 bne     loc_FFD0A90C
FFD0A8CC  202A00A2             move.l  ($a2,A2), D0
loc_FFD0A8D0:
FFD0A8D0  048000008000         subi.l  #$8000, D0
FFD0A8D6  594F                 subq.w  #4, A7
FFD0A8D8  2F00                 move.l  D0, -(A7)
FFD0A8DA  2F3C00168000         move.l  #$168000, -(A7)
FFD0A8E0  A868                 _FixMul                                   ; A-line trap A868
FFD0A8E2  201F                 move.l  (A7)+, D0
FFD0A8E4  48E74080             movem.l D1/A0, -(A7)
FFD0A8E8  207081E202B601AA     movea.l ([$2b6],$1aa), A0
FFD0A8F0  3228FFFE             move.w  (-$2,A0), D1
FFD0A8F4  0C410016             cmpi.w  #$16, D1
FFD0A8F8  6F0C                 ble     loc_FFD0A906
FFD0A8FA  4AA80058             tst.l   ($58,A0)
FFD0A8FE  6706                 beq     loc_FFD0A906
FFD0A900  20680058             movea.l ($58,A0), A0
FFD0A904  4E90                 jsr     (A0)
loc_FFD0A906:
FFD0A906  4CDF0102             movem.l (A7)+, D1/A0
FFD0A90A  6006                 bra     loc_FFD0A912
loc_FFD0A90C:
FFD0A90C  44FC0000             move    #$0, CCR
FFD0A910  6004                 bra     loc_FFD0A916
loc_FFD0A912:
FFD0A912  44FC0004             move    #$4, CCR
loc_FFD0A916:
FFD0A916  4CDF0307             movem.l (A7)+, D0-D2/A0-A1
FFD0A91A  4E75                 rts

sub_FFD0A91C:
FFD0A91C  48E78000             movem.l D0, -(A7)
FFD0A920  082A000000A6         btst    #$0, ($a6,A2)
FFD0A926  6652                 bne     loc_FFD0A97A
FFD0A928  0C400000             cmpi.w  #$0, D0
FFD0A92C  6602                 bne     loc_FFD0A930
FFD0A92E  604A                 bra     loc_FFD0A97A
loc_FFD0A930:
FFD0A930  0C400001             cmpi.w  #$1, D0
FFD0A934  6608                 bne     loc_FFD0A93E
FFD0A936  357C00010088         move.w  #$1, ($88,A2)
FFD0A93C  600A                 bra     loc_FFD0A948
loc_FFD0A93E:
FFD0A93E  0C400002             cmpi.w  #$2, D0
FFD0A942  6630                 bne     loc_FFD0A974
FFD0A944  426A0088             clr.w   ($88,A2)
loc_FFD0A948:
FFD0A948  302A0088             move.w  ($88,A2), D0
FFD0A94C  48E74080             movem.l D1/A0, -(A7)
FFD0A950  207081E202B601AA     movea.l ([$2b6],$1aa), A0
FFD0A958  3228FFFE             move.w  (-$2,A0), D1
FFD0A95C  0C41000A             cmpi.w  #$a, D1
FFD0A960  6F0C                 ble     loc_FFD0A96E
FFD0A962  4AA80028             tst.l   ($28,A0)
FFD0A966  6706                 beq     loc_FFD0A96E
FFD0A968  20680028             movea.l ($28,A0), A0
FFD0A96C  4E90                 jsr     (A0)
loc_FFD0A96E:
FFD0A96E  4CDF0102             movem.l (A7)+, D1/A0
FFD0A972  6006                 bra     loc_FFD0A97A
loc_FFD0A974:
FFD0A974  44FC0000             move    #$0, CCR
FFD0A978  6004                 bra     loc_FFD0A97E
loc_FFD0A97A:
FFD0A97A  44FC0004             move    #$4, CCR
loc_FFD0A97E:
FFD0A97E  4CDF0001             movem.l (A7)+, D0
FFD0A982  4E75                 rts
loc_FFD0A984:
FFD0A984  221B                 move.l  (A3)+, D1
FFD0A986  6708                 beq     loc_FFD0A990
FFD0A988  B081                 cmp.l   D1, D0
FFD0A98A  6704                 beq     loc_FFD0A990
FFD0A98C  544B                 addq.w  #2, A3
FFD0A98E  60F4                 bra     loc_FFD0A984
loc_FFD0A990:
FFD0A990  3213                 move.w  (A3), D1
FFD0A992  4EF31000             jmp     (A3,D1.w)
FFD0A996? 4E56FFEC             link    A6, #-$14
FFD0A99A? 2D48FFFC             move.l  A0, (-$4,A6)
FFD0A99E? 2D4DFFF8             move.l  A5, (-$8,A6)
FFD0A9A2? 2A780904             movea.l $904.w, A5                        ; CurrentA5
FFD0A9A6? 598F                 subq.l  #4, A7
FFD0A9A8? 3F3CBF9C             move.w  #$bf9c, -(A7)
FFD0A9AC? 42A7                 clr.l   -(A7)
FFD0A9AE? 2F3CFFFFFFFF         move.l  #$ffffffff, -(A7)
FFD0A9B4? A97C                 _GetNewDialog                             ; A-line trap A97C
FFD0A9B6? 2D5FFFF4             move.l  (A7)+, (-$c,A6)
FFD0A9BA? 4AAEFFF4             tst.l   (-$c,A6)
FFD0A9BE? 67000096             beq     $ffd0aa56
FFD0A9C2? 486EFFF0             pea     (-$10,A6)
FFD0A9C6? A874                 _GetPort                                  ; A-line trap A874
FFD0A9C8? 2F2EFFF4             move.l  (-$c,A6), -(A7)
FFD0A9CC? A873                 _SetPort                                  ; A-line trap A873
FFD0A9CE? 598F                 subq.l  #4, A7
FFD0A9D0? 558F                 subq.l  #2, A7
FFD0A9D2? 2F3C82000000         move.l  #$82000000, -(A7)
FFD0A9D8? A8B5                 _ScriptUtil                               ; A-line trap A8B5
FFD0A9DA? 3F3C0052             move.w  #$52, -(A7)
FFD0A9DE? 2F3C8404000C         move.l  #$8404000c, -(A7)
FFD0A9E4? A8B5                 _ScriptUtil                               ; A-line trap A8B5
FFD0A9E6? 2017                 move.l  (A7), D0
FFD0A9E8? 4840                 swap    D0
FFD0A9EA? 3F00                 move.w  D0, -(A7)
FFD0A9EC? A887                 _TextFont                                 ; A-line trap A887
FFD0A9EE? 201F                 move.l  (A7)+, D0
FFD0A9F0? 3F00                 move.w  D0, -(A7)
FFD0A9F2? A88A                 _TextSize                                 ; A-line trap A88A
FFD0A9F4? 302A00B4             move.w  ($b4,A2), D0
FFD0A9F8? 303B032000AC         move.w  ($ac,PC,D0.w*2), D0
FFD0A9FE? 3D40FFEC             move.w  D0, (-$14,A6)
FFD0AA02? 2F2EFFF4             move.l  (-$c,A6), -(A7)
FFD0AA06? 3F00                 move.w  D0, -(A7)
FFD0AA08? 4EBA0058             jsr     ($ffd0aa62,PC)
FFD0AA0C? 2F2EFFF4             move.l  (-$c,A6), -(A7)
FFD0AA10? A915                 _ShowWindow                               ; A-line trap A915
FFD0AA12? 42A7                 clr.l   -(A7)
FFD0AA14? 486EFFEE             pea     (-$12,A6)
FFD0AA18? A991                 _ModalDialog                              ; A-line trap A991
FFD0AA1A? 302EFFEE             move.w  (-$12,A6), D0
FFD0AA1E? 0C400002             cmpi.w  #$2, D0
FFD0AA22? 6310                 bls     $ffd0aa34
FFD0AA24? 3D40FFEC             move.w  D0, (-$14,A6)
FFD0AA28? 2F2EFFF4             move.l  (-$c,A6), -(A7)
FFD0AA2C? 3F00                 move.w  D0, -(A7)
FFD0AA2E? 4EBA0032             jsr     ($ffd0aa62,PC)
FFD0AA32? 60DE                 bra     $ffd0aa12
FFD0AA34? 0C400001             cmpi.w  #$1, D0
FFD0AA38? 6610                 bne     $ffd0aa4a
FFD0AA3A? 302EFFEC             move.w  (-$14,A6), D0
FFD0AA3E? 5740                 subq.w  #3, D0
FFD0AA40? 303B03200060         move.w  ($60,PC,D0.w*2), D0
FFD0AA46? 354000B4             move.w  D0, ($b4,A2)
FFD0AA4A? 2F2EFFF4             move.l  (-$c,A6), -(A7)
FFD0AA4E? A983                 _DisposeDialog                            ; A-line trap A983
FFD0AA50? 2F2EFFF0             move.l  (-$10,A6), -(A7)
FFD0AA54? A873                 _SetPort                                  ; A-line trap A873
FFD0AA56? 2A6EFFF8             movea.l (-$8,A6), A5
FFD0AA5A? 206EFFFC             movea.l (-$4,A6), A0
FFD0AA5E? 4E5E                 unlk    A6
FFD0AA60? 4E75                 rts
FFD0AA62? 4E56FFF0             link    A6, #-$10
FFD0AA66? 367C0003             movea.w #$3, A3
FFD0AA6A? 2F2E000A             move.l  ($a,A6), -(A7)
FFD0AA6E? 3F0B                 move.w  A3, -(A7)
FFD0AA70? 486EFFFC             pea     (-$4,A6)
FFD0AA74? 486EFFF8             pea     (-$8,A6)
FFD0AA78? 486EFFF0             pea     (-$10,A6)
FFD0AA7C? A98D                 _GetDialogItem                            ; A-line trap A98D
FFD0AA7E? 7000                 moveq   #$0, D0
FFD0AA80? B6EE0008             cmpa.w  ($8,A6), A3
FFD0AA84? 57C0                 seq     D0
FFD0AA86? 2F2EFFF8             move.l  (-$8,A6), -(A7)
FFD0AA8A? 3F00                 move.w  D0, -(A7)
FFD0AA8C? A963                 _SetControlValue                          ; A-line trap A963
FFD0AA8E? 524B                 addq.w  #1, A3
FFD0AA90? B6FC0004             cmpa.w  #$4, A3
FFD0AA94? 63D4                 bls     $ffd0aa6a
FFD0AA96? 206E0004             movea.l ($4,A6), A0
FFD0AA9A? 4E5E                 unlk    A6
FFD0AA9C? DEFC000A             adda.w  #$a, A7
FFD0AAA0? 4ED0                 jmp     (A0)
FFD0AAA2d 0001000200000003     dc.b    $00,$01,$00,$02,$00,$00,$00,$03,$00,$04,$00,$00,$00,$00,$4E,$56 ; |..............NV|
FFD0AAB2d 000048E77F3C         dc.b    $00,$00,$48,$E7,$7F,$3C           ; |..H..<|
FFD0AAB8? 0C6800000042         cmpi.w  #$0, ($42,A0)
FFD0AABE? 6674                 bne     $ffd0ab34
FFD0AAC0? 3C3C0001             move.w  #$1, D6
FFD0AAC4? 28280008             move.l  ($8,A0), D4
FFD0AAC8? 98A80004             sub.l   ($4,A0), D4
FFD0AACC? 6700014A             beq     $ffd0ac18
FFD0AAD0? 640A                 bcc     $ffd0aadc
FFD0AAD2? 283C0000C000         move.l  #$c000, D4
FFD0AAD8? 98A80004             sub.l   ($4,A0), D4
FFD0AADC? B8AE0010             cmp.l   ($10,A6), D4
FFD0AAE0? 6520                 bcs     $ffd0ab02
FFD0AAE2? 282E0010             move.l  ($10,A6), D4
FFD0AAE6? 7A00                 moveq   #$0, D5
FFD0AAE8? 0C680008001C         cmpi.w  #$8, ($1c,A0)
FFD0AAEE? 6702                 beq     $ffd0aaf2
FFD0AAF0? 5245                 addq.w  #1, D5
FFD0AAF2? 0C680001001E         cmpi.w  #$1, ($1e,A0)
FFD0AAF8? 6702                 beq     $ffd0aafc
FFD0AAFA? 5245                 addq.w  #1, D5
FFD0AAFC? EAAC                 lsr.l   D5, D4
FFD0AAFE? EBAC                 lsl.l   D5, D4
FFD0AB00? 4246                 clr.w   D6
FFD0AB02? 246E0008             movea.l ($8,A6), A2
FFD0AB06? 266E000C             movea.l ($c,A6), A3
FFD0AB0A? 2A04                 move.l  D4, D5
FFD0AB0C? 6002                 bra     $ffd0ab10
FFD0AB0E? 16DA                 move.b  (A2)+, (A3)+
FFD0AB10? 51CDFFFC             dbra    D5, $ffd0ab0e
FFD0AB14? 2450                 movea.l (A0), A2
FFD0AB16? D9AA0028             add.l   D4, ($28,A2)
FFD0AB1A? D9A80024             add.l   D4, ($24,A0)
FFD0AB1E? D9A80004             add.l   D4, ($4,A0)
FFD0AB22? 0CA80000C0000004     cmpi.l  #$c000, ($4,A0)
FFD0AB2A? 6604                 bne     $ffd0ab30
FFD0AB2C? 42A80004             clr.l   ($4,A0)
FFD0AB30? 600000E6             bra     $ffd0ac18
FFD0AB34? 3A280044             move.w  ($44,A0), D5
FFD0AB38? 5245                 addq.w  #1, D5
FFD0AB3A? 0C450003             cmpi.w  #$3, D5
FFD0AB3E? 660A                 bne     $ffd0ab4a
FFD0AB40? 4245                 clr.w   D5
FFD0AB42? 243C00000204         move.l  #$204, D2
FFD0AB48? 600A                 bra     $ffd0ab54
FFD0AB4A? 31450044             move.w  D5, ($44,A0)
FFD0AB4E? 243C000001FE         move.l  #$1fe, D2
FFD0AB54? 31450044             move.w  D5, ($44,A0)
FFD0AB58? 0C6800030042         cmpi.w  #$3, ($42,A0)
FFD0AB5E? 664E                 bne     $ffd0abae
FFD0AB60? 2602                 move.l  D2, D3
FFD0AB62? 86FC0003             divu.w  #$3, D3
FFD0AB66? 2A2E0010             move.l  ($10,A6), D5
FFD0AB6A? BA83                 cmp.l   D3, D5
FFD0AB6C? 6E10                 bgt     $ffd0ab7e
FFD0AB6E? 242E0010             move.l  ($10,A6), D2
FFD0AB72? C4FC0003             mulu.w  #$3, D2
FFD0AB76? 262E0010             move.l  ($10,A6), D3
FFD0AB7A? 4246                 clr.w   D6
FFD0AB7C? 6004                 bra     $ffd0ab82
FFD0AB7E? 3C3C0001             move.w  #$1, D6
FFD0AB82? 2F08                 move.l  A0, -(A7)
FFD0AB84? 2F2E0008             move.l  ($8,A6), -(A7)
FFD0AB88? 2F2E000C             move.l  ($c,A6), -(A7)
FFD0AB8C? 2F02                 move.l  D2, -(A7)
FFD0AB8E? 48680046             pea     ($46,A0)
FFD0AB92? 48680046             pea     ($46,A0)
FFD0AB96? 2F3C00000001         move.l  #$1, -(A7)
FFD0AB9C? 2F3C00000001         move.l  #$1, -(A7)
FFD0ABA2? 203C00040010         move.l  #$40010, D0
FFD0ABA8? A800                 _SoundDispatch                            ; A-line trap A800
FFD0ABAA? 205F                 movea.l (A7)+, A0
FFD0ABAC? 604C                 bra     $ffd0abfa
FFD0ABAE? 2602                 move.l  D2, D3
FFD0ABB0? 86FC0006             divu.w  #$6, D3
FFD0ABB4? 2A2E0010             move.l  ($10,A6), D5
FFD0ABB8? BA83                 cmp.l   D3, D5
FFD0ABBA? 6E10                 bgt     $ffd0abcc
FFD0ABBC? 242E0010             move.l  ($10,A6), D2
FFD0ABC0? C4FC0006             mulu.w  #$6, D2
FFD0ABC4? 262E0010             move.l  ($10,A6), D3
FFD0ABC8? 4246                 clr.w   D6
FFD0ABCA? 6004                 bra     $ffd0abd0
FFD0ABCC? 3C3C0001             move.w  #$1, D6
FFD0ABD0? 2F08                 move.l  A0, -(A7)
FFD0ABD2? 2F2E0008             move.l  ($8,A6), -(A7)
FFD0ABD6? 2F2E000C             move.l  ($c,A6), -(A7)
FFD0ABDA? 2F02                 move.l  D2, -(A7)
FFD0ABDC? 48680046             pea     ($46,A0)
FFD0ABE0? 48680046             pea     ($46,A0)
FFD0ABE4? 2F3C00000001         move.l  #$1, -(A7)
FFD0ABEA? 2F3C00000001         move.l  #$1, -(A7)
FFD0ABF0? 203C000C0010         move.l  #$c0010, D0
FFD0ABF6? A800                 _SoundDispatch                            ; A-line trap A800
FFD0ABF8? 205F                 movea.l (A7)+, A0
FFD0ABFA? D7A80024             add.l   D3, ($24,A0)
FFD0ABFE? 2A280004             move.l  ($4,A0), D5
FFD0AC02? DA82                 add.l   D2, D5
FFD0AC04? 0C850000C000         cmpi.l  #$c000, D5
FFD0AC0A? 6602                 bne     $ffd0ac0e
FFD0AC0C? 7A00                 moveq   #$0, D5
FFD0AC0E? 21450004             move.l  D5, ($4,A0)
FFD0AC12? 2450                 movea.l (A0), A2
FFD0AC14? D7AA0028             add.l   D3, ($28,A2)
FFD0AC18? 3006                 move.w  D6, D0
FFD0AC1A? 4CDF3CFE             movem.l (A7)+, D1-D7/A2-A5
FFD0AC1E? 4E5E                 unlk    A6
FFD0AC20? 4E75                 rts
FFD0AC22? 00000000             ori.b   #$0, D0
FFD0AC26? 00000000             ori.b   #$0, D0
FFD0AC2A? 00000000             ori.b   #$0, D0
FFD0AC2E? 0000203C             ori.b   #$3c, D0
FFD0AC32? 000001FF             ori.b   #$ff, D0
FFD0AC36? 7400                 moveq   #$0, D2
FFD0AC38? 7600                 moveq   #$0, D3
FFD0AC3A? 7200                 moveq   #$0, D1
FFD0AC3C? 0C680008001C         cmpi.w  #$8, ($1c,A0)
FFD0AC42? 6604                 bne     $ffd0ac48
FFD0AC44? 00410002             ori.w   #$2, D1
FFD0AC48? 0C680001001E         cmpi.w  #$1, ($1e,A0)
FFD0AC4E? 6604                 bne     $ffd0ac54
FFD0AC50? 00410004             ori.w   #$4, D1
FFD0AC54? 4A68008A             tst.w   ($8a,A0)
FFD0AC58? 6604                 bne     $ffd0ac5e
FFD0AC5A? 00410008             ori.w   #$8, D1
FFD0AC5E? 2F08                 move.l  A0, -(A7)
FFD0AC60? 41FA0010             lea     ($ffd0ac72,PC), A0
FFD0AC64? D0F01000             adda.w  (A0,D1.w), A0
FFD0AC68? 4E90                 jsr     (A0)
FFD0AC6A? 205F                 movea.l (A7)+, A0
FFD0AC6C? 2140008C             move.l  D0, ($8c,A0)
FFD0AC70? 4E75                 rts
FFD0AC72d 00100058003400A4     dc.b    $00,$10,$00,$58,$00,$34,$00,$A4,$00,$10,$00,$7C,$00,$34,$00,$C8 ; |...X.4.....|.4..|
FFD0AC82? 221B                 move.l  (A3)+, D1
FFD0AC84? B641                 cmp.w   D1, D3
FFD0AC86? 6C02                 bge     $ffd0ac8a
FFD0AC88? 3601                 move.w  D1, D3
FFD0AC8A? 4841                 swap    D1
FFD0AC8C? B441                 cmp.w   D1, D2
FFD0AC8E? 6C02                 bge     $ffd0ac92
FFD0AC90? 3401                 move.w  D1, D2
FFD0AC92? 4841                 swap    D1
FFD0AC94? 24C1                 move.l  D1, (A2)+
FFD0AC96? 51C8FFEA             dbra    D0, $ffd0ac82
FFD0AC9A? E04A                 lsr.w   #8, D2
FFD0AC9C? E04B                 lsr.w   #8, D3
FFD0AC9E? 203C00000800         move.l  #$800, D0
FFD0ACA4? 4E75                 rts
FFD0ACA6? 321B                 move.w  (A3)+, D1
FFD0ACA8? 48C1                 ext.l   D1
FFD0ACAA? 361B                 move.w  (A3)+, D3
FFD0ACAC? 48C3                 ext.l   D3
FFD0ACAE? D283                 add.l   D3, D1
FFD0ACB0? E281                 asr.l   #1, D1
FFD0ACB2? B441                 cmp.w   D1, D2
FFD0ACB4? 6C02                 bge     $ffd0acb8
FFD0ACB6? 3401                 move.w  D1, D2
FFD0ACB8? 34C1                 move.w  D1, (A2)+
FFD0ACBA? 51C8FFEA             dbra    D0, $ffd0aca6
FFD0ACBE? E04A                 lsr.w   #8, D2
FFD0ACC0? 2602                 move.l  D2, D3
FFD0ACC2? 203C00000400         move.l  #$400, D0
FFD0ACC8? 4E75                 rts
FFD0ACCA? 030B0000             movep.w ($0,A3), D1
FFD0ACCE? 584B                 addq.w  #4, A3
FFD0ACD0? B601                 cmp.b   D1, D3
FFD0ACD2? 6C02                 bge     $ffd0acd6
FFD0ACD4? 1601                 move.b  D1, D3
FFD0ACD6? E059                 ror.w   #8, D1
FFD0ACD8? B401                 cmp.b   D1, D2
FFD0ACDA? 6C02                 bge     $ffd0acde
FFD0ACDC? 1401                 move.b  D1, D2
FFD0ACDE? E059                 ror.w   #8, D1
FFD0ACE0? 34C1                 move.w  D1, (A2)+
FFD0ACE2? 51C8FFE6             dbra    D0, $ffd0acca
FFD0ACE6? 203C00000400         move.l  #$400, D0
FFD0ACEC? 4E75                 rts
FFD0ACEE? 030B0000             movep.w ($0,A3), D1
FFD0ACF2? 584B                 addq.w  #4, A3
FFD0ACF4? B601                 cmp.b   D1, D3
FFD0ACF6? 6C02                 bge     $ffd0acfa
FFD0ACF8? 1601                 move.b  D1, D3
FFD0ACFA? E059                 ror.w   #8, D1
FFD0ACFC? B401                 cmp.b   D1, D2
FFD0ACFE? 6C02                 bge     $ffd0ad02
FFD0AD00? 1401                 move.b  D1, D2
FFD0AD02? E059                 ror.w   #8, D1
FFD0AD04? 0A418080             eori.w  #$8080, D1
FFD0AD08? 34C1                 move.w  D1, (A2)+
FFD0AD0A? 51C8FFE2             dbra    D0, $ffd0acee
FFD0AD0E? 203C00000400         move.l  #$400, D0
FFD0AD14? 4E75                 rts
FFD0AD16? 321B                 move.w  (A3)+, D1
FFD0AD18? 48C1                 ext.l   D1
FFD0AD1A? 361B                 move.w  (A3)+, D3
FFD0AD1C? 48C3                 ext.l   D3
FFD0AD1E? D283                 add.l   D3, D1
FFD0AD20? E281                 asr.l   #1, D1
FFD0AD22? E089                 lsr.l   #8, D1
FFD0AD24? B401                 cmp.b   D1, D2
FFD0AD26? 6C02                 bge     $ffd0ad2a
FFD0AD28? 1401                 move.b  D1, D2
FFD0AD2A? 14C1                 move.b  D1, (A2)+
FFD0AD2C? 51C8FFE8             dbra    D0, $ffd0ad16
FFD0AD30? 2602                 move.l  D2, D3
FFD0AD32? 203C00000200         move.l  #$200, D0
FFD0AD38? 4E75                 rts
FFD0AD3A? 321B                 move.w  (A3)+, D1
FFD0AD3C? 48C1                 ext.l   D1
FFD0AD3E? 361B                 move.w  (A3)+, D3
FFD0AD40? 48C3                 ext.l   D3
FFD0AD42? D283                 add.l   D3, D1
FFD0AD44? E281                 asr.l   #1, D1
FFD0AD46? E089                 lsr.l   #8, D1
FFD0AD48? B401                 cmp.b   D1, D2
FFD0AD4A? 6C02                 bge     $ffd0ad4e
FFD0AD4C? 1401                 move.b  D1, D2
FFD0AD4E? 0A010080             eori.b  #$80, D1
FFD0AD52? 14C1                 move.b  D1, (A2)+
FFD0AD54? 51C8FFE4             dbra    D0, $ffd0ad3a
FFD0AD58? 2602                 move.l  D2, D3
FFD0AD5A? 203C00000200         move.l  #$200, D0
FFD0AD60? 4E75                 rts
FFD0AD62d 0000000000000000     dc.b    $00,$00,$00,$00,$00,$00,$00,$00,$00,$00,$00,$00,$00,$00,$78,$00 ; |..............x.|
FFD0AD72d 0000000000000010     dc.b    $00,$00,$00,$00,$00,$00,$00,$10,$98,$C0 ; |..........|
