; ============================================================================
; ROM resource 'adio' -16570  at FFD13270
; ============================================================================
; data at ROM 113270 (40C bytes), entry at 113670, attributes 58, combo 7800000000000000
; data header: 4b757274 c0a00000 0000040c 0000039c
; 68k code resource, disassembled from its start (entry points: offset 0, driver
; header entries for DRVR, and executed addresses).
;
; Columns: address, flag, raw bytes, instruction, ; comment.
;   flag '*' executed in the coverage run, ' ' reached by control flow,
;   '?' decodes as code but neither executed nor reached, 'd' data.

FFD13270  4E560000             link    A6, #$0
FFD13274  48E71718             movem.l D3/D5-D7/A3-A4, -(A7)
FFD13278  266E000C             movea.l ($c,A6), A3
FFD1327C  7000                 moveq   #$0, D0
FFD1327E  2840                 movea.l D0, A4
FFD13280  3A2B0002             move.w  ($2,A3), D5
FFD13284  4206                 clr.b   D6
FFD13286  48C5                 ext.l   D5
FFD13288  2005                 move.l  D5, D0
FFD1328A  72FB                 moveq   #-$5, D1
FFD1328C  9081                 sub.l   D1, D0
FFD1328E  6B70                 bmi     loc_FFD13300
FFD13290  0C800000000A         cmpi.l  #$a, D0
FFD13296  6E68                 bgt     loc_FFD13300
FFD13298  D080                 add.l   D0, D0
FFD1329A  303B0806             move.w  ($6,PC,D0.l), D0
FFD1329E  4EFB0000             jmp     (PC,D0.w)
FFD132A2d 002A001800220036     dc.b    $00,$2A,$00,$18,$00,$22,$00,$36,$00,$30,$00,$3C,$00,$42,$00,$48 ; |.*...".6.0.<.B.H|
FFD132B2d 004E                 dc.b    $00,$4E                           ; |.N|
FFD132B4? 0054005A             ori.w   #$5a, (A4)
FFD132B8? 2D7C000100000010     move.l  #$10000, ($10,A6)
FFD132C0? 607A                 bra     $ffd1333c
FFD132C2? 3A2B0004             move.w  ($4,A3), D5
FFD132C6? 7C01                 moveq   #$1, D6
FFD132C8? 60BC                 bra     $ffd13286
FFD132CAd 49FA0084603449FA     dc.b    $49,$FA,$00,$84,$60,$34,$49,$FA,$00,$CE,$60,$2E,$49,$FA,$01,$A8 ; |I...`4I...`.I...|
FFD132DAd 602849FA01C26022     dc.b    $60,$28,$49,$FA,$01,$C2,$60,$22,$49,$FA,$02,$2C,$60,$1C,$49,$FA ; |`(I...`"I..,`.I.|
FFD132EAd 0286601649FA02C0     dc.b    $02,$86,$60,$16,$49,$FA,$02,$C0,$60,$10,$49,$FA,$03,$0A,$60,$0A ; |..`.I...`.I...`.|
FFD132FAd 49FA03146004         dc.b    $49,$FA,$03,$14,$60,$04           ; |I...`.|
loc_FFD13300:
FFD13300  7000                 moveq   #$0, D0
FFD13302  2840                 movea.l D0, A4
FFD13304  4A06                 tst.b   D6
FFD13306  6714                 beq     loc_FFD1331C
FFD13308  200C                 move.l  A4, D0
FFD1330A  57C3                 seq     D3
FFD1330C  4403                 neg.b   D3
FFD1330E  6704                 beq     loc_FFD13314
FFD13310  7000                 moveq   #$0, D0
FFD13312  6002                 bra     loc_FFD13316
loc_FFD13314:
FFD13314  7001                 moveq   #$1, D0
loc_FFD13316:
FFD13316  49C0                 extb.l  D0; (2+)
FFD13318  2E00                 move.l  D0, D7
FFD1331A  601C                 bra     loc_FFD13338
loc_FFD1331C:
FFD1331C  200C                 move.l  A4, D0
FFD1331E  6608                 bne     loc_FFD13328
FFD13320  2E3C80008002         move.l  #$80008002, D7
FFD13326  6010                 bra     loc_FFD13338
loc_FFD13328:
FFD13328  598F                 subq.l  #4, A7
FFD1332A  2F2E0008             move.l  ($8,A6), -(A7)
FFD1332E  2F0B                 move.l  A3, -(A7)
FFD13330  2F0C                 move.l  A4, -(A7)
FFD13332  70FF                 moveq   #-$1, D0
FFD13334  A82A                 _ComponentDispatch                        ; A-line trap A82A
FFD13336  2E1F                 move.l  (A7)+, D7
loc_FFD13338:
FFD13338  2D470010             move.l  D7, ($10,A6)
FFD1333C  4CEE18E8FFE8         movem.l (-$18,A6), D3/D5-D7/A3-A4
FFD13342  4E5E                 unlk    A6
FFD13344  4E740008             rtd     #$8; (1+)
FFD13348? 00000000             ori.b   #$0, D0
FFD1334C? 00000000             ori.b   #$0, D0
FFD13350? 4E56FFFC             link    A6, #-$4
FFD13354? 2F07                 move.l  D7, -(A7)
FFD13356? 203C736E6877         move.l  #$736e6877, D0
FFD1335C? 41EEFFFC             lea     (-$4,A6), A0
FFD13360? 2248                 movea.l A0, A1
FFD13362? A1AD                 _Gestalt                                  ; A-line trap A1AD
FFD13364? 2288                 move.l  A0, (A1)
FFD13366? 3E00                 move.w  D0, D7
FFD13368? 6614                 bne     $ffd1337e
FFD1336A? 0CAE61776163FFFC     cmpi.l  #$61776163, (-$4,A6)
FFD13372? 6712                 beq     $ffd13386
FFD13374? 0CAE61776763FFFC     cmpi.l  #$61776763, (-$4,A6)
FFD1337C? 6708                 beq     $ffd13386
FFD1337E? 7001                 moveq   #$1, D0
FFD13380? 2D40000C             move.l  D0, ($c,A6)
FFD13384? 6006                 bra     $ffd1338c
FFD13386? 7000                 moveq   #$0, D0
FFD13388? 2D40000C             move.l  D0, ($c,A6)
FFD1338C? 2E2EFFF8             move.l  (-$8,A6), D7
FFD13390? 4E5E                 unlk    A6
FFD13392? 4E740004             rtd     #$4; (1+)
FFD13396d 0000000000000000     dc.b    $00,$00,$00,$00,$00,$00,$00,$00,$00,$00,$4E,$56,$FF,$E4 ; |..........NV..|
FFD133A4? 48E70738             movem.l D5-D7/A2-A4, -(A7)
FFD133A8? 266E0008             movea.l ($8,A6), A3
FFD133AC? 203C736E6877         move.l  #$736e6877, D0
FFD133B2? 41EEFFFC             lea     (-$4,A6), A0
FFD133B6? 2248                 movea.l A0, A1
FFD133B8? A1AD                 _Gestalt                                  ; A-line trap A1AD
FFD133BA? 2288                 move.l  A0, (A1)
FFD133BC? 3C00                 move.w  D0, D6
FFD133BE? 670A                 beq     $ffd133ca
FFD133C0? 48C6                 ext.l   D6
FFD133C2? 2D460010             move.l  D6, ($10,A6)
FFD133C6? 600000A6             bra     $ffd1346e
FFD133CA? 2D7C73646576FFE4     move.l  #$73646576, (-$1c,A6)
FFD133D2? 0CAE61776163FFFC     cmpi.l  #$61776163, (-$4,A6)
FFD133DA? 660A                 bne     $ffd133e6
FFD133DC? 2D7C61776163FFE8     move.l  #$61776163, (-$18,A6)
FFD133E4? 6008                 bra     $ffd133ee
FFD133E6? 2D7C61776763FFE8     move.l  #$61776763, (-$18,A6)
FFD133EE? 2D7C6170706CFFEC     move.l  #$6170706c, (-$14,A6)
FFD133F6? 7000                 moveq   #$0, D0
FFD133F8? 2D40FFF0             move.l  D0, (-$10,A6)
FFD133FC? 2D40FFF4             move.l  D0, (-$c,A6)
FFD13400? 598F                 subq.l  #4, A7
FFD13402? 7000                 moveq   #$0, D0
FFD13404? 2F00                 move.l  D0, -(A7)
FFD13406? 486EFFE4             pea     (-$1c,A6)
FFD1340A? 7004                 moveq   #$4, D0
FFD1340C? A82A                 _ComponentDispatch                        ; A-line trap A82A
FFD1340E? 245F                 movea.l (A7)+, A2
FFD13410? 598F                 subq.l  #4, A7
FFD13412? 2F0B                 move.l  A3, -(A7)
FFD13414? 7010                 moveq   #$10, D0
FFD13416? A82A                 _ComponentDispatch                        ; A-line trap A82A
FFD13418? 2A1F                 move.l  (A7)+, D5
FFD1341A? 0C856A6F6579         cmpi.l  #$6a6f6579, D5
FFD13420? 6710                 beq     $ffd13432
FFD13422? 347C0001             movea.w #$1, A2
FFD13426? 2F0B                 move.l  A3, -(A7)
FFD13428? 2F3C6A6F6579         move.l  #$6a6f6579, -(A7)
FFD1342E? 7011                 moveq   #$11, D0
FFD13430? A82A                 _ComponentDispatch                        ; A-line trap A82A
FFD13432? 200A                 move.l  A2, D0
FFD13434? 672E                 beq     $ffd13464
FFD13436? 700C                 moveq   #$c, D0
FFD13438? A322                 _NewHandleClear                           ; A-line trap A322
FFD1343A? 2848                 movea.l A0, A4
FFD1343C? 200C                 move.l  A4, D0
FFD1343E? 660E                 bne     $ffd1344e
FFD13440? 558F                 subq.l  #2, A7
FFD13442? 3EB80220             move.w  $220.w, (A7)                      ; CurIOTrap
FFD13446? 301F                 move.w  (A7)+, D0
FFD13448? 48C0                 ext.l   D0
FFD1344A? 2E00                 move.l  D0, D7
FFD1344C? 601C                 bra     $ffd1346a
FFD1344E? 2054                 movea.l (A4), A0
FFD13450? 208B                 move.l  A3, (A0)
FFD13452? 2054                 movea.l (A4), A0
FFD13454? 214A0004             move.l  A2, ($4,A0)
FFD13458? 2F0B                 move.l  A3, -(A7)
FFD1345A? 2F0C                 move.l  A4, -(A7)
FFD1345C? 700D                 moveq   #$d, D0
FFD1345E? A82A                 _ComponentDispatch                        ; A-line trap A82A
FFD13460? 7E00                 moveq   #$0, D7
FFD13462? 6006                 bra     $ffd1346a
FFD13464? 2E3CFFFFF82D         move.l  #$fffff82d, D7
FFD1346A? 2D470010             move.l  D7, ($10,A6)
FFD1346E? 4CEE1CE0FFCC         movem.l (-$34,A6), D5-D7/A2-A4
FFD13474? 4E5E                 unlk    A6
FFD13476? 4E740008             rtd     #$8; (1+)
FFD1347Ad 0000000000004E56     dc.b    $00,$00,$00,$00,$00,$00,$4E,$56,$00,$00,$20,$6E,$00,$0C ; |......NV.. n..|
FFD13488? A023                 _DisposeHandle                            ; A-line trap A023
FFD1348A? 7000                 moveq   #$0, D0
FFD1348C? 2D400010             move.l  D0, ($10,A6)
FFD13490? 4E5E                 unlk    A6
FFD13492? 4E740008             rtd     #$8; (1+)
FFD13496d 0000000000000000     dc.b    $00,$00,$00,$00,$00,$00,$00,$00,$00,$00,$4E,$56,$FF,$FC ; |..........NV..|
FFD134A4? 48E70300             movem.l D6-D7, -(A7)
FFD134A8? 598F                 subq.l  #4, A7
FFD134AA? 206E000E             movea.l ($e,A6), A0
FFD134AE? 2050                 movea.l (A0), A0
FFD134B0? 2F280004             move.l  ($4,A0), -(A7)
FFD134B4? 7000                 moveq   #$0, D0
FFD134B6? 2F00                 move.l  D0, -(A7)
FFD134B8? 2F3C70766F6C         move.l  #$70766f6c, -(A7)
FFD134BE? 486EFFFC             pea     (-$4,A6)
FFD134C2? 2F3C000C0103         move.l  #$c0103, -(A7)
FFD134C8? 7000                 moveq   #$0, D0
FFD134CA? A82A                 _ComponentDispatch                        ; A-line trap A82A
FFD134CC? 201F                 move.l  (A7)+, D0
FFD134CE? 3E00                 move.w  D0, D7
FFD134D0? 661E                 bne     $ffd134f0
FFD134D2? 203C0000FFFF         move.l  #$ffff, D0
FFD134D8? C0AEFFFC             and.l   (-$4,A6), D0
FFD134DC? 7210                 moveq   #$10, D1
FFD134DE? 242EFFFC             move.l  (-$4,A6), D2
FFD134E2? E2AA                 lsr.l   D1, D2
FFD134E4? D480                 add.l   D0, D2
FFD134E6? 2C02                 move.l  D2, D6
FFD134E8? E286                 asr.l   #1, D6
FFD134EA? 206E0008             movea.l ($8,A6), A0
FFD134EE? 3086                 move.w  D6, (A0)
FFD134F0? 48C7                 ext.l   D7
FFD134F2? 2D470012             move.l  D7, ($12,A6)
FFD134F6? 4CEE00C0FFF4         movem.l (-$c,A6), D6-D7
FFD134FC? 4E5E                 unlk    A6
FFD134FE? 4E74000A             rtd     #$a; (1+)
FFD13502? 00000000             ori.b   #$0, D0
FFD13506? 00000000             ori.b   #$0, D0
FFD1350A? 00000000             ori.b   #$0, D0
FFD1350E? 00004E56             ori.b   #$56, D0
FFD13512? 000048E7             ori.b   #$e7, D0
FFD13516? 0300                 btst    D1, D0
FFD13518? 3C2E0008             move.w  ($8,A6), D6
FFD1351C? 598F                 subq.l  #4, A7
FFD1351E? 206E000C             movea.l ($c,A6), A0
FFD13522? 2050                 movea.l (A0), A0
FFD13524? 2F280004             move.l  ($4,A0), -(A7)
FFD13528? 7000                 moveq   #$0, D0
FFD1352A? 2F00                 move.l  D0, -(A7)
FFD1352C? 2F3C70766F6C         move.l  #$70766f6c, -(A7)
FFD13532? 48C6                 ext.l   D6
FFD13534? 7210                 moveq   #$10, D1
FFD13536? 2406                 move.l  D6, D2
FFD13538? E3AA                 lsl.l   D1, D2
FFD1353A? 48C6                 ext.l   D6
FFD1353C? 2206                 move.l  D6, D1
FFD1353E? 8282                 or.l    D2, D1
FFD13540? 2F01                 move.l  D1, -(A7)
FFD13542? 2F3C000C0104         move.l  #$c0104, -(A7)
FFD13548? 7000                 moveq   #$0, D0
FFD1354A? A82A                 _ComponentDispatch                        ; A-line trap A82A
FFD1354C? 201F                 move.l  (A7)+, D0
FFD1354E? 3E00                 move.w  D0, D7
FFD13550? 48C7                 ext.l   D7
FFD13552? 2D470010             move.l  D7, ($10,A6)
FFD13556? 4CEE00C0FFF8         movem.l (-$8,A6), D6-D7
FFD1355C? 4E5E                 unlk    A6
FFD1355E? 4E740008             rtd     #$8; (1+)
FFD13562? 00000000             ori.b   #$0, D0
FFD13566? 00000000             ori.b   #$0, D0
FFD1356A? 00000000             ori.b   #$0, D0
FFD1356E? 00004E56             ori.b   #$56, D0
FFD13572? 00002F07             ori.b   #$7, D0
FFD13576? 598F                 subq.l  #4, A7
FFD13578? 206E000E             movea.l ($e,A6), A0
FFD1357C? 2050                 movea.l (A0), A0
FFD1357E? 2F280004             move.l  ($4,A0), -(A7)
FFD13582? 7000                 moveq   #$0, D0
FFD13584? 2F00                 move.l  D0, -(A7)
FFD13586? 2F3C706D7574         move.l  #$706d7574, -(A7)
FFD1358C? 2F2E0008             move.l  ($8,A6), -(A7)
FFD13590? 2F3C000C0103         move.l  #$c0103, -(A7)
FFD13596? 7000                 moveq   #$0, D0
FFD13598? A82A                 _ComponentDispatch                        ; A-line trap A82A
FFD1359A? 201F                 move.l  (A7)+, D0
FFD1359C? 3E00                 move.w  D0, D7
FFD1359E? 48C7                 ext.l   D7
FFD135A0? 2D470012             move.l  D7, ($12,A6)
FFD135A4? 2E2EFFFC             move.l  (-$4,A6), D7
FFD135A8? 4E5E                 unlk    A6
FFD135AA? 4E74000A             rtd     #$a; (1+)
FFD135AE? 00004E56             ori.b   #$56, D0
FFD135B2? 00002F07             ori.b   #$7, D0
FFD135B6? 598F                 subq.l  #4, A7
FFD135B8? 206E000C             movea.l ($c,A6), A0
FFD135BC? 2050                 movea.l (A0), A0
FFD135BE? 2F280004             move.l  ($4,A0), -(A7)
FFD135C2? 7000                 moveq   #$0, D0
FFD135C4? 2F00                 move.l  D0, -(A7)
FFD135C6? 2F3C706D7574         move.l  #$706d7574, -(A7)
FFD135CC? 322E0008             move.w  ($8,A6), D1
FFD135D0? 48C1                 ext.l   D1
FFD135D2? 2F01                 move.l  D1, -(A7)
FFD135D4? 2F3C000C0104         move.l  #$c0104, -(A7)
FFD135DA? 7000                 moveq   #$0, D0
FFD135DC? A82A                 _ComponentDispatch                        ; A-line trap A82A
FFD135DE? 201F                 move.l  (A7)+, D0
FFD135E0? 3E00                 move.w  D0, D7
FFD135E2? 48C7                 ext.l   D7
FFD135E4? 2D470010             move.l  D7, ($10,A6)
FFD135E8? 2E2EFFFC             move.l  (-$4,A6), D7
FFD135EC? 4E5E                 unlk    A6
FFD135EE? 4E740008             rtd     #$8; (1+)
FFD135F2d 0000000000000000     dc.b    $00,$00,$00,$00,$00,$00,$00,$00,$00,$00,$00,$00,$00,$00,$4E,$56 ; |..............NV|
FFD13602d 000070002D40000C     dc.b    $00,$00,$70,$00,$2D,$40,$00,$0C,$4E,$5E,$4E,$74,$00,$04 ; |..p.-@..N^Nt..|
FFD13610? 4E560000             link    A6, #$0
FFD13614? 48E70108             movem.l D7/A4, -(A7)
FFD13618? 286E0008             movea.l ($8,A6), A4
FFD1361C? 7000                 moveq   #$0, D0
FFD1361E? 2880                 move.l  D0, (A4)
FFD13620? 29400004             move.l  D0, ($4,A4)
FFD13624? 598F                 subq.l  #4, A7
FFD13626? 206E000C             movea.l ($c,A6), A0
FFD1362A? 2050                 movea.l (A0), A0
FFD1362C? 2F280004             move.l  ($4,A0), -(A7)
FFD13630? 7000                 moveq   #$0, D0
FFD13632? 2F00                 move.l  D0, -(A7)
FFD13634? 2F3C68647374         move.l  #$68647374, -(A7)
FFD1363A? 486C0008             pea     ($8,A4)
FFD1363E? 2F3C000C0103         move.l  #$c0103, -(A7)
FFD13644? 7000                 moveq   #$0, D0
FFD13646? A82A                 _ComponentDispatch                        ; A-line trap A82A
FFD13648? 201F                 move.l  (A7)+, D0
FFD1364A? 3E00                 move.w  D0, D7
FFD1364C? 6608                 bne     $ffd13656
FFD1364E? 7000                 moveq   #$0, D0
FFD13650? 2D400010             move.l  D0, ($10,A6)
FFD13654? 6006                 bra     $ffd1365c
FFD13656? 48C7                 ext.l   D7
FFD13658? 2D470010             move.l  D7, ($10,A6)
FFD1365C? 4CEE1080FFF8         movem.l (-$8,A6), D7/A4
FFD13662? 4E5E                 unlk    A6
FFD13664? 4E740008             rtd     #$8; (1+)
FFD13668d 0000000000000000     dc.b    $00,$00,$00,$00,$00,$00,$00,$00,$78,$00,$00,$00,$00,$00,$00,$00 ; |........x.......|
FFD13678d 00113240             dc.b    $00,$11,$32,$40                   ; |..2@|
