; ============================================================================
; ROM resource 'nlib' -16410 QuickdrawLib at FFE3E790
; ============================================================================
; data at ROM 23E790 (5CC bytes), entry at 1FFED0, attributes 58, combo 7800000000000000
; data header: 4b757274 c0a00000 000005cc 00000494
;
; Columns: address, flag, raw bytes, instruction, ; comment.
;   flag '*' executed in the coverage run, ' ' reached by control flow,
;   '?' decodes as code but neither executed nor reached, 'd' data.

; PEF container: architecture pwpc, format version 1, timestamp ABB9C130, versions 00000000/00000000/00000000
;   3 sections (2 instantiated)
;   section 0 code       container +00290 len 002FC (ROM 23EA20 = FFE3EA20), unpacked 002FC, total 002FC, share 4, align 4
;   section 1 pidata     container +0058C len 00025 (ROM 23ED1C = FFE3ED1C), unpacked 00088, total 00088, share 4, align 4
;   section 2 loader     container +00080 len 00206 (ROM 23E810 = FFE3E810), unpacked 00000, total 00000, share 4, align 2
;   imports from InterfaceLib: 1 symbols
;
; ----------------------------------------------------------------------------
; code section 0: ROM 23EA20-23ED1B = FFE3EA20
; TOC (r2) = data section + 84; TOC[d] comments name the word at that offset.
; ----------------------------------------------------------------------------

ProtectCursor:
FFE3EA20  9421FFC0  stwu    r1, -0x40(r1)
FFE3EA24  9081005C  stw     r4, 0x5C(r1)
FFE3EA28  7C0802A6  mfspr   r0, LR
FFE3EA2C  38C30000  addi    r6, r3, 0x0
FFE3EA30  90010048  stw     r0, 0x48(r1)
FFE3EA34  80001D80  lwz     r0, 0x1D80
FFE3EA38  38800FF8  li      r4, 0xFF8
FFE3EA3C  30600000  addic   r3, r0, 0x0
FFE3EA40  3CA00008  lis     r5, 0x0008
FFE3EA44  80E1005C  lwz     r7, 0x5C(r1)
FFE3EA48  480002B1  bl      glue_CallUniversalProc
FFE3EA4C  80410014  lwz     r2, 0x14(r1)
FFE3EA50  90610038  stw     r3, 0x38(r1)
FFE3EA54  81810048  lwz     r12, 0x48(r1)
FFE3EA58  30210040  addic   r1, r1, 0x40
FFE3EA5C  7D8803A6  mtspr   LR, r12
FFE3EA60  4E800020  blr

UnprotectCursor:
FFE3EA64  7C0802A6  mfspr   r0, LR
FFE3EA68  9421FFC0  stwu    r1, -0x40(r1)
FFE3EA6C  90010048  stw     r0, 0x48(r1)
FFE3EA70  80001D80  lwz     r0, 0x1D80
FFE3EA74  38C30000  addi    r6, r3, 0x0
FFE3EA78  30600000  addic   r3, r0, 0x0
FFE3EA7C  3C000004  lis     r0, 0x0004
FFE3EA80  30A00001  addic   r5, r0, 0x1
FFE3EA84  388003C8  li      r4, 0x3C8
FFE3EA88  48000271  bl      glue_CallUniversalProc
FFE3EA8C  80410014  lwz     r2, 0x14(r1)
FFE3EA90  81810048  lwz     r12, 0x48(r1)
FFE3EA94  30210040  addic   r1, r1, 0x40
FFE3EA98  7D8803A6  mtspr   LR, r12
FFE3EA9C  4E800020  blr

GetTerritoryIDFromGDevice:
FFE3EAA0  7C0802A6  mfspr   r0, LR
FFE3EAA4  9421FFC0  stwu    r1, -0x40(r1)
FFE3EAA8  90010048  stw     r0, 0x48(r1)
FFE3EAAC  80001D80  lwz     r0, 0x1D80
FFE3EAB0  38C30000  addi    r6, r3, 0x0
FFE3EAB4  30600000  addic   r3, r0, 0x0
FFE3EAB8  3C000004  lis     r0, 0x0004
FFE3EABC  30A00002  addic   r5, r0, 0x2
FFE3EAC0  388003F8  li      r4, 0x3F8
FFE3EAC4  48000235  bl      glue_CallUniversalProc
FFE3EAC8  80410014  lwz     r2, 0x14(r1)
FFE3EACC  90610038  stw     r3, 0x38(r1)
FFE3EAD0  81810048  lwz     r12, 0x48(r1)
FFE3EAD4  30210040  addic   r1, r1, 0x40
FFE3EAD8  7D8803A6  mtspr   LR, r12
FFE3EADC  4E800020  blr

AttachAllCursorsToTerritory:
FFE3EAE0  7C0802A6  mfspr   r0, LR
FFE3EAE4  9421FFC0  stwu    r1, -0x40(r1)
FFE3EAE8  90010048  stw     r0, 0x48(r1)
FFE3EAEC  80001D80  lwz     r0, 0x1D80
FFE3EAF0  38C30000  addi    r6, r3, 0x0
FFE3EAF4  30600000  addic   r3, r0, 0x0
FFE3EAF8  3C000004  lis     r0, 0x0004
FFE3EAFC  30A00003  addic   r5, r0, 0x3
FFE3EB00  388003E8  li      r4, 0x3E8
FFE3EB04  480001F5  bl      glue_CallUniversalProc
FFE3EB08  80410014  lwz     r2, 0x14(r1)
FFE3EB0C  90610038  stw     r3, 0x38(r1)
FFE3EB10  38C10000  addi    r6, r1, 0x0
FFE3EB14  AC66003A  lhau    r3, 0x3A(r6)
FFE3EB18  81810048  lwz     r12, 0x48(r1)
FFE3EB1C  30210040  addic   r1, r1, 0x40
FFE3EB20  7D8803A6  mtspr   LR, r12
FFE3EB24  4E800020  blr

DetachAllCursorsFromTerritory:
FFE3EB28  7C0802A6  mfspr   r0, LR
FFE3EB2C  9421FFC0  stwu    r1, -0x40(r1)
FFE3EB30  90010048  stw     r0, 0x48(r1)
FFE3EB34  80001D80  lwz     r0, 0x1D80
FFE3EB38  38C30000  addi    r6, r3, 0x0
FFE3EB3C  30600000  addic   r3, r0, 0x0
FFE3EB40  3C000004  lis     r0, 0x0004
FFE3EB44  30A00004  addic   r5, r0, 0x4
FFE3EB48  388003E8  li      r4, 0x3E8
FFE3EB4C  480001AD  bl      glue_CallUniversalProc
FFE3EB50  80410014  lwz     r2, 0x14(r1)
FFE3EB54  90610038  stw     r3, 0x38(r1)
FFE3EB58  38C10000  addi    r6, r1, 0x0
FFE3EB5C  AC66003A  lhau    r3, 0x3A(r6)
FFE3EB60  81810048  lwz     r12, 0x48(r1)
FFE3EB64  30210040  addic   r1, r1, 0x40
FFE3EB68  7D8803A6  mtspr   LR, r12
FFE3EB6C  4E800020  blr

ActivateCursors:
FFE3EB70  7C0802A6  mfspr   r0, LR
FFE3EB74  9421FFC0  stwu    r1, -0x40(r1)
FFE3EB78  90010048  stw     r0, 0x48(r1)
FFE3EB7C  80601D80  lwz     r3, 0x1D80
FFE3EB80  388000E8  li      r4, 0xE8
FFE3EB84  38A00005  li      r5, 0x5
FFE3EB88  48000171  bl      glue_CallUniversalProc
FFE3EB8C  80410014  lwz     r2, 0x14(r1)
FFE3EB90  90610038  stw     r3, 0x38(r1)
FFE3EB94  38810000  addi    r4, r1, 0x0
FFE3EB98  AC64003A  lhau    r3, 0x3A(r4)
FFE3EB9C  81810048  lwz     r12, 0x48(r1)
FFE3EBA0  30210040  addic   r1, r1, 0x40
FFE3EBA4  7D8803A6  mtspr   LR, r12
FFE3EBA8  4E800020  blr

DeactivateCursors:
FFE3EBAC  7C0802A6  mfspr   r0, LR
FFE3EBB0  9421FFC0  stwu    r1, -0x40(r1)
FFE3EBB4  90010048  stw     r0, 0x48(r1)
FFE3EBB8  80601D80  lwz     r3, 0x1D80
FFE3EBBC  388000E8  li      r4, 0xE8
FFE3EBC0  38A00006  li      r5, 0x6
FFE3EBC4  48000135  bl      glue_CallUniversalProc
FFE3EBC8  80410014  lwz     r2, 0x14(r1)
FFE3EBCC  90610038  stw     r3, 0x38(r1)
FFE3EBD0  38810000  addi    r4, r1, 0x0
FFE3EBD4  AC64003A  lhau    r3, 0x3A(r4)
FFE3EBD8  81810048  lwz     r12, 0x48(r1)
FFE3EBDC  30210040  addic   r1, r1, 0x40
FFE3EBE0  7D8803A6  mtspr   LR, r12
FFE3EBE4  4E800020  blr

SetAllDevicesRealMode:
FFE3EBE8  7C0802A6  mfspr   r0, LR
FFE3EBEC  9421FFC0  stwu    r1, -0x40(r1)
FFE3EBF0  90010048  stw     r0, 0x48(r1)
FFE3EBF4  80001D80  lwz     r0, 0x1D80
FFE3EBF8  38C30000  addi    r6, r3, 0x0
FFE3EBFC  30600000  addic   r3, r0, 0x0
FFE3EC00  3C000004  lis     r0, 0x0004
FFE3EC04  30A00007  addic   r5, r0, 0x7
FFE3EC08  388003C8  li      r4, 0x3C8
FFE3EC0C  480000ED  bl      glue_CallUniversalProc
FFE3EC10  80410014  lwz     r2, 0x14(r1)
FFE3EC14  81810048  lwz     r12, 0x48(r1)
FFE3EC18  30210040  addic   r1, r1, 0x40
FFE3EC1C  7D8803A6  mtspr   LR, r12
FFE3EC20  4E800020  blr

GetAllDevicesRealMode:
FFE3EC24  7C0802A6  mfspr   r0, LR
FFE3EC28  9421FFC0  stwu    r1, -0x40(r1)
FFE3EC2C  90010048  stw     r0, 0x48(r1)
FFE3EC30  80601D80  lwz     r3, 0x1D80
FFE3EC34  388000F8  li      r4, 0xF8
FFE3EC38  38A00008  li      r5, 0x8
FFE3EC3C  480000BD  bl      glue_CallUniversalProc
FFE3EC40  80410014  lwz     r2, 0x14(r1)
FFE3EC44  90610038  stw     r3, 0x38(r1)
FFE3EC48  81810048  lwz     r12, 0x48(r1)
FFE3EC4C  30210040  addic   r1, r1, 0x40
FFE3EC50  7D8803A6  mtspr   LR, r12
FFE3EC54  4E800020  blr

SetTerritoryAttribute:
FFE3EC58  38E40000  addi    r7, r4, 0x0
FFE3EC5C  7C0802A6  mfspr   r0, LR
FFE3EC60  9421FFC0  stwu    r1, -0x40(r1)
FFE3EC64  90010048  stw     r0, 0x48(r1)
FFE3EC68  80001D80  lwz     r0, 0x1D80
FFE3EC6C  39050000  addi    r8, r5, 0x0
FFE3EC70  38803FE8  li      r4, 0x3FE8
FFE3EC74  38C30000  addi    r6, r3, 0x0
FFE3EC78  30600000  addic   r3, r0, 0x0
FFE3EC7C  3C00000C  lis     r0, 0x000C
FFE3EC80  30A00009  addic   r5, r0, 0x9
FFE3EC84  48000075  bl      glue_CallUniversalProc
FFE3EC88  80410014  lwz     r2, 0x14(r1)
FFE3EC8C  90610038  stw     r3, 0x38(r1)
FFE3EC90  38810000  addi    r4, r1, 0x0
FFE3EC94  AC64003A  lhau    r3, 0x3A(r4)
FFE3EC98  81810048  lwz     r12, 0x48(r1)
FFE3EC9C  30210040  addic   r1, r1, 0x40
FFE3ECA0  7D8803A6  mtspr   LR, r12
FFE3ECA4  4E800020  blr

GetTerritoryAttribute:
FFE3ECA8  38E40000  addi    r7, r4, 0x0
FFE3ECAC  7C0802A6  mfspr   r0, LR
FFE3ECB0  9421FFC0  stwu    r1, -0x40(r1)
FFE3ECB4  90010048  stw     r0, 0x48(r1)
FFE3ECB8  80001D80  lwz     r0, 0x1D80
FFE3ECBC  39050000  addi    r8, r5, 0x0
FFE3ECC0  38803FE8  li      r4, 0x3FE8
FFE3ECC4  38C30000  addi    r6, r3, 0x0
FFE3ECC8  30600000  addic   r3, r0, 0x0
FFE3ECCC  3C00000C  lis     r0, 0x000C
FFE3ECD0  30A0000A  addic   r5, r0, 0xA
FFE3ECD4  48000025  bl      glue_CallUniversalProc
FFE3ECD8  80410014  lwz     r2, 0x14(r1)
FFE3ECDC  90610038  stw     r3, 0x38(r1)
FFE3ECE0  38810000  addi    r4, r1, 0x0
FFE3ECE4  AC64003A  lhau    r3, 0x3A(r4)
FFE3ECE8  81810048  lwz     r12, 0x48(r1)
FFE3ECEC  30210040  addic   r1, r1, 0x40
FFE3ECF0  7D8803A6  mtspr   LR, r12
FFE3ECF4  4E800020  blr

glue_CallUniversalProc:
FFE3ECF8  81820000  lwz     r12, 0x0(r2)                       ; TOC[+0] CallUniversalProc
FFE3ECFC  90410014  stw     r2, 0x14(r1)
FFE3ED00  800C0000  lwz     r0, 0x0(r12)
FFE3ED04  804C0004  lwz     r2, 0x4(r12)
FFE3ED08  7C0903A6  mtspr   CTR, r0
FFE3ED0C  4E800420  bctr
FFE3ED10d 00000000  .long   0x00000000
FFE3ED14d 000C8000  .long   0x000C8000
FFE3ED18d 00000000  .long   0x00000000

; ----------------------------------------------------------------------------
; data section 1 (pidata), unpacked 88 bytes; addresses are offsets in the section;
; relocated words are named (imports) or point into a section (code+X / data+X).
; ----------------------------------------------------------------------------
+00000  00000000  -> code+0 = FFE3EA20 ProtectCursor
+00004  00000084  -> data+84
+0000C  00000044  -> code+44 = FFE3EA64 UnprotectCursor
+00010  00000084  -> data+84
+00018  00000080  -> code+80 = FFE3EAA0 GetTerritoryIDFromGDevice
+0001C  00000084  -> data+84
+00024  000000C0  -> code+C0 = FFE3EAE0 AttachAllCursorsToTerritory
+00028  00000084  -> data+84
+00030  00000108  -> code+108 = FFE3EB28 DetachAllCursorsFromTerritory
+00034  00000084  -> data+84
+0003C  00000150  -> code+150 = FFE3EB70 ActivateCursors
+00040  00000084  -> data+84
+00048  0000018C  -> code+18C = FFE3EBAC DeactivateCursors
+0004C  00000084  -> data+84
+00054  000001C8  -> code+1C8 = FFE3EBE8 SetAllDevicesRealMode
+00058  00000084  -> data+84
+00060  00000204  -> code+204 = FFE3EC24 GetAllDevicesRealMode
+00064  00000084  -> data+84
+0006C  00000238  -> code+238 = FFE3EC58 SetTerritoryAttribute
+00070  00000084  -> data+84
+00078  00000288  -> code+288 = FFE3ECA8 GetTerritoryAttribute
+0007C  00000084  -> data+84
+00084  00000000  -> InterfaceLib::CallUniversalProc
; full unpacked image:
00000000  00 00 00 00 00 00 00 84 00 00 00 00 00 00 00 44  |...............D|
00000010  00 00 00 84 00 00 00 00 00 00 00 80 00 00 00 84  |................|
00000020  00 00 00 00 00 00 00 C0 00 00 00 84 00 00 00 00  |................|
00000030  00 00 01 08 00 00 00 84 00 00 00 00 00 00 01 50  |...............P|
00000040  00 00 00 84 00 00 00 00 00 00 01 8C 00 00 00 84  |................|
00000050  00 00 00 00 00 00 01 C8 00 00 00 84 00 00 00 00  |................|
00000060  00 00 02 04 00 00 00 84 00 00 00 00 00 00 02 38  |...............8|
00000070  00 00 00 84 00 00 00 00 00 00 02 88 00 00 00 84  |................|
00000080  00 00 00 00 00 00 00 00                          |........|

; exports (11):
;   ProtectCursor                            class tvector section  1 offset 0
;   UnprotectCursor                          class tvector section  1 offset C
;   GetTerritoryIDFromGDevice                class tvector section  1 offset 18
;   AttachAllCursorsToTerritory              class tvector section  1 offset 24
;   DetachAllCursorsFromTerritory            class tvector section  1 offset 30
;   ActivateCursors                          class tvector section  1 offset 3C
;   DeactivateCursors                        class tvector section  1 offset 48
;   SetAllDevicesRealMode                    class tvector section  1 offset 54
;   GetAllDevicesRealMode                    class tvector section  1 offset 60
;   SetTerritoryAttribute                    class tvector section  1 offset 6C
;   GetTerritoryAttribute                    class tvector section  1 offset 78
; imports (1):
;      0 InterfaceLib             CallUniversalProc                        tvector
