; ============================================================================
; ROM resource 'sl05' 0  at FFEAC910
; ============================================================================
; data at ROM 2AC910 (8C bytes), entry at 2AC990, attributes 58, combo 7800000000000000
; data header: 4b757274 c0a00000 0000008c 00000554
; 68k code resource, disassembled from its start (entry points: offset 0, driver
; header entries for DRVR, and executed addresses).
;
; Columns: address, flag, raw bytes, instruction, ; comment.
;   flag '*' executed in the coverage run, ' ' reached by control flow,
;   '?' decodes as code but neither executed nor reached, 'd' data.

FFEAC910d 00000090000000E8     dc.b    $00,$00,$00,$90,$00,$00,$00,$E8,$00,$00,$00,$70,$00,$00,$00,$20 ; |...........p... | library descriptor
FFEAC920d 00003F3C0003A9F0     dc.b    $00,$00,$3F,$3C,$00,$03,$A9,$F0,$00,$00,$FF,$FF,$00,$00,$00,$00 ; |..?<............|
FFEAC930d 0001A9F00000012C     dc.b    $00,$01,$A9,$F0,$00,$00,$01,$2C,$00,$01,$A9,$F0,$00,$00,$00,$28 ; |.......,.......(|
FFEAC940d 0002A9F000000028     dc.b    $00,$02,$A9,$F0,$00,$00,$00,$28,$00,$02,$A9,$F0,$00,$00,$00,$30 ; |.......(.......0|
FFEAC950d 0002A9F00000003C     dc.b    $00,$02,$A9,$F0,$00,$00,$00,$3C,$00,$02,$A9,$F0,$00,$00,$00,$48 ; |.......<.......H|
FFEAC960d 0002A9F000000220     dc.b    $00,$02,$A9,$F0,$00,$00,$02,$20,$00,$02,$A9,$F0,$00,$00,$02,$F6 ; |....... ........|
FFEAC970d 0002A9F000000580     dc.b    $00,$02,$A9,$F0,$00,$00,$05,$80,$00,$02,$A9,$F0,$00,$00,$06,$AC ; |................|
FFEAC980d 0002A9F000000764     dc.b    $00,$02,$A9,$F0,$00,$00,$07,$64,$00,$02,$A9,$F0,$00,$00,$08,$86 ; |.......d........|
FFEAC990d 7800000000000000     dc.b    $78,$00,$00,$00,$00,$00,$00,$00,$00,$2A,$C8,$D0 ; |x........*..|
