; ============================================================================
; HWInit / diagnostics (FFF20000)
; ============================================================================
; ROM offset 320000, physical FFF20000, 10000 bytes (ConfigInfo HWInitCodeOffset/Size).
; ROM-based diagnostics and the Serial Test Manager (menu text below), from
; "HD:SRC:BootPowerPC.admin:BootPowerPC.src:Diagnostics:DiagnosticsSrcs:Diagnostics.s".
;
; Columns: address, flag, raw bytes, instruction, ; comment.
;   flag '*' executed in the coverage run, ' ' reached by control flow,
;   '?' decodes as code but neither executed nor reached, 'd' data.

FFF20000d 01DF0001  .long   0x01DF0001
FFF20004? AE8BBD51  lhau    r20, -0x42AF(r11)
FFF20008d 00001CA4  .long   0x00001CA4
FFF2000Cd 0000000A  .long   0x0000000A
FFF20010d 00000000  .long   0x00000000
FFF20014d 2E746578  .long   0x2E746578                         ; '.tex'
FFF20018? 74000000  andis.  r0, r0, 0x0
FFF2001Cd 00000000  .long   0x00000000
FFF20020d 00000000  .long   0x00000000
FFF20024d 00001C68  .long   0x00001C68
FFF20028d 0000003C  .long   0x0000003C                         ; '...<'
FFF2002Cd 00000000  .long   0x00000000
FFF20030d 00000000  .long   0x00000000
FFF20034d 00000000  .long   0x00000000
FFF20038d 00000020  .long   0x00000020                         ; '... '
; HWInit entry, called by the boot code (FFF04E00) with r3 = ConfigInfo. Runs the
; ROM diagnostics; the Serial Test Manager (menu text below) is entered only on
; request. First it stores LR (NVRAM 1250), CTR (1270) and r0-r31 (11D0 + 4n)
; into NVRAM through FFF21164 (a 32-bit NVRAM write): every boot rewrites this
; register dump area of the NVRAM.
FFF2003C* 7C671B78  mr      r7, r3
FFF20040* 7C882378  mr      r8, r4
FFF20044* 7CA92B78  mr      r9, r5
FFF20048* 7CCA3378  mr      r10, r6
FFF2004C* 7C8802A6  mfspr   r4, LR
FFF20050* 7C7F1B78  mr      r31, r3
FFF20054* 38601250  li      r3, 0x1250
FFF20058* 4800110D  bl      sub_FFF21164
FFF2005C* 7C8902A6  mfspr   r4, CTR
FFF20060* 38601270  li      r3, 0x1270
FFF20064* 48001101  bl      sub_FFF21164
FFF20068* 386011D0  li      r3, 0x11D0
FFF2006C* 7C040378  mr      r4, r0
FFF20070* 480010F5  bl      sub_FFF21164
FFF20074* 386011D4  li      r3, 0x11D4
FFF20078* 7C240B78  mr      r4, r1
FFF2007C* 480010E9  bl      sub_FFF21164
FFF20080* 386011D8  li      r3, 0x11D8
FFF20084* 7C441378  mr      r4, r2
FFF20088* 480010DD  bl      sub_FFF21164
FFF2008C* 386011DC  li      r3, 0x11DC
FFF20090* 7C641B78  mr      r4, r3
FFF20094* 480010D1  bl      sub_FFF21164
FFF20098* 386011E0  li      r3, 0x11E0
FFF2009C* 7C842378  mr      r4, r4
FFF200A0* 480010C5  bl      sub_FFF21164
FFF200A4* 386011E4  li      r3, 0x11E4
FFF200A8* 7CA42B78  mr      r4, r5
FFF200AC* 480010B9  bl      sub_FFF21164
FFF200B0* 386011E8  li      r3, 0x11E8
FFF200B4* 7CC43378  mr      r4, r6
FFF200B8* 480010AD  bl      sub_FFF21164
FFF200BC* 386011EC  li      r3, 0x11EC
FFF200C0* 7CE43B78  mr      r4, r7
FFF200C4* 480010A1  bl      sub_FFF21164
FFF200C8* 386011F0  li      r3, 0x11F0
FFF200CC* 7D044378  mr      r4, r8
FFF200D0* 48001095  bl      sub_FFF21164
FFF200D4* 386011F4  li      r3, 0x11F4
FFF200D8* 7D244B78  mr      r4, r9
FFF200DC* 48001089  bl      sub_FFF21164
FFF200E0* 386011F8  li      r3, 0x11F8
FFF200E4* 7D445378  mr      r4, r10
FFF200E8* 4800107D  bl      sub_FFF21164
FFF200EC* 386011FC  li      r3, 0x11FC
FFF200F0* 7D645B78  mr      r4, r11
FFF200F4* 48001071  bl      sub_FFF21164
FFF200F8* 38601200  li      r3, 0x1200
FFF200FC* 7D846378  mr      r4, r12
FFF20100* 48001065  bl      sub_FFF21164
FFF20104* 38601204  li      r3, 0x1204
FFF20108* 7DA46B78  mr      r4, r13
FFF2010C* 48001059  bl      sub_FFF21164
FFF20110* 38601208  li      r3, 0x1208
FFF20114* 7DC47378  mr      r4, r14
FFF20118* 4800104D  bl      sub_FFF21164
FFF2011C* 3860120C  li      r3, 0x120C
FFF20120* 7DE47B78  mr      r4, r15
FFF20124* 48001041  bl      sub_FFF21164
FFF20128* 38601210  li      r3, 0x1210
FFF2012C* 7E048378  mr      r4, r16
FFF20130* 48001035  bl      sub_FFF21164
FFF20134* 38601214  li      r3, 0x1214
FFF20138* 7E248B78  mr      r4, r17
FFF2013C* 48001029  bl      sub_FFF21164
FFF20140* 38601218  li      r3, 0x1218
FFF20144* 7E449378  mr      r4, r18
FFF20148* 4800101D  bl      sub_FFF21164
FFF2014C* 3860121C  li      r3, 0x121C
FFF20150* 7E649B78  mr      r4, r19
FFF20154* 48001011  bl      sub_FFF21164
FFF20158* 38601220  li      r3, 0x1220
FFF2015C* 7E84A378  mr      r4, r20
FFF20160* 48001005  bl      sub_FFF21164
FFF20164* 38601224  li      r3, 0x1224
FFF20168* 7EA4AB78  mr      r4, r21
FFF2016C* 48000FF9  bl      sub_FFF21164
FFF20170* 38601228  li      r3, 0x1228
FFF20174* 7EC4B378  mr      r4, r22
FFF20178* 48000FED  bl      sub_FFF21164
FFF2017C* 3860122C  li      r3, 0x122C
FFF20180* 7EE4BB78  mr      r4, r23
FFF20184* 48000FE1  bl      sub_FFF21164
FFF20188* 38601230  li      r3, 0x1230
FFF2018C* 7F04C378  mr      r4, r24
FFF20190* 48000FD5  bl      sub_FFF21164
FFF20194* 38601234  li      r3, 0x1234
FFF20198* 7F24CB78  mr      r4, r25
FFF2019C* 48000FC9  bl      sub_FFF21164
FFF201A0* 38601238  li      r3, 0x1238
FFF201A4* 7F44D378  mr      r4, r26
FFF201A8* 48000FBD  bl      sub_FFF21164
FFF201AC* 3860123C  li      r3, 0x123C
FFF201B0* 7F64DB78  mr      r4, r27
FFF201B4* 48000FB1  bl      sub_FFF21164
FFF201B8* 38601240  li      r3, 0x1240
FFF201BC* 7F84E378  mr      r4, r28
FFF201C0* 48000FA5  bl      sub_FFF21164
FFF201C4* 38601244  li      r3, 0x1244
FFF201C8* 7FA4EB78  mr      r4, r29
FFF201CC* 48000F99  bl      sub_FFF21164
FFF201D0* 38601248  li      r3, 0x1248
FFF201D4* 7FC4F378  mr      r4, r30
FFF201D8* 48000F8D  bl      sub_FFF21164
FFF201DC* 3860124C  li      r3, 0x124C
FFF201E0* 7FE4FB78  mr      r4, r31
FFF201E4* 48000F81  bl      sub_FFF21164
FFF201E8* 39E00000  li      r15, 0x0
FFF201EC* 3AA00000  li      r21, 0x0
FFF201F0* 4F18C182  crclr   crb24
FFF201F4* 48000235  bl      sub_FFF20428
FFF201F8* 4198007C  blt     cr6, loc_FFF20274
FFF201FC  3CA0F301  lis     r5, 0xF301                         ; = F3010000 Grand Central device space
FFF20200  60A5A000  ori     r5, r5, 0xA000                     ; = F301A000 GC_BOARD_REG1
FFF20204  7CC02C2C  lwbrx   r6, 0, r5
FFF20208  7C0006AC  eieio
FFF2020C  70C60100  andi.   r6, r6, 0x100
FFF20210  28060000  cmplwi  cr0, r6, 0x0
FFF20214  40820008  bne     loc_FFF2021C
FFF20218  48001439  bl      sub_FFF21650
loc_FFF2021C:
FFF2021C  38601040  li      r3, 0x1040
FFF20220  48001029  bl      sub_FFF21248
FFF20224  7C751B78  mr      r21, r3
FFF20228  38601040  li      r3, 0x1040
FFF2022C  7C040378  mr      r4, r0
FFF20230  48000F35  bl      sub_FFF21164
FFF20234  2C150000  cmpwi   cr0, r21, 0x0
FFF20238  4182003C  beq     loc_FFF20274
FFF2023C  3A000001  li      r16, 0x1
FFF20240  38601118  li      r3, 0x1118
FFF20244  48001005  bl      sub_FFF21248
FFF20248  7C651B78  mr      r5, r3
FFF2024C  3CC0AAAA  lis     r6, 0xAAAA
FFF20250  60C6AAAA  ori     r6, r6, 0xAAAA
FFF20254  7C053040  cmplw   r5, r6
FFF20258  40820010  bne     loc_FFF20268
FFF2025C  38601158  li      r3, 0x1158
FFF20260  48000FE9  bl      sub_FFF21248
FFF20264  7C701B78  mr      r16, r3
loc_FFF20268:
FFF20268  480004D5  bl      sub_FFF2073C
FFF2026C  4800027D  bl      sub_FFF204E8
FFF20270  48000DDD  bl      sub_FFF2104C
loc_FFF20274:
FFF20274* 38601168  li      r3, 0x1168
FFF20278* 7DE47B78  mr      r4, r15
FFF2027C* 48000EE9  bl      sub_FFF21164
FFF20280* 386011D0  li      r3, 0x11D0
FFF20284* 48000FC5  bl      sub_FFF21248
FFF20288* 7C601B78  mr      r0, r3
FFF2028C* 386011D4  li      r3, 0x11D4
FFF20290* 48000FB9  bl      sub_FFF21248
FFF20294* 7C611B78  mr      r1, r3
FFF20298* 386011D8  li      r3, 0x11D8
FFF2029C* 48000FAD  bl      sub_FFF21248
FFF202A0* 7C621B78  mr      r2, r3
FFF202A4* 386011DC  li      r3, 0x11DC
FFF202A8* 48000FA1  bl      sub_FFF21248
FFF202AC* 7C631B78  mr      r3, r3
FFF202B0* 386011E0  li      r3, 0x11E0
FFF202B4* 48000F95  bl      sub_FFF21248
FFF202B8* 7C641B78  mr      r4, r3
FFF202BC* 386011E4  li      r3, 0x11E4
FFF202C0* 48000F89  bl      sub_FFF21248
FFF202C4* 7C651B78  mr      r5, r3
FFF202C8* 386011E8  li      r3, 0x11E8
FFF202CC* 48000F7D  bl      sub_FFF21248
FFF202D0* 7C661B78  mr      r6, r3
FFF202D4* 386011EC  li      r3, 0x11EC
FFF202D8* 48000F71  bl      sub_FFF21248
FFF202DC* 7C671B78  mr      r7, r3
FFF202E0* 386011F0  li      r3, 0x11F0
FFF202E4* 48000F65  bl      sub_FFF21248
FFF202E8* 7C681B78  mr      r8, r3
FFF202EC* 386011F4  li      r3, 0x11F4
FFF202F0* 48000F59  bl      sub_FFF21248
FFF202F4* 7C691B78  mr      r9, r3
FFF202F8* 386011F8  li      r3, 0x11F8
FFF202FC* 48000F4D  bl      sub_FFF21248
FFF20300* 7C6A1B78  mr      r10, r3
FFF20304* 386011FC  li      r3, 0x11FC
FFF20308* 48000F41  bl      sub_FFF21248
FFF2030C* 7C6B1B78  mr      r11, r3
FFF20310* 38601200  li      r3, 0x1200
FFF20314* 48000F35  bl      sub_FFF21248
FFF20318* 7C6C1B78  mr      r12, r3
FFF2031C* 38601204  li      r3, 0x1204
FFF20320* 48000F29  bl      sub_FFF21248
FFF20324* 7C6D1B78  mr      r13, r3
FFF20328* 38601208  li      r3, 0x1208
FFF2032C* 48000F1D  bl      sub_FFF21248
FFF20330* 7C6E1B78  mr      r14, r3
FFF20334* 3860120C  li      r3, 0x120C
FFF20338* 48000F11  bl      sub_FFF21248
FFF2033C* 7C6F1B78  mr      r15, r3
FFF20340* 38601210  li      r3, 0x1210
FFF20344* 48000F05  bl      sub_FFF21248
FFF20348* 7C701B78  mr      r16, r3
FFF2034C* 38601214  li      r3, 0x1214
FFF20350* 48000EF9  bl      sub_FFF21248
FFF20354* 7C711B78  mr      r17, r3
FFF20358* 38601218  li      r3, 0x1218
FFF2035C* 48000EED  bl      sub_FFF21248
FFF20360* 7C721B78  mr      r18, r3
FFF20364* 3860121C  li      r3, 0x121C
FFF20368* 48000EE1  bl      sub_FFF21248
FFF2036C* 7C731B78  mr      r19, r3
FFF20370* 38601220  li      r3, 0x1220
FFF20374* 48000ED5  bl      sub_FFF21248
FFF20378* 7C741B78  mr      r20, r3
FFF2037C* 38601224  li      r3, 0x1224
FFF20380* 48000EC9  bl      sub_FFF21248
FFF20384* 7C751B78  mr      r21, r3
FFF20388* 38601228  li      r3, 0x1228
FFF2038C* 48000EBD  bl      sub_FFF21248
FFF20390* 7C761B78  mr      r22, r3
FFF20394* 3860122C  li      r3, 0x122C
FFF20398* 48000EB1  bl      sub_FFF21248
FFF2039C* 7C771B78  mr      r23, r3
FFF203A0* 38601230  li      r3, 0x1230
FFF203A4* 48000EA5  bl      sub_FFF21248
FFF203A8* 7C781B78  mr      r24, r3
FFF203AC* 38601234  li      r3, 0x1234
FFF203B0* 48000E99  bl      sub_FFF21248
FFF203B4* 7C791B78  mr      r25, r3
FFF203B8* 38601238  li      r3, 0x1238
FFF203BC* 48000E8D  bl      sub_FFF21248
FFF203C0* 7C7A1B78  mr      r26, r3
FFF203C4* 3860123C  li      r3, 0x123C
FFF203C8* 48000E81  bl      sub_FFF21248
FFF203CC* 7C7B1B78  mr      r27, r3
FFF203D0* 38601240  li      r3, 0x1240
FFF203D4* 48000E75  bl      sub_FFF21248
FFF203D8* 7C7C1B78  mr      r28, r3
FFF203DC* 38601244  li      r3, 0x1244
FFF203E0* 48000E69  bl      sub_FFF21248
FFF203E4* 7C7D1B78  mr      r29, r3
FFF203E8* 38601248  li      r3, 0x1248
FFF203EC* 48000E5D  bl      sub_FFF21248
FFF203F0* 7C7E1B78  mr      r30, r3
FFF203F4* 3860124C  li      r3, 0x124C
FFF203F8* 48000E51  bl      sub_FFF21248
FFF203FC* 7C7F1B78  mr      r31, r3
FFF20400* 38601270  li      r3, 0x1270
FFF20404* 48000E45  bl      sub_FFF21248
FFF20408* 7C6903A6  mtspr   CTR, r3
FFF2040C* 38601250  li      r3, 0x1250
FFF20410* 48000E39  bl      sub_FFF21248
FFF20414* 7C6A1B78  mr      r10, r3
FFF20418* 38601168  li      r3, 0x1168
FFF2041C* 48000E2D  bl      sub_FFF21248
FFF20420* 7D4803A6  mtspr   LR, r10
FFF20424* 4E800020  blr

sub_FFF20428:
FFF20428* 7C8802A6  mfspr   r4, LR
FFF2042C* 38601254  li      r3, 0x1254
FFF20430* 48000D35  bl      sub_FFF21164
FFF20434* 38601180  li      r3, 0x1180
FFF20438* 48000E11  bl      sub_FFF21248
FFF2043C* 38830001  addi    r4, r3, 0x1
FFF20440* 38601180  li      r3, 0x1180
FFF20444* 48000D21  bl      sub_FFF21164
FFF20448* 3860117C  li      r3, 0x117C
FFF2044C* 48000DFD  bl      sub_FFF21248
FFF20450* 3C80526F  lis     r4, 0x526F
FFF20454* 60846247  ori     r4, r4, 0x6247
FFF20458* 4F18C182  crclr   crb24
FFF2045C* 7C032000  cmpw    r3, r4
FFF20460* 41820078  beq     loc_FFF204D8
FFF20464* 38601118  li      r3, 0x1118
FFF20468* 7C040378  mr      r4, r0
FFF2046C* 48000CF9  bl      sub_FFF21164
FFF20470* 38601154  li      r3, 0x1154
FFF20474* 7C040378  mr      r4, r0
FFF20478* 48000CED  bl      sub_FFF21164
FFF2047C* 38601160  li      r3, 0x1160
FFF20480* 7C040378  mr      r4, r0
FFF20484* 48000CE1  bl      sub_FFF21164
FFF20488* 3860111C  li      r3, 0x111C
FFF2048C* 7C040378  mr      r4, r0
FFF20490* 48000CD5  bl      sub_FFF21164
FFF20494* 38601120  li      r3, 0x1120
FFF20498* 7C040378  mr      r4, r0
FFF2049C* 48000CC9  bl      sub_FFF21164
FFF204A0* 38601124  li      r3, 0x1124
FFF204A4* 7C040378  mr      r4, r0
FFF204A8* 48000CBD  bl      sub_FFF21164
FFF204AC* 3860115C  li      r3, 0x115C
FFF204B0* 7C040378  mr      r4, r0
FFF204B4* 48000CB1  bl      sub_FFF21164
FFF204B8* 3C80526F  lis     r4, 0x526F
FFF204BC* 60846247  ori     r4, r4, 0x6247
FFF204C0* 3860117C  li      r3, 0x117C
FFF204C4* 48000CA1  bl      sub_FFF21164
FFF204C8* 7C842278  xor     r4, r4, r4
FFF204CC* 3860118C  li      r3, 0x118C
FFF204D0* 48000C95  bl      sub_FFF21164
FFF204D4* 4F18C342  crorc   4*cr6+lt, 4*cr6+lt, 4*cr6+lt
loc_FFF204D8:
FFF204D8* 38601254  li      r3, 0x1254
FFF204DC* 48000D6D  bl      sub_FFF21248
FFF204E0* 7C6803A6  mtspr   LR, r3
FFF204E4* 4E800020  blr

sub_FFF204E8:
FFF204E8  7C8802A6  mfspr   r4, LR
FFF204EC  38601254  li      r3, 0x1254
FFF204F0  48000C75  bl      sub_FFF21164
FFF204F4  7EAAAB78  mr      r10, r21
FFF204F8  2C0A0000  cmpwi   cr0, r10, 0x0
FFF204FC  41820124  beq     loc_FFF20620
FFF20500  7EAAAB78  mr      r10, r21
FFF20504  714A0010  andi.   r10, r10, 0x10
FFF20508  2C0A0010  cmpwi   cr0, r10, 0x10
FFF2050C  40820008  bne     loc_FFF20514
FFF20510  480005CD  bl      sub_FFF20ADC
loc_FFF20514:
FFF20514  7EAAAB78  mr      r10, r21
FFF20518  714A0008  andi.   r10, r10, 0x8
FFF2051C  2C0A0008  cmpwi   cr0, r10, 0x8
FFF20520  40820008  bne     loc_FFF20528
FFF20524  48000755  bl      sub_FFF20C78
loc_FFF20528:
FFF20528  7EAAAB78  mr      r10, r21
FFF2052C  714A0020  andi.   r10, r10, 0x20
FFF20530  2C0A0020  cmpwi   cr0, r10, 0x20
FFF20534  40820004  bne     loc_FFF20538
loc_FFF20538:
FFF20538  7EAAAB78  mr      r10, r21
FFF2053C  714A0040  andi.   r10, r10, 0x40
FFF20540  2C0A0040  cmpwi   cr0, r10, 0x40
FFF20544  40820008  bne     loc_FFF2054C
FFF20548  48000689  bl      sub_FFF20BD0
loc_FFF2054C:
FFF2054C  7EAAAB78  mr      r10, r21
FFF20550  714A0080  andi.   r10, r10, 0x80
FFF20554  2C0A0080  cmpwi   cr0, r10, 0x80
FFF20558  40820008  bne     loc_FFF20560
FFF2055C  480008CD  bl      sub_FFF20E28
loc_FFF20560:
FFF20560  48001521  bl      sub_FFF21A80
FFF20564  7EAAAB78  mr      r10, r21
FFF20568  714A0007  andi.   r10, r10, 0x7
FFF2056C  2C0A0000  cmpwi   cr0, r10, 0x0
FFF20570  418200B0  beq     loc_FFF20620
loc_FFF20574:
FFF20574  3B600000  li      r27, 0x0
loc_FFF20578:
FFF20578  387B1048  addi    r3, r27, 0x1048
FFF2057C  48000CCD  bl      sub_FFF21248
FFF20580  7C6C1B78  mr      r12, r3
FFF20584  387B104C  addi    r3, r27, 0x104C
FFF20588  48000CC1  bl      sub_FFF21248
FFF2058C  7C6D1B78  mr      r13, r3
FFF20590  2C0D0000  cmpwi   cr0, r13, 0x0
FFF20594  41820060  beq     loc_FFF205F4
FFF20598  7EAAAB78  mr      r10, r21
FFF2059C  714A0001  andi.   r10, r10, 0x1
FFF205A0  2C0A0001  cmpwi   cr0, r10, 0x1
FFF205A4  40820008  bne     loc_FFF205AC
FFF205A8  480001B9  bl      sub_FFF20760
loc_FFF205AC:
FFF205AC  7EAAAB78  mr      r10, r21
FFF205B0  714A0002  andi.   r10, r10, 0x2
FFF205B4  2C0A0002  cmpwi   cr0, r10, 0x2
FFF205B8  40820008  bne     loc_FFF205C0
FFF205BC  480002FD  bl      sub_FFF208B8
loc_FFF205C0:
FFF205C0  7EAAAB78  mr      r10, r21
FFF205C4  714A0004  andi.   r10, r10, 0x4
FFF205C8  2C0A0004  cmpwi   cr0, r10, 0x4
FFF205CC  40820008  bne     loc_FFF205D4
FFF205D0  48000449  bl      sub_FFF20A18
loc_FFF205D4:
FFF205D4  2C1D0000  cmpwi   cr0, r29, 0x0
FFF205D8  40820008  bne     loc_FFF205E0
FFF205DC  48000018  b       loc_FFF205F4
loc_FFF205E0:
FFF205E0  2C150000  cmpwi   cr0, r21, 0x0
FFF205E4  41820010  beq     loc_FFF205F4
FFF205E8  387B104C  addi    r3, r27, 0x104C
FFF205EC  7C040378  mr      r4, r0
FFF205F0  48000B75  bl      sub_FFF21164
loc_FFF205F4:
FFF205F4  3B7B0008  addi    r27, r27, 0x8
FFF205F8  2C1C0001  cmpwi   cr0, r28, 0x1
FFF205FC  41820010  beq     loc_FFF2060C
FFF20600  2C1B00D0  cmpwi   cr0, r27, 0xD0
FFF20604  4180FF74  blt     loc_FFF20578
FFF20608  4800000C  b       loc_FFF20614
loc_FFF2060C:
FFF2060C  2C1B0008  cmpwi   cr0, r27, 0x8
FFF20610  4180FF68  blt     loc_FFF20578
loc_FFF20614:
FFF20614  3A10FFFF  addi    r16, r16, -0x1
FFF20618  2C100000  cmpwi   cr0, r16, 0x0
FFF2061C  4082FF58  bne     loc_FFF20574
loc_FFF20620:
FFF20620  38601254  li      r3, 0x1254
FFF20624  48000C25  bl      sub_FFF21248
FFF20628  7C6803A6  mtspr   LR, r3
FFF2062C  4E800020  blr

sub_FFF20630:
FFF20630  7C641B78  mr      r4, r3
FFF20634  7C0004AC  sync
FFF20638  7C6000A6  mfmsr   r3
FFF2063C  54630732  rlwinm  r3, r3, 0, 28, 25
FFF20640  7C600124  mtmsr   r3
FFF20644  4C00012C  isync
FFF20648  7C7F42A6  mfspr   r3, PVR
FFF2064C  5463843E  srwi    r3, r3, 16
FFF20650  2C030001  cmpwi   cr0, r3, 0x1
FFF20654  41820040  beq     loc_FFF20694
FFF20658  7483F000  andis.  r3, r4, 0xF000
FFF2065C  60631FFF  ori     r3, r3, 0x1FFF
FFF20660  7C7C83A6  mtspr   DBAT2U, r3
FFF20664  7483F000  andis.  r3, r4, 0xF000
FFF20668  60630032  ori     r3, r3, 0x32
FFF2066C  7C7D83A6  mtspr   DBAT2L, r3
FFF20670  3C841000  addis   r4, r4, 0x1000
FFF20674  7483F000  andis.  r3, r4, 0xF000
FFF20678  60631FFF  ori     r3, r3, 0x1FFF
FFF2067C  7C7E83A6  mtspr   DBAT3U, r3
FFF20680  7483F000  andis.  r3, r4, 0xF000
FFF20684  60630032  ori     r3, r3, 0x32
FFF20688  7C7F83A6  mtspr   DBAT3L, r3
FFF2068C  4C00012C  isync
FFF20690  48000024  b       loc_FFF206B4
loc_FFF20694:
FFF20694  3C6087F0  lis     r3, 0x87F0
FFF20698  7C0004AC  sync
FFF2069C  5083273E  inslwi  r3, r4, 4, 28
FFF206A0  7C6021E4  mtsrin  r3, r4
FFF206A4  3C841000  addis   r4, r4, 0x1000
FFF206A8  5083273E  inslwi  r3, r4, 4, 28
FFF206AC  7C6021E4  mtsrin  r3, r4
FFF206B0  4C00012C  isync
loc_FFF206B4:
FFF206B4  7C0004AC  sync
FFF206B8  7C6000A6  mfmsr   r3
FFF206BC  60630010  ori     r3, r3, 0x10
FFF206C0  7C600124  mtmsr   r3
FFF206C4  4C00012C  isync
FFF206C8  4E800020  blr

sub_FFF206CC:
FFF206CC  7C641B78  mr      r4, r3
FFF206D0  7C0004AC  sync
FFF206D4  7C6000A6  mfmsr   r3
FFF206D8  54630732  rlwinm  r3, r3, 0, 28, 25
FFF206DC  7C600124  mtmsr   r3
FFF206E0  4C00012C  isync
FFF206E4  7C7F42A6  mfspr   r3, PVR
FFF206E8  5463843E  srwi    r3, r3, 16
FFF206EC  2C030001  cmpwi   cr0, r3, 0x1
FFF206F0  4182001C  beq     loc_FFF2070C
FFF206F4  38600000  li      r3, 0x0
FFF206F8  7C7C83A6  mtspr   DBAT2U, r3
FFF206FC  7C7D83A6  mtspr   DBAT2L, r3
FFF20700  7C7E83A6  mtspr   DBAT3U, r3
FFF20704  7C7F83A6  mtspr   DBAT3L, r3
FFF20708  4800001C  b       loc_FFF20724
loc_FFF2070C:
FFF2070C  38600000  li      r3, 0x0
FFF20710  7C0004AC  sync
FFF20714  7C6021E4  mtsrin  r3, r4
FFF20718  38840001  addi    r4, r4, 0x1
FFF2071C  7C6021E4  mtsrin  r3, r4
FFF20720  4C00012C  isync
loc_FFF20724:
FFF20724  7C0004AC  sync
FFF20728  7C6000A6  mfmsr   r3
FFF2072C  60630010  ori     r3, r3, 0x10
FFF20730  7C600124  mtmsr   r3
FFF20734  4C00012C  isync
FFF20738  4E800020  blr

sub_FFF2073C:
FFF2073C  7D2802A6  mfspr   r9, LR
FFF20740  7DEF7A78  xor     r15, r15, r15
FFF20744  7E318A78  xor     r17, r17, r17
FFF20748  7E529278  xor     r18, r18, r18
FFF2074C  7E739A78  xor     r19, r19, r19
FFF20750  7E94A278  xor     r20, r20, r20
FFF20754  7ED6B278  xor     r22, r22, r22
FFF20758  7D2803A6  mtspr   LR, r9
FFF2075C  4E800020  blr

sub_FFF20760:
FFF20760  7D6802A6  mfspr   r11, LR
FFF20764  7D8A6378  mr      r10, r12
FFF20768  7DA36B78  mr      r3, r13
FFF2076C  5463D97E  srwi    r3, r3, 5
FFF20770  7C6903A6  mtspr   CTR, r3
FFF20774  7C0004AC  sync
FFF20778  7C6000A6  mfmsr   r3
FFF2077C  54630734  rlwinm  r3, r3, 0, 28, 26
FFF20780  7C600124  mtmsr   r3
FFF20784  4C00012C  isync
FFF20788  3CC06DB6  lis     r6, 0x6DB6
FFF2078C  60C6DB6D  ori     r6, r6, 0xDB6D
FFF20790  3CE0B6DB  lis     r7, 0xB6DB
FFF20794  60E76DB6  ori     r7, r7, 0x6DB6
FFF20798  3D00DB6D  lis     r8, 0xDB6D
FFF2079C  6108B6DB  ori     r8, r8, 0xB6DB
FFF207A0  3D206DB6  lis     r9, 0x6DB6
FFF207A4  6129DB6D  ori     r9, r9, 0xDB6D
loc_FFF207A8:
FFF207A8  7C0057EC  dcbz    0, r10
FFF207AC  90CA0000  stw     r6, 0x0(r10)
FFF207B0  7CE63B78  mr      r6, r7
FFF207B4  90EA0004  stw     r7, 0x4(r10)
FFF207B8  7D074378  mr      r7, r8
FFF207BC  910A0008  stw     r8, 0x8(r10)
FFF207C0  7D284B78  mr      r8, r9
FFF207C4  912A000C  stw     r9, 0xC(r10)
FFF207C8  7CC93378  mr      r9, r6
FFF207CC  90CA0010  stw     r6, 0x10(r10)
FFF207D0  7CE63B78  mr      r6, r7
FFF207D4  90EA0014  stw     r7, 0x14(r10)
FFF207D8  7D074378  mr      r7, r8
FFF207DC  910A0018  stw     r8, 0x18(r10)
FFF207E0  7D284B78  mr      r8, r9
FFF207E4  912A001C  stw     r9, 0x1C(r10)
FFF207E8  7CC93378  mr      r9, r6
FFF207EC  7C00506C  dcbst   0, r10
FFF207F0  394A0020  addi    r10, r10, 0x20
FFF207F4  4200FFB4  bdnz    loc_FFF207A8
FFF207F8  7D836378  mr      r3, r12
FFF207FC  4BFFFE35  bl      sub_FFF20630
FFF20800  7D8A6378  mr      r10, r12
FFF20804  7DA36B78  mr      r3, r13
FFF20808  5463E13E  srwi    r3, r3, 4
FFF2080C  7C6903A6  mtspr   CTR, r3
FFF20810  3C60B6DB  lis     r3, 0xB6DB
FFF20814  60636DB6  ori     r3, r3, 0x6DB6
FFF20818  394AFFFC  addi    r10, r10, -0x4
loc_FFF2081C:
FFF2081C  848A0004  lwzu    r4, 0x4(r10)
FFF20820  7C632278  xor     r3, r3, r4
FFF20824  906A0000  stw     r3, 0x0(r10)
FFF20828  7C0006AC  eieio
FFF2082C  848A0004  lwzu    r4, 0x4(r10)
FFF20830  7C632278  xor     r3, r3, r4
FFF20834  906A0000  stw     r3, 0x0(r10)
FFF20838  7C0006AC  eieio
FFF2083C  848A0004  lwzu    r4, 0x4(r10)
FFF20840  7C632278  xor     r3, r3, r4
FFF20844  906A0000  stw     r3, 0x0(r10)
FFF20848  7C0006AC  eieio
FFF2084C  848A0004  lwzu    r4, 0x4(r10)
FFF20850  7C632278  xor     r3, r3, r4
FFF20854  906A0000  stw     r3, 0x0(r10)
FFF20858  7C0006AC  eieio
FFF2085C  4200FFC0  bdnz    loc_FFF2081C
FFF20860  806AFFF8  lwz     r3, -0x8(r10)
FFF20864  7C634279  xor.    r3, r3, r8
FFF20868  806AFFFC  lwz     r3, -0x4(r10)
FFF2086C  40820020  bne     loc_FFF2088C
FFF20870  7C634A79  xor.    r3, r3, r9
FFF20874  806A0000  lwz     r3, 0x0(r10)
FFF20878  40820014  bne     loc_FFF2088C
FFF2087C  7C633A79  xor.    r3, r3, r7
FFF20880  4082000C  bne     loc_FFF2088C
FFF20884  3BA00000  li      r29, 0x0
FFF20888  48000020  b       loc_FFF208A8
loc_FFF2088C:
FFF2088C  61EF0001  ori     r15, r15, 0x1
FFF20890  7F71DB78  mr      r17, r27
FFF20894  7C130378  mr      r19, r0
FFF20898  7C741B78  mr      r20, r3
FFF2089C  3AD60001  addi    r22, r22, 0x1
FFF208A0  3BA00001  li      r29, 0x1
FFF208A4  4E800020  blr
loc_FFF208A8:
FFF208A8  7D836378  mr      r3, r12
FFF208AC  4BFFFE21  bl      sub_FFF206CC
FFF208B0  7D6803A6  mtspr   LR, r11
FFF208B4  4E800020  blr

sub_FFF208B8:
FFF208B8  7D6802A6  mfspr   r11, LR
FFF208BC  7D8A6378  mr      r10, r12
FFF208C0  7DA36B78  mr      r3, r13
FFF208C4  5463D97E  srwi    r3, r3, 5
FFF208C8  7C6903A6  mtspr   CTR, r3
FFF208CC  7C0004AC  sync
FFF208D0  7C6000A6  mfmsr   r3
FFF208D4  54630734  rlwinm  r3, r3, 0, 28, 26
FFF208D8  7C600124  mtmsr   r3
FFF208DC  4C00012C  isync
FFF208E0  3CC06DB6  lis     r6, 0x6DB6
FFF208E4  60C6DB6D  ori     r6, r6, 0xDB6D
FFF208E8  3CE0B6DB  lis     r7, 0xB6DB
FFF208EC  60E76DB6  ori     r7, r7, 0x6DB6
FFF208F0  3D00DB6D  lis     r8, 0xDB6D
FFF208F4  6108B6DB  ori     r8, r8, 0xB6DB
FFF208F8  3D206DB6  lis     r9, 0x6DB6
FFF208FC  6129DB6D  ori     r9, r9, 0xDB6D
loc_FFF20900:
FFF20900  7C0057EC  dcbz    0, r10
FFF20904  90CA0000  stw     r6, 0x0(r10)
FFF20908  7CE63B78  mr      r6, r7
FFF2090C  90EA0004  stw     r7, 0x4(r10)
FFF20910  7D074378  mr      r7, r8
FFF20914  910A0008  stw     r8, 0x8(r10)
FFF20918  7D284B78  mr      r8, r9
FFF2091C  912A000C  stw     r9, 0xC(r10)
FFF20920  7CC93378  mr      r9, r6
FFF20924  90CA0010  stw     r6, 0x10(r10)
FFF20928  7CE63B78  mr      r6, r7
FFF2092C  90EA0014  stw     r7, 0x14(r10)
FFF20930  7D074378  mr      r7, r8
FFF20934  910A0018  stw     r8, 0x18(r10)
FFF20938  7D284B78  mr      r8, r9
FFF2093C  912A001C  stw     r9, 0x1C(r10)
FFF20940  7CC93378  mr      r9, r6
FFF20944  7C00506C  dcbst   0, r10
FFF20948  394A0020  addi    r10, r10, 0x20
FFF2094C  4200FFB4  bdnz    loc_FFF20900
FFF20950  7D836378  mr      r3, r12
FFF20954  4BFFFCDD  bl      sub_FFF20630
FFF20958  7DA36B78  mr      r3, r13
FFF2095C  5463E13E  srwi    r3, r3, 4
FFF20960  7C6903A6  mtspr   CTR, r3
FFF20964  7CE33B78  mr      r3, r7
FFF20968  3CE0B6DB  lis     r7, 0xB6DB
FFF2096C  60E76DB6  ori     r7, r7, 0x6DB6
FFF20970  3D00DB6D  lis     r8, 0xDB6D
FFF20974  6108B6DB  ori     r8, r8, 0xB6DB
FFF20978  3D206DB6  lis     r9, 0x6DB6
FFF2097C  6129DB6D  ori     r9, r9, 0xDB6D
loc_FFF20980:
FFF20980  848AFFFC  lwzu    r4, -0x4(r10)
FFF20984  7C632278  xor     r3, r3, r4
FFF20988  906A0000  stw     r3, 0x0(r10)
FFF2098C  7C0006AC  eieio
FFF20990  848AFFFC  lwzu    r4, -0x4(r10)
FFF20994  7C632278  xor     r3, r3, r4
FFF20998  906A0000  stw     r3, 0x0(r10)
FFF2099C  7C0006AC  eieio
FFF209A0  848AFFFC  lwzu    r4, -0x4(r10)
FFF209A4  7C632278  xor     r3, r3, r4
FFF209A8  906A0000  stw     r3, 0x0(r10)
FFF209AC  7C0006AC  eieio
FFF209B0  848AFFFC  lwzu    r4, -0x4(r10)
FFF209B4  7C632278  xor     r3, r3, r4
FFF209B8  906A0000  stw     r3, 0x0(r10)
FFF209BC  7C0006AC  eieio
FFF209C0  4200FFC0  bdnz    loc_FFF20980
FFF209C4  806A0000  lwz     r3, 0x0(r10)
FFF209C8  7C633A79  xor.    r3, r3, r7
FFF209CC  806A0004  lwz     r3, 0x4(r10)
FFF209D0  40820020  bne     loc_FFF209F0
FFF209D4  7C634279  xor.    r3, r3, r8
FFF209D8  806A0008  lwz     r3, 0x8(r10)
FFF209DC  40820014  bne     loc_FFF209F0
FFF209E0  7C634A79  xor.    r3, r3, r9
FFF209E4  4082000C  bne     loc_FFF209F0
FFF209E8  3BA00000  li      r29, 0x0
FFF209EC  4800001C  b       loc_FFF20A08
loc_FFF209F0:
FFF209F0  61EF0002  ori     r15, r15, 0x2
FFF209F4  7F71DB78  mr      r17, r27
FFF209F8  7C130378  mr      r19, r0
FFF209FC  7C741B78  mr      r20, r3
FFF20A00  3AD60001  addi    r22, r22, 0x1
FFF20A04  3BA00001  li      r29, 0x1
loc_FFF20A08:
FFF20A08  7D836378  mr      r3, r12
FFF20A0C  4BFFFCC1  bl      sub_FFF206CC
FFF20A10  7D6803A6  mtspr   LR, r11
FFF20A14  4E800020  blr

sub_FFF20A18:
FFF20A18  7D6802A6  mfspr   r11, LR
FFF20A1C  7DA96B78  mr      r9, r13
FFF20A20  7D836378  mr      r3, r12
FFF20A24  4BFFFC0D  bl      sub_FFF20630
FFF20A28  5529F0BE  srwi    r9, r9, 2
FFF20A2C  2C090000  cmpwi   cr0, r9, 0x0
FFF20A30  41820078  beq     loc_FFF20AA8
FFF20A34  38C00004  li      r6, 0x4
FFF20A38  3D40AAAA  lis     r10, 0xAAAA
FFF20A3C  614AAAAA  ori     r10, r10, 0xAAAA
FFF20A40  7D2903A6  mtspr   CTR, r9
FFF20A44  7D876378  mr      r7, r12
FFF20A48  38E7FFFC  addi    r7, r7, -0x4
loc_FFF20A4C:
FFF20A4C  7D47316E  stwux   r10, r7, r6
FFF20A50  4200FFFC  bdnz    loc_FFF20A4C
FFF20A54  7D2903A6  mtspr   CTR, r9
FFF20A58  7D876378  mr      r7, r12
FFF20A5C  38E7FFFC  addi    r7, r7, -0x4
loc_FFF20A60:
FFF20A60  7C87306E  lwzux   r4, r7, r6
FFF20A64  7C045000  cmpw    r4, r10
FFF20A68  40820048  bne     loc_FFF20AB0
FFF20A6C  4200FFF4  bdnz    loc_FFF20A60
FFF20A70d 3D405555  .ascii  "=@UUaJUU"
FFF20A78? 7D2903A6  mtspr   CTR, r9
FFF20A7C? 7D876378  mr      r7, r12
FFF20A80? 38E7FFFC  addi    r7, r7, -0x4
loc_FFF20A84:
FFF20A84? 7D47316E  stwux   r10, r7, r6
FFF20A88? 4200FFFC  bdnz    loc_FFF20A84
FFF20A8C? 7D2903A6  mtspr   CTR, r9
FFF20A90? 7D876378  mr      r7, r12
FFF20A94? 38E7FFFC  addi    r7, r7, -0x4
loc_FFF20A98:
FFF20A98? 7C87306E  lwzux   r4, r7, r6
FFF20A9C? 7C045000  cmpw    r4, r10
FFF20AA0? 40820010  bne     loc_FFF20AB0
FFF20AA4? 4200FFF4  bdnz    loc_FFF20A98
loc_FFF20AA8:
FFF20AA8  7FBDEA78  xor     r29, r29, r29
FFF20AAC  48000020  b       loc_FFF20ACC
loc_FFF20AB0:
FFF20AB0  61EF0004  ori     r15, r15, 0x4
FFF20AB4  7CF23B78  mr      r18, r7
FFF20AB8  7F71DB78  mr      r17, r27
FFF20ABC  7D535378  mr      r19, r10
FFF20AC0  7C942378  mr      r20, r4
FFF20AC4  3AD60001  addi    r22, r22, 0x1
FFF20AC8  3BA00001  li      r29, 0x1
loc_FFF20ACC:
FFF20ACC  7D836378  mr      r3, r12
FFF20AD0  4BFFFBFD  bl      sub_FFF206CC
FFF20AD4  7D6803A6  mtspr   LR, r11
FFF20AD8  4E800020  blr

sub_FFF20ADC:
FFF20ADC  7D4802A6  mfspr   r10, LR
FFF20AE0  38600000  li      r3, 0x0
FFF20AE4  4BFFFB4D  bl      sub_FFF20630
FFF20AE8  7CE73A78  xor     r7, r7, r7
FFF20AEC  7D6B5A78  xor     r11, r11, r11
FFF20AF0  7D084278  xor     r8, r8, r8
FFF20AF4  38C00020  li      r6, 0x20
FFF20AF8  7CC903A6  mtspr   CTR, r6
FFF20AFC  38C00000  li      r6, 0x0
FFF20B00  81260000  lwz     r9, 0x0(r6)
FFF20B04  38E00001  li      r7, 0x1
FFF20B08  7D6700D0  neg     r11, r7
FFF20B0C  396BFFFF  addi    r11, r11, -0x1
loc_FFF20B10:
FFF20B10  90E60000  stw     r7, 0x0(r6)
FFF20B14  7C0006AC  eieio
FFF20B18  81060000  lwz     r8, 0x0(r6)
FFF20B1C  7C083840  cmplw   r8, r7
FFF20B20  4082007C  bne     loc_FFF20B9C
FFF20B24  91660000  stw     r11, 0x0(r6)
FFF20B28  7C0006AC  eieio
FFF20B2C  81060000  lwz     r8, 0x0(r6)
FFF20B30  7C085840  cmplw   r8, r11
FFF20B34  4082007C  bne     loc_FFF20BB0
FFF20B38  50E7083E  rlwimi  r7, r7, 1, 0, 31
FFF20B3C  516B083E  rlwimi  r11, r11, 1, 0, 31
FFF20B40  4200FFD0  bdnz    loc_FFF20B10
FFF20B44  91260000  stw     r9, 0x0(r6)
FFF20B48  7C0006AC  eieio
FFF20B4C  38C00020  li      r6, 0x20
FFF20B50  7CC903A6  mtspr   CTR, r6
FFF20B54  38C00000  li      r6, 0x0
FFF20B58  81260004  lwz     r9, 0x4(r6)
loc_FFF20B5C:
FFF20B5C  90E60004  stw     r7, 0x4(r6)
FFF20B60  7C0006AC  eieio
FFF20B64  81060004  lwz     r8, 0x4(r6)
FFF20B68  7C083840  cmplw   r8, r7
FFF20B6C  40820030  bne     loc_FFF20B9C
FFF20B70  91660004  stw     r11, 0x4(r6)
FFF20B74  7C0006AC  eieio
FFF20B78  81060004  lwz     r8, 0x4(r6)
FFF20B7C  7C085840  cmplw   r8, r11
FFF20B80  40820030  bne     loc_FFF20BB0
FFF20B84  50E7083E  rlwimi  r7, r7, 1, 0, 31
FFF20B88  516B083E  rlwimi  r11, r11, 1, 0, 31
FFF20B8C  4200FFD0  bdnz    loc_FFF20B5C
FFF20B90  91260004  stw     r9, 0x4(r6)
FFF20B94  7C0006AC  eieio
FFF20B98  48000028  b       loc_FFF20BC0
loc_FFF20B9C:
FFF20B9C  61EF0010  ori     r15, r15, 0x10
FFF20BA0  7CF33B78  mr      r19, r7
FFF20BA4  7D144378  mr      r20, r8
FFF20BA8  3AD60001  addi    r22, r22, 0x1
FFF20BAC  48000014  b       loc_FFF20BC0
loc_FFF20BB0:
FFF20BB0  61EF0020  ori     r15, r15, 0x20
FFF20BB4  7D735B78  mr      r19, r11
FFF20BB8  7D144378  mr      r20, r8
FFF20BBC  3AD60001  addi    r22, r22, 0x1
loc_FFF20BC0:
FFF20BC0  38600000  li      r3, 0x0
FFF20BC4  4BFFFB09  bl      sub_FFF206CC
FFF20BC8  7D4803A6  mtspr   LR, r10
FFF20BCC  4E800020  blr

sub_FFF20BD0:
FFF20BD0  7C8802A6  mfspr   r4, LR
FFF20BD4  38601260  li      r3, 0x1260
FFF20BD8  4800058D  bl      sub_FFF21164
FFF20BDC  394000AA  li      r10, 0xAA
FFF20BE0  39200020  li      r9, 0x20
loc_FFF20BE4:
FFF20BE4  3929FFFF  addi    r9, r9, -0x1
FFF20BE8  38691290  addi    r3, r9, 0x1290
FFF20BEC  7D445378  mr      r4, r10
FFF20BF0  48000575  bl      sub_FFF21164
FFF20BF4  4C00012C  isync
FFF20BF8  38691290  addi    r3, r9, 0x1290
FFF20BFC  4800064D  bl      sub_FFF21248
FFF20C00  7C681B78  mr      r8, r3
FFF20C04  5508063E  clrlwi  r8, r8, 24
FFF20C08  7C085040  cmplw   r8, r10
FFF20C0C  4082004C  bne     loc_FFF20C58
FFF20C10  2C090000  cmpwi   cr0, r9, 0x0
FFF20C14  4082FFD0  bne     loc_FFF20BE4
FFF20C18  39400055  li      r10, 0x55
FFF20C1C  39200020  li      r9, 0x20
loc_FFF20C20:
FFF20C20  3929FFFF  addi    r9, r9, -0x1
FFF20C24  38691290  addi    r3, r9, 0x1290
FFF20C28  7D445378  mr      r4, r10
FFF20C2C  48000539  bl      sub_FFF21164
FFF20C30  4C00012C  isync
FFF20C34  38691290  addi    r3, r9, 0x1290
FFF20C38  48000611  bl      sub_FFF21248
FFF20C3C  7C681B78  mr      r8, r3
FFF20C40  5508063E  clrlwi  r8, r8, 24
FFF20C44  7C085040  cmplw   r8, r10
FFF20C48  40820010  bne     loc_FFF20C58
FFF20C4C  2C090000  cmpwi   cr0, r9, 0x0
FFF20C50  4082FFD0  bne     loc_FFF20C20
FFF20C54  48000014  b       loc_FFF20C68
loc_FFF20C58:
FFF20C58  61EF0080  ori     r15, r15, 0x80
FFF20C5C  7D535378  mr      r19, r10
FFF20C60  7D144378  mr      r20, r8
FFF20C64  3AD60001  addi    r22, r22, 0x1
loc_FFF20C68:
FFF20C68  38601260  li      r3, 0x1260
FFF20C6C  480005DD  bl      sub_FFF21248
FFF20C70  7C6803A6  mtspr   LR, r3
FFF20C74  4E800020  blr

sub_FFF20C78:
FFF20C78  7C8802A6  mfspr   r4, LR
FFF20C7C  38601264  li      r3, 0x1264
FFF20C80  480004E5  bl      sub_FFF21164
FFF20C84  3860124C  li      r3, 0x124C
FFF20C88  480005C1  bl      sub_FFF21248
FFF20C8C  7C7F1B78  mr      r31, r3
FFF20C90  80BF0000  lwz     r5, 0x0(r31)
FFF20C94  80DF0004  lwz     r6, 0x4(r31)
FFF20C98  80FF0008  lwz     r7, 0x8(r31)
FFF20C9C  811F000C  lwz     r8, 0xC(r31)
FFF20CA0  813F0010  lwz     r9, 0x10(r31)
FFF20CA4  815F0014  lwz     r10, 0x14(r31)
FFF20CA8  817F0018  lwz     r11, 0x18(r31)
FFF20CAC  82FF001C  lwz     r23, 0x1C(r31)
FFF20CB0  831F0020  lwz     r24, 0x20(r31)
FFF20CB4  833F0024  lwz     r25, 0x24(r31)
FFF20CB8  3B400005  li      r26, 0x5
FFF20CBC  7F4903A6  mtspr   CTR, r26
FFF20CC0  3B7F0000  addi    r27, r31, 0x0
FFF20CC4  3B7BFFF8  addi    r27, r27, -0x8
FFF20CC8  7C0004AC  sync
FFF20CCC  7C6000A6  mfmsr   r3
FFF20CD0  54630734  rlwinm  r3, r3, 0, 28, 26
FFF20CD4  7C600124  mtmsr   r3
FFF20CD8  4C00012C  isync
FFF20CDC  7C8F04A6  mfsr    r4, 15
FFF20CE0  38600000  li      r3, 0x0
FFF20CE4  7C6F01A4  mtsr    15, r3
FFF20CE8  4C00012C  isync
FFF20CEC  480000E5  bl      sub_FFF20DD0
FFF20CF0  7CA500D0  neg     r5, r5
FFF20CF4  7CC600D0  neg     r6, r6
FFF20CF8  7CE700D0  neg     r7, r7
FFF20CFC  7D0800D0  neg     r8, r8
FFF20D00  7D2900D0  neg     r9, r9
FFF20D04  7D4A00D0  neg     r10, r10
FFF20D08  7D6B00D0  neg     r11, r11
FFF20D0C  7EF700D0  neg     r23, r23
FFF20D10  23390000  subfic  r25, r25, 0x0
FFF20D14  7F180190  subfze  r24, r24
FFF20D18  835F002C  lwz     r26, 0x2C(r31)
FFF20D1C  837F0028  lwz     r27, 0x28(r31)
FFF20D20  575AE8FE  srwi    r26, r26, 3
FFF20D24  7F4903A6  mtspr   CTR, r26
FFF20D28  7F7BFA14  add     r27, r27, r31
FFF20D2C  3B7BFFF8  addi    r27, r27, -0x8
FFF20D30  480000A1  bl      sub_FFF20DD0
FFF20D34  7C8F01A4  mtsr    15, r4
FFF20D38  7C0004AC  sync
FFF20D3C  7C6000A6  mfmsr   r3
FFF20D40  60630010  ori     r3, r3, 0x10
FFF20D44  7C600124  mtmsr   r3
FFF20D48  4C00012C  isync
FFF20D4C  23180000  subfic  r24, r24, 0x0
FFF20D50  7F5AD114  adde    r26, r26, r26
FFF20D54  23390000  subfic  r25, r25, 0x0
FFF20D58  7F5AD114  adde    r26, r26, r26
FFF20D5C  20A50000  subfic  r5, r5, 0x0
FFF20D60  7F5AD114  adde    r26, r26, r26
FFF20D64  20C60000  subfic  r6, r6, 0x0
FFF20D68  7F5AD114  adde    r26, r26, r26
FFF20D6C  20E70000  subfic  r7, r7, 0x0
FFF20D70  7F5AD114  adde    r26, r26, r26
FFF20D74  21080000  subfic  r8, r8, 0x0
FFF20D78  7F5AD114  adde    r26, r26, r26
FFF20D7C  21290000  subfic  r9, r9, 0x0
FFF20D80  7F5AD114  adde    r26, r26, r26
FFF20D84  214A0000  subfic  r10, r10, 0x0
FFF20D88  7F5AD114  adde    r26, r26, r26
FFF20D8C  216B0000  subfic  r11, r11, 0x0
FFF20D90  7F5AD114  adde    r26, r26, r26
FFF20D94  22F70000  subfic  r23, r23, 0x0
FFF20D98  7F5AD114  adde    r26, r26, r26
FFF20D9C  38A003FF  li      r5, 0x3FF
FFF20DA0  7CA5D079  andc.   r5, r5, r26
FFF20DA4  2C050000  cmpwi   cr0, r5, 0x0
FFF20DA8  40820008  bne     loc_FFF20DB0
FFF20DAC  48000014  b       loc_FFF20DC0
loc_FFF20DB0:
FFF20DB0  61EF0008  ori     r15, r15, 0x8
FFF20DB4  7C130378  mr      r19, r0
FFF20DB8  7CB42B78  mr      r20, r5
FFF20DBC  3AD60001  addi    r22, r22, 0x1
loc_FFF20DC0:
FFF20DC0  38601264  li      r3, 0x1264
FFF20DC4  48000485  bl      sub_FFF21248
FFF20DC8  7C6803A6  mtspr   LR, r3
FFF20DCC  4E800020  blr

sub_FFF20DD0:
FFF20DD0  875B0008  lwzu    r26, 0x8(r27)
FFF20DD4  839B0004  lwz     r28, 0x4(r27)
FFF20DD8  575D463E  srwi    r29, r26, 24
FFF20DDC  7CA5EA14  add     r5, r5, r29
FFF20DE0  575D863E  extrwi  r29, r26, 8, 8
FFF20DE4  7CC6EA14  add     r6, r6, r29
FFF20DE8  575DC63E  extrwi  r29, r26, 8, 16
FFF20DEC  7CE7EA14  add     r7, r7, r29
FFF20DF0  575D063E  clrlwi  r29, r26, 24
FFF20DF4  7D08EA14  add     r8, r8, r29
FFF20DF8  579D463E  srwi    r29, r28, 24
FFF20DFC  7D29EA14  add     r9, r9, r29
FFF20E00  579D863E  extrwi  r29, r28, 8, 8
FFF20E04  7D4AEA14  add     r10, r10, r29
FFF20E08  579DC63E  extrwi  r29, r28, 8, 16
FFF20E0C  7D6BEA14  add     r11, r11, r29
FFF20E10  579D063E  clrlwi  r29, r28, 24
FFF20E14  7EF7EA14  add     r23, r23, r29
FFF20E18  7F39E014  addc    r25, r25, r28
FFF20E1C  7F18D114  adde    r24, r24, r26
FFF20E20  4200FFB0  bdnz    sub_FFF20DD0
FFF20E24  4E800020  blr

sub_FFF20E28:
FFF20E28  7CA802A6  mfspr   r5, LR
FFF20E2C  38600000  li      r3, 0x0
FFF20E30  4BFFF801  bl      sub_FFF20630
FFF20E34  38C00016  li      r6, 0x16
FFF20E38  7CC903A6  mtspr   CTR, r6
FFF20E3Cd 3D604D61  .ascii  "=`Maakrr"
FFF20E44? 3EE0B29E  lis     r23, 0xB29E
FFF20E48? 62F78D8D  ori     r23, r23, 0x8D8D
FFF20E4C? 38C00000  li      r6, 0x0
FFF20E50? 3B000004  li      r24, 0x4
FFF20E54? 81260000  lwz     r9, 0x0(r6)
loc_FFF20E58:
FFF20E58? 7D58302E  lwzx    r10, r24, r6
FFF20E5C? 91660000  stw     r11, 0x0(r6)
FFF20E60? 7C0006AC  eieio
FFF20E64? 7EF8312E  stwx    r23, r24, r6
FFF20E68? 7C0006AC  eieio
FFF20E6C? 83260000  lwz     r25, 0x0(r6)
FFF20E70? 7C195840  cmplw   r25, r11
FFF20E74? 4082002C  bne     loc_FFF20EA0
FFF20E78? 7F58302E  lwzx    r26, r24, r6
FFF20E7C? 7C1AB840  cmplw   r26, r23
FFF20E80? 40820038  bne     loc_FFF20EB8
FFF20E84? 7D58312E  stwx    r10, r24, r6
FFF20E88? 7C0006AC  eieio
FFF20E8C? 5318083E  rlwimi  r24, r24, 1, 0, 31
FFF20E90? 4200FFC8  bdnz    loc_FFF20E58
FFF20E94? 91260000  stw     r9, 0x0(r6)
FFF20E98? 7C0006AC  eieio
FFF20E9C? 48000030  b       loc_FFF20ECC
loc_FFF20EA0:
FFF20EA0? 61EF0100  ori     r15, r15, 0x100
FFF20EA4? 7D735B78  mr      r19, r11
FFF20EA8? 7F34CB78  mr      r20, r25
FFF20EAC? 7CD23378  mr      r18, r6
FFF20EB0? 3AD60001  addi    r22, r22, 0x1
FFF20EB4? 48000018  b       loc_FFF20ECC
loc_FFF20EB8:
FFF20EB8? 61EF0100  ori     r15, r15, 0x100
FFF20EBC? 7EF3BB78  mr      r19, r23
FFF20EC0? 7F54D378  mr      r20, r26
FFF20EC4? 7F12C378  mr      r18, r24
FFF20EC8? 3AD60001  addi    r22, r22, 0x1
loc_FFF20ECC:
FFF20ECC? 38600000  li      r3, 0x0
FFF20ED0? 4BFFF7FD  bl      sub_FFF206CC
FFF20ED4? 7CA803A6  mtspr   LR, r5
FFF20ED8? 4E800020  blr
FFF20EDC? 7DC802A6  mfspr   r14, LR
FFF20EE0? 3D80F800  lis     r12, 0xF800                        ; = F8000000 Hammerhead registers
FFF20EE4? 618C00E0  ori     r12, r12, 0xE0                     ; = F80000E0 HH_L2_CACHE_CONFIG
FFF20EE8? 3DA0F800  lis     r13, 0xF800                        ; = F8000000 Hammerhead registers
FFF20EEC? 61AD00F0  ori     r13, r13, 0xF0
FFF20EF0? 886C0000  lbz     r3, 0x0(r12)                       ; R HH_L2_CACHE_CONFIG F80000E0 (1)
FFF20EF4? 54630630  rlwinm  r3, r3, 0, 24, 24
FFF20EF8? 2C030080  cmpwi   cr0, r3, 0x80
FFF20EFC? 40820118  bne     loc_FFF21014
loc_FFF20F00:
FFF20F00? 5508083E  rotlwi  r8, r8, 1
FFF20F04? 80680000  lwz     r3, 0x0(r8)
FFF20F08? 38A8FFE0  addi    r5, r8, -0x20
FFF20F0C? 2C080000  cmpwi   cr0, r8, 0x0
FFF20F10? 4082FFF0  bne     loc_FFF20F00
FFF20F14? 4C00012C  isync
FFF20F18? 38600000  li      r3, 0x0
FFF20F1C? 986C0000  stb     r3, 0x0(r12)
FFF20F20? 4C00012C  isync
FFF20F24? 886C0000  lbz     r3, 0x0(r12)
FFF20F28? 5463077E  clrlwi  r3, r3, 29
FFF20F2C? 2C030000  cmpwi   cr0, r3, 0x0
FFF20F30? 4082000C  bne     loc_FFF20F3C
FFF20F34? 3D000008  lis     r8, 0x0008
FFF20F38? 48000030  b       loc_FFF20F68
loc_FFF20F3C:
FFF20F3C? 2C030001  cmpwi   cr0, r3, 0x1
FFF20F40? 4082000C  bne     loc_FFF20F4C
FFF20F44? 3D000004  lis     r8, 0x0004
FFF20F48? 48000020  b       loc_FFF20F68
loc_FFF20F4C:
FFF20F4C? 2C030002  cmpwi   cr0, r3, 0x2
FFF20F50? 4082000C  bne     loc_FFF20F5C
FFF20F54? 3D000010  lis     r8, 0x0010
FFF20F58? 48000010  b       loc_FFF20F68
loc_FFF20F5C:
FFF20F5C? 2C030003  cmpwi   cr0, r3, 0x3
FFF20F60? 408200BC  bne     loc_FFF2101C
FFF20F64? 3D000040  lis     r8, 0x0040
loc_FFF20F68:
FFF20F68? 38600080  li      r3, 0x80
FFF20F6C? 986D0000  stb     r3, 0x0(r13)
loc_FFF20F70:
FFF20F70? 80680000  lwz     r3, 0x0(r8)
FFF20F74? 3908FFE0  addi    r8, r8, -0x20
FFF20F78? 2C080000  cmpwi   cr0, r8, 0x0
FFF20F7C? 4082FFF4  bne     loc_FFF20F70
FFF20F80? 4C00012C  isync
FFF20F84? 38600000  li      r3, 0x0
FFF20F88? 986D0000  stb     r3, 0x0(r13)
FFF20F8C? 38600070  li      r3, 0x70
FFF20F90? 986C0000  stb     r3, 0x0(r12)
FFF20F94? 3CE00040  lis     r7, 0x0040
FFF20F98? 3CC00020  lis     r6, 0x0020
FFF20F9C? 3CA00010  lis     r5, 0x0010
loc_FFF20FA0:
FFF20FA0? 38A5FFF8  addi    r5, r5, -0x8
FFF20FA4? 3D20ABCD  lis     r9, 0xABCD
FFF20FA8? 6129ABCD  ori     r9, r9, 0xABCD
FFF20FAC? 7D27292E  stwx    r9, r7, r5
FFF20FB0? 2C050000  cmpwi   cr0, r5, 0x0
FFF20FB4? 4082FFEC  bne     loc_FFF20FA0
FFF20FB8? 4C00012C  isync
FFF20FBC? 3CE00040  lis     r7, 0x0040
FFF20FC0? 3CC00020  lis     r6, 0x0020
FFF20FC4? 3CA00010  lis     r5, 0x0010
loc_FFF20FC8:
FFF20FC8? 38A5FFF8  addi    r5, r5, -0x8
FFF20FCCd 7D27282E  .ascii  "}'(.}&)."
FFF20FD4? 2C050000  cmpwi   cr0, r5, 0x0
FFF20FD8? 4082FFF0  bne     loc_FFF20FC8
FFF20FDC? 4C00012C  isync
FFF20FE0? 3CE00040  lis     r7, 0x0040
FFF20FE4? 3CC00020  lis     r6, 0x0020
FFF20FE8? 3CA00010  lis     r5, 0x0010
loc_FFF20FEC:
FFF20FEC? 38A5FFF8  addi    r5, r5, -0x8
FFF20FF0d 7D27282E  .ascii  "}'(.}F(."
FFF20FF8? 7C095000  cmpw    r9, r10
FFF20FFC? 40820028  bne     loc_FFF21024
FFF21000? 2C050000  cmpwi   cr0, r5, 0x0
FFF21004? 4082FFE8  bne     loc_FFF20FEC
FFF21008? 4C00012C  isync
FFF2100Cd 7D6B5A78  .ascii  "}kZxH..("
loc_FFF21014:
FFF21014? 39600001  li      r11, 0x1
FFF21018? 48000010  b       loc_FFF21028
loc_FFF2101C:
FFF2101C? 39600002  li      r11, 0x2
FFF21020? 48000008  b       loc_FFF21028
loc_FFF21024:
FFF21024? 39600004  li      r11, 0x4
loc_FFF21028:
FFF21028? 61EF0040  ori     r15, r15, 0x40
FFF2102Cd 7D334B78  .ascii  "}3Kx}TSx"
FFF21034? 3AD60001  addi    r22, r22, 0x1
FFF21038? 38601128  li      r3, 0x1128
FFF2103C? 7D645B78  mr      r4, r11
FFF21040? 48000125  bl      sub_FFF21164
FFF21044? 7DC803A6  mtspr   LR, r14
FFF21048? 4E800020  blr

sub_FFF2104C:
FFF2104C  7D2802A6  mfspr   r9, LR
FFF21050  38601118  li      r3, 0x1118
FFF21054  480001F5  bl      sub_FFF21248
FFF21058  7C681B78  mr      r8, r3
FFF2105C  3D400000  lis     r10, 0x0000
FFF21060  614A01FF  ori     r10, r10, 0x1FF
FFF21064  7DEF5038  and     r15, r15, r10
FFF21068  3860115C  li      r3, 0x115C
FFF2106C  7EC4B378  mr      r4, r22
FFF21070  480000F5  bl      sub_FFF21164
FFF21074  3CC0AAAA  lis     r6, 0xAAAA
FFF21078  60C6AAAA  ori     r6, r6, 0xAAAA
FFF2107C  7C083040  cmplw   r8, r6
FFF21080  41820014  beq     loc_FFF21094
FFF21084  38601118  li      r3, 0x1118
FFF21088  7C040378  mr      r4, r0
FFF2108C  480000D9  bl      sub_FFF21164
FFF21090  4800004C  b       loc_FFF210DC
loc_FFF21094:
FFF21094  38601160  li      r3, 0x1160
FFF21098  7E248B78  mr      r4, r17
FFF2109C  480000C9  bl      sub_FFF21164
FFF210A0  3860111C  li      r3, 0x111C
FFF210A4  7E449378  mr      r4, r18
FFF210A8  480000BD  bl      sub_FFF21164
FFF210AC  38601120  li      r3, 0x1120
FFF210B0  7E649B78  mr      r4, r19
FFF210B4  480000B1  bl      sub_FFF21164
FFF210B8  38601124  li      r3, 0x1124
FFF210BC  7E84A378  mr      r4, r20
FFF210C0  480000A5  bl      sub_FFF21164
FFF210C4  38601118  li      r3, 0x1118
FFF210C8  7DE47B78  mr      r4, r15
FFF210CC  48000099  bl      sub_FFF21164
FFF210D0  38601154  li      r3, 0x1154
FFF210D4  7EA4AB78  mr      r4, r21
FFF210D8  4800008D  bl      sub_FFF21164
loc_FFF210DC:
FFF210DC  7D2803A6  mtspr   LR, r9
FFF210E0  4E800020  blr
FFF210E4? 7C651B78  mr      r5, r3
FFF210E8? 54A5DDBE  extrwi  r5, r5, 10, 17
FFF210EC? 546325F6  clrlslwi r3, r3, 27, 4
FFF210F0? 3CC0F301  lis     r6, 0xF301                         ; = F3010000 Grand Central device space
FFF210F4? 60C6D000  ori     r6, r6, 0xD000                     ; = F301D000 GC_NVRAM_ADDR
FFF210F8? 7CA0352C  stwbrx  r5, 0, r6
FFF210FC? 7C0006AC  eieio
FFF21100? 3CC0F301  lis     r6, 0xF301                         ; = F3010000 Grand Central device space
FFF21104? 60C6F000  ori     r6, r6, 0xF000                     ; = F301F000 GC_NVRAM_DATA
FFF21108? 7CC61A14  add     r6, r6, r3
FFF2110C? 5484403E  rotlwi  r4, r4, 8
FFF21110? 98860000  stb     r4, 0x0(r6)
FFF21114? 7C0006AC  eieio
FFF21118? 4E800020  blr
FFF2111C? 7C651B78  mr      r5, r3
FFF21120? 54A5DDBE  extrwi  r5, r5, 10, 17
FFF21124? 546325F6  clrlslwi r3, r3, 27, 4
FFF21128? 3CC0F301  lis     r6, 0xF301                         ; = F3010000 Grand Central device space
FFF2112C? 60C6D000  ori     r6, r6, 0xD000                     ; = F301D000 GC_NVRAM_ADDR
FFF21130? 7CA0352C  stwbrx  r5, 0, r6
FFF21134? 7C0006AC  eieio
FFF21138? 3CC0F301  lis     r6, 0xF301                         ; = F3010000 Grand Central device space
FFF2113C? 60C6F000  ori     r6, r6, 0xF000                     ; = F301F000 GC_NVRAM_DATA
FFF21140? 7CC61A14  add     r6, r6, r3
FFF21144? 5484403E  rotlwi  r4, r4, 8
FFF21148? 98860000  stb     r4, 0x0(r6)
FFF2114C? 7C0006AC  eieio
FFF21150? 38C60010  addi    r6, r6, 0x10
FFF21154? 5484403E  rotlwi  r4, r4, 8
FFF21158? 98860000  stb     r4, 0x0(r6)
FFF2115C? 7C0006AC  eieio
FFF21160? 4E800020  blr

sub_FFF21164:
FFF21164* 7C651B78  mr      r5, r3
FFF21168* 54A5DDBE  extrwi  r5, r5, 10, 17
FFF2116C* 546325F6  clrlslwi r3, r3, 27, 4
FFF21170* 3CC0F301  lis     r6, 0xF301                         ; = F3010000 Grand Central device space
FFF21174* 60C6D000  ori     r6, r6, 0xD000                     ; = F301D000 GC_NVRAM_ADDR
FFF21178* 7CA0352C  stwbrx  r5, 0, r6
FFF2117C* 7C0006AC  eieio
FFF21180* 3CC0F301  lis     r6, 0xF301                         ; = F3010000 Grand Central device space
FFF21184* 60C6F000  ori     r6, r6, 0xF000                     ; = F301F000 GC_NVRAM_DATA
FFF21188* 7CC61A14  add     r6, r6, r3
FFF2118C* 5484403E  rotlwi  r4, r4, 8
FFF21190* 98860000  stb     r4, 0x0(r6)
FFF21194* 7C0006AC  eieio
FFF21198* 38C60010  addi    r6, r6, 0x10
FFF2119C* 5484403E  rotlwi  r4, r4, 8
FFF211A0* 98860000  stb     r4, 0x0(r6)
FFF211A4* 7C0006AC  eieio
FFF211A8* 38C60010  addi    r6, r6, 0x10
FFF211AC* 5484403E  rotlwi  r4, r4, 8
FFF211B0* 98860000  stb     r4, 0x0(r6)
FFF211B4* 7C0006AC  eieio
FFF211B8* 38C60010  addi    r6, r6, 0x10
FFF211BC* 5484403E  rotlwi  r4, r4, 8
FFF211C0* 98860000  stb     r4, 0x0(r6)
FFF211C4* 7C0006AC  eieio
FFF211C8* 4E800020  blr
FFF211CC? 7C651B78  mr      r5, r3
FFF211D0? 54A5DDBE  extrwi  r5, r5, 10, 17
FFF211D4? 546325F6  clrlslwi r3, r3, 27, 4
FFF211D8? 3CC0F301  lis     r6, 0xF301                         ; = F3010000 Grand Central device space
FFF211DC? 60C6D000  ori     r6, r6, 0xD000                     ; = F301D000 GC_NVRAM_ADDR
FFF211E0? 7CA0352C  stwbrx  r5, 0, r6
FFF211E4? 7C0006AC  eieio
FFF211E8? 3CC0F301  lis     r6, 0xF301                         ; = F3010000 Grand Central device space
FFF211EC? 60C6F000  ori     r6, r6, 0xF000                     ; = F301F000 GC_NVRAM_DATA
FFF211F0? 7CC61A14  add     r6, r6, r3
FFF211F4? 88660000  lbz     r3, 0x0(r6)
FFF211F8? 7C0006AC  eieio
FFF211FC? 4E800020  blr
FFF21200? 7C651B78  mr      r5, r3
FFF21204? 54A5DDBE  extrwi  r5, r5, 10, 17
FFF21208? 546325F6  clrlslwi r3, r3, 27, 4
FFF2120C? 3CC0F301  lis     r6, 0xF301                         ; = F3010000 Grand Central device space
FFF21210? 60C6D000  ori     r6, r6, 0xD000                     ; = F301D000 GC_NVRAM_ADDR
FFF21214? 7CA0352C  stwbrx  r5, 0, r6
FFF21218? 7C0006AC  eieio
FFF2121C? 3CC0F301  lis     r6, 0xF301                         ; = F3010000 Grand Central device space
FFF21220? 60C6F000  ori     r6, r6, 0xF000                     ; = F301F000 GC_NVRAM_DATA
FFF21224? 7CC61A14  add     r6, r6, r3
FFF21228? 88A60000  lbz     r5, 0x0(r6)
FFF2122C? 7C0006AC  eieio
FFF21230? 54A5403E  rotlwi  r5, r5, 8
FFF21234? 38C60010  addi    r6, r6, 0x10
FFF21238? 88660000  lbz     r3, 0x0(r6)
FFF2123C? 7C0006AC  eieio
FFF21240? 7C632A14  add     r3, r3, r5
FFF21244? 4E800020  blr

sub_FFF21248:
FFF21248* 7C651B78  mr      r5, r3
FFF2124C* 54A5DDBE  extrwi  r5, r5, 10, 17
FFF21250* 546325F6  clrlslwi r3, r3, 27, 4
FFF21254* 3CC0F301  lis     r6, 0xF301                         ; = F3010000 Grand Central device space
FFF21258* 60C6D000  ori     r6, r6, 0xD000                     ; = F301D000 GC_NVRAM_ADDR
FFF2125C* 7CA0352C  stwbrx  r5, 0, r6
FFF21260* 7C0006AC  eieio
FFF21264* 3CC0F301  lis     r6, 0xF301                         ; = F3010000 Grand Central device space
FFF21268* 60C6F000  ori     r6, r6, 0xF000                     ; = F301F000 GC_NVRAM_DATA
FFF2126C* 7CC61A14  add     r6, r6, r3
FFF21270* 88A60000  lbz     r5, 0x0(r6)
FFF21274* 7C0006AC  eieio
FFF21278* 54A5403E  rotlwi  r5, r5, 8
FFF2127C* 38C60010  addi    r6, r6, 0x10
FFF21280* 88660000  lbz     r3, 0x0(r6)
FFF21284* 7C0006AC  eieio
FFF21288* 7CA51A14  add     r5, r5, r3
FFF2128C* 54A5403E  rotlwi  r5, r5, 8
FFF21290* 38C60010  addi    r6, r6, 0x10
FFF21294* 88660000  lbz     r3, 0x0(r6)
FFF21298* 7C0006AC  eieio
FFF2129C* 7CA51A14  add     r5, r5, r3
FFF212A0* 54A5403E  rotlwi  r5, r5, 8
FFF212A4* 38C60010  addi    r6, r6, 0x10
FFF212A8* 88660000  lbz     r3, 0x0(r6)
FFF212AC* 7C0006AC  eieio
FFF212B0* 7C632A14  add     r3, r3, r5
FFF212B4* 4E800020  blr

sub_FFF212B8:
FFF212B8  7D2802A6  mfspr   r9, LR
FFF212BC  3CA00000  lis     r5, 0x0000
FFF212C0  60A50022  ori     r5, r5, 0x22
FFF212C4  7CA903A6  mtspr   CTR, r5
FFF212C8  3D80F301  lis     r12, 0xF301                        ; = F3010000 Grand Central device space
FFF212CC  618C3020  ori     r12, r12, 0x3020                   ; = F3013020 GC_SCC_A_ctrl
FFF212D0  48000005  bl      sub_FFF212D4

sub_FFF212D4:
FFF212D4  7D4802A6  mfspr   r10, LR
FFF212D8  394A07CC  addi    r10, r10, 0x7CC
loc_FFF212DC:
FFF212DC  896A0000  lbz     r11, 0x0(r10)
FFF212E0  996C0000  stb     r11, 0x0(r12)
FFF212E4  394A0001  addi    r10, r10, 0x1
FFF212E8  4200FFF4  bdnz    loc_FFF212DC
FFF212EC  7CA903A6  mtspr   CTR, r5
FFF212F0  3D80F301  lis     r12, 0xF301                        ; = F3010000 Grand Central device space
FFF212F4  618C3000  ori     r12, r12, 0x3000                   ; = F3013000 GC_SCC_B_ctrl
FFF212F8  48000005  bl      sub_FFF212FC

sub_FFF212FC:
FFF212FC  7D4802A6  mfspr   r10, LR
FFF21300  394A07A6  addi    r10, r10, 0x7A6
loc_FFF21304:
FFF21304  896A0000  lbz     r11, 0x0(r10)
FFF21308  996C0000  stb     r11, 0x0(r12)
FFF2130C  394A0001  addi    r10, r10, 0x1
FFF21310  4200FFF4  bdnz    loc_FFF21304
FFF21314  7D2803A6  mtspr   LR, r9
FFF21318  4E800020  blr

sub_FFF2131C:
FFF2131C  3D80F301  lis     r12, 0xF301                        ; = F3010000 Grand Central device space
FFF21320  618C3020  ori     r12, r12, 0x3020                   ; = F3013020 GC_SCC_A_ctrl
loc_FFF21324:
FFF21324  89AC0000  lbz     r13, 0x0(r12)
FFF21328  55AD077A  rlwinm  r13, r13, 0, 29, 29
FFF2132C  280D0000  cmplwi  cr0, r13, 0x0
FFF21330  4182FFF4  beq     loc_FFF21324
FFF21334  3D80F301  lis     r12, 0xF301                        ; = F3010000 Grand Central device space
FFF21338  618C3030  ori     r12, r12, 0x3030                   ; = F3013030 GC_SCC_A_data
FFF2133C  996C0000  stb     r11, 0x0(r12)                      ; W GC_SCC_A_data F3013030 (1)
FFF21340  4E800020  blr

sub_FFF21344:
FFF21344  7CE802A6  mfspr   r7, LR
FFF21348  3D80F301  lis     r12, 0xF301                        ; = F3010000 Grand Central device space
FFF2134C  618C3020  ori     r12, r12, 0x3020                   ; = F3013020 GC_SCC_A_ctrl
loc_FFF21350:
FFF21350  89AC0000  lbz     r13, 0x0(r12)
FFF21354  55AD07FE  clrlwi  r13, r13, 31
FFF21358  280D0000  cmplwi  cr0, r13, 0x0
FFF2135C  4182FFF4  beq     loc_FFF21350
FFF21360  3D80F301  lis     r12, 0xF301                        ; = F3010000 Grand Central device space
FFF21364  618C3030  ori     r12, r12, 0x3030                   ; = F3013030 GC_SCC_A_data
FFF21368  896C0000  lbz     r11, 0x0(r12)                      ; R GC_SCC_A_data F3013030 (1)
FFF2136C  7CE803A6  mtspr   LR, r7
FFF21370  4E800020  blr

sub_FFF21374:
FFF21374  7CE802A6  mfspr   r7, LR
loc_FFF21378:
FFF21378  896A0000  lbz     r11, 0x0(r10)
FFF2137C  280B0000  cmplwi  cr0, r11, 0x0
FFF21380  41820010  beq     loc_FFF21390
FFF21384  4BFFFF99  bl      sub_FFF2131C
FFF21388  394A0001  addi    r10, r10, 0x1
FFF2138C  4BFFFFEC  b       loc_FFF21378
loc_FFF21390:
FFF21390  7CE803A6  mtspr   LR, r7
FFF21394  4E800020  blr

sub_FFF21398:
FFF21398  7D2802A6  mfspr   r9, LR
FFF2139C  7D6B5A78  xor     r11, r11, r11
FFF213A0  396B0008  addi    r11, r11, 0x8
FFF213A4  7D6903A6  mtspr   CTR, r11
loc_FFF213A8:
FFF213A8  5463203E  rotlwi  r3, r3, 4
FFF213AC  7C6B1B78  mr      r11, r3
FFF213B0  556B073E  clrlwi  r11, r11, 28
FFF213B4  280B0009  cmplwi  cr0, r11, 0x9
FFF213B8  4181000C  bgt     loc_FFF213C4
FFF213BC  396B0030  addi    r11, r11, 0x30
FFF213C0  48000008  b       loc_FFF213C8
loc_FFF213C4:
FFF213C4  396B0037  addi    r11, r11, 0x37
loc_FFF213C8:
FFF213C8  4BFFFF55  bl      sub_FFF2131C
FFF213CC  4200FFDC  bdnz    loc_FFF213A8
FFF213D0  7D2803A6  mtspr   LR, r9
FFF213D4  4E800020  blr

sub_FFF213D8:
FFF213D8  7D2802A6  mfspr   r9, LR
FFF213DC  48000005  bl      sub_FFF213E0

sub_FFF213E0:
FFF213E0  7D4802A6  mfspr   r10, LR
FFF213E4  394A075A  addi    r10, r10, 0x75A
FFF213E8  4BFFFF8D  bl      sub_FFF21374
FFF213EC  48000005  bl      sub_FFF213F0

sub_FFF213F0:
FFF213F0  7D4802A6  mfspr   r10, LR
FFF213F4  394A06D2  addi    r10, r10, 0x6D2
FFF213F8  4BFFFF7D  bl      sub_FFF21374
FFF213FC  48000005  bl      sub_FFF21400

sub_FFF21400:
FFF21400  7D4802A6  mfspr   r10, LR
FFF21404  394A073A  addi    r10, r10, 0x73A
FFF21408  4BFFFF6D  bl      sub_FFF21374
FFF2140C  48000005  bl      sub_FFF21410

sub_FFF21410:
FFF21410  7D4802A6  mfspr   r10, LR
FFF21414  394A06DA  addi    r10, r10, 0x6DA
FFF21418  4BFFFF5D  bl      sub_FFF21374
FFF2141C  48000005  bl      sub_FFF21420

sub_FFF21420:
FFF21420  7D4802A6  mfspr   r10, LR
FFF21424  394A071A  addi    r10, r10, 0x71A
FFF21428  4BFFFF4D  bl      sub_FFF21374
FFF2142C  48000005  bl      sub_FFF21430

sub_FFF21430:
FFF21430  7D4802A6  mfspr   r10, LR
FFF21434  394A06E2  addi    r10, r10, 0x6E2
FFF21438  4BFFFF3D  bl      sub_FFF21374
FFF2143C  48000005  bl      sub_FFF21440

sub_FFF21440:
FFF21440  7D4802A6  mfspr   r10, LR
FFF21444  394A06FA  addi    r10, r10, 0x6FA
FFF21448  4BFFFF2D  bl      sub_FFF21374
FFF2144C  48000005  bl      sub_FFF21450

sub_FFF21450:
FFF21450  7D4802A6  mfspr   r10, LR
FFF21454  394A069A  addi    r10, r10, 0x69A
FFF21458  4BFFFF1D  bl      sub_FFF21374
FFF2145C  48000005  bl      sub_FFF21460

sub_FFF21460:
FFF21460  7D4802A6  mfspr   r10, LR
FFF21464  394A06DA  addi    r10, r10, 0x6DA
FFF21468  4BFFFF0D  bl      sub_FFF21374
FFF2146C  48000005  bl      sub_FFF21470

sub_FFF21470:
FFF21470  7D4802A6  mfspr   r10, LR
FFF21474  394A0652  addi    r10, r10, 0x652
FFF21478  4BFFFEFD  bl      sub_FFF21374
FFF2147C  48000005  bl      sub_FFF21480

sub_FFF21480:
FFF21480  7D4802A6  mfspr   r10, LR
FFF21484  394A06BA  addi    r10, r10, 0x6BA
FFF21488  4BFFFEED  bl      sub_FFF21374
FFF2148C  7D2803A6  mtspr   LR, r9
FFF21490  4E800020  blr

sub_FFF21494:
FFF21494  7D2802A6  mfspr   r9, LR
FFF21498  48000005  bl      sub_FFF2149C

sub_FFF2149C:
FFF2149C  7D4802A6  mfspr   r10, LR
FFF214A0  394A069E  addi    r10, r10, 0x69E
FFF214A4  4BFFFED1  bl      sub_FFF21374
FFF214A8  48000005  bl      sub_FFF214AC

sub_FFF214AC:
FFF214AC  7D4802A6  mfspr   r10, LR
FFF214B0  394A0691  addi    r10, r10, 0x691
FFF214B4  4BFFFEC1  bl      sub_FFF21374
FFF214B8  48000005  bl      sub_FFF214BC

sub_FFF214BC:
FFF214BC  7D4802A6  mfspr   r10, LR
FFF214C0  394A067E  addi    r10, r10, 0x67E
FFF214C4  4BFFFEB1  bl      sub_FFF21374
FFF214C8  48000005  bl      sub_FFF214CC

sub_FFF214CC:
FFF214CC  7D4802A6  mfspr   r10, LR
FFF214D0  394A06A8  addi    r10, r10, 0x6A8
FFF214D4  4BFFFEA1  bl      sub_FFF21374
FFF214D8  48000005  bl      sub_FFF214DC

sub_FFF214DC:
FFF214DC  7D4802A6  mfspr   r10, LR
FFF214E0  394A065E  addi    r10, r10, 0x65E
FFF214E4  4BFFFE91  bl      sub_FFF21374
FFF214E8  48000005  bl      sub_FFF214EC

sub_FFF214EC:
FFF214EC  7D4802A6  mfspr   r10, LR
FFF214F0  394A06A2  addi    r10, r10, 0x6A2
FFF214F4  4BFFFE81  bl      sub_FFF21374
FFF214F8  48000005  bl      sub_FFF214FC

sub_FFF214FC:
FFF214FC  7D4802A6  mfspr   r10, LR
FFF21500  394A063E  addi    r10, r10, 0x63E
FFF21504  4BFFFE71  bl      sub_FFF21374
FFF21508  48000005  bl      sub_FFF2150C

sub_FFF2150C:
FFF2150C  7D4802A6  mfspr   r10, LR
FFF21510  394A069C  addi    r10, r10, 0x69C
FFF21514  4BFFFE61  bl      sub_FFF21374
FFF21518  48000005  bl      sub_FFF2151C

sub_FFF2151C:
FFF2151C  7D4802A6  mfspr   r10, LR
FFF21520  394A061E  addi    r10, r10, 0x61E
FFF21524  4BFFFE51  bl      sub_FFF21374
FFF21528  48000005  bl      sub_FFF2152C

sub_FFF2152C:
FFF2152C  7D4802A6  mfspr   r10, LR
FFF21530  394A0693  addi    r10, r10, 0x693
FFF21534  4BFFFE41  bl      sub_FFF21374
FFF21538  48000005  bl      sub_FFF2153C

sub_FFF2153C:
FFF2153C  7D4802A6  mfspr   r10, LR
FFF21540  394A05FE  addi    r10, r10, 0x5FE
FFF21544  4BFFFE31  bl      sub_FFF21374
FFF21548  48000005  bl      sub_FFF2154C

sub_FFF2154C:
FFF2154C  7D4802A6  mfspr   r10, LR
FFF21550  394A068B  addi    r10, r10, 0x68B
FFF21554  4BFFFE21  bl      sub_FFF21374
FFF21558  48000005  bl      sub_FFF2155C

sub_FFF2155C:
FFF2155C  7D4802A6  mfspr   r10, LR
FFF21560  394A05DE  addi    r10, r10, 0x5DE
FFF21564  4BFFFE11  bl      sub_FFF21374
FFF21568  48000005  bl      sub_FFF2156C

sub_FFF2156C:
FFF2156C  7D4802A6  mfspr   r10, LR
FFF21570  394A0685  addi    r10, r10, 0x685
FFF21574  4BFFFE01  bl      sub_FFF21374
FFF21578  48000005  bl      sub_FFF2157C

sub_FFF2157C:
FFF2157C  7D4802A6  mfspr   r10, LR
FFF21580  394A05BE  addi    r10, r10, 0x5BE
FFF21584  4BFFFDF1  bl      sub_FFF21374
FFF21588  48000005  bl      sub_FFF2158C

sub_FFF2158C:
FFF2158C  7D4802A6  mfspr   r10, LR
FFF21590  394A067F  addi    r10, r10, 0x67F
FFF21594  4BFFFDE1  bl      sub_FFF21374
FFF21598  48000005  bl      sub_FFF2159C

sub_FFF2159C:
FFF2159C  7D4802A6  mfspr   r10, LR
FFF215A0  394A059E  addi    r10, r10, 0x59E
FFF215A4  4BFFFDD1  bl      sub_FFF21374
FFF215A8  48000005  bl      sub_FFF215AC

sub_FFF215AC:
FFF215AC  7D4802A6  mfspr   r10, LR
FFF215B0  394A0672  addi    r10, r10, 0x672
FFF215B4  4BFFFDC1  bl      sub_FFF21374
FFF215B8  48000005  bl      sub_FFF215BC

sub_FFF215BC:
FFF215BC  7D4802A6  mfspr   r10, LR
FFF215C0  394A057E  addi    r10, r10, 0x57E
FFF215C4  4BFFFDB1  bl      sub_FFF21374
FFF215C8  48000005  bl      sub_FFF215CC

sub_FFF215CC:
FFF215CC  7D4802A6  mfspr   r10, LR
FFF215D0  394A0668  addi    r10, r10, 0x668
FFF215D4  4BFFFDA1  bl      sub_FFF21374
FFF215D8  48000005  bl      sub_FFF215DC

sub_FFF215DC:
FFF215DC  7D4802A6  mfspr   r10, LR
FFF215E0  394A055E  addi    r10, r10, 0x55E
FFF215E4  4BFFFD91  bl      sub_FFF21374
FFF215E8  48000005  bl      sub_FFF215EC

sub_FFF215EC:
FFF215EC  7D4802A6  mfspr   r10, LR
FFF215F0  394A0668  addi    r10, r10, 0x668
FFF215F4  4BFFFD81  bl      sub_FFF21374
FFF215F8  48000005  bl      sub_FFF215FC

sub_FFF215FC:
FFF215FC  7D4802A6  mfspr   r10, LR
FFF21600  394A053E  addi    r10, r10, 0x53E
FFF21604  4BFFFD71  bl      sub_FFF21374
FFF21608  48000005  bl      sub_FFF2160C

sub_FFF2160C:
FFF2160C  7D4802A6  mfspr   r10, LR
FFF21610  394A0657  addi    r10, r10, 0x657
FFF21614  4BFFFD61  bl      sub_FFF21374
FFF21618  48000005  bl      sub_FFF2161C

sub_FFF2161C:
FFF2161C  7D4802A6  mfspr   r10, LR
FFF21620  394A051E  addi    r10, r10, 0x51E
FFF21624  4BFFFD51  bl      sub_FFF21374
FFF21628  48000005  bl      sub_FFF2162C

sub_FFF2162C:
FFF2162C  7D4802A6  mfspr   r10, LR
FFF21630  394A0657  addi    r10, r10, 0x657
FFF21634  4BFFFD41  bl      sub_FFF21374
FFF21638  48000005  bl      sub_FFF2163C

sub_FFF2163C:
FFF2163C  7D4802A6  mfspr   r10, LR
FFF21640  394A04FE  addi    r10, r10, 0x4FE
FFF21644  4BFFFD31  bl      sub_FFF21374
FFF21648  7D2803A6  mtspr   LR, r9
FFF2164C  4E800020  blr

sub_FFF21650:
FFF21650  7C8802A6  mfspr   r4, LR
FFF21654  3860125C  li      r3, 0x125C
FFF21658  4BFFFB0D  bl      sub_FFF21164
FFF2165C  4BFFFC5D  bl      sub_FFF212B8
loc_FFF21660:
FFF21660  48000005  bl      sub_FFF21664

sub_FFF21664:
FFF21664  7D4802A6  mfspr   r10, LR
FFF21668  394A04D6  addi    r10, r10, 0x4D6
FFF2166C  4BFFFD09  bl      sub_FFF21374
FFF21670  3D600000  lis     r11, 0x0000
FFF21674  616B003E  ori     r11, r11, 0x3E
FFF21678  4BFFFCA5  bl      sub_FFF2131C
FFF2167C  4BFFFCC9  bl      sub_FFF21344
FFF21680  556B063E  clrlwi  r11, r11, 24
FFF21684  280B0054  cmplwi  cr0, r11, 0x54
FFF21688  4082000C  bne     loc_FFF21694
FFF2168C  480000D5  bl      sub_FFF21760
FFF21690  4BFFFFD0  b       loc_FFF21660
loc_FFF21694:
FFF21694  280B0074  cmplwi  cr0, r11, 0x74
FFF21698  4082000C  bne     loc_FFF216A4
FFF2169C  480000C5  bl      sub_FFF21760
FFF216A0  4BFFFFC0  b       loc_FFF21660
loc_FFF216A4:
FFF216A4  280B0041  cmplwi  cr0, r11, 0x41
FFF216A8  4082000C  bne     loc_FFF216B4
FFF216AC  48000229  bl      sub_FFF218D4
FFF216B0  4BFFFFB0  b       loc_FFF21660
loc_FFF216B4:
FFF216B4  280B0061  cmplwi  cr0, r11, 0x61
FFF216B8  4082000C  bne     loc_FFF216C4
FFF216BC  48000219  bl      sub_FFF218D4
FFF216C0  4BFFFFA0  b       loc_FFF21660
loc_FFF216C4:
FFF216C4  280B0051  cmplwi  cr0, r11, 0x51
FFF216C8  4082000C  bne     loc_FFF216D4
FFF216CC  4800027D  bl      sub_FFF21948
FFF216D0  4BFFFF90  b       loc_FFF21660
loc_FFF216D4:
FFF216D4  280B0071  cmplwi  cr0, r11, 0x71
FFF216D8  4082000C  bne     loc_FFF216E4
FFF216DC  4800026D  bl      sub_FFF21948
FFF216E0  4BFFFF80  b       loc_FFF21660
loc_FFF216E4:
FFF216E4  280B0058  cmplwi  cr0, r11, 0x58
FFF216E8  4182000C  beq     loc_FFF216F4
FFF216EC  280B0078  cmplwi  cr0, r11, 0x78
FFF216F0  40820048  bne     loc_FFF21738
loc_FFF216F4:
FFF216F4  4BFFFC29  bl      sub_FFF2131C
FFF216F8  48000005  bl      sub_FFF216FC

sub_FFF216FC:
FFF216FC  7D4802A6  mfspr   r10, LR
FFF21700  394A043E  addi    r10, r10, 0x43E
FFF21704  4BFFFC71  bl      sub_FFF21374
FFF21708  48000005  bl      sub_FFF2170C

sub_FFF2170C:
FFF2170C  7D4802A6  mfspr   r10, LR
FFF21710  394A058F  addi    r10, r10, 0x58F
FFF21714  4BFFFC61  bl      sub_FFF21374
FFF21718  48000005  bl      sub_FFF2171C

sub_FFF2171C:
FFF2171C  7D4802A6  mfspr   r10, LR
FFF21720  394A041E  addi    r10, r10, 0x41E
FFF21724  4BFFFC51  bl      sub_FFF21374
FFF21728  3860125C  li      r3, 0x125C
FFF2172C  4BFFFB1D  bl      sub_FFF21248
FFF21730  7C6803A6  mtspr   LR, r3
FFF21734  4E800020  blr
loc_FFF21738:
FFF21738  280B003F  cmplwi  cr0, r11, 0x3F
FFF2173C  40820010  bne     loc_FFF2174C
FFF21740  4BFFFC99  bl      sub_FFF213D8
FFF21744  4BFFFD51  bl      sub_FFF21494
FFF21748  4BFFFF18  b       loc_FFF21660
loc_FFF2174C:
FFF2174C  48000005  bl      sub_FFF21750

sub_FFF21750:
FFF21750  7D4802A6  mfspr   r10, LR
FFF21754  394A0549  addi    r10, r10, 0x549
FFF21758  4BFFFC1D  bl      sub_FFF21374
FFF2175C  4BFFFF04  b       loc_FFF21660

sub_FFF21760:
FFF21760  7C8802A6  mfspr   r4, LR
FFF21764  38601258  li      r3, 0x1258
FFF21768  4BFFF9FD  bl      sub_FFF21164
FFF2176C  4BFFFBB1  bl      sub_FFF2131C
FFF21770  4BFFFBD5  bl      sub_FFF21344
FFF21774  4BFFEFC9  bl      sub_FFF2073C
FFF21778  556B063E  clrlwi  r11, r11, 24
FFF2177C  38601140  li      r3, 0x1140
FFF21780  7D645B78  mr      r4, r11
FFF21784  4BFFF9E1  bl      sub_FFF21164
FFF21788  280B0030  cmplwi  cr0, r11, 0x30
FFF2178C  40820018  bne     loc_FFF217A4
FFF21790  4BFFFB8D  bl      sub_FFF2131C
FFF21794  3A000001  li      r16, 0x1
FFF21798  3AA00008  li      r21, 0x8
FFF2179C  4BFFED4D  bl      sub_FFF204E8
FFF217A0  480000EC  b       loc_FFF2188C
loc_FFF217A4:
FFF217A4  280B0031  cmplwi  cr0, r11, 0x31
FFF217A8  40820018  bne     loc_FFF217C0
FFF217AC  4BFFFB71  bl      sub_FFF2131C
FFF217B0  3A000001  li      r16, 0x1
FFF217B4  3AA00080  li      r21, 0x80
FFF217B8  4BFFED31  bl      sub_FFF204E8
FFF217BC  480000D0  b       loc_FFF2188C
loc_FFF217C0:
FFF217C0  280B0032  cmplwi  cr0, r11, 0x32
FFF217C4  40820018  bne     loc_FFF217DC
FFF217C8  4BFFFB55  bl      sub_FFF2131C
FFF217CC  3A000001  li      r16, 0x1
FFF217D0  3AA00010  li      r21, 0x10
FFF217D4  4BFFED15  bl      sub_FFF204E8
FFF217D8  480000B4  b       loc_FFF2188C
loc_FFF217DC:
FFF217DC  280B0033  cmplwi  cr0, r11, 0x33
FFF217E0  40820018  bne     loc_FFF217F8
FFF217E4  4BFFFB39  bl      sub_FFF2131C
FFF217E8  3A000001  li      r16, 0x1
FFF217EC  3AA00004  li      r21, 0x4
FFF217F0  4BFFECF9  bl      sub_FFF204E8
FFF217F4  48000098  b       loc_FFF2188C
loc_FFF217F8:
FFF217F8  280B0034  cmplwi  cr0, r11, 0x34
FFF217FC  40820018  bne     loc_FFF21814
FFF21800  4BFFFB1D  bl      sub_FFF2131C
FFF21804  3A000001  li      r16, 0x1
FFF21808  3AA00001  li      r21, 0x1
FFF2180C  4BFFECDD  bl      sub_FFF204E8
FFF21810  4800007C  b       loc_FFF2188C
loc_FFF21814:
FFF21814  280B0035  cmplwi  cr0, r11, 0x35
FFF21818  40820018  bne     loc_FFF21830
FFF2181C  4BFFFB01  bl      sub_FFF2131C
FFF21820  3A000001  li      r16, 0x1
FFF21824  3AA00002  li      r21, 0x2
FFF21828  4BFFECC1  bl      sub_FFF204E8
FFF2182C  48000060  b       loc_FFF2188C
loc_FFF21830:
FFF21830  280B0036  cmplwi  cr0, r11, 0x36
FFF21834  40820018  bne     loc_FFF2184C
FFF21838  4BFFFAE5  bl      sub_FFF2131C
FFF2183C  3A000001  li      r16, 0x1
FFF21840  3AA00040  li      r21, 0x40
FFF21844  4BFFECA5  bl      sub_FFF204E8
FFF21848  48000044  b       loc_FFF2188C
loc_FFF2184C:
FFF2184C  280B0037  cmplwi  cr0, r11, 0x37
FFF21850  40820018  bne     loc_FFF21868
FFF21854  4BFFFAC9  bl      sub_FFF2131C
FFF21858  3A000001  li      r16, 0x1
FFF2185C  3AA00020  li      r21, 0x20
FFF21860  4BFFEC89  bl      sub_FFF204E8
FFF21864  48000028  b       loc_FFF2188C
loc_FFF21868:
FFF21868  48000005  bl      sub_FFF2186C

sub_FFF2186C:
FFF2186C  7D4802A6  mfspr   r10, LR
FFF21870  394A02CE  addi    r10, r10, 0x2CE
FFF21874  4BFFFB01  bl      sub_FFF21374
FFF21878  48000005  bl      sub_FFF2187C

sub_FFF2187C:
FFF2187C  7D4802A6  mfspr   r10, LR
FFF21880  394A041D  addi    r10, r10, 0x41D
FFF21884  4BFFFAF1  bl      sub_FFF21374
FFF21888  4800003C  b       loc_FFF218C4
loc_FFF2188C:
FFF2188C  2C0F0000  cmpwi   cr0, r15, 0x0
FFF21890  40820030  bne     loc_FFF218C0
FFF21894  48000005  bl      sub_FFF21898

sub_FFF21898:
FFF21898  7D4802A6  mfspr   r10, LR
FFF2189C  394A02A2  addi    r10, r10, 0x2A2
FFF218A0  4BFFFAD5  bl      sub_FFF21374
FFF218A4  3D600000  lis     r11, 0x0000
FFF218A8  616B003D  ori     r11, r11, 0x3D
FFF218AC  4BFFFA71  bl      sub_FFF2131C
FFF218B0  3D600000  lis     r11, 0x0000
FFF218B4  616B0050  ori     r11, r11, 0x50
FFF218B8  4BFFFA65  bl      sub_FFF2131C
FFF218BC  48000008  b       loc_FFF218C4
loc_FFF218C0:
FFF218C0  480000FD  bl      sub_FFF219BC
loc_FFF218C4:
FFF218C4  38601258  li      r3, 0x1258
FFF218C8  4BFFF981  bl      sub_FFF21248
FFF218CC  7C6803A6  mtspr   LR, r3
FFF218D0  4E800020  blr

sub_FFF218D4:
FFF218D4  7C8802A6  mfspr   r4, LR
FFF218D8  38601258  li      r3, 0x1258
FFF218DC  4BFFF889  bl      sub_FFF21164
FFF218E0  4BFFFA3D  bl      sub_FFF2131C
FFF218E4  38601140  li      r3, 0x1140
FFF218E8  7D645B78  mr      r4, r11
FFF218EC  4BFFF879  bl      sub_FFF21164
FFF218F0  4BFFEE4D  bl      sub_FFF2073C
FFF218F4  3A000001  li      r16, 0x1
FFF218F8  3AA000FF  li      r21, 0xFF
FFF218FC  4BFFEBED  bl      sub_FFF204E8
FFF21900  2C160000  cmpwi   cr0, r22, 0x0
FFF21904  40820030  bne     loc_FFF21934
FFF21908  48000005  bl      sub_FFF2190C

sub_FFF2190C:
FFF2190C  7D4802A6  mfspr   r10, LR
FFF21910  394A022E  addi    r10, r10, 0x22E
FFF21914  4BFFFA61  bl      sub_FFF21374
FFF21918  3D600000  lis     r11, 0x0000
FFF2191C  616B003D  ori     r11, r11, 0x3D
FFF21920  4BFFF9FD  bl      sub_FFF2131C
FFF21924  3D600000  lis     r11, 0x0000
FFF21928  616B0050  ori     r11, r11, 0x50
FFF2192C  4BFFF9F1  bl      sub_FFF2131C
FFF21930  48000008  b       loc_FFF21938
loc_FFF21934:
FFF21934  48000089  bl      sub_FFF219BC
loc_FFF21938:
FFF21938  38601258  li      r3, 0x1258
FFF2193C  4BFFF90D  bl      sub_FFF21248
FFF21940  7C6803A6  mtspr   LR, r3
FFF21944  4E800020  blr

sub_FFF21948:
FFF21948  7C8802A6  mfspr   r4, LR
FFF2194C  38601258  li      r3, 0x1258
FFF21950  4BFFF815  bl      sub_FFF21164
FFF21954  4BFFF9C9  bl      sub_FFF2131C
FFF21958  38601140  li      r3, 0x1140
FFF2195C  7D645B78  mr      r4, r11
FFF21960  4BFFF805  bl      sub_FFF21164
FFF21964  4BFFEDD9  bl      sub_FFF2073C
FFF21968  3A000001  li      r16, 0x1
FFF2196C  3AA00049  li      r21, 0x49
FFF21970  4BFFEB79  bl      sub_FFF204E8
FFF21974  2C160000  cmpwi   cr0, r22, 0x0
FFF21978  40820030  bne     loc_FFF219A8
FFF2197C  48000005  bl      sub_FFF21980

sub_FFF21980:
FFF21980  7D4802A6  mfspr   r10, LR
FFF21984  394A01BA  addi    r10, r10, 0x1BA
FFF21988  4BFFF9ED  bl      sub_FFF21374
FFF2198C  3D600000  lis     r11, 0x0000
FFF21990  616B003D  ori     r11, r11, 0x3D
FFF21994  4BFFF989  bl      sub_FFF2131C
FFF21998  3D600000  lis     r11, 0x0000
FFF2199C  616B0050  ori     r11, r11, 0x50
FFF219A0  4BFFF97D  bl      sub_FFF2131C
FFF219A4  48000008  b       loc_FFF219AC
loc_FFF219A8:
FFF219A8  48000015  bl      sub_FFF219BC
loc_FFF219AC:
FFF219AC  38601258  li      r3, 0x1258
FFF219B0  4BFFF899  bl      sub_FFF21248
FFF219B4  7C6803A6  mtspr   LR, r3
FFF219B8  4E800020  blr

sub_FFF219BC:
FFF219BC  7D0802A6  mfspr   r8, LR
FFF219C0  48000005  bl      sub_FFF219C4

sub_FFF219C4:
FFF219C4  7D4802A6  mfspr   r10, LR
FFF219C8  394A0176  addi    r10, r10, 0x176
FFF219CC  4BFFF9A9  bl      sub_FFF21374
FFF219D0  3D600000  lis     r11, 0x0000
FFF219D4  616B003D  ori     r11, r11, 0x3D
FFF219D8  4BFFF945  bl      sub_FFF2131C
FFF219DC  3D600000  lis     r11, 0x0000
FFF219E0  616B0046  ori     r11, r11, 0x46
FFF219E4  4BFFF939  bl      sub_FFF2131C
FFF219E8  3D600000  lis     r11, 0x0000
FFF219EC  616B003D  ori     r11, r11, 0x3D
FFF219F0  4BFFF92D  bl      sub_FFF2131C
FFF219F4  3D600000  lis     r11, 0x0000
FFF219F8  616B0054  ori     r11, r11, 0x54
FFF219FC  4BFFF921  bl      sub_FFF2131C
FFF21A00  38601140  li      r3, 0x1140
FFF21A04  4BFFF845  bl      sub_FFF21248
FFF21A08  7C6B1B78  mr      r11, r3
FFF21A0C  4BFFF911  bl      sub_FFF2131C
FFF21A10  3D600000  lis     r11, 0x0000
FFF21A14  616B003D  ori     r11, r11, 0x3D
FFF21A18  4BFFF905  bl      sub_FFF2131C
FFF21A1C  7E639B78  mr      r3, r19
FFF21A20  4BFFF979  bl      sub_FFF21398
FFF21A24  3D600000  lis     r11, 0x0000
FFF21A28  616B003D  ori     r11, r11, 0x3D
FFF21A2C  4BFFF8F1  bl      sub_FFF2131C
FFF21A30  7E83A378  mr      r3, r20
FFF21A34  4BFFF965  bl      sub_FFF21398
FFF21A38  3D600000  lis     r11, 0x0000
FFF21A3C  616B003D  ori     r11, r11, 0x3D
FFF21A40  4BFFF8DD  bl      sub_FFF2131C
FFF21A44  7E439378  mr      r3, r18
FFF21A48  4BFFF951  bl      sub_FFF21398
FFF21A4C  3D600000  lis     r11, 0x0000
FFF21A50  616B003D  ori     r11, r11, 0x3D
FFF21A54  4BFFF8C9  bl      sub_FFF2131C
FFF21A58  5631E8FE  srwi    r17, r17, 3
FFF21A5C  7E238B78  mr      r3, r17
FFF21A60  4BFFF939  bl      sub_FFF21398
FFF21A64  3D600000  lis     r11, 0x0000
FFF21A68  616B003D  ori     r11, r11, 0x3D
FFF21A6C  4BFFF8B1  bl      sub_FFF2131C
FFF21A70  7DE37B78  mr      r3, r15
FFF21A74  4BFFF925  bl      sub_FFF21398
FFF21A78  7D0803A6  mtspr   LR, r8
FFF21A7C  4E800020  blr

sub_FFF21A80:
FFF21A80  3C60F800  lis     r3, 0xF800                         ; = F8000000 Hammerhead registers
FFF21A84  80630000  lwz     r3, 0x0(r3)                        ; R HH_CPU_ID F8000000 (4)
FFF21A88  5463843E  srwi    r3, r3, 16
FFF21A8C  2C033001  cmpwi   cr0, r3, 0x3001
FFF21A90  3B800001  li      r28, 0x1
FFF21A94  4D820020  beqlr
FFF21A98  3B800000  li      r28, 0x0
FFF21A9C  4E800020  blr
FFF21AA0d 09C00444  .long   0x09C00444
FFF21AA4d 01E003C0  .long   0x01E003C0
FFF21AA8d 05600900  .long   0x05600900
FFF21AACd 0B500C32  .long   0x0B500C32
FFF21AB0? 0D000E02  twgti   r0, 0xE02
FFF21AB4? 0E0303C1  twlti   r3, 0x3C1
FFF21AB8d 05EA01E0  .long   0x05EA01E0
FFF21ABC? 0F000010  twnei   r0, 0x10
FFF21AC0d 00102A2A  .long   0x00102A2A
FFF21AC4d 2A2A2A2A  .ascii  "****************"
FFF21AD4d 2A2A2A2A  .ascii  "****************"
FFF21AE4d 2A2A2A2A  .ascii  "*****.*         "
FFF21AF4d 20202020  .ascii  "                "
FFF21B04d 20202020  .ascii  "            *.* "
FFF21B14d 20202020  .ascii  "        Serial T"
FFF21B24d 65737420  .ascii  "est Manager     "
FFF21B34d 20202020  .ascii  "    "
FFF21B38? 2A000A0D  cmplwi  cr4, r0, 0xA0D
FFF21B3Cd 00542920  .long   0x00542920                         ; '.T) '
FFF21B40d 20457865  .ascii  " Execute a test,"
FFF21B50d 2073696E  .ascii  " single test num"
FFF21B60d 62657220  .ascii  "ber follows comm"
FFF21B70d 616E6400  .ascii  "and.T0) Run ROM "
FFF21B80d 43686563  .ascii  "Checksum Test.T1"
FFF21B90d 29205275  .ascii  ") Run Address Li"
FFF21BA0d 6E652054  .ascii  "ne Test.T2) Run "
FFF21BB0d 44617461  .ascii  "Data Line Test.T"
FFF21BC0d 33292052  .ascii  "3) Run Simple RA"
FFF21BD0d 4D205465  .ascii  "M Test.T4) Run M"
FFF21BE0d 6F643320  .ascii  "od3 Forward Test"
FFF21BF0d 00543529  .ascii  ".T5) Run Mod3 Re"
FFF21C00d 76657273  .ascii  "verse Test.T6) R"
FFF21C10d 756E204E  .ascii  "un NVRAM Test.T7"
FFF21C20d 29205275  .ascii  ") Run L2 Cache T"
FFF21C30d 65737400  .ascii  "est.A)  Execute "
FFF21C40d 616C6C20  .ascii  "all ROM-based te"
FFF21C50d 73747300  .ascii  "sts.Q)  Quick te"
FFF21C60d 73740058  .ascii  "st.X)  Exit STM "
FFF21C70d 28436F6E  .ascii  "(Continue bootin"
FFF21C80d 6729003F  .ascii  "g).?)  Print thi"
FFF21C90d 73206D65  .ascii  "s menu.>"
FFF21C98d 00230042  .long   0x00230042                         ; '.#.B'
FFF21C9Cd 79652E2E  .long   0x79652E2E                         ; 'ye..'
FFF21CA0? 2E000000  cmpwi   cr4, r0, 0x0
FFF21CA4d 2E66696C  .long   0x2E66696C                         ; '.fil'
FFF21CA8? 65000000  oris    r0, r8, 0x0
FFF21CACd 00000000  .long   0x00000000
FFF21CB0d FFFE0C01  .long   0xFFFE0C01                         ; -> 68k emulator opcode dispatch table
FFF21CB4? 67010000  oris    r1, r24, 0x0
FFF21CB8d 00000000  .long   0x00000000
FFF21CBCd 0004EA00  .long   0x0004EA00
FFF21CC0d 00000003  .long   0x00000003
FFF21CC4d 0000F003  .long   0x0000F003
FFF21CC8d 00000000  .long   0x00000000
FFF21CCCd 00000000  .long   0x00000000
FFF21CD0d 00000000  .long   0x00000000
FFF21CD4d 00010000  .long   0x00010000
FFF21CD8? 6B010000  xori    r1, r24, 0x0
FFF21CDCd 00000000  .long   0x00000000
FFF21CE0d 00000000  .long   0x00000000
FFF21CE4d 11000000  .long   0x11000000
FFF21CE8d 00000000  .long   0x00000000
FFF21CEC? 2E504F53  cmpwi   cr4, r16, 0x4F53
FFF21CF0? 54000000  clrrwi  r0, r0, 31
FFF21CF4d 00000000  .long   0x00000000
FFF21CF8d 00010000  .long   0x00010000
FFF21CFCd 02010000  .long   0x02010000
FFF21D00? 1C680000  mulli   r3, r8, 0x0
FFF21D04d 00000000  .long   0x00000000
FFF21D08d 11000000  .long   0x11000000
FFF21D0Cd 00000000  .long   0x00000000
FFF21D10d 00000000  .long   0x00000000
FFF21D14d 00000061  .long   0x00000061                         ; '...a'
FFF21D18d 00000EA0  .long   0x00000EA0
FFF21D1Cd 00010000  .long   0x00010000
FFF21D20d 02010000  .long   0x02010000
FFF21D24d 00040000  .long   0x00040000
FFF21D28d 00000000  .long   0x00000000
FFF21D2Cd 12000000  .long   0x12000000
FFF21D30d 00000000  .long   0x00000000
FFF21D34d 00000000  .long   0x00000000
FFF21D38d 00000072  .long   0x00000072                         ; '...r'
FFF21D3Cd 00001614  .long   0x00001614
FFF21D40d 00010000  .long   0x00010000
FFF21D44d 02010000  .long   0x02010000
FFF21D48d 00040000  .long   0x00040000
FFF21D4Cd 00000000  .long   0x00000000
FFF21D50d 12000000  .long   0x12000000
FFF21D54d 00000000  .long   0x00000000
FFF21D58d 00000085  .long   0x00000085
FFF21D5Cd 5352433A  .ascii  "SRC:Montana.proj"
FFF21D6Cd 3A426F6F  .ascii  ":BootPowerPC.adm"
FFF21D7Cd 696E3A42  .ascii  "in:BootPowerPC.s"
FFF21D8Cd 72633A44  .ascii  "rc:Diagnostics:D"
FFF21D9Cd 6961676E  .ascii  "iagnosticsSrcs:D"
FFF21DACd 6961676E  .ascii  "iagnostics.s..L2"
FFF21DBCd 44617461  .ascii  "DataCacheTest..S"
FFF21DCCd 65726961  .ascii  "erialTestManager"
FFF21DDCd ........  .space  0xE224                      ; zero to FFF30000
