; ============================================================================
; ROM resource 'LDEF' 19 Main at FFCE1640
; ============================================================================
; data at ROM 0E1640 (23C bytes), entry at 0E1870, attributes 58, combo 7800000000000000
; data header: 4b757274 c0a00000 0000023c 0000024c
; 68k code resource, disassembled from its start (entry points: offset 0, driver
; header entries for DRVR, and executed addresses).
;
; Columns: address, flag, raw bytes, instruction, ; comment.
;   flag '*' executed in the coverage run, ' ' reached by control flow,
;   '?' decodes as code but neither executed nor reached, 'd' data.

FFCE1640  4E56FECE             link    A6, #-$132
FFCE1644  48E71E18             movem.l D3-D6/A3-A4, -(A7)
FFCE1648  0C6E0001001A         cmpi.w  #$1, ($1a,A6)
FFCE164E  6716                 beq     loc_FFCE1666
FFCE1650  0C6E0002001A         cmpi.w  #$2, ($1a,A6)
FFCE1656  670E                 beq     loc_FFCE1666
loc_FFCE1658:
FFCE1658  4CDF1878             movem.l (A7)+, D3-D6/A3-A4
FFCE165C  4E5E                 unlk    A6
FFCE165E  205F                 movea.l (A7)+, A0
FFCE1660  4FEF0014             lea     ($14,A7), A7
FFCE1664  4ED0                 jmp     (A0)
loc_FFCE1666:
FFCE1666  0C6E0001001A         cmpi.w  #$1, ($1a,A6)
FFCE166C  6606                 bne     loc_FFCE1674
FFCE166E  2F2E0014             move.l  ($14,A6), -(A7)
FFCE1672  A8A3                 _EraseRect                                ; A-line trap A8A3
loc_FFCE1674:
FFCE1674  4A6E000C             tst.w   ($c,A6)
FFCE1678  67DE                 beq     loc_FFCE1658
FFCE167A  206E0014             movea.l ($14,A6), A0
FFCE167E  3A280006             move.w  ($6,A0), D5
FFCE1682  9A680002             sub.w   ($2,A0), D5
FFCE1686  206E0008             movea.l ($8,A6), A0
FFCE168A  2050                 movea.l (A0), A0
FFCE168C  20680050             movea.l ($50,A0), A0
FFCE1690  2050                 movea.l (A0), A0
FFCE1692  D0EE000E             adda.w  ($e,A6), A0
FFCE1696  43EEFECE             lea     (-$132,A6), A1
FFCE169A  7000                 moveq   #$0, D0
FFCE169C  302E000C             move.w  ($c,A6), D0
FFCE16A0  A02E                 _BlockMove                                ; A-line trap A02E
FFCE16A2  47EEFED8             lea     (-$128,A6), A3
FFCE16A6  7820                 moveq   #$20, D4
FFCE16A8  0C6E0004000C         cmpi.w  #$4, ($c,A6)
FFCE16AE  56C6                 sne     D6
FFCE16B0  6732                 beq     loc_FFCE16E4
FFCE16B2  2055                 movea.l (A5), A0
FFCE16B4  2050                 movea.l (A0), A0
FFCE16B6  2F280044             move.l  ($44,A0), -(A7)
FFCE16BA  2F280048             move.l  ($48,A0), -(A7)
FFCE16BE  2F2EFED2             move.l  (-$12e,A6), -(A7)
FFCE16C2  A887                 _TextFont                                 ; A-line trap A887
FFCE16C4  A888                 _TextFace                                 ; A-line trap A888
FFCE16C6  3F3C0001             move.w  #$1, -(A7)
FFCE16CA  A889                 _TextMode                                 ; A-line trap A889
FFCE16CC  3F2EFED6             move.w  (-$12a,A6), -(A7)
FFCE16D0  A88A                 _TextSize                                 ; A-line trap A88A
FFCE16D2  486EFFF8             pea     (-$8,A6)
FFCE16D6  A88B                 _GetFontInfo                              ; A-line trap A88B
FFCE16D8  D86EFFFE             add.w   (-$2,A6), D4
FFCE16DC  D86EFFF8             add.w   (-$8,A6), D4
FFCE16E0  D86EFFFA             add.w   (-$6,A6), D4
loc_FFCE16E4:
FFCE16E4  206E0014             movea.l ($14,A6), A0
FFCE16E8  32280004             move.w  ($4,A0), D1
FFCE16EC  9250                 sub.w   (A0), D1
FFCE16EE  9244                 sub.w   D4, D1
FFCE16F0  E241                 asr.w   #1, D1
FFCE16F2  D250                 add.w   (A0), D1
FFCE16F4  3D41FFEE             move.w  D1, (-$12,A6)
FFCE16F8  06410020             addi.w  #$20, D1
FFCE16FC  3D41FFF2             move.w  D1, (-$e,A6)
FFCE1700  3005                 move.w  D5, D0
FFCE1702  04400020             subi.w  #$20, D0
FFCE1706  E240                 asr.w   #1, D0
FFCE1708  D0680002             add.w   ($2,A0), D0
FFCE170C  3D40FFF0             move.w  D0, (-$10,A6)
FFCE1710  06400020             addi.w  #$20, D0
FFCE1714  3D40FFF4             move.w  D0, (-$c,A6)
FFCE1718  4A06                 tst.b   D6
FFCE171A  675C                 beq     loc_FFCE1778
FFCE171C  3D41FFE6             move.w  D1, (-$1a,A6)
FFCE1720  D26EFFFE             add.w   (-$2,A6), D1
FFCE1724  D26EFFF8             add.w   (-$8,A6), D1
FFCE1728  D26EFFFA             add.w   (-$6,A6), D1
FFCE172C  3D41FFEA             move.w  D1, (-$16,A6)
FFCE1730  3805                 move.w  D5, D4
FFCE1732  5544                 subq.w  #2, D4
FFCE1734  7600                 moveq   #$0, D3
FFCE1736  1613                 move.b  (A3), D3
FFCE1738  5203                 addq.b  #1, D3
FFCE173A  558F                 subq.l  #2, A7
FFCE173C  2F0B                 move.l  A3, -(A7)
FFCE173E  A88C                 _StringWidth                              ; A-line trap A88C
FFCE1740  B857                 cmp.w   (A7), D4
FFCE1742  6E18                 bgt     loc_FFCE175C
FFCE1744  554F                 subq.w  #2, A7
FFCE1746  3F04                 move.w  D4, -(A7)
FFCE1748  2F0B                 move.l  A3, -(A7)
FFCE174A  3F3C4000             move.w  #$4000, -(A7)
FFCE174E  2F3C8208FFE0         move.l  #$8208ffe0, -(A7)
FFCE1754  A8B5                 _ScriptUtil                               ; A-line trap A8B5
FFCE1756  544F                 addq.w  #2, A7
FFCE1758  2F0B                 move.l  A3, -(A7)
FFCE175A  A88C                 _StringWidth                              ; A-line trap A88C
loc_FFCE175C:
FFCE175C  361F                 move.w  (A7)+, D3
FFCE175E  3005                 move.w  D5, D0
FFCE1760  9043                 sub.w   D3, D0
FFCE1762  E240                 asr.w   #1, D0
FFCE1764  206E0014             movea.l ($14,A6), A0
FFCE1768  D0680002             add.w   ($2,A0), D0
FFCE176C  3D40FFE8             move.w  D0, (-$18,A6)
FFCE1770  D640                 add.w   D0, D3
FFCE1772  5243                 addq.w  #1, D3
FFCE1774  3D43FFEC             move.w  D3, (-$14,A6)
loc_FFCE1778:
FFCE1778  42AEFFDE             clr.l   (-$22,A6)
FFCE177C  2D7C00200020FFE2     move.l  #$200020, (-$1e,A6)
FFCE1784  3D7C0004FFDC         move.w  #$4, (-$24,A6)
FFCE178A  286EFECE             movea.l (-$132,A6), A4
FFCE178E  204C                 movea.l A4, A0
FFCE1790  A025                 _GetHandleSize                            ; A-line trap A025
FFCE1792  0C400080             cmpi.w  #$80, D0
FFCE1796  6D00008A             blt     loc_FFCE1822
FFCE179A  594F                 subq.w  #4, A7
FFCE179C  204F                 movea.l A7, A0
FFCE179E  4A94                 tst.l   (A4)
FFCE17A0  6604                 bne     loc_FFCE17A6
FFCE17A2  2F0C                 move.l  A4, -(A7)
FFCE17A4  A9A2                 _LoadResource                             ; A-line trap A9A2
loc_FFCE17A6:
FFCE17A6  554F                 subq.w  #2, A7
FFCE17A8  2F08                 move.l  A0, -(A7)
FFCE17AA  303C0207             move.w  #$207, D0
FFCE17AE  ABC9                 _IconDispatch                             ; A-line trap ABC9
FFCE17B0  301F                 move.w  (A7)+, D0
FFCE17B2  205F                 movea.l (A7)+, A0
FFCE17B4  6628                 bne     loc_FFCE17DE
FFCE17B6  554F                 subq.w  #2, A7
FFCE17B8  2F0C                 move.l  A4, -(A7)
FFCE17BA  2F08                 move.l  A0, -(A7)
FFCE17BC  2F3C49434E23         move.l  #$49434e23, -(A7)
FFCE17C2  2848                 movea.l A0, A4
FFCE17C4  303C0608             move.w  #$608, D0
FFCE17C8  ABC9                 _IconDispatch                             ; A-line trap ABC9
FFCE17CA  301F                 move.w  (A7)+, D0
FFCE17CC  61000074             bsr     sub_FFCE1842
FFCE17D0  554F                 subq.w  #2, A7
FFCE17D2  2F0C                 move.l  A4, -(A7)
FFCE17D4  4227                 clr.b   -(A7)
FFCE17D6  303C0302             move.w  #$302, D0
FFCE17DA  ABC9                 _IconDispatch                             ; A-line trap ABC9
FFCE17DC  544F                 addq.w  #2, A7
loc_FFCE17DE:
FFCE17DE  6000004A             bra     loc_FFCE182A
loc_FFCE17E2:
FFCE17E2  4A06                 tst.b   D6
FFCE17E4  6700FE72             beq     loc_FFCE1658
FFCE17E8  08B800070938         bclr    #$7, $938.w                       ; HiliteMode
FFCE17EE  486EFFE6             pea     (-$1a,A6)
FFCE17F2  A8A4                 _InverRect                                ; A-line trap A8A4
loc_FFCE17F4:
FFCE17F4  A889                 _TextMode                                 ; A-line trap A889
FFCE17F6  A88A                 _TextSize                                 ; A-line trap A88A
FFCE17F8  A887                 _TextFont                                 ; A-line trap A887
FFCE17FA  A888                 _TextFace                                 ; A-line trap A888
FFCE17FC  6000FE5A             bra     loc_FFCE1658

sub_FFCE1800:
FFCE1800  4A06                 tst.b   D6
FFCE1802  671C                 beq     loc_FFCE1820
FFCE1804  302EFFE8             move.w  (-$18,A6), D0
FFCE1808  5240                 addq.w  #1, D0
FFCE180A  3F00                 move.w  D0, -(A7)
FFCE180C  302EFFE6             move.w  (-$1a,A6), D0
FFCE1810  D06EFFFE             add.w   (-$2,A6), D0
FFCE1814  D06EFFF8             add.w   (-$8,A6), D0
FFCE1818  3F00                 move.w  D0, -(A7)
FFCE181A  A893                 _MoveTo                                   ; A-line trap A893
FFCE181C  2F0B                 move.l  A3, -(A7)
FFCE181E  A884                 _DrawString                               ; A-line trap A884
loc_FFCE1820:
FFCE1820  4E75                 rts
loc_FFCE1822:
FFCE1822  200C                 move.l  A4, D0
FFCE1824  6700FE32             beq     loc_FFCE1658
FFCE1828  6118                 bsr     sub_FFCE1842
loc_FFCE182A:
FFCE182A  0C6E0001001A         cmpi.w  #$1, ($1a,A6)
FFCE1830  66B0                 bne     loc_FFCE17E2
FFCE1832  61CC                 bsr     sub_FFCE1800
FFCE1834  4A2E0018             tst.b   ($18,A6)
FFCE1838  66A8                 bne     loc_FFCE17E2
FFCE183A  4A06                 tst.b   D6
FFCE183C  6700FE1A             beq     loc_FFCE1658
FFCE1840  60B2                 bra     loc_FFCE17F4

sub_FFCE1842:
FFCE1842  4240                 clr.w   D0
FFCE1844  4A2E0018             tst.b   ($18,A6)
FFCE1848  6704                 beq     loc_FFCE184E
FFCE184A  303C4000             move.w  #$4000, D0
loc_FFCE184E:
FFCE184E  554F                 subq.w  #2, A7
FFCE1850  486EFFEE             pea     (-$12,A6)
FFCE1854  4267                 clr.w   -(A7)
FFCE1856  3F00                 move.w  D0, -(A7)
FFCE1858  2F0C                 move.l  A4, -(A7)
FFCE185A  303C0603             move.w  #$603, D0
FFCE185E  ABC9                 _IconDispatch                             ; A-line trap ABC9
FFCE1860  301F                 move.w  (A7)+, D0
FFCE1862  4E75                 rts
FFCE1864d 0000000000000000     dc.b    $00,$00,$00,$00,$00,$00,$00,$00,$00,$00,$00,$00,$78,$00,$00,$00 ; |............x...|
FFCE1874d 00000000000E1610     dc.b    $00,$00,$00,$00,$00,$0E,$16,$10   ; |........|
