; ============================================================================
; ROM resource 'GARY' 1 Main at FFD139B0
; ============================================================================
; data at ROM 1139B0 (17CC bytes), entry at 115170, attributes 58, combo 7800000000000000
; data header: 4b757274 c0a00000 000017cc 000003d4
; 68k code resource, disassembled from its start (entry points: offset 0, driver
; header entries for DRVR, and executed addresses).
;
; Columns: address, flag, raw bytes, instruction, ; comment.
;   flag '*' executed in the coverage run, ' ' reached by control flow,
;   '?' decodes as code but neither executed nor reached, 'd' data.

FFD139B0  6110                 bsr     sub_FFD139C2
FFD139B2  660C                 bne     loc_FFD139C0
FFD139B4  4EBA0032             jsr     (sub_FFD139E8,PC)
FFD139B8  4EBA006A             jsr     (sub_FFD13A24,PC)
FFD139BC  4EBA171C             jsr     (sub_FFD150DA,PC)
loc_FFD139C0:
FFD139C0  4E75                 rts

sub_FFD139C2:
FFD139C2  40C1                 move    SR, D1
FFD139C4  007C0700             ori     #$700, SR
FFD139C8  2278002C             movea.l $2c.w, A1
FFD139CC  41FA000E             lea     ($ffd139dc,PC), A0
FFD139D0  21C8002C             move.l  A0, $2c.w
FFD139D4  204F                 movea.l A7, A0
FFD139D6  70FF                 moveq   #-$1, D0
FFD139D8d FC00                 dc.b    $FC,$00                           ; |..|
FFD139DA? 7000                 moveq   #$0, D0
FFD139DC? 2E48                 movea.l A0, A7
FFD139DE? 21C9002C             move.l  A1, $2c.w
FFD139E2? 46C1                 move    D1, SR
FFD139E4? 4A80                 tst.l   D0
FFD139E6? 4E75                 rts

sub_FFD139E8:
FFD139E8  40C0                 move    SR, D0
FFD139EA  0800000D             btst    #$d, D0
FFD139EE  672E                 beq     loc_FFD13A1E
FFD139F0  4E7A9801             movec   VBR, A1; (1+)
FFD139F4  22690028             movea.l ($28,A1), A1
FFD139F8  207802AE             movea.l $2ae.w, A0                        ; ROMBase
FFD139FC  B1C9                 cmpa.l  A1, A0
FFD139FE  621E                 bhi     loc_FFD13A1E
FFD13A00  D1E80040             adda.l  ($40,A0), A0
FFD13A04  B1C9                 cmpa.l  A1, A0
FFD13A06  6316                 bls     loc_FFD13A1E
FFD13A08  41FA0016             lea     ($ffd13a20,PC), A0
FFD13A0C  7007                 moveq   #$7, D0
FFD13A0Ed FE0541FA00107008     dc.b    $FE,$05,$41,$FA,$00,$10,$70,$08,$FE,$05,$20,$49,$70,$06,$FE,$05 ; |..A...p... Ip...|
loc_FFD13A1E:
FFD13A1E  4E75                 rts
FFD13A20d FC10FC11             dc.b    $FC,$10,$FC,$11                   ; |....|

sub_FFD13A24:
FFD13A24  303C0100             move.w  #$100, D0
FFD13A28  103A000D             move.b  ($ffd13a37,PC), D0
FFD13A2C  41FA000A             lea     ($ffd13a38,PC), A0
FFD13A30  21880590             move.l  A0, (D0.w*4)
FFD13A34  4E75                 rts
FFD13A36d A02E080100096604     dc.b    $A0,$2E,$08,$01,$00,$09,$66,$04,$FC,$12,$4E,$75,$FC,$14,$4E,$75 ; |......f...Nu..Nu|
FFD13A46d 31D00A4AFC0230B8     dc.b    $31,$D0,$0A,$4A,$FC,$02,$30,$B8,$0A,$4A,$FC,$02,$21,$D0,$0A,$4C ; |1..J..0..J..!..L|
FFD13A56d FC0220B80A4CFC02     dc.b    $FC,$02,$20,$B8,$0A,$4C,$FC,$02,$48,$47,$3C,$38,$0A,$4A,$3A,$10 ; |.. ..L..HG<8.J:.|
FFD13A66d 50450BC78C4731C6     dc.b    $50,$45,$0B,$C7,$8C,$47,$31,$C6,$0A,$4A,$48,$47,$FC,$02,$60,$00 ; |PE...G1..JHG..`.|
FFD13A76d 052A30B80A4A4278     dc.b    $05,$2A,$30,$B8,$0A,$4A,$42,$78,$0A,$4A,$FC,$02,$48,$47,$3E,$3C ; |.*0..JBx.J..HG><|
FFD13A86d 1F00CE780A4A3C10     dc.b    $1F,$00,$CE,$78,$0A,$4A,$3C,$10,$8C,$47,$31,$C6,$0A,$4A,$48,$47 ; |...x.J<..G1..JHG|
FFD13A96d FC02600005063A10     dc.b    $FC,$02,$60,$00,$05,$06,$3A,$10,$0B,$38,$0A,$4A,$56,$C5,$44,$05 ; |..`...:..8.JV.D.|
FFD13AA6d 1085FC020A100080     dc.b    $10,$85,$FC,$02,$0A,$10,$00,$80,$FC,$02,$02,$10,$00,$7F,$FC,$02 ; |................|
FFD13AB6d 4A106B060211007F     dc.b    $4A,$10,$6B,$06,$02,$11,$00,$7F,$FC,$02,$00,$11,$00,$80,$FC,$02 ; |J.k.............|
FFD13AC6d 2A06ED9D02450006     dc.b    $2A,$06,$ED,$9D,$02,$45,$00,$06,$3C,$05,$FC,$04,$FC,$05,$02,$47 ; |*....E..<......G|
FFD13AD6d FCBFC149FC04         dc.b    $FC,$BF,$C1,$49,$FC,$04           ; |...I..|
FFD13ADC? 2246                 movea.l D6, A1
FFD13ADE? 2C07                 move.l  D7, D6
FFD13AE0? EC4E                 lsr.w   #6, D6
FFD13AE2? DC46                 add.w   D6, D6
FFD13AE4? CD89                 exg     D6, A1
FFD13AE6? 43FB90DE             lea     (-$22,PC,A1.w), A1
FFD13AEA? 08060015             btst    #$15, D6
FFD13AEE? 661E                 bne     $ffd13b0e
FFD13AF0? 44E901C8             move    ($1c8,A1), CCR
FFD13AF4? 2248                 movea.l A0, A1
FFD13AF6? 680C                 bvc     $ffd13b04
FFD13AF8? 6620                 bne     $ffd13b1a
FFD13AFA? B083                 cmp.l   D3, D0
FFD13AFC? 6634                 bne     $ffd13b32
FFD13AFE? B284                 cmp.l   D4, D1
FFD13B00? 6626                 bne     $ffd13b28
FFD13B02? B485                 cmp.l   D5, D2
FFD13B04? 6622                 bne     $ffd13b28
FFD13B06? 4EFB604C             jmp     ($4c,PC,D6.w)
FFD13B0Ad 4EFB6042             dc.b    $4E,$FB,$60,$42                   ; |N.`B|
FFD13B0E? 44E901C8             move    ($1c8,A1), CCR
FFD13B12? 43E80002             lea     ($2,A0), A1
FFD13B16? 68EC                 bvc     $ffd13b04
FFD13B18? 67E0                 beq     $ffd13afa
FFD13B1A? 6AEE                 bpl     $ffd13b0a
FFD13B1C? B680                 cmp.l   D0, D3
FFD13B1E? 6612                 bne     $ffd13b32
FFD13B20? B881                 cmp.l   D1, D4
FFD13B22? 6604                 bne     $ffd13b28
FFD13B24? BA82                 cmp.l   D2, D5
FFD13B26? 67DE                 beq     $ffd13b06
FFD13B28? 650A                 bcs     $ffd13b34
FFD13B2A? 4A07                 tst.b   D7
FFD13B2C? 6A0A                 bpl     $ffd13b38
FFD13B2E? 4EFB602A             jmp     ($2a,PC,D6.w)
FFD13B32? 6CF6                 bge     $ffd13b2a
FFD13B34? 4A07                 tst.b   D7
FFD13B36? 6AF6                 bpl     $ffd13b2e
FFD13B38? 0807000A             btst    #$a, D7
FFD13B3C? 6604                 bne     $ffd13b42
FFD13B3E? 4EFB6020             jmp     ($20,PC,D6.w)
FFD13B42? 0A100080             eori.b  #$80, (A0)
FFD13B46? 0A470080             eori.w  #$80, D7
FFD13B4A? 4EFB600E             jmp     ($e,PC,D6.w)
FFD13B4Ed 601E601460166018     dc.b    $60,$1E,$60,$14,$60,$16,$60,$18,$60,$10,$60,$12,$60,$20,$60,$14 ; |`.`.`.`.`.`.` `.|
FFD13B5Ed 60186046603A603E     dc.b    $60,$18,$60,$46,$60,$3A,$60,$3E,$FC,$08,$60,$6A,$FC,$09,$60,$66 ; |`.`F`:`>..`j..`f|
FFD13B6Ed FC076062             dc.b    $FC,$07,$60,$62                   ; |..`b|
FFD13B72? 52A80004             addq.l  #1, ($4,A0)
FFD13B76? 644C                 bcc     $ffd13bc4
FFD13B78? 5290                 addq.l  #1, (A0)
FFD13B7A? 6048                 bra     $ffd13bc4
FFD13B7Cd FC07                 dc.b    $FC,$07                           ; |..|
FFD13B7E? 52A90006             addq.l  #1, ($6,A1)
FFD13B82? 6440                 bcc     $ffd13bc4
FFD13B84? 52A90002             addq.l  #1, ($2,A1)
FFD13B88? 643A                 bcc     $ffd13bc4
FFD13B8A? 137C00800002         move.b  #$80, ($2,A1)
FFD13B90? 5250                 addq.w  #1, (A0)
FFD13B92? 0C407FFE             cmpi.w  #$7ffe, D0
FFD13B96? 662C                 bne     $ffd13bc4
FFD13B98? 42290002             clr.b   ($2,A1)
FFD13B9C? 6026                 bra     $ffd13bc4
FFD13B9E? 53A80004             subq.l  #1, ($4,A0)
FFD13BA2? 6420                 bcc     $ffd13bc4
FFD13BA4? 5390                 subq.l  #1, (A0)
FFD13BA6? 601C                 bra     $ffd13bc4
FFD13BA8d FC0753A900066414     dc.b    $FC,$07,$53,$A9,$00,$06,$64,$14,$53,$A9,$00,$02,$6A,$02,$64,$0C ; |..S...d.S...j.d.|
FFD13BB8d 4A806F0800290080     dc.b    $4A,$80,$6F,$08,$00,$29,$00,$80,$00,$02,$53,$50,$22,$48,$02,$47 ; |J.o..)....SP"H.G|
FFD13BC8d F01EFC04343C0320     dc.b    $F0,$1E,$FC,$04,$34,$3C,$03,$20,$C4,$47,$66,$14,$48,$47,$3C,$38 ; |....4<. .Gf.HG<8|
FFD13BD8d 0A4A8C4731C60A4A     dc.b    $0A,$4A,$8C,$47,$31,$C6,$0A,$4A,$48,$47,$FC,$02,$60,$00,$03,$BA ; |.J.G1..JHG..`...|
FFD13BE8? 4847                 swap    D7
FFD13BEA? 00471200             ori.w   #$1200, D7
FFD13BEE? 0C420200             cmpi.w  #$200, D2
FFD13BF2? 65E2                 bcs     $ffd13bd6
FFD13BF4? 0A470600             eori.w  #$600, D7
FFD13BF8? 60DC                 bra     $ffd13bd6
FFD13BFAd FC04223C01000020     dc.b    $FC,$04,$22,$3C,$01,$00,$00,$20,$C2,$87,$66,$12,$E9,$C7,$25,$82 ; |.."<... ..f...%.|
FFD13C0Ad 5B42080700066602     dc.b    $5B,$42,$08,$07,$00,$06,$66,$02,$44,$42,$30,$82,$FC,$02 ; |[B....f.DB0...|
FFD13C18? 74FF                 moveq   #-$1, D2
FFD13C1A? 4A41                 tst.w   D1
FFD13C1C? 67EE                 beq     $ffd13c0c
FFD13C1E? 74FA                 moveq   #-$6, D2
FFD13C20? 028638000000         andi.l  #$38000000, D6
FFD13C26? 66E4                 bne     $ffd13c0c
FFD13C28? 4A43                 tst.w   D3
FFD13C2A? 6BE0                 bmi     $ffd13c0c
FFD13C2C? 74FB                 moveq   #-$5, D2
FFD13C2E? 60DC                 bra     $ffd13c0c
FFD13C30d 4847080600116704     dc.b    $48,$47,$08,$06,$00,$11,$67,$04,$00,$47,$01,$00,$3C,$38,$0A,$4A ; |HG....g..G..<8.J|
FFD13C40d 8C4731C60A4A4847     dc.b    $8C,$47,$31,$C6,$0A,$4A,$48,$47,$44,$FC,$00,$02,$FC,$02,$60,$00 ; |.G1..JHGD.....`.|
FFD13C50d 0350FC03FC043C07     dc.b    $03,$50,$FC,$03,$FC,$04,$3C,$07,$EC,$4E,$44,$FB,$62,$32,$68,$0E ; |.P....<..ND.b2h.|
FFD13C60d 660EB0836620B284     dc.b    $66,$0E,$B0,$83,$66,$20,$B2,$84,$66,$14,$B4,$85,$66,$10,$FC,$02 ; |f...f ..f...f...|
FFD13C70d 6ABEB6806610B881     dc.b    $6A,$BE,$B6,$80,$66,$10,$B8,$81,$66,$04,$BA,$82,$67,$F0,$65,$08 ; |j...f...f...g.e.|
FFD13C80d 44FC0000FC026CF8     dc.b    $44,$FC,$00,$00,$FC,$02,$6C,$F8,$44,$FC,$00,$19,$FC,$02,$00,$06 ; |D.....l.D.......|
FFD13C90d 00000019000A0000     dc.b    $00,$00,$00,$19,$00,$0A,$00,$00,$00,$00,$00,$19,$00,$19,$00,$19 ; |................|
FFD13CA0d 0000001900000002     dc.b    $00,$00,$00,$19,$00,$00,$00,$02,$00,$02,$00,$02,$00,$02,$00,$19 ; |................|
FFD13CB0d 0000001900000004     dc.b    $00,$00,$00,$19,$00,$00,$00,$04,$00,$04,$00,$04,$00,$04,$00,$19 ; |................|
FFD13CC0d 0000001900000002     dc.b    $00,$00,$00,$19,$00,$00,$00,$02,$00,$02,$00,$02,$00,$02,$00,$00 ; |................|
FFD13CD0d 0000001900190000     dc.b    $00,$00,$00,$19,$00,$19,$00,$00,$00,$00,$00,$19,$00,$19,$00,$04 ; |................|
FFD13CE0d 0000001900040002     dc.b    $00,$00,$00,$19,$00,$04,$00,$02,$00,$02,$00,$02,$00,$02,$00,$02 ; |................|
FFD13CF0d 0002000200020002     dc.b    $00,$02,$00,$02,$00,$02,$00,$02,$00,$02,$00,$02,$00,$02,$00,$02 ; |................|
FFD13D00d 0002000200020002     dc.b    $00,$02,$00,$02,$00,$02,$00,$02,$00,$02,$00,$02,$00,$02,$FC,$04 ; |................|
FFD13D10d 3C380A4AFC05FC06     dc.b    $3C,$38,$0A,$4A,$FC,$05,$FC,$06,$31,$C6,$0A,$4A,$FC,$07,$FC,$02 ; |<8.J....1..J....|
FFD13D20d 6000027E0806001D     dc.b    $60,$00,$02,$7E,$08,$06,$00,$1D,$66,$58,$08,$06,$00,$1C,$66,$2C ; |`..~....fX....f,|
FFD13D30d 0806001B67D8C149     dc.b    $08,$06,$00,$1B,$67,$D8,$C1,$49,$FC,$03,$3C,$38,$0A,$4A,$08,$C6 ; |....g..I..<8.J..|
FFD13D40d 00056614FC060246     dc.b    $00,$05,$66,$14,$FC,$06,$02,$46,$FF,$DF,$31,$C6,$0A,$4A,$20,$49 ; |..f....F..1..J I|
FFD13D50d FC08FC026000024A     dc.b    $FC,$08,$FC,$02,$60,$00,$02,$4A,$FC,$06,$60,$EE,$C1,$49,$FC,$03 ; |....`..J..`..I..|
FFD13D60d 3C380A4A08C60006     dc.b    $3C,$38,$0A,$4A,$08,$C6,$00,$06,$66,$14,$FC,$06,$02,$46,$FF,$BF ; |<8.J....f....F..|
FFD13D70d 31C60A4A2049FC09     dc.b    $31,$C6,$0A,$4A,$20,$49,$FC,$09,$FC,$02,$60,$00,$02,$24,$FC,$06 ; |1..J I....`..$..|
FFD13D80d 60EEC149FC033C38     dc.b    $60,$EE,$C1,$49,$FC,$03,$3C,$38,$0A,$4A,$02,$46,$FF,$9F,$4A,$07 ; |`..I..<8.J.F..J.|
FFD13D90d 6A0400470040263C     dc.b    $6A,$04,$00,$47,$00,$40,$26,$3C,$00,$00,$40,$3E,$28,$3C,$80,$00 ; |j..G.@&<..@>(<..|
FFD13DA0d 00007A00FC0A7A60     dc.b    $00,$00,$7A,$00,$FC,$0A,$7A,$60,$CA,$78,$0A,$4A,$8C,$45,$0C,$40 ; |..z...z`.x.J.E.@|
FFD13DB0d 403E66520881001F     dc.b    $40,$3E,$66,$52,$08,$81,$00,$1F,$4A,$07,$6A,$04,$44,$82,$40,$81 ; |@>fR....J.j.D.@.|
FFD13DC0d 0806001C66320806     dc.b    $08,$06,$00,$1C,$66,$32,$08,$06,$00,$1B,$66,$18,$32,$82,$6A,$04 ; |....f2....f.2.j.|
FFD13DD0d 4681468242428481     dc.b    $46,$81,$46,$82,$42,$42,$84,$81,$66,$38,$31,$C6,$0A,$4A,$FC,$02 ; |F.F.BB..f81..J..|
FFD13DE0d 600001BE22826A02     dc.b    $60,$00,$01,$BE,$22,$82,$6A,$02,$46,$81,$4A,$81,$66,$24,$31,$C6 ; |`...".j.F.J.f$1.|
FFD13DF0d 0A4AFC02600001AA     dc.b    $0A,$4A,$FC,$02,$60,$00,$01,$AA,$22,$C1,$22,$82,$31,$C6,$0A,$4A ; |.J..`...".".1..J|
FFD13E00d FC026000019C0806     dc.b    $FC,$02,$60,$00,$01,$9C,$08,$06,$00,$1C,$67,$06,$0C,$47,$0C,$00 ; |..`.......g..G..|
FFD13E10d 640408C700184847     dc.b    $64,$04,$08,$C7,$00,$18,$48,$47,$02,$47,$E9,$00,$34,$38,$0A,$4A ; |d.....HG.G..48.J|
FFD13E20d 8447484714063C02     dc.b    $84,$47,$48,$47,$14,$06,$3C,$02,$31,$C6,$0A,$4A,$08,$06,$00,$1B ; |.GHG..<.1..J....|
FFD13E30d 660A0806001C6708     dc.b    $66,$0A,$08,$06,$00,$1C,$67,$08,$42,$A9,$00,$04,$42,$69,$00,$02 ; |f.....g.B...Bi..|
FFD13E40d 32BC8000FC026000     dc.b    $32,$BC,$80,$00,$FC,$02,$60,$00,$01,$58 ; |2.....`..X|
FFD13E4A? 3C3C6000             move.w  #$6000, D6
FFD13E4E? CC780A4A             and.w   $a4a.w, D6                        ; FPState
FFD13E52? 6004                 bra     $ffd13e58
FFD13E54d 3C3C6000FC030C47     dc.b    $3C,$3C,$60,$00,$FC,$03,$0C,$47,$04,$00,$64,$3E,$43,$FA,$0E,$DA ; |<<`....G..d>C...|
FFD13E64d 008610000000FC04     dc.b    $00,$86,$10,$00,$00,$00,$FC,$04,$B0,$83,$6C,$2E,$4A,$07,$6B,$1A ; |..........l.J.k.|
FFD13E74d FC0AFC043C380A4A     dc.b    $FC,$0A,$FC,$04,$3C,$38,$0A,$4A,$FC,$0B,$02,$47,$FF,$7F,$31,$C6 ; |....<8.J...G..1.|
FFD13E84d 0A4AFC07FC026000     dc.b    $0A,$4A,$FC,$07,$FC,$02,$60,$00,$01,$14,$FC,$0B,$FC,$04,$3C,$38 ; |.J....`.......<8|
FFD13E94d 0A4AFC0A00470080     dc.b    $0A,$4A,$FC,$0A,$00,$47,$00,$80,$60,$E4,$3C,$38,$0A,$4A,$FC,$06 ; |.J...G..`.<8.J..|
FFD13EA4d 31C60A4AFC07FC02     dc.b    $31,$C6,$0A,$4A,$FC,$07,$FC,$02,$60,$00,$00,$F2,$FC,$03,$0C,$47 ; |1..J....`......G|
FFD13EB4d 0400641822480480     dc.b    $04,$00,$64,$18,$22,$48,$04,$80,$00,$00,$3F,$FF,$22,$80,$00,$86 ; |..d."H....?."...|
FFD13EC4d 28000000FC04FC05     dc.b    $28,$00,$00,$00,$FC,$04,$FC,$05,$FC,$07,$FC,$02,$0C,$47,$0C,$00 ; |(............G..|
FFD13ED4d 64140247FB7F0C47     dc.b    $64,$14,$02,$47,$FB,$7F,$0C,$47,$08,$00,$64,$0A,$30,$3C,$7F,$FF ; |d..G...G..d.0<..|
FFD13EE4d 0087080008803C38     dc.b    $00,$87,$08,$00,$08,$80,$3C,$38,$0A,$4A,$FC,$06,$31,$C6,$0A,$4A ; |......<8.J..1..J|
FFD13EF4d FC07FC02600000A6     dc.b    $FC,$07,$FC,$02,$60,$00,$00,$A6,$FC,$03,$3C,$38,$0A,$4A,$0C,$47 ; |....`.....<8.J.G|
FFD13F04d 040064043251D089     dc.b    $04,$00,$64,$04,$32,$51,$D0,$89,$FC,$06,$31,$C6,$0A,$4A,$FC,$07 ; |..d.2Q....1..J..|
FFD13F14d FC0260000088FC03     dc.b    $FC,$02,$60,$00,$00,$88,$FC,$03,$FC,$04,$3C,$38,$0A,$4A,$FC,$0A ; |..`.......<8.J..|
FFD13F24d 31C60A4AFC07FC02     dc.b    $31,$C6,$0A,$4A,$FC,$07,$FC,$02,$60,$72,$FC,$03,$FC,$04,$3C,$38 ; |1..J....`r....<8|
FFD13F34d 0A4AFC0B31C60A4A     dc.b    $0A,$4A,$FC,$0B,$31,$C6,$0A,$4A,$FC,$07,$FC,$02,$60,$5E,$FC,$03 ; |.J..1..J....`^..|
FFD13F44d FC043C380A4AFC0C     dc.b    $FC,$04,$3C,$38,$0A,$4A,$FC,$0C,$31,$C6,$0A,$4A,$FC,$07,$FC,$02 ; |..<8.J..1..J....|
FFD13F54d 604AFC03FC043C38     dc.b    $60,$4A,$FC,$03,$FC,$04,$3C,$38,$0A,$4A,$FC,$0D,$31,$C6,$0A,$4A ; |`J....<8.J..1..J|
FFD13F64d FC07FC026036FC03     dc.b    $FC,$07,$FC,$02,$60,$36,$FC,$03,$FC,$04,$3C,$38,$0A,$4A,$FC,$0E ; |....`6....<8.J..|
FFD13F74d 0245007F4A846A02     dc.b    $02,$45,$00,$7F,$4A,$84,$6A,$02,$44,$45,$3F,$45,$00,$02,$31,$C6 ; |.E..J.j.DE?E..1.|
FFD13F84d 0A4AFC07FC026014     dc.b    $0A,$4A,$FC,$07,$FC,$02,$60,$14,$FC,$03,$3C,$38,$0A,$4A,$FC,$0F ; |.J....`...<8.J..|
FFD13F94d 31C60A4AFC07FC02     dc.b    $31,$C6,$0A,$4A,$FC,$07,$FC,$02,$60,$02,$4E,$71,$20,$6F,$00,$28 ; |1..J....`.Nq o.(|
FFD13FA4d 41E8000E3F3C0002     dc.b    $41,$E8,$00,$0E,$3F,$3C,$00,$02,$24,$07,$E1,$9A,$C4,$46,$02,$42 ; |A...?<..$....F.B|
FFD13FB4d 001F3F022F0F2F10     dc.b    $00,$1F,$3F,$02,$2F,$0F,$2F,$10,$2F,$20,$2F,$20,$3F,$20,$20,$78 ; |..?./././ / ?  x|
FFD13FC4d 0A4C4E904246548F     dc.b    $0A,$4C,$4E,$90,$42,$46,$54,$8F,$44,$DF,$FC,$02,$60,$CE,$08,$86 ; |.LN.BFT.D...`...|
FFD13FD4d 0017670230982F48     dc.b    $00,$17,$67,$02,$30,$98,$2F,$48,$00,$2C,$48,$46,$FC,$03,$0C,$47 ; |..g.0./H.,HF...G|
FFD13FE4d 0400646641EF0032     dc.b    $04,$00,$64,$66,$41,$EF,$00,$32,$FC,$07,$43,$FA,$0D,$9A,$FC,$04 ; |..dfA..2..C.....|
FFD13FF4d FC0A0C470080643E     dc.b    $FC,$0A,$0C,$47,$00,$80,$64,$3E,$32,$7C,$3F,$FF,$0C,$81,$B5,$04 ; |...G..d>2|?.....|
FFD14004d F333650C66080C82     dc.b    $F3,$33,$65,$0C,$66,$08,$0C,$82,$F9,$DE,$64,$84,$63,$02,$53,$89 ; |.3e.f.....d.c.S.|
FFD14014d C18993C03F49003C     dc.b    $C1,$89,$93,$C0,$3F,$49,$00,$3C,$66,$00,$00,$80,$FC,$03 ; |....?I.<f.....|
FFD14022? 4A80                 tst.l   D0
FFD14024? 6A00008A             bpl     $ffd140b0
FFD14028? 08C70019             bset    #$19, D7
FFD1402C? 43FA0D38             lea     ($ffd14d66,PC), A1
FFD14030? 600000D6             bra     $ffd14108
FFD14034? 0C470800             cmpi.w  #$800, D7
FFD14038? 641A                 bcc     $ffd14054
FFD1403A? 0887000A             bclr    #$a, D7
FFD1403E? 671E                 beq     $ffd1405e
FFD14040? 303C7FFF             move.w  #$7fff, D0
FFD14044? 008708000880         ori.l   #$8000880, D7
FFD1404A? 600008AA             bra     $ffd148f6
FFD1404E? 0C470800             cmpi.w  #$800, D7
FFD14052? 65F6                 bcs     $ffd1404a
FFD14054? 0C470C00             cmpi.w  #$c00, D7
FFD14058? 64F0                 bcc     $ffd1404a
FFD1405A? 4A07                 tst.b   D7
FFD1405C? 6AEC                 bpl     $ffd1404a
FFD1405E? 223C40240000         move.l  #$40240000, D1
FFD14064? 600008C8             bra     $ffd1492e
FFD14068d 0886001767023098     dc.b    $08,$86,$00,$17,$67,$02,$30,$98,$2F,$48,$00,$2C,$48,$46,$FC,$03 ; |....g.0./H.,HF..|
FFD14078d 0C47008064B6327C     dc.b    $0C,$47,$00,$80,$64,$B6,$32,$7C,$3F,$FF,$0C,$81,$B5,$04,$F3,$33 ; |.G..d.2|?......3|
FFD14088d 650C66080C82F9DE     dc.b    $65,$0C,$66,$08,$0C,$82,$F9,$DE,$64,$84,$63,$02,$53,$89,$C1,$89 ; |e.f.....d.c.S...|
FFD14098d 93C03F49003C43FA     dc.b    $93,$C0,$3F,$49,$00,$3C,$43,$FA,$0C,$EA,$FC,$04,$FC,$0B,$4A,$81 ; |..?I.<C.......J.|
FFD140A8d 676641EF0032FC07     dc.b    $67,$66,$41,$EF,$00,$32,$FC,$07,$43,$FA,$0C,$F0,$FC,$04,$FC,$0A ; |gfA..2..C.......|
FFD140B8d 224841EF003EFC07     dc.b    $22,$48,$41,$EF,$00,$3E,$FC,$07,$C1,$49,$FC,$03,$FC,$04,$FC,$0D ; |"HA..>...I......|
FFD140C8d FC07C149FC04FC0C     dc.b    $FC,$07,$C1,$49,$FC,$04,$FC,$0C,$FC,$07,$43,$FA,$0D,$5E,$FC,$04 ; |...I......C..^..|
FFD140D8d FC0A2248FC04FC0C     dc.b    $FC,$0A,$22,$48,$FC,$04,$FC,$0C,$43,$FA,$0D,$5C,$FC,$04,$FC,$0A ; |.."H....C..\....|
FFD140E8d 224841EF004AFC07     dc.b    $22,$48,$41,$EF,$00,$4A,$FC,$07,$41,$FA,$0C,$F8,$61,$00,$0B,$FE ; |"HA..J..A...a...|
FFD140F8d 43EF0032FC04FC0C     dc.b    $43,$EF,$00,$32,$FC,$04,$FC,$0C,$08,$87,$00,$19,$43,$EF,$00,$4A ; |C..2........C..J|
FFD14108d FC04FC0D08C7001C     dc.b    $FC,$04,$FC,$0D,$08,$C7,$00,$1C,$43,$EF,$00,$3C,$00,$86,$20,$00 ; |........C..<.. .|
FFD14118d 0000FC04FC0A7A02     dc.b    $00,$00,$FC,$04,$FC,$0A,$7A,$02,$CA,$46,$66,$12,$43,$FA,$0C,$40 ; |......z..Ff.C..@|
FFD14128d 7C00FC04FC0C         dc.b    $7C,$00,$FC,$04,$FC,$0C           ; ||.....|
FFD1412E? 4A81                 tst.l   D1
FFD14130? 6704                 beq     $ffd14136
FFD14132? 08C7001C             bset    #$1c, D7
FFD14136? 600007BE             bra     $ffd148f6
FFD1413Ad 0886001767023098     dc.b    $08,$86,$00,$17,$67,$02,$30,$98,$2F,$48,$00,$2C,$48,$46,$FC,$03 ; |....g.0./H.,HF..|
FFD1414Ad 0C470400641A4A80     dc.b    $0C,$47,$04,$00,$64,$1A,$4A,$80,$6A,$5C,$7A,$02,$CA,$46,$67,$08 ; |.G..d.J.j\z..Fg.|
FFD1415Ad 43FA0C0AFC04FC0C     dc.b    $43,$FA,$0C,$0A,$FC,$04,$FC,$0C,$00,$87,$12,$00,$00,$00,$60,$20 ; |C.............` |
FFD1416Ad 0C470800651A0C47     dc.b    $0C,$47,$08,$00,$65,$1A,$0C,$47,$0C,$00,$64,$14,$4A,$07,$6A,$10 ; |.G..e..G..d.J.j.|
FFD1417Ad 41FA0BD27A04CA46     dc.b    $41,$FA,$0B,$D2,$7A,$04,$CA,$46,$67,$04,$41,$FA,$0B,$BC,$FC,$03 ; |A...z..Fg.A.....|
FFD1418Ad 6000076A             dc.b    $60,$00,$07,$6A                   ; |`..j|
FFD1418E? 0C470800             cmpi.w  #$800, D7
FFD14192? 64DC                 bcc     $ffd14170
FFD14194? 41FA0BF4             lea     ($ffd14d8a,PC), A0
FFD14198? 60EE                 bra     $ffd14188
FFD1419Ad 0806001767023098     dc.b    $08,$06,$00,$17,$67,$02,$30,$98,$2F,$48,$00,$2C,$48,$46,$FC,$03 ; |....g.0./H.,HF..|
FFD141AAd 0C47040064DE41EF     dc.b    $0C,$47,$04,$00,$64,$DE,$41,$EF,$00,$32,$7A,$02,$CA,$46,$66,$00 ; |.G..d.A..2z..Ff.|
FFD141BAd 00DA43FA0BA80C40     dc.b    $00,$DA,$43,$FA,$0B,$A8,$0C,$40,$40,$0C,$6E,$0E,$FC,$04,$FC,$0E ; |..C....@@.n.....|
FFD141CA? B985                 eor.l   D4, D5
FFD141CC? 9A84                 sub.l   D4, D5
FFD141CE? 2F450064             move.l  D5, ($64,A7)
FFD141D2? 6022                 bra     $ffd141f6
FFD141D4d FC07FC04FC0E2248     dc.b    $FC,$07,$FC,$04,$FC,$0E,$22,$48,$FC,$04,$FC,$07,$0A,$47,$00,$80 ; |......"H.....G..|
FFD141E4d FC0A43FA0B7EFC04     dc.b    $FC,$0A,$43,$FA,$0B,$7E,$FC,$04,$FC,$0D,$61,$40,$FC,$03,$43,$FA ; |..C..~....a@..C.|
FFD141F4d 0B72FC04FC0D         dc.b    $0B,$72,$FC,$04,$FC,$0D           ; |.r....|
FFD141FA? 0887001C             bclr    #$1c, D7
FFD141FE? 0807001A             btst    #$1a, D7
FFD14202? 670000A2             beq     $ffd142a6
FFD14206? 08C7001C             bset    #$1c, D7
FFD1420A? 41FA0BD2             lea     ($ffd14dde,PC), A0
FFD1420E? 226F002C             movea.l ($2c,A7), A1
FFD14212? 4A11                 tst.b   (A1)
FFD14214? 6A16                 bpl     $ffd1422c
FFD14216? 41FA0B2A             lea     ($ffd14d42,PC), A0
FFD1421A? 0887001A             bclr    #$1a, D7
FFD1421E? 7A04                 moveq   #$4, D5
FFD14220? CA46                 and.w   D6, D5
FFD14222? 6608                 bne     $ffd1422c
FFD14224? 41FA0B28             lea     ($ffd14d4e,PC), A0
FFD14228? 08C70019             bset    #$19, D7
FFD1422C? 6000FF5A             bra     $ffd14188
FFD14230d 0807000A662043FA     dc.b    $08,$07,$00,$0A,$66,$20,$43,$FA,$0B,$9A,$FC,$04,$B0,$43,$6C,$46 ; |....f C......ClF|
FFD14240d 4A076B18FC0A2F42     dc.b    $4A,$07,$6B,$18,$FC,$0A,$2F,$42,$00,$68,$FC,$04,$FC,$0B ; |J.k.../B.h....|
FFD1424E? 0C40400E             cmpi.w  #$400e, D0
FFD14252? 6436                 bcc     $ffd1428a
FFD14254? 4E75                 rts
FFD14256d 42AF00684E75FC0B     dc.b    $42,$AF,$00,$68,$4E,$75,$FC,$0B,$2A,$02,$44,$85,$2F,$45,$00,$68 ; |B..hNu..*.D./E.h|
FFD14266d FC04FC0A             dc.b    $FC,$04,$FC,$0A                   ; |....|
FFD1426A? 0C40400E             cmpi.w  #$400e, D0
FFD1426E? 65E4                 bcs     $ffd14254
FFD14270? 660A                 bne     $ffd1427c
FFD14272? 0CAFFFFF7FBE0068     cmpi.l  #-$8042, ($68,A7)
FFD1427A? 6CD8                 bge     $ffd14254
FFD1427C? 2F7CFFFF7FBE0068     move.l  #$ffff7fbe, ($68,A7)
FFD14284? 4E75                 rts
FFD14286? 4A07                 tst.b   D7
FFD14288? 6BF2                 bmi     $ffd1427c
FFD1428A? 2F7C00007FFF0068     move.l  #$7fff, ($68,A7)
FFD14292? 4E75                 rts
FFD14294d FC0761980887001C     dc.b    $FC,$07,$61,$98,$08,$87,$00,$1C,$22,$48,$0A,$47,$00,$80,$FC,$04 ; |..a....."H.G....|
FFD142A4d FC0A0807000A6656     dc.b    $FC,$0A,$08,$07,$00,$0A,$66,$56,$FC,$07,$22,$48,$FC,$04,$41,$EF ; |......fV.."H..A.|
FFD142B4d 003E43FA0B926100     dc.b    $00,$3E,$43,$FA,$0B,$92,$61,$00,$0A,$52,$43,$EF,$00,$32,$FC,$04 ; |.>C...a..RC..2..|
FFD142C4d FC0C2049FC0741EF     dc.b    $FC,$0C,$20,$49,$FC,$07,$41,$EF,$00,$3E,$FC,$03,$43,$FA,$0B,$A8 ; |.. I..A..>..C...|
FFD142D4d FC04FC0A2248FC04     dc.b    $FC,$04,$FC,$0A,$22,$48,$FC,$04,$FC,$0C,$43,$FA,$0B,$A6,$FC,$04 ; |...."H....C.....|
FFD142E4d FC0A43EF0032FC04     dc.b    $FC,$0A,$43,$EF,$00,$32,$FC,$04,$FC,$0B,$FC,$07,$C1,$49,$FC,$03 ; |..C..2.......I..|
FFD142F4d FC045383FC0D08C7     dc.b    $FC,$04,$53,$83,$FC,$0D,$08,$C7,$00,$1C,$08,$87,$00,$19,$43,$FA ; |..S...........C.|
FFD14304d 0A867A04CA46661E     dc.b    $0A,$86,$7A,$04,$CA,$46,$66,$1E,$FC,$04,$FC,$0A,$FC,$04,$D6,$AF ; |..z..Ff.........|
FFD14314d 0064FC0C             dc.b    $00,$64,$FC,$0C                   ; |.d..|
FFD14318? 4A80                 tst.l   D0
FFD1431A? 6A0A                 bpl     $ffd14326
FFD1431C? 0807001C             btst    #$1c, D7
FFD14320? 6704                 beq     $ffd14326
FFD14322? 08C70019             bset    #$19, D7
FFD14326? 600005CE             bra     $ffd148f6
FFD1432Ad 4AAF006467F6FC04     dc.b    $4A,$AF,$00,$64,$67,$F6,$FC,$04,$FC,$0A,$FC,$04,$D6,$AF,$00,$64 ; |J..dg..........d|
FFD1433Ad FC0CFC04FC0B0887     dc.b    $FC,$0C,$FC,$04,$FC,$0B,$08,$87,$00,$19,$60,$E0,$08,$06,$00,$17 ; |..........`.....|
FFD1434Ad 670230982F48002C     dc.b    $67,$02,$30,$98,$2F,$48,$00,$2C,$7C,$00,$FC,$03 ; |g.0./H.,|...|
FFD14356? 0C470C00             cmpi.w  #$c00, D7
FFD1435A? 6434                 bcc     $ffd14390
FFD1435C? 3A11                 move.w  (A1), D5
FFD1435E? 672A                 beq     $ffd1438a
FFD14360? 6A04                 bpl     $ffd14366
FFD14362? 7C02                 moveq   #$2, D6
FFD14364? 4445                 neg.w   D5
FFD14366? 0C470400             cmpi.w  #$400, D7
FFD1436A? 6540                 bcs     $ffd143ac
FFD1436C? E20D                 lsr.b   #1, D5
FFD1436E? 6504                 bcs     $ffd14374
FFD14370? 0247FF7F             andi.w  #$ff7f, D7
FFD14374? 4A46                 tst.w   D6
FFD14376? 6718                 beq     $ffd14390
FFD14378? 0A470C00             eori.w  #$c00, D7
FFD1437C? 04407FFF             subi.w  #$7fff, D0
FFD14380? 4440                 neg.w   D0
FFD14382? 670C                 beq     $ffd14390
FFD14384? 08C7001B             bset    #$1b, D7
FFD14388? 6006                 bra     $ffd14390
FFD1438Ad 41FA09FEFC036000     dc.b    $41,$FA,$09,$FE,$FC,$03,$60,$00,$01,$F8,$2C,$3C,$20,$00,$00,$00 ; |A.....`...,< ...|
FFD1439Ad 4A076A045246CC45     dc.b    $4A,$07,$6A,$04,$52,$46,$CC,$45,$41,$EF,$00,$4A,$FC,$07,$60,$00 ; |J.j.RF.EA..J..`.|
FFD143AAd 01920C4500FF62E2     dc.b    $01,$92,$0C,$45,$00,$FF,$62,$E2,$3F,$45,$00,$30,$3F,$45,$00,$3C ; |...E..b.?E.0?E.<|
FFD143BAd 2248E2EF003C6506     dc.b    $22,$48,$E2,$EF,$00,$3C,$65,$06,$41,$FA,$09,$C6,$FC,$03,$FC,$04 ; |"H...<e.A.......|
FFD143CAd 41EF004A43EF003E     dc.b    $41,$EF,$00,$4A,$43,$EF,$00,$3E,$4A,$6F,$00,$3C,$66,$60,$08,$06 ; |A..JC..>Jo.<f`..|
FFD143DAd 0001671A48473C3C     dc.b    $00,$01,$67,$1A,$48,$47,$3C,$3C,$06,$00,$CC,$47,$66,$14,$48,$47 ; |..g.HG<<...Gf.HG|
FFD143EAd FC07224841FA099A     dc.b    $FC,$07,$22,$48,$41,$FA,$09,$9A,$FC,$03,$FC,$04,$FC,$0D,$60,$00 ; |.."HA.........`.|
FFD143FAd 01904247484741FA     dc.b    $01,$90,$42,$47,$48,$47,$41,$FA,$09,$88,$22,$6F,$00,$2C,$FC,$03 ; |..BGHGA..."o.,..|
FFD1440Ad FC04FC0D41EF004A     dc.b    $FC,$04,$FC,$0D,$41,$EF,$00,$4A,$FC,$07,$3A,$2F,$00,$30,$60,$9C ; |....A..J..:/.0`.|
FFD1441Ad C149FC04FC0CC149     dc.b    $C1,$49,$FC,$04,$FC,$0C,$C1,$49,$FC,$07,$E2,$EF,$00,$3C,$64,$F0 ; |.I.....I.....<d.|
FFD1442Ad FC04FC0CC1494A6F     dc.b    $FC,$04,$FC,$0C,$C1,$49,$4A,$6F,$00,$3C,$67,$A2,$FC,$04,$FC,$07 ; |.....IJo.<g.....|
FFD1443Ad FC0560E02F48002C     dc.b    $FC,$05,$60,$E0,$2F,$48,$00,$2C,$08,$06,$00,$17,$67,$0A,$2C,$3C ; |..`./H.,....g.,<|
FFD1444Ad 0020000054AF002C     dc.b    $00,$20,$00,$00,$54,$AF,$00,$2C,$FC,$03,$FC,$04,$7C,$00,$0C,$47 ; |. ..T..,....|..G|
FFD1445Ad 0C006400012C43EF     dc.b    $0C,$00,$64,$00,$01,$2C,$43,$EF,$00,$30,$32,$BC,$FF,$00,$41,$EF ; |..d..,C..02...A.|
FFD1446Ad 004AFC0741EF0056     dc.b    $00,$4A,$FC,$07,$41,$EF,$00,$56,$2F,$07,$FC,$05,$FC,$07,$26,$3C ; |.J..A..V/.....&<|
FFD1447Ad 0000403EB0436E20     dc.b    $00,$00,$40,$3E,$B0,$43,$6E,$20,$67,$0C,$28,$3C,$80,$00,$00,$00 ; |..@>.Cn g.(<....|
FFD1448Ad 7A00FC0A             dc.b    $7A,$00,$FC,$0A                   ; |z...|
FFD1448E? D281                 add.l   D1, D1
FFD14490? 3282                 move.w  D2, (A1)
FFD14492? 4202                 clr.b   D2
FFD14494? 8481                 or.l    D1, D2
FFD14496? 56D1                 sne     (A1)
FFD14498? 0807001C             btst    #$1c, D7
FFD1449C? 6704                 beq     $ffd144a2
FFD1449E? 5046                 addq.w  #8, D6
FFD144A0? 50D1                 st      (A1)
FFD144A2? 2E1F                 move.l  (A7)+, D7
FFD144A4? 08070006             btst    #$6, D7
FFD144A8? 6702                 beq     $ffd144ac
FFD144AA? 5446                 addq.w  #2, D6
FFD144AC? 4A07                 tst.b   D7
FFD144AE? 6A16                 bpl     $ffd144c6
FFD144B0? 08070009             btst    #$9, D7
FFD144B4? 665A                 bne     $ffd14510
FFD144B6? 08060003             btst    #$3, D6
FFD144BA? 6654                 bne     $ffd14510
FFD144BC? 082900000001         btst    #$0, ($1,A1)
FFD144C2? 6702                 beq     $ffd144c6
FFD144C4? 5246                 addq.w  #1, D6
FFD144C6? 0C470800             cmpi.w  #$800, D7
FFD144CA? 6422                 bcc     $ffd144ee
FFD144CC? 0C470400             cmpi.w  #$400, D7
FFD144D0? 6522                 bcs     $ffd144f4
FFD144D2? 08070008             btst    #$8, D7
FFD144D6? 6638                 bne     $ffd14510
FFD144D8? 41FA0874             lea     ($ffd14d4e,PC), A0
FFD144DC? 08070006             btst    #$6, D7
FFD144E0? 6708                 beq     $ffd144ea
FFD144E2? 41FA08FA             lea     ($ffd14dde,PC), A0
FFD144E6? 08C7001B             bset    #$1b, D7
FFD144EA? 60000088             bra     $ffd14574
FFD144EEd 08070008661C41EF     dc.b    $08,$07,$00,$08,$66,$1C,$41,$EF,$00,$4A,$08,$07,$00,$09,$67,$36 ; |....f.A..J....g6|
FFD144FEd FC03                 dc.b    $FC,$03                           ; |..|
FFD14500? 5846                 addq.w  #4, D6
FFD14502? 0C403FFF             cmpi.w  #$3fff, D0
FFD14506? 662C                 bne     $ffd14534
FFD14508? B481                 cmp.l   D1, D2
FFD1450A? 6828                 bvc     $ffd14534
FFD1450C? 4A82                 tst.l   D2
FFD1450E? 6624                 bne     $ffd14534
FFD14510? 223C40250000         move.l  #$40250000, D1
FFD14516? 7400                 moveq   #$0, D2
FFD14518? 303C7FFF             move.w  #$7fff, D0
FFD1451C? 0287EFFFFF7F         andi.l  #$efffff7f, D7
FFD14522? 008701000C01         ori.l   #$1000c01, D7
FFD14528? 6060                 bra     $ffd1458a
FFD1452Ad FC033A2F00306000     dc.b    $FC,$03,$3A,$2F,$00,$30,$60,$00,$FE,$84,$4A,$11,$67,$F2,$43,$EF ; |..:/.0`...J.g.C.|
FFD1453Ad 00563F780A4A0048     dc.b    $00,$56,$3F,$78,$0A,$4A,$00,$48,$42,$78,$0A,$4A,$02,$10,$00,$7F ; |.V?x.J.HBx.J....|
FFD1454Ad 2F083F3C0002A9EC     dc.b    $2F,$08,$3F,$3C,$00,$02,$A9,$EC,$FC,$03,$FC,$04,$FC,$0C,$FC,$07 ; |/.?<............|
FFD1455Ad 2F083F3C000AA9EC     dc.b    $2F,$08,$3F,$3C,$00,$0A,$A9,$EC,$48,$47,$8E,$78,$0A,$4A,$02,$47 ; |/.?<....HG.x.J.G|
FFD1456Ad 1F00484731EF0048     dc.b    $1F,$00,$48,$47,$31,$EF,$00,$48,$0A,$4A,$FC,$03,$08,$06,$00,$00 ; |..HG1..H.J......|
FFD1457Ad 67040A4700800806     dc.b    $67,$04,$0A,$47,$00,$80,$08,$06,$00,$02,$67,$04,$08,$87,$00,$1C ; |g..G......g.....|
FFD1458Ad 206F002CFC07226F     dc.b    $20,$6F,$00,$2C,$FC,$07,$22,$6F,$00,$28,$4A,$29,$00,$05,$6A,$02 ; | o.,.."o.(J)..j.|
FFD1459Ad 311048473C380A4A     dc.b    $31,$10,$48,$47,$3C,$38,$0A,$4A,$8C,$47,$31,$C6,$0A,$4A,$48,$47 ; |1.HG<8.J.G1..JHG|
FFD145AAd FC026000F9F22F48     dc.b    $FC,$02,$60,$00,$F9,$F2,$2F,$48,$00,$2C,$20,$6F,$00,$28,$20,$68 ; |..`.../H., o.( h|
FFD145BAd 000E584708060017     dc.b    $00,$0E,$58,$47,$08,$06,$00,$17,$67,$0A,$2C,$3C,$00,$20,$00,$00 ; |..XG....g.,<. ..|
FFD145CAd 54AF002CFC03FC04     dc.b    $54,$AF,$00,$2C,$FC,$03,$FC,$04,$7C,$00,$0C,$47,$0C,$00,$64,$20 ; |T..,....|..G..d |
FFD145DAd 4A106A320C403FFF     dc.b    $4A,$10,$6A,$32,$0C,$40,$3F,$FF,$6E,$28,$66,$2A,$B4,$81,$68,$22 ; |J.j2.@?.n(f*..h"|
FFD145EAd 4A82661E08070008     dc.b    $4A,$82,$66,$1E,$08,$07,$00,$08,$67,$0A,$41,$FA,$07,$94,$FC,$03 ; |J.f.....g.A.....|
FFD145FAd 600000AA             dc.b    $60,$00,$00,$AA                   ; |`...|
FFD145FE? 4A11                 tst.b   (A1)
FFD14600? 6A26                 bpl     $ffd14628
FFD14602? 08C7001B             bset    #$1b, D7
FFD14606? 41FA07D6             lea     ($ffd14dde,PC), A0
FFD1460A? 60EC                 bra     $ffd145f8
FFD1460Cd 60000080             dc.b    $60,$00,$00,$80                   ; |`...|
FFD14610? 08070008             btst    #$8, D7
FFD14614? 66DE                 bne     $ffd145f4
FFD14616? 08070009             btst    #$9, D7
FFD1461A? 6712                 beq     $ffd1462e
FFD1461C? 0807000A             btst    #$a, D7
FFD14620? 666C                 bne     $ffd1468e
FFD14622? 0C070040             cmpi.b  #$40, D7
FFD14626? 6BDE                 bmi     $ffd14606
FFD14628? 41FA0724             lea     ($ffd14d4e,PC), A0
FFD1462C? 60CA                 bra     $ffd145f8
FFD1462Ed 3F780A4A00484278     dc.b    $3F,$78,$0A,$4A,$00,$48,$42,$78,$0A,$4A,$2F,$2F,$00,$2C,$3F,$3C ; |?x.J.HBx.J//.,?<|
FFD1463Ed 00080C403F7F6D26     dc.b    $00,$08,$0C,$40,$3F,$7F,$6D,$26,$3E,$BC,$00,$0A,$41,$EF,$00,$38 ; |...@?.m&>...A..8|
FFD1464Ed FC07FC05224841EF     dc.b    $FC,$07,$FC,$05,$22,$48,$41,$EF,$00,$44,$FC,$07,$2F,$09,$3F,$3C ; |...."HA..D../.?<|
FFD1465Ed 0006A9EC023800FD     dc.b    $00,$06,$A9,$EC,$02,$38,$00,$FD,$0A,$4A,$FC,$03,$FC,$04,$FC,$0C ; |.....8...J......|
FFD1466Ed 08870019206F0032     dc.b    $08,$87,$00,$19,$20,$6F,$00,$32,$FC,$07 ; |.... o.2..|
FFD14678? A9EC                 _Elems68K                                 ; A-line trap A9EC
FFD1467A? 4847                 swap    D7
FFD1467C? 8E780A4A             or.w    $a4a.w, D7                        ; FPState
FFD14680? 02471F00             andi.w  #$1f00, D7
FFD14684? 4847                 swap    D7
FFD14686? 31EF00480A4A         move.w  ($48,A7), $a4a.w                  ; FPState
FFD1468C? 601E                 bra     $ffd146ac
FFD1468Ed 223C402600007400     dc.b    $22,$3C,$40,$26,$00,$00,$74,$00,$30,$3C,$7F,$FF,$02,$87,$EF,$FF ; |"<@&..t.0<......|
FFD1469Ed FF7F008701000C01     dc.b    $FF,$7F,$00,$87,$01,$00,$0C,$01,$20,$6F,$00,$2C,$FC,$07,$22,$6F ; |........ o.,.."o|
FFD146AEd 00284A2900056A02     dc.b    $00,$28,$4A,$29,$00,$05,$6A,$02,$31,$10,$48,$47,$3C,$38,$0A,$4A ; |.(J)..j.1.HG<8.J|
FFD146BEd 8C4731C60A4A4847     dc.b    $8C,$47,$31,$C6,$0A,$4A,$48,$47,$FC,$02,$60,$00,$F8,$D6,$2F,$48 ; |.G1..JHG..`.../H|
FFD146CEd 002C206F00282068     dc.b    $00,$2C,$20,$6F,$00,$28,$20,$68,$00,$0E,$58,$47,$08,$06,$00,$17 ; |., o.( h..XG....|
FFD146DEd 670A2C3C00200000     dc.b    $67,$0A,$2C,$3C,$00,$20,$00,$00,$54,$AF,$00,$2C,$FC,$03,$FC,$04 ; |g.,<. ..T..,....|
FFD146EEd 7C000C470C00646E     dc.b    $7C,$00,$0C,$47,$0C,$00,$64,$6E,$4A,$10,$6A,$30,$0C,$40,$3F,$FF ; ||..G..dnJ.j0.@?.|
FFD146FEd 6E266628B4816820     dc.b    $6E,$26,$66,$28,$B4,$81,$68,$20,$4A,$82,$66,$1C,$08,$07,$00,$08 ; |n&f(..h J.f.....|
FFD1470Ed 670841FA063CFC03     dc.b    $67,$08,$41,$FA,$06,$3C,$FC,$03,$60,$4C ; |g.A..<..`L|
FFD14718? 4A11                 tst.b   (A1)
FFD1471A? 6B48                 bmi     $ffd14764
FFD1471C? 08C7001B             bset    #$1b, D7
FFD14720? 41FA06BC             lea     ($ffd14dde,PC), A0
FFD14724? 60EE                 bra     $ffd14714
FFD14726d 6000FF6608070008     dc.b    $60,$00,$FF,$66,$08,$07,$00,$08,$66,$E0,$08,$07,$00,$0A,$67,$04 ; |`..f....f.....g.|
FFD14736d FC05602A             dc.b    $FC,$05,$60,$2A                   ; |..`*|
FFD1473A? 0807000B             btst    #$b, D7
FFD1473E? 6728                 beq     $ffd14768
FFD14740? 4A11                 tst.b   (A1)
FFD14742? 6ACC                 bpl     $ffd14710
FFD14744? 0C433FFF             cmpi.w  #$3fff, D3
FFD14748? 6E16                 bgt     $ffd14760
FFD1474A? 660E                 bne     $ffd1475a
FFD1474C? BA84                 cmp.l   D4, D5
FFD1474E? 6810                 bvc     $ffd14760
FFD14750? 4A85                 tst.l   D5
FFD14752? 660C                 bne     $ffd14760
FFD14754? 41FA05EC             lea     ($ffd14d42,PC), A0
FFD14758? 60BA                 bra     $ffd14714
FFD1475Ad 41FA05F2FC030A47     dc.b    $41,$FA,$05,$F2,$FC,$03,$0A,$47,$00,$80,$60,$00,$FF,$40,$08,$07 ; |A......G..`..@..|
FFD1476Ad 0009671A0C070040     dc.b    $00,$09,$67,$1A,$0C,$07,$00,$40,$6A,$C2,$41,$EF,$00,$32,$FC,$07 ; |..g....@j.A..2..|
FFD1477Ad 224841FA060CFC03     dc.b    $22,$48,$41,$FA,$06,$0C,$FC,$03,$FC,$04,$FC,$0D,$60,$DC,$3F,$78 ; |"HA.........`.?x|
FFD1478Ad 0A4A004842780A4A     dc.b    $0A,$4A,$00,$48,$42,$78,$0A,$4A,$41,$EF,$00,$3E,$FC,$07,$41,$EF ; |.J.HBx.JA..>..A.|
FFD1479Ad 00320C403F7F6D78     dc.b    $00,$32,$0C,$40,$3F,$7F,$6D,$78,$FC,$07,$FC,$05,$22,$48,$41,$EF ; |.2.@?.mx...."HA.|
FFD147AAd 004AFC072F093F3C     dc.b    $00,$4A,$FC,$07,$2F,$09,$3F,$3C,$00,$06,$A9,$EC,$C1,$49,$FC,$03 ; |.J../.?<.....I..|
FFD147BAd FC04FC0C0A470080     dc.b    $FC,$04,$FC,$0C,$0A,$47,$00,$80,$FC,$07,$0C,$50,$40,$07,$6D,$08 ; |.....G.....P@.m.|
FFD147CAd 0C6F407F003E6C58     dc.b    $0C,$6F,$40,$7F,$00,$3E,$6C,$58,$2F,$08,$3F,$3C,$00,$0E,$A9,$EC ; |.o@..>lX/.?<....|
FFD147DAd FC030A47008043EF     dc.b    $FC,$03,$0A,$47,$00,$80,$43,$EF,$00,$3E,$FC,$04,$FC,$0D ; |...G..C..>....|
FFD147E8? 4847                 swap    D7
FFD147EA? 8E780A4A             or.w    $a4a.w, D7                        ; FPState
FFD147EE? 02471900             andi.w  #$1900, D7
FFD147F2? 4847                 swap    D7
FFD147F4? 31EF00480A4A         move.w  ($48,A7), $a4a.w                  ; FPState
FFD147FA? 0807000B             btst    #$b, D7
FFD147FE? 6612                 bne     $ffd14812
FFD14800? 4A80                 tst.l   D0
FFD14802? 6E12                 bgt     $ffd14816
FFD14804? 6B06                 bmi     $ffd1480c
FFD14806? 0807000A             btst    #$a, D7
FFD1480A? 670A                 beq     $ffd14816
FFD1480C? 08C70019             bset    #$19, D7
FFD14810? 6004                 bra     $ffd14816
FFD14812d 08C7001A6000FE8E     dc.b    $08,$C7,$00,$1A,$60,$00,$FE,$8E,$FC,$0C,$0A,$47,$00,$80,$FC,$07 ; |....`......G....|
FFD14822? 2F08                 move.l  A0, -(A7)
FFD14824? 3F3C000C             move.w  #$c, -(A7)
FFD14828? 60AE                 bra     $ffd147d8
FFD1482Ad 486F003E3F3C0002     dc.b    $48,$6F,$00,$3E,$3F,$3C,$00,$02,$A9,$EC,$41,$FA,$05,$54,$FC,$03 ; |Ho.>?<....A..T..|
FFD1483Ad FC04FC0A43EF003E     dc.b    $FC,$04,$FC,$0A,$43,$EF,$00,$3E,$FC,$04,$FC,$0C,$0A,$47,$00,$80 ; |....C..>.....G..|
FFD1484Ad 2049FC072F083F3C     dc.b    $20,$49,$FC,$07,$2F,$08,$3F,$3C,$00,$0A,$A9,$EC,$FC,$03,$0A,$47 ; | I../.?<.......G|
FFD1485Ad 0080608A08060017     dc.b    $00,$80,$60,$8A,$08,$06,$00,$17,$67,$02,$30,$98,$2F,$48,$00,$2C ; |..`.....g.0./H.,|
FFD1486Ad 7C03FC030C470400     dc.b    $7C,$03,$FC,$03,$0C,$47,$04,$00,$64,$00,$00,$A8,$43,$FA,$05,$1E ; ||....G..d...C...|
FFD1487Ad FC04FC0EB9459A44     dc.b    $FC,$04,$FC,$0E,$B9,$45,$9A,$44,$CC,$45,$7A,$01,$CA,$46,$66,$00 ; |.....E.D.Ez..Ff.|
FFD1488Ad 00F441EF0032FC07     dc.b    $00,$F4,$41,$EF,$00,$32,$FC,$07,$22,$48,$FC,$04,$41,$EF,$00,$3E ; |..A..2.."H..A..>|
FFD1489Ad 43FA05F66100047E     dc.b    $43,$FA,$05,$F6,$61,$00,$04,$7E,$41,$EF,$00,$4A,$FC,$07,$41,$FA ; |C...a..~A..J..A.|
FFD148AAd 060C6100044643EF     dc.b    $06,$0C,$61,$00,$04,$46,$43,$EF,$00,$4A,$FC,$04,$FC,$0D,$20,$49 ; |..a..FC..J.... I|
FFD148BAd FC0741EF003243EF     dc.b    $FC,$07,$41,$EF,$00,$32,$43,$EF,$00,$3E,$FC,$03,$FC,$04,$FC,$0C ; |..A..2C..>......|
FFD148CAd 43EF004AFC04FC0C     dc.b    $43,$EF,$00,$4A,$FC,$04,$FC,$0C,$22,$48,$0A,$47,$00,$80,$FC,$04 ; |C..J...."H.G....|
FFD148DAd FC0A024600026704     dc.b    $FC,$0A,$02,$46,$00,$02,$67,$04,$0A,$47,$00,$80,$08,$C7,$00,$1C ; |...F..g..G......|
FFD148EAd 088700194A806A04     dc.b    $08,$87,$00,$19,$4A,$80,$6A,$04,$08,$C7,$00,$19,$20,$6F,$00,$2C ; |....J.j..... o.,|
FFD148FAd FC07226F00284A29     dc.b    $FC,$07,$22,$6F,$00,$28,$4A,$29,$00,$05,$6A,$02,$31,$10,$48,$47 ; |.."o.(J)..j.1.HG|
FFD1490Ad 3C380A4A8C4731C6     dc.b    $3C,$38,$0A,$4A,$8C,$47,$31,$C6,$0A,$4A,$48,$47,$FC,$02,$60,$00 ; |<8.J.G1..JHG..`.|
FFD1491Ad F686                 dc.b    $F6,$86                           ; |..|
FFD1491C? 0C470800             cmpi.w  #$800, D7
FFD14920? 65D4                 bcs     $ffd148f6
FFD14922? 0C470C00             cmpi.w  #$c00, D7
FFD14926? 64CE                 bcc     $ffd148f6
FFD14928? 223C40210000         move.l  #$40210000, D1
FFD1492E? 7400                 moveq   #$0, D2
FFD14930? 303C7FFF             move.w  #$7fff, D0
FFD14934? 0287EFFFFF7F         andi.l  #$efffff7f, D7
FFD1493A? 008701000C01         ori.l   #$1000c01, D7
FFD14940? 60B4                 bra     $ffd148f6
FFD14942d 0C47080064DA41FA     dc.b    $0C,$47,$08,$00,$64,$DA,$41,$FA,$04,$40,$FC,$03,$60,$A6,$08,$06 ; |.G..d.A..@..`...|
FFD14952d 0017670230982F48     dc.b    $00,$17,$67,$02,$30,$98,$2F,$48,$00,$2C,$7C,$03,$FC,$03,$0C,$47 ; |..g.0./H.,|....G|
FFD14962d 040064DC43FA042E     dc.b    $04,$00,$64,$DC,$43,$FA,$04,$2E,$FC,$04,$FC,$0E,$B9,$45,$9A,$44 ; |..d.C........E.D|
FFD14972d 5245CC457A01CA46     dc.b    $52,$45,$CC,$45,$7A,$01,$CA,$46,$67,$00,$FF,$10,$41,$EF,$00,$32 ; |RE.Ez..Fg...A..2|
FFD14982d FC072248FC0441EF     dc.b    $FC,$07,$22,$48,$FC,$04,$41,$EF,$00,$3E,$43,$FA,$05,$58,$61,$00 ; |.."H..A..>C..Xa.|
FFD14992d 038C41EF0056FC07     dc.b    $03,$8C,$41,$EF,$00,$56,$FC,$07,$41,$FA,$05,$6E,$61,$00,$03,$54 ; |..A..V..A..na..T|
FFD149A2d 43EF0056FC04FC0D     dc.b    $43,$EF,$00,$56,$FC,$04,$FC,$0D,$43,$EF,$00,$3E,$FC,$04,$FC,$0C ; |C..V....C..>....|
FFD149B2d FC040C433FFD6E1A     dc.b    $FC,$04,$0C,$43,$3F,$FD,$6E,$1A,$66,$08,$BA,$84,$68,$14,$4A,$85 ; |...C?.n.f...h.J.|
FFD149C2d 6610FC0CFC045383     dc.b    $66,$10,$FC,$0C,$FC,$04,$53,$83,$FC,$0B,$43,$FA,$03,$BC,$60,$00 ; |f.....S...C...`.|
FFD149D2d FF06FC0C41EF004A     dc.b    $FF,$06,$FC,$0C,$41,$EF,$00,$4A,$FC,$07,$41,$EF,$00,$32,$FC,$03 ; |....A..J..A..2..|
FFD149E2d 0247FF7F43FA0372     dc.b    $02,$47,$FF,$7F,$43,$FA,$03,$72,$FC,$04,$FC,$0B,$FC,$07,$22,$48 ; |.G..C..r......"H|
FFD149F2d FC045383FC0C43EF     dc.b    $FC,$04,$53,$83,$FC,$0C,$43,$EF,$00,$4A,$FC,$04,$FC,$0B,$22,$48 ; |..S...C..J...."H|
FFD14A02d FC045383FC0A43FA     dc.b    $FC,$04,$53,$83,$FC,$0A,$43,$FA,$03,$74,$60,$00,$FE,$C6,$08,$06 ; |..S...C..t`.....|
FFD14A12d 0017670230982F48     dc.b    $00,$17,$67,$02,$30,$98,$2F,$48,$00,$2C,$7C,$01,$FC,$03,$0C,$47 ; |..g.0./H.,|....G|
FFD14A22d 04006400FEF643FA     dc.b    $04,$00,$64,$00,$FE,$F6,$43,$FA,$03,$6C,$FC,$04,$FC,$0E,$CC,$45 ; |..d...C..l.....E|
FFD14A32d 41EF0032FC072248     dc.b    $41,$EF,$00,$32,$FC,$07,$22,$48,$FC,$04,$41,$EF,$00,$3E,$43,$FA ; |A..2.."H..A..>C.|
FFD14A42d 04F8610002E441EF     dc.b    $04,$F8,$61,$00,$02,$E4,$41,$EF,$00,$4A,$FC,$07,$41,$EF,$00,$32 ; |..a...A..J..A..2|
FFD14A52d FC03FC04FC0C41EF     dc.b    $FC,$03,$FC,$04,$FC,$0C,$41,$EF,$00,$56,$FC,$07,$41,$FA,$04,$FE ; |......A..V..A...|
FFD14A62d 6100029043EF004A     dc.b    $61,$00,$02,$90,$43,$EF,$00,$4A,$20,$49,$FC,$04,$FC,$0D,$43,$EF ; |a...C..J I....C.|
FFD14A72d 003EFC0443EF0056     dc.b    $00,$3E,$FC,$04,$43,$EF,$00,$56,$0C,$43,$3F,$FD,$6E,$2E,$66,$08 ; |.>..C..V.C?.n.f.|
FFD14A82d BA8468284A856624     dc.b    $BA,$84,$68,$28,$4A,$85,$66,$24,$FC,$0C,$FC,$04,$FC,$0C,$FC,$07 ; |..h(J.f$........|
FFD14A92d 41EF0056FC0343FA     dc.b    $41,$EF,$00,$56,$FC,$03,$43,$FA,$03,$14,$FC,$04,$FC,$0D,$43,$EF ; |A..V..C.......C.|
FFD14AA2d 004AFC04FC0A43EF     dc.b    $00,$4A,$FC,$04,$FC,$0A,$43,$EF,$00,$32,$60,$3A,$FC,$0C,$FC,$04 ; |.J....C..2`:....|
FFD14AB2d FC0CFC0741EF0032     dc.b    $FC,$0C,$FC,$07,$41,$EF,$00,$32,$FC,$03,$43,$FA,$02,$B4,$FC,$04 ; |....A..2..C.....|
FFD14AC2d FC0B43FA02E8FC04     dc.b    $FC,$0B,$43,$FA,$02,$E8,$FC,$04,$FC,$0D,$43,$EF,$00,$3E,$FC,$04 ; |..C.......C..>..|
FFD14AD2d FC0C43EF004AFC04     dc.b    $FC,$0C,$43,$EF,$00,$4A,$FC,$04,$FC,$0A,$43,$EF,$00,$3E,$FC,$04 ; |..C..J....C..>..|
FFD14AE2d 5583FC0A2248FC04     dc.b    $55,$83,$FC,$0A,$22,$48,$FC,$04,$FC,$0A,$02,$46,$00,$01,$67,$1C ; |U..."H.....F..g.|
FFD14AF2d 41EF004AFC072248     dc.b    $41,$EF,$00,$4A,$FC,$07,$22,$48,$41,$FA,$02,$46,$FC,$03,$FC,$04 ; |A..J.."HA..F....|
FFD14B02d FC0D                 dc.b    $FC,$0D                           ; |..|
FFD14B04? 0807001B             btst    #$1b, D7
FFD14B08? 6704                 beq     $ffd14b0e
FFD14B0A? 0A470080             eori.w  #$80, D7
FFD14B0E? 6000FDD6             bra     $ffd148e6
FFD14B12? 0807000A             btst    #$a, D7
FFD14B16? 660E                 bne     $ffd14b26
FFD14B18? 0247F3FF             andi.w  #$f3ff, D7
FFD14B1C? 41FA0278             lea     ($ffd14d96,PC), A0
FFD14B20? 3018                 move.w  (A0)+, D0
FFD14B22? 2218                 move.l  (A0)+, D1
FFD14B24? 2410                 move.l  (A0), D2
FFD14B26? 6000FDCE             bra     $ffd148f6
FFD14B2Ad 0806001767023098     dc.b    $08,$06,$00,$17,$67,$02,$30,$98,$2F,$48,$00,$2C,$7C,$00,$FC,$03 ; |....g.0./H.,|...|
FFD14B3Ad 0C47040064D20247     dc.b    $0C,$47,$04,$00,$64,$D2,$02,$47,$FF,$7F,$43,$FA,$02,$44,$FC,$04 ; |.G..d..G..C..D..|
FFD14B4Ad B0836D146608B284     dc.b    $B0,$83,$6D,$14,$66,$08,$B2,$84,$66,$04,$4A,$81,$67,$0A,$C1,$43 ; |..m.f...f.J.g..C|
FFD14B5Ad C344C545FC0D5246     dc.b    $C3,$44,$C5,$45,$FC,$0D,$52,$46,$41,$EF,$00,$32,$FC,$07,$0C,$40 ; |.D.E..RFA..2...@|
FFD14B6Ad 3FFD6E4A66120C81     dc.b    $3F,$FD,$6E,$4A,$66,$12,$0C,$81,$89,$30,$A2,$F4,$62,$40,$66,$08 ; |?.nJf....0..b@f.|
FFD14B7Ad 0C82F66AB18A6236     dc.b    $0C,$82,$F6,$6A,$B1,$8A,$62,$36,$22,$48,$FC,$04,$41,$EF,$00,$3E ; |...j..b6"H..A..>|
FFD14B8Ad 43FA041A6100017E     dc.b    $43,$FA,$04,$1A,$61,$00,$01,$7E,$41,$EF,$00,$4A,$FC,$07,$41,$FA ; |C...a..~A..J..A.|
FFD14B9Ad 044861000178FC04     dc.b    $04,$48,$61,$00,$01,$78,$FC,$04,$FC,$0C,$43,$EF,$00,$4A,$FC,$04 ; |.Ha..x....C..J..|
FFD14BAAd FC0D43EF0032FC04     dc.b    $FC,$0D,$43,$EF,$00,$32,$FC,$04,$FC,$0C,$60,$00,$00,$A2,$43,$FA ; |..C..2....`...C.|
FFD14BBAd 03D4FC04FC0C41EF     dc.b    $03,$D4,$FC,$04,$FC,$0C,$41,$EF,$00,$62,$FC,$07,$43,$FA,$01,$C2 ; |......A..b..C...|
FFD14BCAd FC04FC0A224841EF     dc.b    $FC,$04,$FC,$0A,$22,$48,$41,$EF,$00,$4A,$FC,$07,$41,$FA,$01,$B2 ; |...."HA..J..A...|
FFD14BDAd FC03FC04FC0DC149     dc.b    $FC,$03,$FC,$04,$FC,$0D,$C1,$49,$FC,$04,$FC,$0A,$FC,$07,$41,$EF ; |.......I......A.|
FFD14BEAd 0032FC0343FA039E     dc.b    $00,$32,$FC,$03,$43,$FA,$03,$9E,$FC,$04,$FC,$0B,$41,$EF,$00,$56 ; |.2..C.......A..V|
FFD14BFAd FC0743EF0062FC04     dc.b    $FC,$07,$43,$EF,$00,$62,$FC,$04,$FC,$0D,$C1,$49,$FC,$07,$20,$49 ; |..C..b.....I.. I|
FFD14C0Ad FC0343EF004AFC04     dc.b    $FC,$03,$43,$EF,$00,$4A,$FC,$04,$FC,$0D,$FC,$07,$22,$48,$FC,$04 ; |..C..J......"H..|
FFD14C1Ad 41EF003E43FA0386     dc.b    $41,$EF,$00,$3E,$43,$FA,$03,$86,$61,$00,$00,$EA,$41,$EF,$00,$4A ; |A..>C...a...A..J|
FFD14C2Ad FC0741FA03B46100     dc.b    $FC,$07,$41,$FA,$03,$B4,$61,$00,$00,$E4,$FC,$04,$FC,$0C,$43,$EF ; |..A...a.......C.|
FFD14C3Ad 004AFC04FC0D43EF     dc.b    $00,$4A,$FC,$04,$FC,$0D,$43,$EF,$00,$56,$FC,$04,$FC,$0C,$43,$FA ; |.J....C..V....C.|
FFD14C4Ad 0350FC04FC0A43EF     dc.b    $03,$50,$FC,$04,$FC,$0A,$43,$EF,$00,$62,$FC,$04,$FC,$0A,$43,$EF ; |.P....C..b....C.|
FFD14C5Ad 0032FC04FC0B0A47     dc.b    $00,$32,$FC,$04,$FC,$0B,$0A,$47,$00,$80,$02,$46,$00,$01,$67,$0C ; |.2.....G...F..g.|
FFD14C6Ad 0A47008043FA0126     dc.b    $0A,$47,$00,$80,$43,$FA,$01,$26,$FC,$04,$FC,$0A ; |.G..C..&....|
FFD14C76? 226F002C             movea.l ($2c,A7), A1
FFD14C7A? 4A11                 tst.b   (A1)
FFD14C7C? 6A00FC68             bpl     $ffd148e6
FFD14C80? 00470080             ori.w   #$80, D7
FFD14C84? 6000FC60             bra     $ffd148e6
FFD14C88d 0806001767023098     dc.b    $08,$06,$00,$17,$67,$02,$30,$98,$2F,$48,$00,$2C,$7C,$00,$FC,$03 ; |....g.0./H.,|...|
FFD14C98? 0C470C00             cmpi.w  #$c00, D7
FFD14C9C? 6452                 bcc     $ffd14cf0
FFD14C9E? 0C503FFF             cmpi.w  #$3fff, (A0)
FFD14CA2? 6D34                 blt     $ffd14cd8
FFD14CA4? 4A82                 tst.l   D2
FFD14CA6? 6630                 bne     $ffd14cd8
FFD14CA8? 363C401E             move.w  #$401e, D3
FFD14CAC? 9640                 sub.w   D0, D3
FFD14CAE? 6F28                 ble     $ffd14cd8
FFD14CB0? EFC51023             bfins   D1, D5 {0:D3}; (2+)
FFD14CB4? 6622                 bne     $ffd14cd8
FFD14CB6? E6A9                 lsr.l   D3, D1
FFD14CB8? 4C3C1404000041A7     mulu.l #$41a7, D4-D1; (2+)
FFD14CC0? 4C7C14047FFFFFFF     divu.l  #$7fffffff, D4:D1; (2+)
FFD14CC8? 2204                 move.l  D4, D1
FFD14CCA? EDC13000             bfffo   D3, D1 {0:32}; (2+)
FFD14CCE? E7A9                 lsl.l   D3, D1
FFD14CD0? 303C401E             move.w  #$401e, D0
FFD14CD4? 9043                 sub.w   D3, D0
FFD14CD6? 6018                 bra     $ffd14cf0
FFD14CD8d 43FA00E0FC04FC0C     dc.b    $43,$FA,$00,$E0,$FC,$04,$FC,$0C,$43,$FA,$00,$E4,$FC,$04,$FC,$0E ; |C.......C.......|
FFD14CE8d 4A076A04FC04FC0A     dc.b    $4A,$07,$6A,$04,$FC,$04,$FC,$0A,$60,$00,$FC,$04,$FC,$03,$FC,$04 ; |J.j.....`.......|
FFD14CF8d C149FC0C43E9000C     dc.b    $C1,$49,$FC,$0C,$43,$E9,$00,$0C,$FC,$04,$FC,$0A ; |.I..C.......|
FFD14D04? C149                 exg     A0, A1
FFD14D06? 4A68FFFE             tst.w   (-$2,A0)
FFD14D0A? 67EA                 beq     $ffd14cf6
FFD14D0C? 4E75                 rts
FFD14D0Ed FC0CFC07FC0460E4     dc.b    $FC,$0C,$FC,$07,$FC,$04,$60,$E4,$FC,$03,$FC,$04,$FC,$0A,$60,$D8 ; |......`.......`.|
FFD14D1Ed FC0CFC07FC04FC0A     dc.b    $FC,$0C,$FC,$07,$FC,$04,$FC,$0A,$C1,$49,$60,$CC,$FC,$0C,$FC,$07 ; |.........I`.....|
FFD14D2Ed 0A470080FC04FC0A     dc.b    $0A,$47,$00,$80,$FC,$04,$FC,$0A,$C1,$49,$60,$BC,$00,$00,$5F,$00 ; |.G.......I`..._.|
FFD14D3Ed 00000000BFFF8000     dc.b    $00,$00,$00,$00,$BF,$FF,$80,$00,$00,$00,$00,$00,$00,$00,$00,$00 ; |................|
FFD14D4Ed 0000000000000000     dc.b    $00,$00,$00,$00,$00,$00,$00,$00,$00,$00,$00,$00,$3F,$FE,$80,$00 ; |............?...|
FFD14D5Ed 0000000000000000     dc.b    $00,$00,$00,$00,$00,$00,$00,$00,$3F,$FE,$B1,$72,$17,$F7,$D1,$CF ; |........?..r....|
FFD14D6Ed 79AC00003FFEC000     dc.b    $79,$AC,$00,$00,$3F,$FE,$C0,$00,$00,$00,$00,$00,$00,$00,$00,$00 ; |y...?...........|
FFD14D7Ed 3FFEE00000000000     dc.b    $3F,$FE,$E0,$00,$00,$00,$00,$00,$00,$00,$00,$00,$3F,$FF,$80,$00 ; |?...........?...|
FFD14D8Ed 0000000000000000     dc.b    $00,$00,$00,$00,$00,$00,$00,$00,$3F,$FF,$C9,$0F,$DA,$A2,$21,$68 ; |........?.....!h|
FFD14D9Ed C235000040008000     dc.b    $C2,$35,$00,$00,$40,$00,$80,$00,$00,$00,$00,$00,$00,$00,$00,$00 ; |.5..@...........|
FFD14DAEd 4000C00000000000     dc.b    $40,$00,$C0,$00,$00,$00,$00,$00,$00,$00,$00,$00,$40,$0D,$83,$4E ; |@...........@..N|
FFD14DBEd 0000000000000000     dc.b    $00,$00,$00,$00,$00,$00,$00,$00,$40,$1D,$FF,$FF,$FF,$FE,$00,$00 ; |........@.......|
FFD14DCEd 00000000403E8000     dc.b    $00,$00,$00,$00,$40,$3E,$80,$00,$00,$00,$00,$00,$00,$00,$00,$00 ; |....@>..........|
FFD14DDEd 7FFF000000000000     dc.b    $7F,$FF,$00,$00,$00,$00,$00,$00,$00,$00,$00,$00,$3F,$F6,$B9,$46 ; |............?..F|
FFD14DEEd 46AFF6CE3BFF0000     dc.b    $46,$AF,$F6,$CE,$3B,$FF,$00,$00,$3F,$F9,$94,$F4,$32,$21,$4D,$61 ; |F...;...?...2!Ma|
FFD14DFEd FBEB00003FFBDC97     dc.b    $FB,$EB,$00,$00,$3F,$FB,$DC,$97,$89,$03,$D9,$44,$78,$93,$00,$00 ; |....?......Dx...|
FFD14E0Ed 3FFF9F9E394657CA     dc.b    $3F,$FF,$9F,$9E,$39,$46,$57,$CA,$1D,$05,$00,$00,$C0,$01,$CD,$6B ; |?...9FW........k|
FFD14E1Ed C53A46ECDC9AFFFF     dc.b    $C5,$3A,$46,$EC,$DC,$9A,$FF,$FF,$40,$01,$B4,$83,$97,$E7,$BA,$E6 ; |.:F.....@.......|
FFD14E2Ed FCE00000C000B818     dc.b    $FC,$E0,$00,$00,$C0,$00,$B8,$18,$35,$C3,$CE,$0A,$5E,$1D,$FF,$FF ; |........5...^...|
FFD14E3Ed 3FFFFA3EDF0EDDF4     dc.b    $3F,$FF,$FA,$3E,$DF,$0E,$DD,$F4,$1A,$96,$00,$00,$BF,$EE,$FF,$88 ; |?..>............|
FFD14E4Ed 90C81B209B790000     dc.b    $90,$C8,$1B,$20,$9B,$79,$00,$00,$3F,$F9,$DA,$5C,$84,$EF,$B8,$13 ; |... .y..?..\....|
FFD14E5Ed 272F0000400397D3     dc.b    $27,$2F,$00,$00,$40,$03,$97,$D3,$BA,$EA,$F8,$0F,$FD,$45,$FF,$FF ; |'/..@........E..|
FFD14E6Ed 4009AB8671A195BE     dc.b    $40,$09,$AB,$86,$71,$A1,$95,$BE,$FF,$0C,$00,$00,$40,$06,$D5,$48 ; |@...q.......@..H|
FFD14E7Ed 7002984B5AB4FFFF     dc.b    $70,$02,$98,$4B,$5A,$B4,$FF,$FF,$40,$0A,$F7,$75,$61,$2E,$96,$B7 ; |p..KZ...@..ua...|
FFD14E8Ed 07800000400788D8     dc.b    $07,$80,$00,$00,$40,$07,$88,$D8,$B8,$44,$A6,$A8,$5A,$30,$00,$00 ; |....@....D..Z0..|
FFD14E9Ed 400E8A158A490979     dc.b    $40,$0E,$8A,$15,$8A,$49,$09,$79,$23,$20,$FF,$FF,$40,$13,$FA,$A9 ; |@....I.y# ..@...|
FFD14EAEd FE26FE63F22B0000     dc.b    $FE,$26,$FE,$63,$F2,$2B,$00,$00,$BF,$FE,$C2,$50,$86,$AE,$43,$F5 ; |.&.c.+.....P..C.|
FFD14EBEd CBF5000040069E76     dc.b    $CB,$F5,$00,$00,$40,$06,$9E,$76,$EC,$66,$BE,$E7,$6B,$A2,$00,$00 ; |....@..v.f..k...|
FFD14ECEd C00CAF51A1D6C4C4     dc.b    $C0,$0C,$AF,$51,$A1,$D6,$C4,$C4,$AA,$01,$FF,$FF,$40,$11,$A7,$1B ; |...Q........@...|
FFD14EDEd FEC4A997F6CE0000     dc.b    $FE,$C4,$A9,$97,$F6,$CE,$00,$00,$40,$07,$A6,$D9,$6A,$95,$FB,$DF ; |........@...j...|
FFD14EEEd 96850000400EC7A7     dc.b    $96,$85,$00,$00,$40,$0E,$C7,$A7,$EA,$65,$E8,$5D,$15,$6B,$FF,$FF ; |....@....e.].k..|
FFD14EFEd 4014D26E871C7B17     dc.b    $40,$14,$D2,$6E,$87,$1C,$7B,$17,$52,$B2,$00,$00,$BF,$FB,$D5,$7E ; |@..n..{.R......~|
FFD14F0Ed 18D7A6F6D7580000     dc.b    $18,$D7,$A6,$F6,$D7,$58,$00,$00,$40,$03,$E3,$64,$93,$7E,$32,$B3 ; |.....X..@..d.~2.|
FFD14F1Ed D0720000C00AA62D     dc.b    $D0,$72,$00,$00,$C0,$0A,$A6,$2D,$40,$56,$58,$6B,$C0,$45,$FF,$FF ; |.r.....-@VXk.E..|
FFD14F2Ed 40108C49AF68520F     dc.b    $40,$10,$8C,$49,$AF,$68,$52,$0F,$8C,$7A,$00,$00,$40,$05,$B5,$13 ; |@..I.hR..z..@...|
FFD14F3Ed 032483C009550000     dc.b    $03,$24,$83,$C0,$09,$55,$00,$00,$C0,$09,$D1,$FF,$B2,$42,$57,$62 ; |.$...U.......BWb|
FFD14F4Ed E0CFFFFF400AE190     dc.b    $E0,$CF,$FF,$FF,$40,$0A,$E1,$90,$93,$09,$93,$76,$66,$AB,$00,$00 ; |....@......vf...|
FFD14F5Ed BFE9B1FC3363D79B     dc.b    $BF,$E9,$B1,$FC,$33,$63,$D7,$9B,$28,$38,$00,$00,$3F,$FD,$AA,$9D ; |....3c..(8..?...|
FFD14F6Ed 71D83EC74CD10000     dc.b    $71,$D8,$3E,$C7,$4C,$D1,$00,$00,$C0,$03,$E9,$CD,$8E,$24,$B9,$65 ; |q.>.L........$.e|
FFD14F7Ed 7DBBFFFF4007F09A     dc.b    $7D,$BB,$FF,$FF,$40,$07,$F0,$9A,$36,$70,$9D,$4B,$18,$36,$00,$00 ; |}...@...6p.K.6..|
FFD14F8Ed 3FFE93CD3A2C8198     dc.b    $3F,$FE,$93,$CD,$3A,$2C,$81,$98,$E2,$6A,$00,$00,$3F,$FA,$DC,$2A ; |?...:,...j..?..*|
FFD14F9Ed 86B15FDB64620000     dc.b    $86,$B1,$5F,$DB,$64,$62,$00,$00,$3F,$FF,$98,$D3,$1E,$AE,$2A,$FA ; |.._.db..?.....*.|
FFD14FAEd 5DAD000040038F79     dc.b    $5D,$AD,$00,$00,$40,$03,$8F,$79,$4C,$D8,$B3,$CD,$EF,$D9,$00,$00 ; |]...@..yL.......|
FFD14FBEd 40058E37ED8570B8     dc.b    $40,$05,$8E,$37,$ED,$85,$70,$B8,$B3,$68,$00,$00,$40,$05,$CD,$A4 ; |@..7..p..h..@...|
FFD14FCEd BEA1AC59F3B8FFFF     dc.b    $BE,$A1,$AC,$59,$F3,$B8,$FF,$FF,$40,$04,$C4,$05,$9C,$55,$4C,$F0 ; |...Y....@....UL.|
FFD14FDEd C65600004002A23B     dc.b    $C6,$56,$00,$00,$40,$02,$A2,$3B,$6C,$13,$1F,$92,$0E,$30,$00,$00 ; |.V..@..;l....0..|
FFD14FEEd 4003C3C8593DFA3A     dc.b    $40,$03,$C3,$C8,$59,$3D,$FA,$3A,$48,$6F,$FF,$FF,$40,$03,$82,$AE ; |@...Y=.:Ho..@...|
FFD14FFEd 6838DDF5D945A9EB     dc.b    $68,$38,$DD,$F5,$D9,$45,$A9,$EB,$FC,$01,$00,$1F,$EF,$11,$EA,$3C ; |h8...E.........<|
FFD1500Ed EF25EA42EF39EA48     dc.b    $EF,$25,$EA,$42,$EF,$39,$EA,$48,$EF,$4D,$EA,$4E,$EC,$49,$00,$00 ; |.%.B.9.H.M.N.I..|
FFD1501Ed EC490000EF61EAA0     dc.b    $EC,$49,$00,$00,$EF,$61,$EA,$A0,$ED,$05,$EA,$A6,$ED,$1B,$EA,$AD ; |.I...a..........|
FFD1502Ed EF82EABDEE40EA54     dc.b    $EF,$82,$EA,$BD,$EE,$40,$EA,$54,$EE,$4A,$EA,$6E,$EE,$F3,$EA,$78 ; |.....@.T.J.n...x|
FFD1503Ed EEA6EA92EBF10000     dc.b    $EE,$A6,$EA,$92,$EB,$F1,$00,$00,$00,$00,$00,$00,$A9,$EC,$FC,$01 ; |................|
FFD1504Ed 003EF0180000F018     dc.b    $00,$3E,$F0,$18,$00,$00,$F0,$18,$00,$00,$EF,$82,$00,$00,$EF,$82 ; |.>..............|
FFD1505Ed 0000F14A0000F14A     dc.b    $00,$00,$F1,$4A,$00,$00,$F1,$4A,$00,$00,$F0,$EA,$00,$00,$F0,$EA ; |...J...J........|
FFD1506Ed 0000F2F70000F3EF     dc.b    $00,$00,$F2,$F7,$00,$00,$F3,$EF,$00,$00,$F5,$61,$00,$00,$F6,$7D ; |...........a...}|
FFD1507Ed 0000F80E0000F900     dc.b    $00,$00,$F8,$0E,$00,$00,$F9,$00,$00,$00,$F9,$C0,$00,$00,$FA,$DA ; |................|
FFD1508Ed 0000FC3800000000     dc.b    $00,$00,$FC,$38,$00,$00,$00,$00,$00,$00,$00,$00,$00,$00,$00,$00 ; |...8............|
FFD1509Ed                      .space  $30                  ; zero to FFD150CE
FFD150CEd 4CEF83C000184EF9     dc.b    $4C,$EF,$83,$C0,$00,$18,$4E,$F9,$12,$34,$56,$78 ; |L.....N..4Vx|

sub_FFD150DA:
FFD150DA  303AFF28             move.w  ($ffd15004,PC), D0
FFD150DE  024003FF             andi.w  #$3ff, D0
FFD150E2  E548                 lsl.w   #2, D0
FFD150E4  06400E00             addi.w  #$e00, D0
FFD150E8  3240                 movea.w D0, A1
FFD150EA  2059                 movea.l (A1)+, A0
FFD150EC  2251                 movea.l (A1), A1
FFD150EE  3010                 move.w  (A0), D0
FFD150F0  3211                 move.w  (A1), D1
FFD150F2  B141                 eor.w   D0, D1
FFD150F4  907AFF10             sub.w   ($ffd15006,PC), D0
FFD150F8  8041                 or.w    D1, D0
FFD150FA  676A                 beq     loc_FFD15166
FFD150FC  203C000001AB         move.l  #$1ab, D0
FFD15102  A51E                 _NewPtrSys                                ; A-line trap A51E
FFD15104  6660                 bne     loc_FFD15166
FFD15106  700F                 moveq   #$f, D0
FFD15108  D088                 add.l   A0, D0
FFD1510A  0240FFF0             andi.w  #$fff0, D0
FFD1510E  2040                 movea.l D0, A0
FFD15110  43FAFEF2             lea     ($ffd15004,PC), A1
FFD15114  45D0                 lea     (A0), A2
FFD15116  303C0080             move.w  #$80, D0
FFD1511A  610C                 bsr     sub_FFD15128
FFD1511C  43FAFF2C             lea     ($ffd1504a,PC), A1
FFD15120  45E80090             lea     ($90,A0), A2
FFD15124  303C00FC             move.w  #$fc, D0

sub_FFD15128:
FFD15128  3219                 move.w  (A1)+, D1
FFD1512A  024103FF             andi.w  #$3ff, D1
FFD1512E  E549                 lsl.w   #2, D1
FFD15130  06410E00             addi.w  #$e00, D1
FFD15134  3641                 movea.w D1, A3
FFD15136  2F0A                 move.l  A2, -(A7)
FFD15138  2F0B                 move.l  A3, -(A7)
FFD1513A  2219                 move.l  (A1)+, D1
FFD1513C  24C1                 move.l  D1, (A2)+
FFD1513E  49FAFF8E             lea     ($ffd150ce,PC), A4
FFD15142  259C0000             move.l  (A4)+, (A2,D0.w)
FFD15146  259C0004             move.l  (A4)+, ($4,A2,D0.w)
FFD1514A  25930008             move.l  (A3), ($8,A2,D0.w)
FFD1514E  2649                 movea.l A1, A3
FFD15150  97CA                 suba.l  A2, A3
loc_FFD15152:
FFD15152  3840                 movea.w D0, A4
FFD15154  3419                 move.w  (A1)+, D2
FFD15156  6704                 beq     loc_FFD1515C
FFD15158  49F32000             lea     (A3,D2.w), A4
loc_FFD1515C:
FFD1515C  24CC                 move.l  A4, (A2)+
FFD1515E  51C9FFF2             dbra    D1, loc_FFD15152
FFD15162  265F                 movea.l (A7)+, A3
FFD15164  269F                 move.l  (A7)+, (A3)
loc_FFD15166:
FFD15166  4E75                 rts
FFD15168d 0000000000000000     dc.b    $00,$00,$00,$00,$00,$00,$00,$00,$78,$00,$00,$00,$00,$00,$00,$00 ; |........x.......|
FFD15178d 00113980             dc.b    $00,$11,$39,$80                   ; |..9.|
