; ============================================================================
; ROM resource 'ncod' 8 ProcessMgrSupport at FFD2C5B0
; ============================================================================
; data at ROM 12C5B0 (B8C bytes), entry at 12D130, attributes 58, combo 7800000000000000
; data header: 4b757274 c0a00000 00000b8c 000003ec
;
; Columns: address, flag, raw bytes, instruction, ; comment.
;   flag '*' executed in the coverage run, ' ' reached by control flow,
;   '?' decodes as code but neither executed nor reached, 'd' data.

; PEF container: architecture pwpc, format version 1, timestamp AB83C69D, versions 00000000/00000000/00000000
;   3 sections (2 instantiated)
;   section 0 code       container +00230 len 008E4 (ROM 12C7E0 = FFD2C7E0), unpacked 008E4, total 008E4, share 4, align 4
;   section 1 pidata     container +00B14 len 0006B (ROM 12D0C4 = FFD2D0C4), unpacked 00140, total 00140, share 4, align 4
;   section 2 loader     container +00080 len 001A6 (ROM 12C630 = FFD2C630), unpacked 00000, total 00000, share 4, align 2
;   main: section 1 offset 90
;   imports from InterfaceLib: 6 symbols
;
; ----------------------------------------------------------------------------
; code section 0: ROM 12C7E0-12D0C3 = FFD2C7E0
; TOC (r2) = data section + 110; TOC[d] comments name the word at that offset.
; ----------------------------------------------------------------------------
FFD2C7E0? BFC1FFF8  stmw    r30, -0x8(r1)
FFD2C7E4? 3BC40000  addi    r30, r4, 0x0
FFD2C7E8? 80820000  lwz     r4, 0x0(r2)                        ; TOC[+0] &data+0
FFD2C7EC? 3BE50000  addi    r31, r5, 0x0
FFD2C7F0? 7C0802A6  mfspr   r0, LR
FFD2C7F4? 90640000  stw     r3, 0x0(r4)
FFD2C7F8? 90010008  stw     r0, 0x8(r1)
FFD2C7FC? 9421FFB0  stwu    r1, -0x50(r1)
FFD2C800? 480003E1  bl      glue_GetZone
FFD2C804? 80410014  lwz     r2, 0x14(r1)
FFD2C808? 90610038  stw     r3, 0x38(r1)
FFD2C80C? 480003ED  bl      glue_SystemZone
FFD2C810? 80410014  lwz     r2, 0x14(r1)
FFD2C814? 480003FD  bl      glue_SetZone
FFD2C818? 80410014  lwz     r2, 0x14(r1)
FFD2C81C? 80620010  lwz     r3, 0x10(r2)                       ; TOC[+16] &data+BC
FFD2C820? 388000C1  li      r4, 0xC1
FFD2C824? 38A00001  li      r5, 0x1
FFD2C828? 48000465  bl      glue_NewRoutineDescriptor
FFD2C82C? 80410014  lwz     r2, 0x14(r1)
FFD2C830? 907E0000  stw     r3, 0x0(r30)
FFD2C834? 80620018  lwz     r3, 0x18(r2)                       ; TOC[+24] &data+C8
FFD2C838? 388000C1  li      r4, 0xC1
FFD2C83C? 38A00001  li      r5, 0x1
FFD2C840? 4800044D  bl      glue_NewRoutineDescriptor
FFD2C844? 80410014  lwz     r2, 0x14(r1)
FFD2C848? 907F0000  stw     r3, 0x0(r31)
FFD2C84C? 80610038  lwz     r3, 0x38(r1)
FFD2C850? 480003C1  bl      glue_SetZone
FFD2C854? 80410014  lwz     r2, 0x14(r1)
FFD2C858? 81810058  lwz     r12, 0x58(r1)
FFD2C85C? 30210050  addic   r1, r1, 0x50
FFD2C860? 7D8803A6  mtspr   LR, r12
FFD2C864? BBC1FFF8  lmw     r30, -0x8(r1)
FFD2C868? 4E800020  blr

GetCurrentProcessFragContext:
FFD2C86C  80820000  lwz     r4, 0x0(r2)                        ; TOC[+0] &data+0
FFD2C870  38600001  li      r3, 0x1
FFD2C874  80840000  lwz     r4, 0x0(r4)
FFD2C878  2C040000  cmpwi   cr0, r4, 0x0
FFD2C87C  80840000  lwz     r4, 0x0(r4)
FFD2C880  4182000C  beq     loc_FFD2C88C
FFD2C884  80640000  lwz     r3, 0x0(r4)
FFD2C888  4E800020  blr
loc_FFD2C88C:
FFD2C88C  4E800020  blr

SystemExceptionDispatcher:
FFD2C890  BF81FFF0  stmw    r28, -0x10(r1)
FFD2C894  80A20000  lwz     r5, 0x0(r2)                        ; TOC[+0] &data+0
FFD2C898  3BE40000  addi    r31, r4, 0x0
FFD2C89C  80A50000  lwz     r5, 0x0(r5)
FFD2C8A0  8082001C  lwz     r4, 0x1C(r2)                       ; TOC[+28] &data+10
FFD2C8A4  2C050000  cmpwi   cr0, r5, 0x0
FFD2C8A8  81640000  lwz     r11, 0x0(r4)
FFD2C8AC  3B830000  addi    r28, r3, 0x0
FFD2C8B0  3860FFFF  li      r3, -0x1
FFD2C8B4  7C0802A6  mfspr   r0, LR
FFD2C8B8  80850000  lwz     r4, 0x0(r5)
FFD2C8BC  90010008  stw     r0, 0x8(r1)
FFD2C8C0  801F0000  lwz     r0, 0x0(r31)
FFD2C8C4  7D800026  mfcr    r12
FFD2C8C8  30C00000  addic   r6, r0, 0x0
FFD2C8CC  30E0FFF6  addic   r7, r0, -0xA
FFD2C8D0  2D8B0000  cmpwi   cr3, r11, 0x0
FFD2C8D4  80A20020  lwz     r5, 0x20(r2)                       ; TOC[+32] &data+20
FFD2C8D8  2B070002  cmplwi  cr6, r7, 0x2
FFD2C8DC  91810004  stw     r12, 0x4(r1)
FFD2C8E0  54C6103A  slwi    r6, r6, 2
FFD2C8E4  7FA5302E  lwzx    r29, r5, r6
FFD2C8E8  9421FFA0  stwu    r1, -0x60(r1)
FFD2C8EC  4182000C  beq     loc_FFD2C8F8
FFD2C8F0  83C40008  lwz     r30, 0x8(r4)
FFD2C8F4  4800000C  b       loc_FFD2C900
loc_FFD2C8F8:
FFD2C8F8  80820024  lwz     r4, 0x24(r2)                       ; TOC[+36] &data+80
FFD2C8FC  83C40000  lwz     r30, 0x0(r4)
loc_FFD2C900:
FFD2C900  309DFFFD  addic   r4, r29, -0x3
FFD2C904  28040004  cmplwi  cr0, r4, 0x4
FFD2C908  2C80000E  cmpwi   cr1, r0, 0xE
FFD2C90C  2F9D0000  cmpwi   cr7, r29, 0x0
FFD2C910  30010038  addic   r0, r1, 0x38
FFD2C914  40810014  ble     loc_FFD2C928
FFD2C918  4C421182  crclr   crb2
FFD2C91C  409E0090  bne     cr7, loc_FFD2C9AC
FFD2C920  809F0004  lwz     r4, 0x4(r31)
FFD2C924  48000204  b       loc_FFD2CB28
loc_FFD2C928:
FFD2C928  901F0010  stw     r0, 0x10(r31)
FFD2C92C  809F0004  lwz     r4, 0x4(r31)
FFD2C930  38000002  li      r0, 0x2
FFD2C934  41990040  bgt     cr6, loc_FFD2C974
FFD2C938  80840014  lwz     r4, 0x14(r4)
FFD2C93C  90010044  stw     r0, 0x44(r1)
FFD2C940  9081003C  stw     r4, 0x3C(r1)
FFD2C944  93BF0000  stw     r29, 0x0(r31)
FFD2C948  408E0094  bne     cr3, loc_FFD2C9DC
FFD2C94C  2C030000  cmpwi   cr0, r3, 0x0
FFD2C950  2C9E0000  cmpwi   cr1, r30, 0x0
FFD2C954  408200BC  bne     loc_FFD2CA10
FFD2C958  81810064  lwz     r12, 0x64(r1)
FFD2C95C  80010068  lwz     r0, 0x68(r1)
FFD2C960  7D810120  mtcrf   0x10, r12
FFD2C964  30210060  addic   r1, r1, 0x60
FFD2C968  BB81FFF0  lmw     r28, -0x10(r1)
FFD2C96C  7C0803A6  mtspr   LR, r0
FFD2C970  4800021C  b       loc_FFD2CB8C
loc_FFD2C974:
FFD2C974  4186002C  beq     cr1, loc_FFD2C9A0
FFD2C978  801C0074  lwz     r0, 0x74(r28)
FFD2C97C  9001003C  stw     r0, 0x3C(r1)
FFD2C980  801C0064  lwz     r0, 0x64(r28)
FFD2C984  540007FE  clrlwi  r0, r0, 31
FFD2C988  90010044  stw     r0, 0x44(r1)
FFD2C98C  93BF0000  stw     r29, 0x0(r31)
FFD2C990  408E004C  bne     cr3, loc_FFD2C9DC
FFD2C994  2C030000  cmpwi   cr0, r3, 0x0
FFD2C998  2C9E0000  cmpwi   cr1, r30, 0x0
FFD2C99C  48000054  b       loc_FFD2C9F0
loc_FFD2C9A0:
FFD2C9A0  80840014  lwz     r4, 0x14(r4)
FFD2C9A4  90010044  stw     r0, 0x44(r1)
FFD2C9A8  9081003C  stw     r4, 0x3C(r1)
loc_FFD2C9AC:
FFD2C9AC  93BF0000  stw     r29, 0x0(r31)
FFD2C9B0  408E002C  bne     cr3, loc_FFD2C9DC
FFD2C9B4  2C030000  cmpwi   cr0, r3, 0x0
FFD2C9B8  2C9E0000  cmpwi   cr1, r30, 0x0
FFD2C9BC  40820054  bne     loc_FFD2CA10
FFD2C9C0  81810064  lwz     r12, 0x64(r1)
FFD2C9C4  80010068  lwz     r0, 0x68(r1)
FFD2C9C8  7D810120  mtcrf   0x10, r12
FFD2C9CC  30210060  addic   r1, r1, 0x60
FFD2C9D0  BB81FFF0  lmw     r28, -0x10(r1)
FFD2C9D4  7C0803A6  mtspr   LR, r0
FFD2C9D8  4E800020  blr
loc_FFD2C9DC:
FFD2C9DC  387F0000  addi    r3, r31, 0x0
FFD2C9E0  48000329  bl      sub_FFD2CD08
FFD2C9E4  80410014  lwz     r2, 0x14(r1)
FFD2C9E8  2C030000  cmpwi   cr0, r3, 0x0
FFD2C9EC  2C9E0000  cmpwi   cr1, r30, 0x0
loc_FFD2C9F0:
FFD2C9F0  40820020  bne     loc_FFD2CA10
FFD2C9F4  81810064  lwz     r12, 0x64(r1)
FFD2C9F8  80010068  lwz     r0, 0x68(r1)
FFD2C9FC  7D810120  mtcrf   0x10, r12
FFD2CA00  30210060  addic   r1, r1, 0x60
FFD2CA04  BB81FFF0  lmw     r28, -0x10(r1)
FFD2CA08  7C0803A6  mtspr   LR, r0
FFD2CA0C  4E800020  blr
loc_FFD2CA10:
FFD2CA10  397E0000  addi    r11, r30, 0x0
FFD2CA14  40860028  bne     cr1, loc_FFD2CA3C
FFD2CA18  289D0002  cmplwi  cr1, r29, 0x2
FFD2CA1C  40820054  bne     loc_FFD2CA70
FFD2CA20  81810064  lwz     r12, 0x64(r1)
FFD2CA24  80010068  lwz     r0, 0x68(r1)
FFD2CA28  7D810120  mtcrf   0x10, r12
FFD2CA2C  30210060  addic   r1, r1, 0x60
FFD2CA30  BB81FFF0  lmw     r28, -0x10(r1)
FFD2CA34  7C0803A6  mtspr   LR, r0
FFD2CA38  4E800020  blr
loc_FFD2CA3C:
FFD2CA3C  387F0000  addi    r3, r31, 0x0
FFD2CA40  480002C9  bl      sub_FFD2CD08
FFD2CA44  80410014  lwz     r2, 0x14(r1)
FFD2CA48  2C030000  cmpwi   cr0, r3, 0x0
FFD2CA4C  289D0002  cmplwi  cr1, r29, 0x2
FFD2CA50  40820020  bne     loc_FFD2CA70
FFD2CA54  81810064  lwz     r12, 0x64(r1)
FFD2CA58  80010068  lwz     r0, 0x68(r1)
FFD2CA5C  7D810120  mtcrf   0x10, r12
FFD2CA60  30210060  addic   r1, r1, 0x60
FFD2CA64  BB81FFF0  lmw     r28, -0x10(r1)
FFD2CA68  7C0803A6  mtspr   LR, r0
FFD2CA6C  4E800020  blr
loc_FFD2CA70:
FFD2CA70  3C007F81  lis     r0, 0x7F81
FFD2CA74  30000808  addic   r0, r0, 0x808
FFD2CA78  809F0004  lwz     r4, 0x4(r31)
FFD2CA7C  41860028  beq     cr1, loc_FFD2CAA4
FFD2CA80  809F0004  lwz     r4, 0x4(r31)
FFD2CA84  408200C4  bne     loc_FFD2CB48
FFD2CA88  81810064  lwz     r12, 0x64(r1)
FFD2CA8C  80010068  lwz     r0, 0x68(r1)
FFD2CA90  7D810120  mtcrf   0x10, r12
FFD2CA94  30210060  addic   r1, r1, 0x60
FFD2CA98  BB81FFF0  lmw     r28, -0x10(r1)
FFD2CA9C  7C0803A6  mtspr   LR, r0
FFD2CAA0  4E800020  blr
loc_FFD2CAA4:
FFD2CAA4  80840014  lwz     r4, 0x14(r4)
FFD2CAA8  80BF0008  lwz     r5, 0x8(r31)
FFD2CAAC  80840000  lwz     r4, 0x0(r4)
FFD2CAB0  7F040040  cmplw   cr6, r4, r0
FFD2CAB4  419A0028  beq     cr6, loc_FFD2CADC
FFD2CAB8  809F0004  lwz     r4, 0x4(r31)
FFD2CABC  4082008C  bne     loc_FFD2CB48
FFD2CAC0  81810064  lwz     r12, 0x64(r1)
FFD2CAC4  80010068  lwz     r0, 0x68(r1)
FFD2CAC8  7D810120  mtcrf   0x10, r12
FFD2CACC  30210060  addic   r1, r1, 0x60
FFD2CAD0  BB81FFF0  lmw     r28, -0x10(r1)
FFD2CAD4  7C0803A6  mtspr   LR, r0
FFD2CAD8  4E800020  blr
loc_FFD2CADC:
FFD2CADC  8065001C  lwz     r3, 0x1C(r5)
FFD2CAE0  2C030000  cmpwi   cr0, r3, 0x0
FFD2CAE4  41820020  beq     loc_FFD2CB04
FFD2CAE8  48000265  bl      glue_DebugStr68k
FFD2CAEC  80410014  lwz     r2, 0x14(r1)
FFD2CAF0  809F0004  lwz     r4, 0x4(r31)
FFD2CAF4  4C421242  crset   crb2
FFD2CAF8  80040014  lwz     r0, 0x14(r4)
FFD2CAFC  38600000  li      r3, 0x0
FFD2CB00  4800001C  b       loc_FFD2CB1C
loc_FFD2CB04:
FFD2CB04  48000261  bl      glue_Debugger68k
FFD2CB08  80410014  lwz     r2, 0x14(r1)
FFD2CB0C  809F0004  lwz     r4, 0x4(r31)
FFD2CB10  4C421242  crset   crb2
FFD2CB14  80040014  lwz     r0, 0x14(r4)
FFD2CB18  38600000  li      r3, 0x0
loc_FFD2CB1C:
FFD2CB1C  30000004  addic   r0, r0, 0x4
FFD2CB20  90040014  stw     r0, 0x14(r4)
FFD2CB24  809F0004  lwz     r4, 0x4(r31)
loc_FFD2CB28:
FFD2CB28  40820020  bne     loc_FFD2CB48
FFD2CB2C  81810064  lwz     r12, 0x64(r1)
FFD2CB30  80010068  lwz     r0, 0x68(r1)
FFD2CB34  7D810120  mtcrf   0x10, r12
FFD2CB38  30210060  addic   r1, r1, 0x60
FFD2CB3C  BB81FFF0  lmw     r28, -0x10(r1)
FFD2CB40  7C0803A6  mtspr   LR, r0
FFD2CB44  4E800020  blr
loc_FFD2CB48:
FFD2CB48  80040014  lwz     r0, 0x14(r4)
FFD2CB4C  81810064  lwz     r12, 0x64(r1)
FFD2CB50  901C0084  stw     r0, 0x84(r28)
FFD2CB54  809F0004  lwz     r4, 0x4(r31)
FFD2CB58  7D810120  mtcrf   0x10, r12
FFD2CB5C  8004000C  lwz     r0, 0xC(r4)
FFD2CB60  901C008C  stw     r0, 0x8C(r28)
FFD2CB64  809F0008  lwz     r4, 0x8(r31)
FFD2CB68  8004001C  lwz     r0, 0x1C(r4)
FFD2CB6C  901C0094  stw     r0, 0x94(r28)
FFD2CB70  809F0008  lwz     r4, 0x8(r31)
FFD2CB74  80040024  lwz     r0, 0x24(r4)
FFD2CB78  901C009C  stw     r0, 0x9C(r28)
FFD2CB7C  80010068  lwz     r0, 0x68(r1)
FFD2CB80  30210060  addic   r1, r1, 0x60
FFD2CB84  7C0803A6  mtspr   LR, r0
FFD2CB88  BB81FFF0  lmw     r28, -0x10(r1)
loc_FFD2CB8C:
FFD2CB8C  4E800020  blr

InstallExceptionHandler:
FFD2CB90  80A20000  lwz     r5, 0x0(r2)                        ; TOC[+0] &data+0
FFD2CB94  80820024  lwz     r4, 0x24(r2)                       ; TOC[+36] &data+80
FFD2CB98  80A50000  lwz     r5, 0x0(r5)
FFD2CB9C  80040000  lwz     r0, 0x0(r4)
FFD2CBA0  2C050000  cmpwi   cr0, r5, 0x0
FFD2CBA4  80A50000  lwz     r5, 0x0(r5)
FFD2CBA8  41820014  beq     loc_FFD2CBBC
FFD2CBAC  80050008  lwz     r0, 0x8(r5)
FFD2CBB0  90650008  stw     r3, 0x8(r5)
FFD2CBB4  30600000  addic   r3, r0, 0x0
FFD2CBB8  4800000C  b       loc_FFD2CBC4
loc_FFD2CBBC:
FFD2CBBC  90640000  stw     r3, 0x0(r4)
FFD2CBC0  30600000  addic   r3, r0, 0x0
loc_FFD2CBC4:
FFD2CBC4  4E800020  blr

InstallSystemExceptionHandler:
FFD2CBC8  8082001C  lwz     r4, 0x1C(r2)                       ; TOC[+28] &data+10
FFD2CBCC  80040000  lwz     r0, 0x0(r4)
FFD2CBD0  90640000  stw     r3, 0x0(r4)
FFD2CBD4  30600000  addic   r3, r0, 0x0
FFD2CBD8  4E800020  blr
FFD2CBDCd 00000000  .long   0x00000000

glue_GetZone:
FFD2CBE0  81820004  lwz     r12, 0x4(r2)                       ; TOC[+4] GetZone
FFD2CBE4  90410014  stw     r2, 0x14(r1)
FFD2CBE8  800C0000  lwz     r0, 0x0(r12)
FFD2CBEC  804C0004  lwz     r2, 0x4(r12)
FFD2CBF0  7C0903A6  mtspr   CTR, r0
FFD2CBF4  4E800420  bctr

glue_SystemZone:
FFD2CBF8  81820008  lwz     r12, 0x8(r2)                       ; TOC[+8] SystemZone
FFD2CBFC  90410014  stw     r2, 0x14(r1)
FFD2CC00  800C0000  lwz     r0, 0x0(r12)
FFD2CC04  804C0004  lwz     r2, 0x4(r12)
FFD2CC08  7C0903A6  mtspr   CTR, r0
FFD2CC0C  4E800420  bctr

glue_SetZone:
FFD2CC10  8182000C  lwz     r12, 0xC(r2)                       ; TOC[+12] SetZone
FFD2CC14  90410014  stw     r2, 0x14(r1)
FFD2CC18  800C0000  lwz     r0, 0x0(r12)
FFD2CC1C  804C0004  lwz     r2, 0x4(r12)
FFD2CC20  7C0903A6  mtspr   CTR, r0
FFD2CC24  4E800420  bctr
FFD2CC28? C8030010  lfd     f0, 0x10(r3)
FFD2CC2C? 8003000C  lwz     r0, 0xC(r3)
FFD2CC30? 80830010  lwz     r4, 0x10(r3)
FFD2CC34? FDFE058E  mtfsf   255, f0
FFD2CC38? 7C0103A6  mtspr   XER, r0
FFD2CC3C? 7C8FF120  mtcr    r4
FFD2CC40? C9C30018  lfd     f14, 0x18(r3)
FFD2CC44? C9E30020  lfd     f15, 0x20(r3)
FFD2CC48? CA030028  lfd     f16, 0x28(r3)
FFD2CC4C? CA230030  lfd     f17, 0x30(r3)
FFD2CC50? CA430038  lfd     f18, 0x38(r3)
FFD2CC54? CA630040  lfd     f19, 0x40(r3)
FFD2CC58? CA830048  lfd     f20, 0x48(r3)
FFD2CC5C? CAA30050  lfd     f21, 0x50(r3)
FFD2CC60? CAC30058  lfd     f22, 0x58(r3)
FFD2CC64? CAE30060  lfd     f23, 0x60(r3)
FFD2CC68? CB030068  lfd     f24, 0x68(r3)
FFD2CC6C? CB230070  lfd     f25, 0x70(r3)
FFD2CC70? CB430078  lfd     f26, 0x78(r3)
FFD2CC74? CB630080  lfd     f27, 0x80(r3)
FFD2CC78? CB830088  lfd     f28, 0x88(r3)
FFD2CC7C? CBA30090  lfd     f29, 0x90(r3)
FFD2CC80? CBC30098  lfd     f30, 0x98(r3)
FFD2CC84? CBE300A0  lfd     f31, 0xA0(r3)
FFD2CC88? 4E800020  blr

glue_NewRoutineDescriptor:
FFD2CC8C  81820014  lwz     r12, 0x14(r2)                      ; TOC[+20] NewRoutineDescriptor
FFD2CC90  90410014  stw     r2, 0x14(r1)
FFD2CC94  800C0000  lwz     r0, 0x0(r12)
FFD2CC98  804C0004  lwz     r2, 0x4(r12)
FFD2CC9C  7C0903A6  mtspr   CTR, r0
FFD2CCA0  4E800420  bctr
FFD2CCA4? FC00048E  mffs    f0
FFD2CCA8? 7C0102A6  mfspr   r0, XER
FFD2CCAC? 7C800026  mfcr    r4
FFD2CCB0? D8030010  stfd    f0, 0x10(r3)
FFD2CCB4? 9003000C  stw     r0, 0xC(r3)
FFD2CCB8? 90830010  stw     r4, 0x10(r3)
FFD2CCBC? D9C30018  stfd    f14, 0x18(r3)
FFD2CCC0? D9E30020  stfd    f15, 0x20(r3)
FFD2CCC4? DA030028  stfd    f16, 0x28(r3)
FFD2CCC8? DA230030  stfd    f17, 0x30(r3)
FFD2CCCC? DA430038  stfd    f18, 0x38(r3)
FFD2CCD0? DA630040  stfd    f19, 0x40(r3)
FFD2CCD4? DA830048  stfd    f20, 0x48(r3)
FFD2CCD8? DAA30050  stfd    f21, 0x50(r3)
FFD2CCDC? DAC30058  stfd    f22, 0x58(r3)
FFD2CCE0? DAE30060  stfd    f23, 0x60(r3)
FFD2CCE4? DB030068  stfd    f24, 0x68(r3)
FFD2CCE8? DB230070  stfd    f25, 0x70(r3)
FFD2CCEC? DB430078  stfd    f26, 0x78(r3)
FFD2CCF0? DB630080  stfd    f27, 0x80(r3)
FFD2CCF4? DB830088  stfd    f28, 0x88(r3)
FFD2CCF8? DBA30090  stfd    f29, 0x90(r3)
FFD2CCFC? DBC30098  stfd    f30, 0x98(r3)
FFD2CD00? DBE300A0  stfd    f31, 0xA0(r3)
FFD2CD04? 4E800020  blr

sub_FFD2CD08:
FFD2CD08  800B0000  lwz     r0, 0x0(r11)
FFD2CD0C  90410014  stw     r2, 0x14(r1)
FFD2CD10  7C0903A6  mtspr   CTR, r0
FFD2CD14  804B0004  lwz     r2, 0x4(r11)
FFD2CD18  7D6C5B78  mr      r12, r11
FFD2CD1C  816B0008  lwz     r11, 0x8(r11)
FFD2CD20  4E800420  bctr
FFD2CD24? 4E800020  blr
FFD2CD28d 00000000  .long   0x00000000
FFD2CD2Cd 000C0000  .long   0x000C0000
FFD2CD30d ........  .space  0x1C                      ; zero to FFD2CD4C

glue_DebugStr68k:
FFD2CD4C  81820028  lwz     r12, 0x28(r2)                      ; TOC[+40] DebugStr68k
FFD2CD50  90410014  stw     r2, 0x14(r1)
FFD2CD54  800C0000  lwz     r0, 0x0(r12)
FFD2CD58  804C0004  lwz     r2, 0x4(r12)
FFD2CD5C  7C0903A6  mtspr   CTR, r0
FFD2CD60  4E800420  bctr

glue_Debugger68k:
FFD2CD64  8182002C  lwz     r12, 0x2C(r2)                      ; TOC[+44] Debugger68k
FFD2CD68  90410014  stw     r2, 0x14(r1)
FFD2CD6C  800C0000  lwz     r0, 0x0(r12)
FFD2CD70  804C0004  lwz     r2, 0x4(r12)
FFD2CD74  7C0903A6  mtspr   CTR, r0
FFD2CD78  4E800420  bctr

LowLevelExceptionHandler:
FFD2CD7C  7C2803A6  mtspr   LR, r1
FFD2CD80  54210038  clrrwi  r1, r1, 3
FFD2CD84  3821FC7C  addi    r1, r1, -0x384
FFD2CD88  90010080  stw     r0, 0x80(r1)
FFD2CD8C  7C0802A6  mfspr   r0, LR
FFD2CD90  90010000  stw     r0, 0x0(r1)
FFD2CD94  90010088  stw     r0, 0x88(r1)
FFD2CD98  90410090  stw     r2, 0x90(r1)
FFD2CD9C  80030094  lwz     r0, 0x94(r3)
FFD2CDA0  90010098  stw     r0, 0x98(r1)
FFD2CDA4  8003009C  lwz     r0, 0x9C(r3)
FFD2CDA8  900100A0  stw     r0, 0xA0(r1)
FFD2CDAC  90A100A8  stw     r5, 0xA8(r1)
FFD2CDB0  90C100B0  stw     r6, 0xB0(r1)
FFD2CDB4  90E100B8  stw     r7, 0xB8(r1)
FFD2CDB8  910100C0  stw     r8, 0xC0(r1)
FFD2CDBC  912100C8  stw     r9, 0xC8(r1)
FFD2CDC0  914100D0  stw     r10, 0xD0(r1)
FFD2CDC4  916100D8  stw     r11, 0xD8(r1)
FFD2CDC8  918100E0  stw     r12, 0xE0(r1)
FFD2CDCC  91A100E8  stw     r13, 0xE8(r1)
FFD2CDD0  91C100F0  stw     r14, 0xF0(r1)
FFD2CDD4  91E100F8  stw     r15, 0xF8(r1)
FFD2CDD8  92010100  stw     r16, 0x100(r1)
FFD2CDDC  92210108  stw     r17, 0x108(r1)
FFD2CDE0  92410110  stw     r18, 0x110(r1)
FFD2CDE4  92610118  stw     r19, 0x118(r1)
FFD2CDE8  92810120  stw     r20, 0x120(r1)
FFD2CDEC  92A10128  stw     r21, 0x128(r1)
FFD2CDF0  92C10130  stw     r22, 0x130(r1)
FFD2CDF4  92E10138  stw     r23, 0x138(r1)
FFD2CDF8  93010140  stw     r24, 0x140(r1)
FFD2CDFC  93210148  stw     r25, 0x148(r1)
FFD2CE00  93410150  stw     r26, 0x150(r1)
FFD2CE04  93610158  stw     r27, 0x158(r1)
FFD2CE08  93810160  stw     r28, 0x160(r1)
FFD2CE0C  93A10168  stw     r29, 0x168(r1)
FFD2CE10  93C10170  stw     r30, 0x170(r1)
FFD2CE14  93E10178  stw     r31, 0x178(r1)
FFD2CE18  D801017C  stfd    f0, 0x17C(r1)
FFD2CE1C  D8210184  stfd    f1, 0x184(r1)
FFD2CE20  D841018C  stfd    f2, 0x18C(r1)
FFD2CE24  D8610194  stfd    f3, 0x194(r1)
FFD2CE28  D881019C  stfd    f4, 0x19C(r1)
FFD2CE2C  D8A101A4  stfd    f5, 0x1A4(r1)
FFD2CE30  D8C101AC  stfd    f6, 0x1AC(r1)
FFD2CE34  D8E101B4  stfd    f7, 0x1B4(r1)
FFD2CE38  D90101BC  stfd    f8, 0x1BC(r1)
FFD2CE3C  D92101C4  stfd    f9, 0x1C4(r1)
FFD2CE40  D94101CC  stfd    f10, 0x1CC(r1)
FFD2CE44  D96101D4  stfd    f11, 0x1D4(r1)
FFD2CE48  D98101DC  stfd    f12, 0x1DC(r1)
FFD2CE4C  D9A101E4  stfd    f13, 0x1E4(r1)
FFD2CE50  D9C101EC  stfd    f14, 0x1EC(r1)
FFD2CE54  D9E101F4  stfd    f15, 0x1F4(r1)
FFD2CE58  DA0101FC  stfd    f16, 0x1FC(r1)
FFD2CE5C  DA210204  stfd    f17, 0x204(r1)
FFD2CE60  DA41020C  stfd    f18, 0x20C(r1)
FFD2CE64  DA610214  stfd    f19, 0x214(r1)
FFD2CE68  DA81021C  stfd    f20, 0x21C(r1)
FFD2CE6C  DAA10224  stfd    f21, 0x224(r1)
FFD2CE70  DAC1022C  stfd    f22, 0x22C(r1)
FFD2CE74  DAE10234  stfd    f23, 0x234(r1)
FFD2CE78  DB01023C  stfd    f24, 0x23C(r1)
FFD2CE7C  DB210244  stfd    f25, 0x244(r1)
FFD2CE80  DB41024C  stfd    f26, 0x24C(r1)
FFD2CE84  DB610254  stfd    f27, 0x254(r1)
FFD2CE88  DB81025C  stfd    f28, 0x25C(r1)
FFD2CE8C  DBA10264  stfd    f29, 0x264(r1)
FFD2CE90  DBC1026C  stfd    f30, 0x26C(r1)
FFD2CE94  FC00048E  mffs    f0
FFD2CE98  D8010278  stfd    f0, 0x278(r1)
FFD2CE9C  DBE10274  stfd    f31, 0x274(r1)
FFD2CEA0  7C0902A6  mfspr   r0, CTR
FFD2CEA4  80A3008C  lwz     r5, 0x8C(r3)
FFD2CEA8  80C30084  lwz     r6, 0x84(r3)
FFD2CEAC  7CE00026  mfcr    r7
FFD2CEB0  7D0102A6  mfspr   r8, XER
FFD2CEB4  39200000  li      r9, 0x0
FFD2CEB8  90010058  stw     r0, 0x58(r1)
FFD2CEBC  90A10060  stw     r5, 0x60(r1)
FFD2CEC0  90C10068  stw     r6, 0x68(r1)
FFD2CEC4  90E1006C  stw     r7, 0x6C(r1)
FFD2CEC8  91010070  stw     r8, 0x70(r1)
FFD2CECC  91210074  stw     r9, 0x74(r1)
FFD2CED0  480001B9  bl      sub_FFD2D088
FFD2CED4  7C6D1B78  mr      r13, r3
FFD2CED8  7C8C2378  mr      r12, r4
FFD2CEDC  80A30040  lwz     r5, 0x40(r3)
FFD2CEE0  38C10054  addi    r6, r1, 0x54
FFD2CEE4  38E1007C  addi    r7, r1, 0x7C
FFD2CEE8  3901017C  addi    r8, r1, 0x17C
FFD2CEEC  54A5463E  srwi    r5, r5, 24
FFD2CEF0  39200000  li      r9, 0x0
FFD2CEF4  90A1003C  stw     r5, 0x3C(r1)
FFD2CEF8  90C10040  stw     r6, 0x40(r1)
FFD2CEFC  90E10044  stw     r7, 0x44(r1)
FFD2CF00  91010048  stw     r8, 0x48(r1)
FFD2CF04  9121004C  stw     r9, 0x4C(r1)
FFD2CF08  3881003C  addi    r4, r1, 0x3C
FFD2CF0C  800C0000  lwz     r0, 0x0(r12)
FFD2CF10  804C0004  lwz     r2, 0x4(r12)
FFD2CF14  7C0903A6  mtspr   CTR, r0
FFD2CF18  4E800421  bctrl
FFD2CF1C  808D005C  lwz     r4, 0x5C(r13)
FFD2CF20  2C030000  cmpwi   cr0, r3, 0x0
FFD2CF24  7C8803A6  mtspr   LR, r4
FFD2CF28  4182000C  beq     loc_FFD2CF34
FFD2CF2C  38600001  li      r3, 0x1
FFD2CF30  4E800020  blr
loc_FFD2CF34:
FFD2CF34  80610058  lwz     r3, 0x58(r1)
FFD2CF38  80810060  lwz     r4, 0x60(r1)
FFD2CF3C  80A10068  lwz     r5, 0x68(r1)
FFD2CF40  80C1006C  lwz     r6, 0x6C(r1)
FFD2CF44  80E10070  lwz     r7, 0x70(r1)
FFD2CF48  81010074  lwz     r8, 0x74(r1)
FFD2CF4C  812D0040  lwz     r9, 0x40(r13)
FFD2CF50  7C6903A6  mtspr   CTR, r3
FFD2CF54  908D008C  stw     r4, 0x8C(r13)
FFD2CF58  90AD0084  stw     r5, 0x84(r13)
FFD2CF5C  7CCFF120  mtcr    r6
FFD2CF60  7CE103A6  mtspr   XER, r7
FFD2CF64  5508056A  rlwinm  r8, r8, 0, 21, 21
FFD2CF68  5109056A  rlwimi  r9, r8, 0, 21, 21
FFD2CF6C  912D0040  stw     r9, 0x40(r13)
FFD2CF70  80610098  lwz     r3, 0x98(r1)
FFD2CF74  808100A0  lwz     r4, 0xA0(r1)
FFD2CF78  906D0094  stw     r3, 0x94(r13)
FFD2CF7C  908D009C  stw     r4, 0x9C(r13)
FFD2CF80  C8010278  lfd     f0, 0x278(r1)
FFD2CF84  FDFE058E  mtfsf   255, f0
FFD2CF88  C801017C  lfd     f0, 0x17C(r1)
FFD2CF8C  C8210184  lfd     f1, 0x184(r1)
FFD2CF90  C841018C  lfd     f2, 0x18C(r1)
FFD2CF94  C8610194  lfd     f3, 0x194(r1)
FFD2CF98  C881019C  lfd     f4, 0x19C(r1)
FFD2CF9C  C8A101A4  lfd     f5, 0x1A4(r1)
FFD2CFA0  C8C101AC  lfd     f6, 0x1AC(r1)
FFD2CFA4  C8E101B4  lfd     f7, 0x1B4(r1)
FFD2CFA8  C90101BC  lfd     f8, 0x1BC(r1)
FFD2CFAC  C92101C4  lfd     f9, 0x1C4(r1)
FFD2CFB0  C94101CC  lfd     f10, 0x1CC(r1)
FFD2CFB4  C96101D4  lfd     f11, 0x1D4(r1)
FFD2CFB8  C98101DC  lfd     f12, 0x1DC(r1)
FFD2CFBC  C9A101E4  lfd     f13, 0x1E4(r1)
FFD2CFC0  C9C101EC  lfd     f14, 0x1EC(r1)
FFD2CFC4  C9E101F4  lfd     f15, 0x1F4(r1)
FFD2CFC8  CA0101FC  lfd     f16, 0x1FC(r1)
FFD2CFCC  CA210204  lfd     f17, 0x204(r1)
FFD2CFD0  CA41020C  lfd     f18, 0x20C(r1)
FFD2CFD4  CA610214  lfd     f19, 0x214(r1)
FFD2CFD8  CA81021C  lfd     f20, 0x21C(r1)
FFD2CFDC  CAA10224  lfd     f21, 0x224(r1)
FFD2CFE0  CAC1022C  lfd     f22, 0x22C(r1)
FFD2CFE4  CAE10234  lfd     f23, 0x234(r1)
FFD2CFE8  CB01023C  lfd     f24, 0x23C(r1)
FFD2CFEC  CB210244  lfd     f25, 0x244(r1)
FFD2CFF0  CB41024C  lfd     f26, 0x24C(r1)
FFD2CFF4  CB610254  lfd     f27, 0x254(r1)
FFD2CFF8  CB81025C  lfd     f28, 0x25C(r1)
FFD2CFFC  CBA10264  lfd     f29, 0x264(r1)
FFD2D000  CBC1026C  lfd     f30, 0x26C(r1)
FFD2D004  CBE10274  lfd     f31, 0x274(r1)
FFD2D008  80010080  lwz     r0, 0x80(r1)
FFD2D00C  80410090  lwz     r2, 0x90(r1)
FFD2D010  80A100A8  lwz     r5, 0xA8(r1)
FFD2D014  80C100B0  lwz     r6, 0xB0(r1)
FFD2D018  80E100B8  lwz     r7, 0xB8(r1)
FFD2D01C  810100C0  lwz     r8, 0xC0(r1)
FFD2D020  812100C8  lwz     r9, 0xC8(r1)
FFD2D024  814100D0  lwz     r10, 0xD0(r1)
FFD2D028  816100D8  lwz     r11, 0xD8(r1)
FFD2D02C  818100E0  lwz     r12, 0xE0(r1)
FFD2D030  81A100E8  lwz     r13, 0xE8(r1)
FFD2D034  81C100F0  lwz     r14, 0xF0(r1)
FFD2D038  81E100F8  lwz     r15, 0xF8(r1)
FFD2D03C  82010100  lwz     r16, 0x100(r1)
FFD2D040  82210108  lwz     r17, 0x108(r1)
FFD2D044  82410110  lwz     r18, 0x110(r1)
FFD2D048  82610118  lwz     r19, 0x118(r1)
FFD2D04C  82810120  lwz     r20, 0x120(r1)
FFD2D050  82A10128  lwz     r21, 0x128(r1)
FFD2D054  82C10130  lwz     r22, 0x130(r1)
FFD2D058  82E10138  lwz     r23, 0x138(r1)
FFD2D05C  83010140  lwz     r24, 0x140(r1)
FFD2D060  83210148  lwz     r25, 0x148(r1)
FFD2D064  83410150  lwz     r26, 0x150(r1)
FFD2D068  83610158  lwz     r27, 0x158(r1)
FFD2D06C  83810160  lwz     r28, 0x160(r1)
FFD2D070  83A10168  lwz     r29, 0x168(r1)
FFD2D074  83C10170  lwz     r30, 0x170(r1)
FFD2D078  83E10178  lwz     r31, 0x178(r1)
FFD2D07C  80210000  lwz     r1, 0x0(r1)
FFD2D080  38600000  li      r3, 0x0
FFD2D084  4E800020  blr

sub_FFD2D088:
FFD2D088  90630094  stw     r3, 0x94(r3)
FFD2D08C  9083009C  stw     r4, 0x9C(r3)
FFD2D090  7C8802A6  mfspr   r4, LR
FFD2D094  80A3005C  lwz     r5, 0x5C(r3)
FFD2D098  3CC07DF2  lis     r6, 0x7DF2
FFD2D09C  80E30040  lwz     r7, 0x40(r3)
FFD2D0A0  60C6F700  ori     r6, r6, 0xF700
FFD2D0A4  90830084  stw     r4, 0x84(r3)
FFD2D0A8  7CA803A6  mtspr   LR, r5
FFD2D0AC  90C30044  stw     r6, 0x44(r3)
FFD2D0B0  54E70734  rlwinm  r7, r7, 0, 28, 26
FFD2D0B4  54E705E8  rlwinm  r7, r7, 0, 23, 20
FFD2D0B8  90E30040  stw     r7, 0x40(r3)
FFD2D0BC  38600000  li      r3, 0x0
FFD2D0C0  4E800020  blr

; ----------------------------------------------------------------------------
; data section 1 (pidata), unpacked 140 bytes; addresses are offsets in the section;
; relocated words are named (imports) or point into a section (code+X / data+X).
; ----------------------------------------------------------------------------
+000A4  000000F8  -> data+F8
+000B0  0000008C  -> code+8C = FFD2C86C GetCurrentProcessFragContext
+000B4  00000110  -> data+110
+000BC  00000448  -> code+448 = FFD2CC28
+000C0  00000110  -> data+110
+000C8  000004C4  -> code+4C4 = FFD2CCA4
+000CC  00000110  -> data+110
+000D4  000000B0  -> code+B0 = FFD2C890 SystemExceptionDispatcher
+000D8  00000110  -> data+110
+000E0  000003B0  -> code+3B0 = FFD2CB90 InstallExceptionHandler
+000E4  00000110  -> data+110
+000EC  000003E8  -> code+3E8 = FFD2CBC8 InstallSystemExceptionHandler
+000F0  00000110  -> data+110
+000F8  00000000  -> code+0 = FFD2C7E0
+000FC  00000110  -> data+110
+00104  0000059C  -> code+59C = FFD2CD7C LowLevelExceptionHandler
+00108  00000110  -> data+110
+00110  00000000  -> data+0
+00114  00000000  -> InterfaceLib::GetZone
+00118  00000000  -> InterfaceLib::SystemZone
+0011C  00000000  -> InterfaceLib::SetZone
+00120  000000BC  -> data+BC
+00124  00000000  -> InterfaceLib::NewRoutineDescriptor
+00128  000000C8  -> data+C8
+0012C  00000010  -> data+10
+00130  00000020  -> data+20
+00134  00000080  -> data+80
+00138  00000000  -> InterfaceLib::DebugStr68k
+0013C  00000000  -> InterfaceLib::Debugger68k
; full unpacked image:
00000000  00 00 00 00 00 00 00 00 00 00 00 00 00 00 00 00  |................|
00000010  00 00 00 00 00 00 00 00 00 00 00 00 00 00 00 00  |................|
00000020  00 00 00 00 00 00 00 02 00 00 00 02 00 00 00 0D  |................|
00000030  00 00 00 01 00 00 00 08 00 00 00 00 00 00 00 00  |................|
00000040  00 00 00 09 00 00 00 0A 00 00 00 04 00 00 00 03  |................|
00000050  00 00 00 07 00 00 00 00 00 00 00 05 00 00 00 00  |................|
00000060  00 00 00 0B 00 00 00 0B 00 00 00 04 00 00 00 03  |................|
00000070  00 00 00 07 00 00 00 06 00 00 00 05 00 00 00 05  |................|
00000080  00 00 00 00 00 00 00 00 00 00 00 00 00 00 00 00  |................|
00000090  AA FE 07 00 00 00 00 00 00 00 00 00 00 00 0F C1  |................|
000000A0  00 01 00 04 00 00 00 F8 00 00 00 00 00 00 00 00  |................|
000000B0  00 00 00 8C 00 00 01 10 00 00 00 00 00 00 04 48  |...............H|
000000C0  00 00 01 10 00 00 00 00 00 00 04 C4 00 00 01 10  |................|
000000D0  00 00 00 00 00 00 00 B0 00 00 01 10 00 00 00 00  |................|
000000E0  00 00 03 B0 00 00 01 10 00 00 00 00 00 00 03 E8  |................|
000000F0  00 00 01 10 00 00 00 00 00 00 00 00 00 00 01 10  |................|
00000100  00 00 00 00 00 00 05 9C 00 00 01 10 00 00 00 00  |................|
00000110  00 00 00 00 00 00 00 00 00 00 00 00 00 00 00 00  |................|
00000120  00 00 00 BC 00 00 00 00 00 00 00 C8 00 00 00 10  |................|
00000130  00 00 00 20 00 00 00 80 00 00 00 00 00 00 00 00  |... ............|

; exports (5):
;   GetCurrentProcessFragContext             class tvector section  1 offset B0
;   SystemExceptionDispatcher                class tvector section  1 offset D4
;   InstallExceptionHandler                  class tvector section  1 offset E0
;   InstallSystemExceptionHandler            class tvector section  1 offset EC
;   LowLevelExceptionHandler                 class tvector section  1 offset 104
; imports (6):
;      0 InterfaceLib             GetZone                                  tvector
;      1 InterfaceLib             SystemZone                               tvector
;      2 InterfaceLib             SetZone                                  tvector
;      3 InterfaceLib             NewRoutineDescriptor                     tvector
;      4 InterfaceLib             DebugStr68k                              tvector
;      5 InterfaceLib             Debugger68k                              tvector
