; ============================================================================
; ROM resource 'nlib' -16404 PCILib at FFE3DC10
; ============================================================================
; data at ROM 23DC10 (95C bytes), entry at 1FF6E0, attributes 58, combo 7800000000000000
; data header: 4b757274 c0a00000 0000095c 0000046c
;
; Columns: address, flag, raw bytes, instruction, ; comment.
;   flag '*' executed in the coverage run, ' ' reached by control flow,
;   '?' decodes as code but neither executed nor reached, 'd' data.

; PEF container: architecture pwpc, format version 1, timestamp ABBB6618, versions 00000000/00000000/00000000
;   3 sections (2 instantiated)
;   section 0 code       container +003C0 len 0054C (ROM 23DFD0 = FFE3DFD0), unpacked 0054C, total 0054C, share 4, align 4
;   section 1 pidata     container +0090C len 00035 (ROM 23E51C = FFE3E51C), unpacked 000E8, total 000E8, share 4, align 4
;   section 2 loader     container +00080 len 00332 (ROM 23DC90 = FFE3DC90), unpacked 00000, total 00000, share 4, align 2
;   imports from InterfaceLib: 1 symbols
;
; ----------------------------------------------------------------------------
; code section 0: ROM 23DFD0-23E51B = FFE3DFD0
; TOC (r2) = data section + E4; TOC[d] comments name the word at that offset.
; ----------------------------------------------------------------------------

ExpMgrConfigReadByte:
FFE3DFD0  38E40000  addi    r7, r4, 0x0
FFE3DFD4  39050000  addi    r8, r5, 0x0
FFE3DFD8  7C0802A6  mfspr   r0, LR
FFE3DFDC  9421FFC0  stwu    r1, -0x40(r1)
FFE3DFE0  90010048  stw     r0, 0x48(r1)
FFE3DFE4  800019CC  lwz     r0, 0x19CC
FFE3DFE8  38C30000  addi    r6, r3, 0x0
FFE3DFEC  30600000  addic   r3, r0, 0x0
FFE3DFF0  38803FA8  li      r4, 0x3FA8
FFE3DFF4  38A00620  li      r5, 0x620
FFE3DFF8  480004D1  bl      glue_CallUniversalProc
FFE3DFFC  80410014  lwz     r2, 0x14(r1)
FFE3E000  90610038  stw     r3, 0x38(r1)
FFE3E004  38E10000  addi    r7, r1, 0x0
FFE3E008  AC67003A  lhau    r3, 0x3A(r7)
FFE3E00C  81810048  lwz     r12, 0x48(r1)
FFE3E010  30210040  addic   r1, r1, 0x40
FFE3E014  7D8803A6  mtspr   LR, r12
FFE3E018  4E800020  blr

ExpMgrConfigReadWord:
FFE3E01C  38E40000  addi    r7, r4, 0x0
FFE3E020  39050000  addi    r8, r5, 0x0
FFE3E024  7C0802A6  mfspr   r0, LR
FFE3E028  9421FFC0  stwu    r1, -0x40(r1)
FFE3E02C  90010048  stw     r0, 0x48(r1)
FFE3E030  800019CC  lwz     r0, 0x19CC
FFE3E034  38C30000  addi    r6, r3, 0x0
FFE3E038  30600000  addic   r3, r0, 0x0
FFE3E03C  38803FA8  li      r4, 0x3FA8
FFE3E040  38A00621  li      r5, 0x621
FFE3E044  48000485  bl      glue_CallUniversalProc
FFE3E048  80410014  lwz     r2, 0x14(r1)
FFE3E04C  90610038  stw     r3, 0x38(r1)
FFE3E050  38E10000  addi    r7, r1, 0x0
FFE3E054  AC67003A  lhau    r3, 0x3A(r7)
FFE3E058  81810048  lwz     r12, 0x48(r1)
FFE3E05C  30210040  addic   r1, r1, 0x40
FFE3E060  7D8803A6  mtspr   LR, r12
FFE3E064  4E800020  blr

ExpMgrConfigReadLong:
FFE3E068* 38E40000  addi    r7, r4, 0x0
FFE3E06C* 39050000  addi    r8, r5, 0x0
FFE3E070* 7C0802A6  mfspr   r0, LR
FFE3E074* 9421FFC0  stwu    r1, -0x40(r1)
FFE3E078* 90010048  stw     r0, 0x48(r1)
FFE3E07C* 800019CC  lwz     r0, 0x19CC
FFE3E080* 38C30000  addi    r6, r3, 0x0
FFE3E084* 30600000  addic   r3, r0, 0x0
FFE3E088* 38803FA8  li      r4, 0x3FA8
FFE3E08C* 38A00622  li      r5, 0x622
FFE3E090* 48000439  bl      glue_CallUniversalProc
FFE3E094* 80410014  lwz     r2, 0x14(r1)
FFE3E098* 90610038  stw     r3, 0x38(r1)
FFE3E09C* 38E10000  addi    r7, r1, 0x0
FFE3E0A0* AC67003A  lhau    r3, 0x3A(r7)
FFE3E0A4* 81810048  lwz     r12, 0x48(r1)
FFE3E0A8* 30210040  addic   r1, r1, 0x40
FFE3E0AC* 7D8803A6  mtspr   LR, r12
FFE3E0B0* 4E800020  blr

ExpMgrConfigWriteByte:
FFE3E0B4  54A8063E  clrlwi  r8, r5, 24
FFE3E0B8  38E40000  addi    r7, r4, 0x0
FFE3E0BC  7C0802A6  mfspr   r0, LR
FFE3E0C0  9421FFC0  stwu    r1, -0x40(r1)
FFE3E0C4  90010048  stw     r0, 0x48(r1)
FFE3E0C8  800019CC  lwz     r0, 0x19CC
FFE3E0CC  38C30000  addi    r6, r3, 0x0
FFE3E0D0  30600000  addic   r3, r0, 0x0
FFE3E0D4  38801FA8  li      r4, 0x1FA8
FFE3E0D8  38A00523  li      r5, 0x523
FFE3E0DC  480003ED  bl      glue_CallUniversalProc
FFE3E0E0  80410014  lwz     r2, 0x14(r1)
FFE3E0E4  90610038  stw     r3, 0x38(r1)
FFE3E0E8  38E10000  addi    r7, r1, 0x0
FFE3E0EC  AC67003A  lhau    r3, 0x3A(r7)
FFE3E0F0  81810048  lwz     r12, 0x48(r1)
FFE3E0F4  30210040  addic   r1, r1, 0x40
FFE3E0F8  7D8803A6  mtspr   LR, r12
FFE3E0FC  4E800020  blr

ExpMgrConfigWriteWord:
FFE3E100  54A8043E  clrlwi  r8, r5, 16
FFE3E104  38E40000  addi    r7, r4, 0x0
FFE3E108  7C0802A6  mfspr   r0, LR
FFE3E10C  9421FFC0  stwu    r1, -0x40(r1)
FFE3E110  90010048  stw     r0, 0x48(r1)
FFE3E114  800019CC  lwz     r0, 0x19CC
FFE3E118  38C30000  addi    r6, r3, 0x0
FFE3E11C  30600000  addic   r3, r0, 0x0
FFE3E120  38802FA8  li      r4, 0x2FA8
FFE3E124  38A00524  li      r5, 0x524
FFE3E128  480003A1  bl      glue_CallUniversalProc
FFE3E12C  80410014  lwz     r2, 0x14(r1)
FFE3E130  90610038  stw     r3, 0x38(r1)
FFE3E134  38E10000  addi    r7, r1, 0x0
FFE3E138  AC67003A  lhau    r3, 0x3A(r7)
FFE3E13C  81810048  lwz     r12, 0x48(r1)
FFE3E140  30210040  addic   r1, r1, 0x40
FFE3E144  7D8803A6  mtspr   LR, r12
FFE3E148  4E800020  blr

ExpMgrConfigWriteLong:
FFE3E14C  38E40000  addi    r7, r4, 0x0
FFE3E150  39050000  addi    r8, r5, 0x0
FFE3E154  7C0802A6  mfspr   r0, LR
FFE3E158  9421FFC0  stwu    r1, -0x40(r1)
FFE3E15C  90010048  stw     r0, 0x48(r1)
FFE3E160  800019CC  lwz     r0, 0x19CC
FFE3E164  38C30000  addi    r6, r3, 0x0
FFE3E168  30600000  addic   r3, r0, 0x0
FFE3E16C  38803FA8  li      r4, 0x3FA8
FFE3E170  38A00625  li      r5, 0x625
FFE3E174  48000355  bl      glue_CallUniversalProc
FFE3E178  80410014  lwz     r2, 0x14(r1)
FFE3E17C  90610038  stw     r3, 0x38(r1)
FFE3E180  38E10000  addi    r7, r1, 0x0
FFE3E184  AC67003A  lhau    r3, 0x3A(r7)
FFE3E188  81810048  lwz     r12, 0x48(r1)
FFE3E18C  30210040  addic   r1, r1, 0x40
FFE3E190  7D8803A6  mtspr   LR, r12
FFE3E194  4E800020  blr

ExpMgrIOReadByte:
FFE3E198  38E40000  addi    r7, r4, 0x0
FFE3E19C  39050000  addi    r8, r5, 0x0
FFE3E1A0  7C0802A6  mfspr   r0, LR
FFE3E1A4  9421FFC0  stwu    r1, -0x40(r1)
FFE3E1A8  90010048  stw     r0, 0x48(r1)
FFE3E1AC  800019CC  lwz     r0, 0x19CC
FFE3E1B0  38C30000  addi    r6, r3, 0x0
FFE3E1B4  30600000  addic   r3, r0, 0x0
FFE3E1B8  38803FA8  li      r4, 0x3FA8
FFE3E1BC  38A00626  li      r5, 0x626
FFE3E1C0  48000309  bl      glue_CallUniversalProc
FFE3E1C4  80410014  lwz     r2, 0x14(r1)
FFE3E1C8  90610038  stw     r3, 0x38(r1)
FFE3E1CC  38E10000  addi    r7, r1, 0x0
FFE3E1D0  AC67003A  lhau    r3, 0x3A(r7)
FFE3E1D4  81810048  lwz     r12, 0x48(r1)
FFE3E1D8  30210040  addic   r1, r1, 0x40
FFE3E1DC  7D8803A6  mtspr   LR, r12
FFE3E1E0  4E800020  blr

ExpMgrIOReadWord:
FFE3E1E4  38E40000  addi    r7, r4, 0x0
FFE3E1E8  39050000  addi    r8, r5, 0x0
FFE3E1EC  7C0802A6  mfspr   r0, LR
FFE3E1F0  9421FFC0  stwu    r1, -0x40(r1)
FFE3E1F4  90010048  stw     r0, 0x48(r1)
FFE3E1F8  800019CC  lwz     r0, 0x19CC
FFE3E1FC  38C30000  addi    r6, r3, 0x0
FFE3E200  30600000  addic   r3, r0, 0x0
FFE3E204  38803FA8  li      r4, 0x3FA8
FFE3E208  38A00627  li      r5, 0x627
FFE3E20C  480002BD  bl      glue_CallUniversalProc
FFE3E210  80410014  lwz     r2, 0x14(r1)
FFE3E214  90610038  stw     r3, 0x38(r1)
FFE3E218  38E10000  addi    r7, r1, 0x0
FFE3E21C  AC67003A  lhau    r3, 0x3A(r7)
FFE3E220  81810048  lwz     r12, 0x48(r1)
FFE3E224  30210040  addic   r1, r1, 0x40
FFE3E228  7D8803A6  mtspr   LR, r12
FFE3E22C  4E800020  blr

ExpMgrIOReadLong:
FFE3E230  38E40000  addi    r7, r4, 0x0
FFE3E234  39050000  addi    r8, r5, 0x0
FFE3E238  7C0802A6  mfspr   r0, LR
FFE3E23C  9421FFC0  stwu    r1, -0x40(r1)
FFE3E240  90010048  stw     r0, 0x48(r1)
FFE3E244  800019CC  lwz     r0, 0x19CC
FFE3E248  38C30000  addi    r6, r3, 0x0
FFE3E24C  30600000  addic   r3, r0, 0x0
FFE3E250  38803FA8  li      r4, 0x3FA8
FFE3E254  38A00628  li      r5, 0x628
FFE3E258  48000271  bl      glue_CallUniversalProc
FFE3E25C  80410014  lwz     r2, 0x14(r1)
FFE3E260  90610038  stw     r3, 0x38(r1)
FFE3E264  38E10000  addi    r7, r1, 0x0
FFE3E268  AC67003A  lhau    r3, 0x3A(r7)
FFE3E26C  81810048  lwz     r12, 0x48(r1)
FFE3E270  30210040  addic   r1, r1, 0x40
FFE3E274  7D8803A6  mtspr   LR, r12
FFE3E278  4E800020  blr

ExpMgrIOWriteByte:
FFE3E27C  54A8063E  clrlwi  r8, r5, 24
FFE3E280  38E40000  addi    r7, r4, 0x0
FFE3E284  7C0802A6  mfspr   r0, LR
FFE3E288  9421FFC0  stwu    r1, -0x40(r1)
FFE3E28C  90010048  stw     r0, 0x48(r1)
FFE3E290  800019CC  lwz     r0, 0x19CC
FFE3E294  38C30000  addi    r6, r3, 0x0
FFE3E298  30600000  addic   r3, r0, 0x0
FFE3E29C  38801FA8  li      r4, 0x1FA8
FFE3E2A0  38A00529  li      r5, 0x529
FFE3E2A4  48000225  bl      glue_CallUniversalProc
FFE3E2A8  80410014  lwz     r2, 0x14(r1)
FFE3E2AC  90610038  stw     r3, 0x38(r1)
FFE3E2B0  38E10000  addi    r7, r1, 0x0
FFE3E2B4  AC67003A  lhau    r3, 0x3A(r7)
FFE3E2B8  81810048  lwz     r12, 0x48(r1)
FFE3E2BC  30210040  addic   r1, r1, 0x40
FFE3E2C0  7D8803A6  mtspr   LR, r12
FFE3E2C4  4E800020  blr

ExpMgrIOWriteWord:
FFE3E2C8  54A8043E  clrlwi  r8, r5, 16
FFE3E2CC  38E40000  addi    r7, r4, 0x0
FFE3E2D0  7C0802A6  mfspr   r0, LR
FFE3E2D4  9421FFC0  stwu    r1, -0x40(r1)
FFE3E2D8  90010048  stw     r0, 0x48(r1)
FFE3E2DC  800019CC  lwz     r0, 0x19CC
FFE3E2E0  38C30000  addi    r6, r3, 0x0
FFE3E2E4  30600000  addic   r3, r0, 0x0
FFE3E2E8  38802FA8  li      r4, 0x2FA8
FFE3E2EC  38A0052A  li      r5, 0x52A
FFE3E2F0  480001D9  bl      glue_CallUniversalProc
FFE3E2F4  80410014  lwz     r2, 0x14(r1)
FFE3E2F8  90610038  stw     r3, 0x38(r1)
FFE3E2FC  38E10000  addi    r7, r1, 0x0
FFE3E300  AC67003A  lhau    r3, 0x3A(r7)
FFE3E304  81810048  lwz     r12, 0x48(r1)
FFE3E308  30210040  addic   r1, r1, 0x40
FFE3E30C  7D8803A6  mtspr   LR, r12
FFE3E310  4E800020  blr

ExpMgrIOWriteLong:
FFE3E314  38E40000  addi    r7, r4, 0x0
FFE3E318  39050000  addi    r8, r5, 0x0
FFE3E31C  7C0802A6  mfspr   r0, LR
FFE3E320  9421FFC0  stwu    r1, -0x40(r1)
FFE3E324  90010048  stw     r0, 0x48(r1)
FFE3E328  800019CC  lwz     r0, 0x19CC
FFE3E32C  38C30000  addi    r6, r3, 0x0
FFE3E330  30600000  addic   r3, r0, 0x0
FFE3E334  38803FA8  li      r4, 0x3FA8
FFE3E338  38A0062B  li      r5, 0x62B
FFE3E33C  4800018D  bl      glue_CallUniversalProc
FFE3E340  80410014  lwz     r2, 0x14(r1)
FFE3E344  90610038  stw     r3, 0x38(r1)
FFE3E348  38E10000  addi    r7, r1, 0x0
FFE3E34C  AC67003A  lhau    r3, 0x3A(r7)
FFE3E350  81810048  lwz     r12, 0x48(r1)
FFE3E354  30210040  addic   r1, r1, 0x40
FFE3E358  7D8803A6  mtspr   LR, r12
FFE3E35C  4E800020  blr

ExpMgrInterruptAcknowledgeReadByte:
FFE3E360  38E40000  addi    r7, r4, 0x0
FFE3E364  7C0802A6  mfspr   r0, LR
FFE3E368  9421FFC0  stwu    r1, -0x40(r1)
FFE3E36C  90010048  stw     r0, 0x48(r1)
FFE3E370  800019CC  lwz     r0, 0x19CC
FFE3E374  38C30000  addi    r6, r3, 0x0
FFE3E378  30600000  addic   r3, r0, 0x0
FFE3E37C  38800FA8  li      r4, 0xFA8
FFE3E380  38A00411  li      r5, 0x411
FFE3E384  48000145  bl      glue_CallUniversalProc
FFE3E388  80410014  lwz     r2, 0x14(r1)
FFE3E38C  90610038  stw     r3, 0x38(r1)
FFE3E390  38C10000  addi    r6, r1, 0x0
FFE3E394  AC66003A  lhau    r3, 0x3A(r6)
FFE3E398  81810048  lwz     r12, 0x48(r1)
FFE3E39C  30210040  addic   r1, r1, 0x40
FFE3E3A0  7D8803A6  mtspr   LR, r12
FFE3E3A4  4E800020  blr

ExpMgrInterruptAcknowledgeReadWord:
FFE3E3A8  38E40000  addi    r7, r4, 0x0
FFE3E3AC  7C0802A6  mfspr   r0, LR
FFE3E3B0  9421FFC0  stwu    r1, -0x40(r1)
FFE3E3B4  90010048  stw     r0, 0x48(r1)
FFE3E3B8  800019CC  lwz     r0, 0x19CC
FFE3E3BC  38C30000  addi    r6, r3, 0x0
FFE3E3C0  30600000  addic   r3, r0, 0x0
FFE3E3C4  38800FA8  li      r4, 0xFA8
FFE3E3C8  38A00412  li      r5, 0x412
FFE3E3CC  480000FD  bl      glue_CallUniversalProc
FFE3E3D0  80410014  lwz     r2, 0x14(r1)
FFE3E3D4  90610038  stw     r3, 0x38(r1)
FFE3E3D8  38C10000  addi    r6, r1, 0x0
FFE3E3DC  AC66003A  lhau    r3, 0x3A(r6)
FFE3E3E0  81810048  lwz     r12, 0x48(r1)
FFE3E3E4  30210040  addic   r1, r1, 0x40
FFE3E3E8  7D8803A6  mtspr   LR, r12
FFE3E3EC  4E800020  blr

ExpMgrInterruptAcknowledgeReadLong:
FFE3E3F0  38E40000  addi    r7, r4, 0x0
FFE3E3F4  7C0802A6  mfspr   r0, LR
FFE3E3F8  9421FFC0  stwu    r1, -0x40(r1)
FFE3E3FC  90010048  stw     r0, 0x48(r1)
FFE3E400  800019CC  lwz     r0, 0x19CC
FFE3E404  38C30000  addi    r6, r3, 0x0
FFE3E408  30600000  addic   r3, r0, 0x0
FFE3E40C  38800FA8  li      r4, 0xFA8
FFE3E410  38A00413  li      r5, 0x413
FFE3E414  480000B5  bl      glue_CallUniversalProc
FFE3E418  80410014  lwz     r2, 0x14(r1)
FFE3E41C  90610038  stw     r3, 0x38(r1)
FFE3E420  38C10000  addi    r6, r1, 0x0
FFE3E424  AC66003A  lhau    r3, 0x3A(r6)
FFE3E428  81810048  lwz     r12, 0x48(r1)
FFE3E42C  30210040  addic   r1, r1, 0x40
FFE3E430  7D8803A6  mtspr   LR, r12
FFE3E434  4E800020  blr

ExpMgrSpecialCycleWriteLong:
FFE3E438  38E40000  addi    r7, r4, 0x0
FFE3E43C  7C0802A6  mfspr   r0, LR
FFE3E440  9421FFC0  stwu    r1, -0x40(r1)
FFE3E444  90010048  stw     r0, 0x48(r1)
FFE3E448  800019CC  lwz     r0, 0x19CC
FFE3E44C  38C30000  addi    r6, r3, 0x0
FFE3E450  30600000  addic   r3, r0, 0x0
FFE3E454  38800FA8  li      r4, 0xFA8
FFE3E458  38A00419  li      r5, 0x419
FFE3E45C  4800006D  bl      glue_CallUniversalProc
FFE3E460  80410014  lwz     r2, 0x14(r1)
FFE3E464  90610038  stw     r3, 0x38(r1)
FFE3E468  38C10000  addi    r6, r1, 0x0
FFE3E46C  AC66003A  lhau    r3, 0x3A(r6)
FFE3E470  81810048  lwz     r12, 0x48(r1)
FFE3E474  30210040  addic   r1, r1, 0x40
FFE3E478  7D8803A6  mtspr   LR, r12
FFE3E47C  4E800020  blr

ExpMgrSpecialCycleBroadcastLong:
FFE3E480  7C0802A6  mfspr   r0, LR
FFE3E484  9421FFC0  stwu    r1, -0x40(r1)
FFE3E488  90010048  stw     r0, 0x48(r1)
FFE3E48C  800019CC  lwz     r0, 0x19CC
FFE3E490  38C30000  addi    r6, r3, 0x0
FFE3E494  30600000  addic   r3, r0, 0x0
FFE3E498  388003A8  li      r4, 0x3A8
FFE3E49C  38A0021A  li      r5, 0x21A
FFE3E4A0  48000029  bl      glue_CallUniversalProc
FFE3E4A4  80410014  lwz     r2, 0x14(r1)
FFE3E4A8  90610038  stw     r3, 0x38(r1)
FFE3E4AC  38C10000  addi    r6, r1, 0x0
FFE3E4B0  AC66003A  lhau    r3, 0x3A(r6)
FFE3E4B4  81810048  lwz     r12, 0x48(r1)
FFE3E4B8  30210040  addic   r1, r1, 0x40
FFE3E4BC  7D8803A6  mtspr   LR, r12
FFE3E4C0  4E800020  blr
FFE3E4C4d 00000000  .long   0x00000000

glue_CallUniversalProc:
FFE3E4C8* 81820000  lwz     r12, 0x0(r2)                       ; TOC[+0] CallUniversalProc
FFE3E4CC* 90410014  stw     r2, 0x14(r1)
FFE3E4D0* 800C0000  lwz     r0, 0x0(r12)
FFE3E4D4* 804C0004  lwz     r2, 0x4(r12)
FFE3E4D8* 7C0903A6  mtspr   CTR, r0
FFE3E4DC* 4E800420  bctr
FFE3E4E0d 00000000  .long   0x00000000
FFE3E4E4d 000C8000  .long   0x000C8000
FFE3E4E8d 00000000  .long   0x00000000

EndianSwap16Bit:
FFE3E4EC  5460C63E  extrwi  r0, r3, 8, 16
FFE3E4F0  5463043E  clrlwi  r3, r3, 16
FFE3E4F4  5060402E  insrwi  r0, r3, 24, 0
FFE3E4F8  5403043E  clrlwi  r3, r0, 16
FFE3E4FC  4E800020  blr

EndianSwap32Bit:
FFE3E500* 5460463E  srwi    r0, r3, 24
FFE3E504* 5060C42E  rlwimi  r0, r3, 24, 16, 23
FFE3E508* 5060421E  rlwimi  r0, r3, 8, 8, 15
FFE3E50C* 5060C00E  insrwi  r0, r3, 8, 0
FFE3E510* 30600000  addic   r3, r0, 0x0
FFE3E514* 4E800020  blr
FFE3E518d 00000000  .long   0x00000000

; ----------------------------------------------------------------------------
; data section 1 (pidata), unpacked E8 bytes; addresses are offsets in the section;
; relocated words are named (imports) or point into a section (code+X / data+X).
; ----------------------------------------------------------------------------
+00000  00000000  -> code+0 = FFE3DFD0 ExpMgrConfigReadByte
+00004  000000E4  -> data+E4
+0000C  0000004C  -> code+4C = FFE3E01C ExpMgrConfigReadWord
+00010  000000E4  -> data+E4
+00018  00000098  -> code+98 = FFE3E068 ExpMgrConfigReadLong
+0001C  000000E4  -> data+E4
+00024  000000E4  -> code+E4 = FFE3E0B4 ExpMgrConfigWriteByte
+00028  000000E4  -> data+E4
+00030  00000130  -> code+130 = FFE3E100 ExpMgrConfigWriteWord
+00034  000000E4  -> data+E4
+0003C  0000017C  -> code+17C = FFE3E14C ExpMgrConfigWriteLong
+00040  000000E4  -> data+E4
+00048  000001C8  -> code+1C8 = FFE3E198 ExpMgrIOReadByte
+0004C  000000E4  -> data+E4
+00054  00000214  -> code+214 = FFE3E1E4 ExpMgrIOReadWord
+00058  000000E4  -> data+E4
+00060  00000260  -> code+260 = FFE3E230 ExpMgrIOReadLong
+00064  000000E4  -> data+E4
+0006C  000002AC  -> code+2AC = FFE3E27C ExpMgrIOWriteByte
+00070  000000E4  -> data+E4
+00078  000002F8  -> code+2F8 = FFE3E2C8 ExpMgrIOWriteWord
+0007C  000000E4  -> data+E4
+00084  00000344  -> code+344 = FFE3E314 ExpMgrIOWriteLong
+00088  000000E4  -> data+E4
+00090  00000390  -> code+390 = FFE3E360 ExpMgrInterruptAcknowledgeReadByte
+00094  000000E4  -> data+E4
+0009C  000003D8  -> code+3D8 = FFE3E3A8 ExpMgrInterruptAcknowledgeReadWord
+000A0  000000E4  -> data+E4
+000A8  00000420  -> code+420 = FFE3E3F0 ExpMgrInterruptAcknowledgeReadLong
+000AC  000000E4  -> data+E4
+000B4  00000468  -> code+468 = FFE3E438 ExpMgrSpecialCycleWriteLong
+000B8  000000E4  -> data+E4
+000C0  000004B0  -> code+4B0 = FFE3E480 ExpMgrSpecialCycleBroadcastLong
+000C4  000000E4  -> data+E4
+000CC  0000051C  -> code+51C = FFE3E4EC EndianSwap16Bit
+000D0  000000E4  -> data+E4
+000D8  00000530  -> code+530 = FFE3E500 EndianSwap32Bit
+000DC  000000E4  -> data+E4
+000E4  00000000  -> InterfaceLib::CallUniversalProc
; full unpacked image:
00000000  00 00 00 00 00 00 00 E4 00 00 00 00 00 00 00 4C  |...............L|
00000010  00 00 00 E4 00 00 00 00 00 00 00 98 00 00 00 E4  |................|
00000020  00 00 00 00 00 00 00 E4 00 00 00 E4 00 00 00 00  |................|
00000030  00 00 01 30 00 00 00 E4 00 00 00 00 00 00 01 7C  |...0...........||
00000040  00 00 00 E4 00 00 00 00 00 00 01 C8 00 00 00 E4  |................|
00000050  00 00 00 00 00 00 02 14 00 00 00 E4 00 00 00 00  |................|
00000060  00 00 02 60 00 00 00 E4 00 00 00 00 00 00 02 AC  |...`............|
00000070  00 00 00 E4 00 00 00 00 00 00 02 F8 00 00 00 E4  |................|
00000080  00 00 00 00 00 00 03 44 00 00 00 E4 00 00 00 00  |.......D........|
00000090  00 00 03 90 00 00 00 E4 00 00 00 00 00 00 03 D8  |................|
000000A0  00 00 00 E4 00 00 00 00 00 00 04 20 00 00 00 E4  |........... ....|
000000B0  00 00 00 00 00 00 04 68 00 00 00 E4 00 00 00 00  |.......h........|
000000C0  00 00 04 B0 00 00 00 E4 00 00 00 00 00 00 05 1C  |................|
000000D0  00 00 00 E4 00 00 00 00 00 00 05 30 00 00 00 E4  |...........0....|
000000E0  00 00 00 00 00 00 00 00                          |........|

; exports (19):
;   ExpMgrConfigReadByte                     class tvector section  1 offset 0
;   ExpMgrConfigReadWord                     class tvector section  1 offset C
;   ExpMgrConfigReadLong                     class tvector section  1 offset 18
;   ExpMgrConfigWriteByte                    class tvector section  1 offset 24
;   ExpMgrConfigWriteWord                    class tvector section  1 offset 30
;   ExpMgrConfigWriteLong                    class tvector section  1 offset 3C
;   ExpMgrIOReadByte                         class tvector section  1 offset 48
;   ExpMgrIOReadWord                         class tvector section  1 offset 54
;   ExpMgrIOReadLong                         class tvector section  1 offset 60
;   ExpMgrIOWriteByte                        class tvector section  1 offset 6C
;   ExpMgrIOWriteWord                        class tvector section  1 offset 78
;   ExpMgrIOWriteLong                        class tvector section  1 offset 84
;   ExpMgrInterruptAcknowledgeReadByte       class tvector section  1 offset 90
;   ExpMgrInterruptAcknowledgeReadWord       class tvector section  1 offset 9C
;   ExpMgrInterruptAcknowledgeReadLong       class tvector section  1 offset A8
;   ExpMgrSpecialCycleWriteLong              class tvector section  1 offset B4
;   ExpMgrSpecialCycleBroadcastLong          class tvector section  1 offset C0
;   EndianSwap16Bit                          class tvector section  1 offset CC
;   EndianSwap32Bit                          class tvector section  1 offset D8
; imports (1):
;      0 InterfaceLib             CallUniversalProc                        tvector
