; ============================================================================
; ROM resource 'sl01' 0  at FFE3FA20
; ============================================================================
; data at ROM 23FA20 (424 bytes), entry at 23FE40, attributes 58, combo 7800000000000000
; data header: 4b757274 c0a00000 00000424 000004ec
; 68k code resource, disassembled from its start (entry points: offset 0, driver
; header entries for DRVR, and executed addresses).
;
; Columns: address, flag, raw bytes, instruction, ; comment.
;   flag '*' executed in the coverage run, ' ' reached by control flow,
;   '?' decodes as code but neither executed nor reached, 'd' data.

FFE3FA20d 00000428000002C8     dc.b    $00,$00,$04,$28,$00,$00,$02,$C8,$00,$00,$04,$08,$00,$00,$00,$20 ; |...(........... | library descriptor
FFE3FA30d 00003F3C0003A9F0     dc.b    $00,$00,$3F,$3C,$00,$03,$A9,$F0,$00,$00,$FF,$FF,$00,$00,$00,$00 ; |..?<............|
FFE3FA40d 0001A9F00000012E     dc.b    $00,$01,$A9,$F0,$00,$00,$01,$2E,$00,$01,$A9,$F0,$00,$00,$00,$28 ; |...............(|
FFE3FA50d 0002A9F000000028     dc.b    $00,$02,$A9,$F0,$00,$00,$00,$28,$00,$02,$A9,$F0,$00,$00,$00,$30 ; |.......(.......0|
FFE3FA60d 0002A9F00000003C     dc.b    $00,$02,$A9,$F0,$00,$00,$00,$3C,$00,$02,$A9,$F0,$00,$00,$00,$48 ; |.......<.......H|
FFE3FA70d 0002A9F000000088     dc.b    $00,$02,$A9,$F0,$00,$00,$00,$88,$00,$02,$A9,$F0,$00,$00,$00,$CA ; |................|
FFE3FA80d 0002A9F0000000D4     dc.b    $00,$02,$A9,$F0,$00,$00,$00,$D4,$00,$02,$A9,$F0,$00,$00,$00,$DC ; |................|
FFE3FA90d 0002A9F0000000E6     dc.b    $00,$02,$A9,$F0,$00,$00,$00,$E6,$00,$02,$A9,$F0,$00,$00,$00,$F6 ; |................|
FFE3FAA0d 0002A9F000000108     dc.b    $00,$02,$A9,$F0,$00,$00,$01,$08,$00,$02,$A9,$F0,$00,$00,$01,$12 ; |................|
FFE3FAB0d 0002A9F00000011C     dc.b    $00,$02,$A9,$F0,$00,$00,$01,$1C,$00,$02,$A9,$F0,$00,$00,$02,$4C ; |...............L|
FFE3FAC0d 0002A9F0000002A8     dc.b    $00,$02,$A9,$F0,$00,$00,$02,$A8,$00,$02,$A9,$F0,$00,$00,$03,$60 ; |...............`|
FFE3FAD0d 0002A9F000000376     dc.b    $00,$02,$A9,$F0,$00,$00,$03,$76,$00,$02,$A9,$F0,$00,$00,$03,$80 ; |.......v........|
FFE3FAE0d 0002A9F000000396     dc.b    $00,$02,$A9,$F0,$00,$00,$03,$96,$00,$02,$A9,$F0,$00,$00,$03,$A0 ; |................|
FFE3FAF0d 0002A9F0000003B6     dc.b    $00,$02,$A9,$F0,$00,$00,$03,$B6,$00,$02,$A9,$F0,$00,$00,$03,$C0 ; |................|
FFE3FB00d 0002A9F0000003D6     dc.b    $00,$02,$A9,$F0,$00,$00,$03,$D6,$00,$02,$A9,$F0,$00,$00,$03,$E0 ; |................|
FFE3FB10d 0002A9F0000003F6     dc.b    $00,$02,$A9,$F0,$00,$00,$03,$F6,$00,$02,$A9,$F0,$00,$00,$04,$00 ; |................|
FFE3FB20d 0002A9F000000416     dc.b    $00,$02,$A9,$F0,$00,$00,$04,$16,$00,$02,$A9,$F0,$00,$00,$04,$20 ; |............... |
FFE3FB30d 0002A9F000000436     dc.b    $00,$02,$A9,$F0,$00,$00,$04,$36,$00,$02,$A9,$F0,$00,$00,$04,$40 ; |.......6.......@|
FFE3FB40d 0002A9F000000456     dc.b    $00,$02,$A9,$F0,$00,$00,$04,$56,$00,$02,$A9,$F0,$00,$00,$04,$60 ; |.......V.......`|
FFE3FB50d 0002A9F000000476     dc.b    $00,$02,$A9,$F0,$00,$00,$04,$76,$00,$02,$A9,$F0,$00,$00,$04,$80 ; |.......v........|
FFE3FB60d 0002A9F000000496     dc.b    $00,$02,$A9,$F0,$00,$00,$04,$96,$00,$02,$A9,$F0,$00,$00,$04,$A0 ; |................|
FFE3FB70d 0002A9F0000004B6     dc.b    $00,$02,$A9,$F0,$00,$00,$04,$B6,$00,$02,$A9,$F0,$00,$00,$04,$C0 ; |................|
FFE3FB80d 0002A9F0000004D6     dc.b    $00,$02,$A9,$F0,$00,$00,$04,$D6,$00,$02,$A9,$F0,$00,$00,$04,$E0 ; |................|
FFE3FB90d 0002A9F0000004F6     dc.b    $00,$02,$A9,$F0,$00,$00,$04,$F6,$00,$02,$A9,$F0,$00,$00,$05,$00 ; |................|
FFE3FBA0d 0002A9F000000516     dc.b    $00,$02,$A9,$F0,$00,$00,$05,$16,$00,$02,$A9,$F0,$00,$00,$05,$42 ; |...............B|
FFE3FBB0d 0002A9F000000558     dc.b    $00,$02,$A9,$F0,$00,$00,$05,$58,$00,$02,$A9,$F0,$00,$00,$05,$62 ; |.......X.......b|
FFE3FBC0d 0002A9F000000578     dc.b    $00,$02,$A9,$F0,$00,$00,$05,$78,$00,$02,$A9,$F0,$00,$00,$05,$82 ; |.......x........|
FFE3FBD0d 0002A9F00000058C     dc.b    $00,$02,$A9,$F0,$00,$00,$05,$8C,$00,$02,$A9,$F0,$00,$00,$05,$B0 ; |................|
FFE3FBE0d 0002A9F0000005BA     dc.b    $00,$02,$A9,$F0,$00,$00,$05,$BA,$00,$02,$A9,$F0,$00,$00,$05,$C2 ; |................|
FFE3FBF0d 0002A9F0000005CC     dc.b    $00,$02,$A9,$F0,$00,$00,$05,$CC,$00,$02,$A9,$F0,$00,$00,$05,$D6 ; |................|
FFE3FC00d 0002A9F0000005E0     dc.b    $00,$02,$A9,$F0,$00,$00,$05,$E0,$00,$02,$A9,$F0,$00,$00,$05,$EA ; |................|
FFE3FC10d 0002A9F0000005F4     dc.b    $00,$02,$A9,$F0,$00,$00,$05,$F4,$00,$02,$A9,$F0,$00,$00,$06,$18 ; |................|
FFE3FC20d 0002A9F000000622     dc.b    $00,$02,$A9,$F0,$00,$00,$06,$22,$00,$02,$A9,$F0,$00,$00,$06,$2A ; |.......".......*|
FFE3FC30d 0002A9F000000634     dc.b    $00,$02,$A9,$F0,$00,$00,$06,$34,$00,$02,$A9,$F0,$00,$00,$06,$3E ; |.......4.......>|
FFE3FC40d 0002A9F000000648     dc.b    $00,$02,$A9,$F0,$00,$00,$06,$48,$00,$02,$A9,$F0,$00,$00,$06,$58 ; |.......H.......X|
FFE3FC50d 0002A9F00000068E     dc.b    $00,$02,$A9,$F0,$00,$00,$06,$8E,$00,$02,$A9,$F0,$00,$00,$06,$9E ; |................|
FFE3FC60d 0002A9F0000006D4     dc.b    $00,$02,$A9,$F0,$00,$00,$06,$D4,$00,$02,$A9,$F0,$00,$00,$06,$F8 ; |................|
FFE3FC70d 0002A9F00000071E     dc.b    $00,$02,$A9,$F0,$00,$00,$07,$1E,$00,$02,$A9,$F0,$00,$00,$07,$42 ; |...............B|
FFE3FC80d 0002A9F000000768     dc.b    $00,$02,$A9,$F0,$00,$00,$07,$68,$00,$02,$A9,$F0,$00,$00,$07,$8C ; |.......h........|
FFE3FC90d 0002A9F0000007B2     dc.b    $00,$02,$A9,$F0,$00,$00,$07,$B2,$00,$02,$A9,$F0,$00,$00,$07,$D6 ; |................|
FFE3FCA0d 0002A9F0000007FC     dc.b    $00,$02,$A9,$F0,$00,$00,$07,$FC,$00,$02,$A9,$F0,$00,$00,$08,$20 ; |............... |
FFE3FCB0d 0002A9F000000846     dc.b    $00,$02,$A9,$F0,$00,$00,$08,$46,$00,$02,$A9,$F0,$00,$00,$08,$6A ; |.......F.......j|
FFE3FCC0d 0002A9F000000890     dc.b    $00,$02,$A9,$F0,$00,$00,$08,$90,$00,$02,$A9,$F0,$00,$00,$08,$B4 ; |................|
FFE3FCD0d 0002A9F0000008DA     dc.b    $00,$02,$A9,$F0,$00,$00,$08,$DA,$00,$02,$A9,$F0,$00,$00,$08,$FE ; |................|
FFE3FCE0d 0002A9F000000924     dc.b    $00,$02,$A9,$F0,$00,$00,$09,$24,$00,$02,$A9,$F0,$00,$00,$09,$2E ; |.......$........|
FFE3FCF0d 0002A9F000000936     dc.b    $00,$02,$A9,$F0,$00,$00,$09,$36,$00,$02,$A9,$F0,$00,$00,$09,$40 ; |.......6.......@|
FFE3FD00d 0002A9F00000094A     dc.b    $00,$02,$A9,$F0,$00,$00,$09,$4A,$00,$02,$A9,$F0,$00,$00,$09,$52 ; |.......J.......R|
FFE3FD10d 0002A9F00000095C     dc.b    $00,$02,$A9,$F0,$00,$00,$09,$5C,$00,$02,$A9,$F0,$00,$00,$09,$6C ; |.......\.......l|
FFE3FD20d 0002A9F0000009C6     dc.b    $00,$02,$A9,$F0,$00,$00,$09,$C6,$00,$02,$A9,$F0,$00,$00,$09,$D0 ; |................|
FFE3FD30d 0002A9F0000009DA     dc.b    $00,$02,$A9,$F0,$00,$00,$09,$DA,$00,$02,$A9,$F0,$00,$00,$09,$E4 ; |................|
FFE3FD40d 0002A9F0000009EE     dc.b    $00,$02,$A9,$F0,$00,$00,$09,$EE,$00,$02,$A9,$F0,$00,$00,$09,$F8 ; |................|
FFE3FD50d 0002A9F000000A02     dc.b    $00,$02,$A9,$F0,$00,$00,$0A,$02,$00,$02,$A9,$F0,$00,$00,$0A,$0C ; |................|
FFE3FD60d 0002A9F000000A16     dc.b    $00,$02,$A9,$F0,$00,$00,$0A,$16,$00,$02,$A9,$F0,$00,$00,$0A,$20 ; |............... |
FFE3FD70d 0002A9F000000A2A     dc.b    $00,$02,$A9,$F0,$00,$00,$0A,$2A,$00,$02,$A9,$F0,$00,$00,$0A,$34 ; |.......*.......4|
FFE3FD80d 0002A9F000000A44     dc.b    $00,$02,$A9,$F0,$00,$00,$0A,$44,$00,$02,$A9,$F0,$00,$00,$0A,$4C ; |.......D.......L|
FFE3FD90d 0002A9F000000A62     dc.b    $00,$02,$A9,$F0,$00,$00,$0A,$62,$00,$02,$A9,$F0,$00,$00,$0A,$6C ; |.......b.......l|
FFE3FDA0d 0002A9F000000A82     dc.b    $00,$02,$A9,$F0,$00,$00,$0A,$82,$00,$02,$A9,$F0,$00,$00,$0A,$8C ; |................|
FFE3FDB0d 0002A9F000000AA2     dc.b    $00,$02,$A9,$F0,$00,$00,$0A,$A2,$00,$02,$A9,$F0,$00,$00,$0A,$AC ; |................|
FFE3FDC0d 0002A9F000000AC2     dc.b    $00,$02,$A9,$F0,$00,$00,$0A,$C2,$00,$02,$A9,$F0,$00,$00,$0A,$CC ; |................|
FFE3FDD0d 0002A9F000000AD6     dc.b    $00,$02,$A9,$F0,$00,$00,$0A,$D6,$00,$02,$A9,$F0,$00,$00,$0A,$E0 ; |................|
FFE3FDE0d 0002A9F000000AEA     dc.b    $00,$02,$A9,$F0,$00,$00,$0A,$EA,$00,$02,$A9,$F0,$00,$00,$0B,$18 ; |................|
FFE3FDF0d 0002A9F000000B2E     dc.b    $00,$02,$A9,$F0,$00,$00,$0B,$2E,$00,$02,$A9,$F0,$00,$00,$0B,$56 ; |...............V|
FFE3FE00d 0002A9F000000B64     dc.b    $00,$02,$A9,$F0,$00,$00,$0B,$64,$00,$02,$A9,$F0,$00,$00,$0C,$88 ; |.......d........|
FFE3FE10d 0002A9F000000CA0     dc.b    $00,$02,$A9,$F0,$00,$00,$0C,$A0,$00,$02,$A9,$F0,$00,$00,$0C,$B2 ; |................|
FFE3FE20d 0002A9F000000D50     dc.b    $00,$02,$A9,$F0,$00,$00,$0D,$50,$00,$02,$A9,$F0,$00,$00,$0E,$00 ; |.......P........|
FFE3FE30d 0002A9F000000EBC     dc.b    $00,$02,$A9,$F0,$00,$00,$0E,$BC,$6B,$63,$6B,$63,$6B,$63,$6B,$63 ; |........kckckckc|
FFE3FE40d 78000000             dc.b    $78,$00,$00,$00                   ; |x...|
