; ============================================================================
; ROM resource 'sl02' 0  at FFEA4DB0
; ============================================================================
; data at ROM 2A4DB0 (1AC bytes), entry at 23FF40, attributes 58, combo 7800000000000000
; data header: 4b757274 c0a00000 000001ac 0000050c
; 68k code resource, disassembled from its start (entry points: offset 0, driver
; header entries for DRVR, and executed addresses).
;
; Columns: address, flag, raw bytes, instruction, ; comment.
;   flag '*' executed in the coverage run, ' ' reached by control flow,
;   '?' decodes as code but neither executed nor reached, 'd' data.

FFEA4DB0d 000001B000000324     dc.b    $00,$00,$01,$B0,$00,$00,$03,$24,$00,$00,$01,$90,$00,$00,$00,$20 ; |.......$....... | library descriptor
FFEA4DC0d 00003F3C0003A9F0     dc.b    $00,$00,$3F,$3C,$00,$03,$A9,$F0,$00,$00,$FF,$FF,$00,$00,$00,$00 ; |..?<............|
FFEA4DD0d 0001A9F0000001DC     dc.b    $00,$01,$A9,$F0,$00,$00,$01,$DC,$00,$01,$A9,$F0,$00,$00,$00,$28 ; |...............(|
FFEA4DE0d 0002A9F000000028     dc.b    $00,$02,$A9,$F0,$00,$00,$00,$28,$00,$02,$A9,$F0,$00,$00,$00,$30 ; |.......(.......0|
FFEA4DF0d 0002A9F00000003C     dc.b    $00,$02,$A9,$F0,$00,$00,$00,$3C,$00,$02,$A9,$F0,$00,$00,$00,$48 ; |.......<.......H|
FFEA4E00d 0002A9F000000088     dc.b    $00,$02,$A9,$F0,$00,$00,$00,$88,$00,$02,$A9,$F0,$00,$00,$00,$CA ; |................|
FFEA4E10d 0002A9F000000116     dc.b    $00,$02,$A9,$F0,$00,$00,$01,$16,$00,$02,$A9,$F0,$00,$00,$01,$C4 ; |................|
FFEA4E20d 0002A9F000000284     dc.b    $00,$02,$A9,$F0,$00,$00,$02,$84,$00,$02,$A9,$F0,$00,$00,$04,$22 ; |..............."|
FFEA4E30d 0002A9F00000048C     dc.b    $00,$02,$A9,$F0,$00,$00,$04,$8C,$00,$02,$A9,$F0,$00,$00,$05,$B6 ; |................|
FFEA4E40d 0002A9F000000642     dc.b    $00,$02,$A9,$F0,$00,$00,$06,$42,$00,$02,$A9,$F0,$00,$00,$06,$8E ; |.......B........|
FFEA4E50d 0002A9F0000006C6     dc.b    $00,$02,$A9,$F0,$00,$00,$06,$C6,$00,$02,$A9,$F0,$00,$00,$07,$84 ; |................|
FFEA4E60d 0002A9F0000007DC     dc.b    $00,$02,$A9,$F0,$00,$00,$07,$DC,$00,$02,$A9,$F0,$00,$00,$08,$3E ; |...............>|
FFEA4E70d 0002A9F000000876     dc.b    $00,$02,$A9,$F0,$00,$00,$08,$76,$00,$02,$A9,$F0,$00,$00,$08,$CA ; |.......v........|
FFEA4E80d 0002A9F00000090E     dc.b    $00,$02,$A9,$F0,$00,$00,$09,$0E,$00,$02,$A9,$F0,$00,$00,$09,$70 ; |...............p|
FFEA4E90d 0002A9F0000009D2     dc.b    $00,$02,$A9,$F0,$00,$00,$09,$D2,$00,$02,$A9,$F0,$00,$00,$0A,$32 ; |...............2|
FFEA4EA0d 0002A9F000000A8E     dc.b    $00,$02,$A9,$F0,$00,$00,$0A,$8E,$00,$02,$A9,$F0,$00,$00,$0A,$F6 ; |................|
FFEA4EB0d 0002A9F000000B4E     dc.b    $00,$02,$A9,$F0,$00,$00,$0B,$4E,$00,$02,$A9,$F0,$00,$00,$0B,$98 ; |.......N........|
FFEA4EC0d 0002A9F000000BD4     dc.b    $00,$02,$A9,$F0,$00,$00,$0B,$D4,$00,$02,$A9,$F0,$00,$00,$0C,$10 ; |................|
FFEA4ED0d 0002A9F000000C62     dc.b    $00,$02,$A9,$F0,$00,$00,$0C,$62,$00,$02,$A9,$F0,$00,$00,$0C,$F4 ; |.......b........|
FFEA4EE0d 0002A9F000000D62     dc.b    $00,$02,$A9,$F0,$00,$00,$0D,$62,$00,$02,$A9,$F0,$00,$00,$0D,$C4 ; |.......b........|
FFEA4EF0d 0002A9F000000FD0     dc.b    $00,$02,$A9,$F0,$00,$00,$0F,$D0,$00,$02,$A9,$F0,$00,$00,$11,$80 ; |................|
FFEA4F00d 0002A9F000001238     dc.b    $00,$02,$A9,$F0,$00,$00,$12,$38,$00,$02,$A9,$F0,$00,$00,$13,$9C ; |.......8........|
FFEA4F10d 0002A9F000001400     dc.b    $00,$02,$A9,$F0,$00,$00,$14,$00,$00,$02,$A9,$F0,$00,$00,$14,$60 ; |...............`|
FFEA4F20d 0002A9F0000014E6     dc.b    $00,$02,$A9,$F0,$00,$00,$14,$E6,$00,$02,$A9,$F0,$00,$00,$17,$3E ; |...............>|
FFEA4F30d 0002A9F000001AF8     dc.b    $00,$02,$A9,$F0,$00,$00,$1A,$F8,$00,$02,$A9,$F0,$00,$00,$1C,$88 ; |................|
FFEA4F40d 0002A9F000001D5C     dc.b    $00,$02,$A9,$F0,$00,$00,$1D,$5C,$00,$02,$A9,$F0,$00,$00,$1E,$18 ; |.......\........|
FFEA4F50d 4B757274C0A00000     dc.b    $4B,$75,$72,$74,$C0,$A0,$00,$00,$00,$00,$06,$4C ; |Kurt.......L|
