; ============================================================================
; ROM resource 'sl04' 0  at FFEA75B0
; ============================================================================
; data at ROM 2A75B0 (26C bytes), entry at 2A7810, attributes 58, combo 7800000000000000
; data header: 4b757274 c0a00000 0000026c 00000534
; 68k code resource, disassembled from its start (entry points: offset 0, driver
; header entries for DRVR, and executed addresses).
;
; Columns: address, flag, raw bytes, instruction, ; comment.
;   flag '*' executed in the coverage run, ' ' reached by control flow,
;   '?' decodes as code but neither executed nor reached, 'd' data.

FFEA75B0d 0000027000000438     dc.b    $00,$00,$02,$70,$00,$00,$04,$38,$00,$00,$02,$50,$00,$00,$00,$20 ; |...p...8...P... | library descriptor
FFEA75C0d 00003F3C0003A9F0     dc.b    $00,$00,$3F,$3C,$00,$03,$A9,$F0,$00,$00,$FF,$FF,$00,$00,$00,$00 ; |..?<............|
FFEA75D0d 0001A9F0000001B4     dc.b    $00,$01,$A9,$F0,$00,$00,$01,$B4,$00,$01,$A9,$F0,$00,$00,$00,$28 ; |...............(|
FFEA75E0d 0002A9F000000028     dc.b    $00,$02,$A9,$F0,$00,$00,$00,$28,$00,$02,$A9,$F0,$00,$00,$00,$30 ; |.......(.......0|
FFEA75F0d 0002A9F00000003C     dc.b    $00,$02,$A9,$F0,$00,$00,$00,$3C,$00,$02,$A9,$F0,$00,$00,$00,$48 ; |.......<.......H|
FFEA7600d 0002A9F000000090     dc.b    $00,$02,$A9,$F0,$00,$00,$00,$90,$00,$02,$A9,$F0,$00,$00,$00,$E4 ; |................|
FFEA7610d 0002A9F000000924     dc.b    $00,$02,$A9,$F0,$00,$00,$09,$24,$00,$02,$A9,$F0,$00,$00,$0A,$C4 ; |.......$........|
FFEA7620d 0002A9F000000AE4     dc.b    $00,$02,$A9,$F0,$00,$00,$0A,$E4,$00,$02,$A9,$F0,$00,$00,$0B,$BC ; |................|
FFEA7630d 0002A9F000000C88     dc.b    $00,$02,$A9,$F0,$00,$00,$0C,$88,$00,$02,$A9,$F0,$00,$00,$0D,$32 ; |...............2|
FFEA7640d 0002A9F000000EC0     dc.b    $00,$02,$A9,$F0,$00,$00,$0E,$C0,$00,$02,$A9,$F0,$00,$00,$0F,$34 ; |...............4|
FFEA7650d 0002A9F000000F86     dc.b    $00,$02,$A9,$F0,$00,$00,$0F,$86,$00,$02,$A9,$F0,$00,$00,$10,$28 ; |...............(|
FFEA7660d 0002A9F000001170     dc.b    $00,$02,$A9,$F0,$00,$00,$11,$70,$00,$02,$A9,$F0,$00,$00,$11,$F2 ; |.......p........|
FFEA7670d 0002A9F000001430     dc.b    $00,$02,$A9,$F0,$00,$00,$14,$30,$00,$02,$A9,$F0,$00,$00,$15,$82 ; |.......0........|
FFEA7680d 0002A9F0000015F6     dc.b    $00,$02,$A9,$F0,$00,$00,$15,$F6,$00,$02,$A9,$F0,$00,$00,$16,$CC ; |................|
FFEA7690d 0002A9F0000017D6     dc.b    $00,$02,$A9,$F0,$00,$00,$17,$D6,$00,$02,$A9,$F0,$00,$00,$19,$16 ; |................|
FFEA76A0d 0002A9F0000019D2     dc.b    $00,$02,$A9,$F0,$00,$00,$19,$D2,$00,$02,$A9,$F0,$00,$00,$1A,$34 ; |...............4|
FFEA76B0d 0002A9F000001B58     dc.b    $00,$02,$A9,$F0,$00,$00,$1B,$58,$00,$02,$A9,$F0,$00,$00,$1C,$2A ; |.......X.......*|
FFEA76C0d 0002A9F000001C5E     dc.b    $00,$02,$A9,$F0,$00,$00,$1C,$5E,$00,$02,$A9,$F0,$00,$00,$1D,$66 ; |.......^.......f|
FFEA76D0d 0002A9F000001D98     dc.b    $00,$02,$A9,$F0,$00,$00,$1D,$98,$00,$02,$A9,$F0,$00,$00,$1E,$28 ; |...............(|
FFEA76E0d 0002A9F000001F52     dc.b    $00,$02,$A9,$F0,$00,$00,$1F,$52,$00,$02,$A9,$F0,$00,$00,$1F,$9A ; |.......R........|
FFEA76F0d 0002A9F00000203C     dc.b    $00,$02,$A9,$F0,$00,$00,$20,$3C,$00,$02,$A9,$F0,$00,$00,$20,$84 ; |...... <...... .|
FFEA7700d 0002A9F0000020BC     dc.b    $00,$02,$A9,$F0,$00,$00,$20,$BC,$00,$02,$A9,$F0,$00,$00,$21,$42 ; |...... .......!B|
FFEA7710d 0002A9F0000023CE     dc.b    $00,$02,$A9,$F0,$00,$00,$23,$CE,$00,$02,$A9,$F0,$00,$00,$24,$7E ; |......#.......$~|
FFEA7720d 0002A9F00000257A     dc.b    $00,$02,$A9,$F0,$00,$00,$25,$7A,$00,$02,$A9,$F0,$00,$00,$25,$CA ; |......%z......%.|
FFEA7730d 0002A9F000002750     dc.b    $00,$02,$A9,$F0,$00,$00,$27,$50,$00,$02,$A9,$F0,$00,$00,$27,$A0 ; |......'P......'.|
FFEA7740d 0002A9F00000285A     dc.b    $00,$02,$A9,$F0,$00,$00,$28,$5A,$00,$02,$A9,$F0,$00,$00,$28,$AA ; |......(Z......(.|
FFEA7750d 0002A9F000002A28     dc.b    $00,$02,$A9,$F0,$00,$00,$2A,$28,$00,$02,$A9,$F0,$00,$00,$2A,$78 ; |......*(......*x|
FFEA7760d 0002A9F000002ABA     dc.b    $00,$02,$A9,$F0,$00,$00,$2A,$BA,$00,$02,$A9,$F0,$00,$00,$2B,$0A ; |......*.......+.|
FFEA7770d 0002A9F000002C92     dc.b    $00,$02,$A9,$F0,$00,$00,$2C,$92,$00,$02,$A9,$F0,$00,$00,$2C,$E2 ; |......,.......,.|
FFEA7780d 0002A9F000002E06     dc.b    $00,$02,$A9,$F0,$00,$00,$2E,$06,$00,$02,$A9,$F0,$00,$00,$2E,$0E ; |................|
FFEA7790d 0002A9F000002E16     dc.b    $00,$02,$A9,$F0,$00,$00,$2E,$16,$00,$02,$A9,$F0,$00,$00,$30,$5E ; |..............0^|
FFEA77A0d 0002A9F000003198     dc.b    $00,$02,$A9,$F0,$00,$00,$31,$98,$00,$02,$A9,$F0,$00,$00,$32,$7E ; |......1.......2~|
FFEA77B0d 0002A9F000003354     dc.b    $00,$02,$A9,$F0,$00,$00,$33,$54,$00,$02,$A9,$F0,$00,$00,$33,$FC ; |......3T......3.|
FFEA77C0d 0002A9F0000036A0     dc.b    $00,$02,$A9,$F0,$00,$00,$36,$A0,$00,$02,$A9,$F0,$00,$00,$39,$1E ; |......6.......9.|
FFEA77D0d 0002A9F0000039FE     dc.b    $00,$02,$A9,$F0,$00,$00,$39,$FE,$00,$02,$A9,$F0,$00,$00,$3B,$08 ; |......9.......;.|
FFEA77E0d 0002A9F000003B72     dc.b    $00,$02,$A9,$F0,$00,$00,$3B,$72,$00,$02,$A9,$F0,$00,$00,$3D,$1A ; |......;r......=.|
FFEA77F0d 0002A9F000003EA0     dc.b    $00,$02,$A9,$F0,$00,$00,$3E,$A0,$00,$02,$A9,$F0,$00,$00,$45,$56 ; |......>.......EV|
FFEA7800d 0002A9F000004618     dc.b    $00,$02,$A9,$F0,$00,$00,$46,$18,$00,$02,$A9,$F0,$00,$00,$46,$D4 ; |......F.......F.|
FFEA7810d 7800000000000000     dc.b    $78,$00,$00,$00,$00,$00,$00,$00,$00,$2A,$75,$80 ; |x........*u.|
