; ============================================================================
; ROM resource 'sl06' 0  at FFEAD830
; ============================================================================
; data at ROM 2AD830 (254 bytes), entry at 2ADA80, attributes 58, combo 7800000000000000
; data header: 4b757274 c0a00000 00000254 00000574
; 68k code resource, disassembled from its start (entry points: offset 0, driver
; header entries for DRVR, and executed addresses).
;
; Columns: address, flag, raw bytes, instruction, ; comment.
;   flag '*' executed in the coverage run, ' ' reached by control flow,
;   '?' decodes as code but neither executed nor reached, 'd' data.

FFEAD830d 00000258000001F0     dc.b    $00,$00,$02,$58,$00,$00,$01,$F0,$00,$00,$02,$38,$00,$00,$00,$20 ; |...X.......8... | library descriptor
FFEAD840d 00003F3C0003A9F0     dc.b    $00,$00,$3F,$3C,$00,$03,$A9,$F0,$00,$00,$FF,$FF,$00,$00,$00,$00 ; |..?<............|
FFEAD850d 0001A9F00000012C     dc.b    $00,$01,$A9,$F0,$00,$00,$01,$2C,$00,$01,$A9,$F0,$00,$00,$00,$28 ; |.......,.......(|
FFEAD860d 0002A9F000000028     dc.b    $00,$02,$A9,$F0,$00,$00,$00,$28,$00,$02,$A9,$F0,$00,$00,$00,$30 ; |.......(.......0|
FFEAD870d 0002A9F00000003C     dc.b    $00,$02,$A9,$F0,$00,$00,$00,$3C,$00,$02,$A9,$F0,$00,$00,$00,$48 ; |.......<.......H|
FFEAD880d 0002A9F000000282     dc.b    $00,$02,$A9,$F0,$00,$00,$02,$82,$00,$02,$A9,$F0,$00,$00,$02,$D6 ; |................|
FFEAD890d 0002A9F000000510     dc.b    $00,$02,$A9,$F0,$00,$00,$05,$10,$00,$02,$A9,$F0,$00,$00,$05,$B4 ; |................|
FFEAD8A0d 0002A9F000000A50     dc.b    $00,$02,$A9,$F0,$00,$00,$0A,$50,$00,$02,$A9,$F0,$00,$00,$0B,$A6 ; |.......P........|
FFEAD8B0d 0002A9F000000C10     dc.b    $00,$02,$A9,$F0,$00,$00,$0C,$10,$00,$02,$A9,$F0,$00,$00,$0C,$7A ; |...............z|
FFEAD8C0d 0002A9F000000EB0     dc.b    $00,$02,$A9,$F0,$00,$00,$0E,$B0,$00,$02,$A9,$F0,$00,$00,$0F,$90 ; |................|
FFEAD8D0d 0002A9F000000FB6     dc.b    $00,$02,$A9,$F0,$00,$00,$0F,$B6,$00,$02,$A9,$F0,$00,$00,$11,$EA ; |................|
FFEAD8E0d 0002A9F00000125A     dc.b    $00,$02,$A9,$F0,$00,$00,$12,$5A,$00,$02,$A9,$F0,$00,$00,$12,$B4 ; |.......Z........|
FFEAD8F0d 0002A9F000001332     dc.b    $00,$02,$A9,$F0,$00,$00,$13,$32,$00,$02,$A9,$F0,$00,$00,$13,$84 ; |.......2........|
FFEAD900d 0002A9F000002042     dc.b    $00,$02,$A9,$F0,$00,$00,$20,$42,$00,$02,$A9,$F0,$00,$00,$20,$94 ; |...... B...... .|
FFEAD910d 0002A9F0000020BC     dc.b    $00,$02,$A9,$F0,$00,$00,$20,$BC,$00,$02,$A9,$F0,$00,$00,$21,$40 ; |...... .......!@|
FFEAD920d 0002A9F00000225A     dc.b    $00,$02,$A9,$F0,$00,$00,$22,$5A,$00,$02,$A9,$F0,$00,$00,$22,$9C ; |......"Z......".|
FFEAD930d 0002A9F000002348     dc.b    $00,$02,$A9,$F0,$00,$00,$23,$48,$00,$02,$A9,$F0,$00,$00,$23,$EA ; |......#H......#.|
FFEAD940d 0002A9F00000243E     dc.b    $00,$02,$A9,$F0,$00,$00,$24,$3E,$00,$02,$A9,$F0,$00,$00,$25,$E2 ; |......$>......%.|
FFEAD950d 0002A9F000002630     dc.b    $00,$02,$A9,$F0,$00,$00,$26,$30,$00,$02,$A9,$F0,$00,$00,$26,$D6 ; |......&0......&.|
FFEAD960d 0002A9F000002724     dc.b    $00,$02,$A9,$F0,$00,$00,$27,$24,$00,$02,$A9,$F0,$00,$00,$28,$22 ; |......'$......("|
FFEAD970d 0002A9F000002870     dc.b    $00,$02,$A9,$F0,$00,$00,$28,$70,$00,$02,$A9,$F0,$00,$00,$2A,$26 ; |......(p......*&|
FFEAD980d 0002A9F000002A74     dc.b    $00,$02,$A9,$F0,$00,$00,$2A,$74,$00,$02,$A9,$F0,$00,$00,$2C,$2C ; |......*t......,,|
FFEAD990d 0002A9F000002C7A     dc.b    $00,$02,$A9,$F0,$00,$00,$2C,$7A,$00,$02,$A9,$F0,$00,$00,$2C,$C8 ; |......,z......,.|
FFEAD9A0d 0002A9F000002D16     dc.b    $00,$02,$A9,$F0,$00,$00,$2D,$16,$00,$02,$A9,$F0,$00,$00,$2D,$64 ; |......-.......-d|
FFEAD9B0d 0002A9F000002DC0     dc.b    $00,$02,$A9,$F0,$00,$00,$2D,$C0,$00,$02,$A9,$F0,$00,$00,$2D,$E2 ; |......-.......-.|
FFEAD9C0d 0002A9F000002E82     dc.b    $00,$02,$A9,$F0,$00,$00,$2E,$82,$00,$02,$A9,$F0,$00,$00,$2E,$FE ; |................|
FFEAD9D0d 0002A9F000002F50     dc.b    $00,$02,$A9,$F0,$00,$00,$2F,$50,$00,$02,$A9,$F0,$00,$00,$30,$52 ; |....../P......0R|
FFEAD9E0d 0002A9F0000030A4     dc.b    $00,$02,$A9,$F0,$00,$00,$30,$A4,$00,$02,$A9,$F0,$00,$00,$30,$FA ; |......0.......0.|
FFEAD9F0d 0002A9F000003160     dc.b    $00,$02,$A9,$F0,$00,$00,$31,$60,$00,$02,$A9,$F0,$00,$00,$31,$DC ; |......1`......1.|
FFEADA00d 0002A9F00000328E     dc.b    $00,$02,$A9,$F0,$00,$00,$32,$8E,$00,$02,$A9,$F0,$00,$00,$32,$FA ; |......2.......2.|
FFEADA10d 0002A9F000003346     dc.b    $00,$02,$A9,$F0,$00,$00,$33,$46,$00,$02,$A9,$F0,$00,$00,$34,$C8 ; |......3F......4.|
FFEADA20d 0002A9F000003524     dc.b    $00,$02,$A9,$F0,$00,$00,$35,$24,$00,$02,$A9,$F0,$00,$00,$35,$D6 ; |......5$......5.|
FFEADA30d 0002A9F000003680     dc.b    $00,$02,$A9,$F0,$00,$00,$36,$80,$00,$02,$A9,$F0,$00,$00,$37,$5C ; |......6.......7\|
FFEADA40d 0002A9F000003960     dc.b    $00,$02,$A9,$F0,$00,$00,$39,$60,$00,$02,$A9,$F0,$00,$00,$39,$B2 ; |......9`......9.|
FFEADA50d 0002A9F0000039E2     dc.b    $00,$02,$A9,$F0,$00,$00,$39,$E2,$00,$02,$A9,$F0,$00,$00,$3A,$4C ; |......9.......:L|
FFEADA60d 0002A9F000003B96     dc.b    $00,$02,$A9,$F0,$00,$00,$3B,$96,$00,$02,$A9,$F0,$00,$00,$3C,$46 ; |......;.......<F|
FFEADA70d 0002A9F000003D68     dc.b    $00,$02,$A9,$F0,$00,$00,$3D,$68,$6B,$63,$6B,$63,$6B,$63,$6B,$63 ; |......=hkckckckc|
FFEADA80d 78000000             dc.b    $78,$00,$00,$00                   ; |x...|
